2026-04-14T21:30:03 [INFO    ] franka_prm: Arm1: offline collision checker initialized
2026-04-14T21:30:03 [INFO    ] franka_prm: Arm1: connected to real robot
2026-04-14T21:30:03 [INFO    ] franka_prm: Arm2: offline collision checker initialized
2026-04-14T21:30:03 [INFO    ] franka_prm: Arm2: connected to real robot
2026-04-14T21:30:03 [INFO    ] franka_prm: Arm1 q_start=[-0.216 -0.617  0.27  -2.26   0.156  1.66  -0.007]  goal=[0.4 0.  0.5]  yaw=0.000
2026-04-14T21:30:03 [INFO    ] franka_prm: Arm2 q_start=[-0.065 -1.272  0.036 -2.707  0.035  1.436  0.736]  goal=[0.5201, 0.1557, 0.0198]  yaw=0.000
2026-04-14T21:30:03 [INFO    ] franka_prm: Arm2  q_init=[-0.065 -1.272  0.036 -2.707  0.035  1.436  0.736]  q_goal=[-1.309 -0.881  2.534 -1.053  0.47   1.809  2.082]
2026-04-14T21:30:03 [INFO    ] franka_prm: Arm2: using PRM file '/home/ros_ws/src/devel_packages/prm/prm_files_10k/myPRM_arm2_labelZone1.p'
2026-04-14T21:30:03 [INFO    ] franka_prm: IK solved  joints=[-0.076 -0.482  0.057 -2.066  0.026  1.584  0.759]  pos_err=0.0000 m
2026-04-14T21:30:03 [INFO    ] franka_prm: Arm1  q_init=[-0.216 -0.617  0.27  -2.26   0.156  1.66  -0.007]  q_goal=[-0.076 -0.482  0.057 -2.066  0.026  1.584  0.759]  [IK: 0.009s]
2026-04-14T21:30:03 [INFO    ] franka_prm: Arm1: using PRM file '/home/ros_ws/src/devel_packages/prm/prm_files_10k/myPRM_arm1_free.p'
2026-04-14T21:30:04 [INFO    ] franka_prm: PRM loaded from '/home/ros_ws/src/devel_packages/prm/prm_files_10k/myPRM_arm1_free.p': 10000 nodes, 98424 edges, 6 components
2026-04-14T21:30:04 [INFO    ] franka_prm:   obstacles in PRM: 8
2026-04-14T21:30:04 [INFO    ] franka_prm:   Arm1 FK  q_init -> EE pos [0.3674 0.0559 0.4557]
2026-04-14T21:30:04 [INFO    ] franka_prm:   Arm1 FK  q_goal -> EE pos [ 0.4 -0.   0.5]
2026-04-14T21:30:04 [INFO    ] franka_prm: PRM loaded from '/home/ros_ws/src/devel_packages/prm/prm_files_10k/myPRM_arm2_labelZone1.p': 10000 nodes, 95792 edges, 5 components
2026-04-14T21:30:04 [INFO    ] franka_prm:   obstacles in PRM: 9
2026-04-14T21:30:04 [INFO    ] franka_prm:   Arm2 FK  q_init -> EE pos [0.1801 0.0012 0.41  ]
2026-04-14T21:30:04 [INFO    ] franka_prm:   Arm2 FK  q_goal -> EE pos [0.0648 0.7602 0.2346]
2026-04-14T21:30:04 [ERROR   ] franka_prm: Goal configuration is in collision: [-1.309 -0.881  2.534 -1.053  0.47   1.809  2.082]
2026-04-14T21:30:04 [ERROR   ] franka_prm:   [q_goal] robot block 6 (joint_frame=4, center=[-0.031  0.296  0.488]) collides with obstacle 4 (center=[0.009 0.36  0.19 ])
2026-04-14T21:30:05 [INFO    ] franka_prm:  Arm1 find_neighbors(init): 20 found, 0 edge-blocked among top-20 candidates
2026-04-14T21:30:06 [INFO    ] franka_prm:  Arm1 find_neighbors(goal): 20 found, 0 edge-blocked among top-20 candidates
2026-04-14T21:30:06 [INFO    ] franka_prm: Neighbors found — init: 20, goal: 20
2026-04-14T21:30:06 [INFO    ] franka_prm: Plan ready: 2 waypoints after shortcutting
2026-04-14T21:30:06 [INFO    ] franka_prm: Arm1: PRM query took 2.521s
2026-04-14T21:30:06 [INFO    ] franka_prm: [arm1] Waypoint execution: 1 segments at 0.500 rad/s
2026-04-14T21:30:06 [INFO    ] franka_prm: [arm1] Moving to waypoint 1/1 (len=0.8547 rad, dur=1.71s): [-0.0762 -0.4822  0.0567 -2.0659  0.0263  1.5844  0.7591]
2026-04-14T21:30:06 [INFO    ] franka_prm: [arm1]   FK EE pos: [ 0.4 -0.   0.5]  rot:
[[ 1. -0. -0.]
 [-0. -1. -0.]
 [-0.  0. -1.]]
2026-04-14T21:30:08 [INFO    ] franka_prm: [arm1] Waypoint 1/1 reached
2026-04-14T21:30:08 [INFO    ] franka_prm: [arm1] Waypoint execution complete
2026-04-14T21:33:10 [ERROR   ] franka_prm: Arm2: planning failed — aborting execution
2026-04-14T21:33:10 [INFO    ] franka_prm: Both arms done.
