2026-04-14T18:09:48 [INFO    ] franka_prm: Arm1: offline collision checker initialized
2026-04-14T18:09:49 [INFO    ] franka_prm: Arm1: connected to real robot
2026-04-14T18:09:49 [INFO    ] franka_prm: Arm2: offline collision checker initialized
2026-04-14T18:09:49 [INFO    ] franka_prm: Arm2: connected to real robot
2026-04-14T18:09:55 [INFO    ] franka_prm: Arm1: cached 10 obstacles from '/home/ros_ws/src/devel_packages/prm/prm_files_10k/myPRM_arm1_none.p'
2026-04-14T18:09:56 [INFO    ] franka_prm: Arm1  q_init=[-0.    -0.785 -0.    -2.356  0.     1.571  0.785]  q_goal=[-1.443  1.763 -2.897 -1.977  0.505  0.247  2.897]
2026-04-14T18:09:56 [INFO    ] franka_prm: Arm1: using PRM file '/home/ros_ws/src/devel_packages/prm/prm_files_10k/myPRM_arm1_none.p'
2026-04-14T18:09:56 [INFO    ] franka_prm: PRM loaded from '/home/ros_ws/src/devel_packages/prm/prm_files_10k/myPRM_arm1_none.p': 10000 nodes, 97260 edges, 9 components
2026-04-14T18:09:56 [INFO    ] franka_prm:   obstacles in PRM: 10
2026-04-14T18:09:56 [INFO    ] franka_prm:   Arm1 FK  q_init -> EE pos [ 0.3071 -0.0001  0.4689]
2026-04-14T18:09:56 [INFO    ] franka_prm:   Arm1 FK  q_goal -> EE pos [-0.0915 -0.2559  0.5018]
2026-04-14T18:09:57 [INFO    ] franka_prm:  Arm1 find_neighbors(init): 20 found, 0 edge-blocked among top-20 candidates
2026-04-14T18:09:57 [INFO    ] franka_prm:  Arm1 find_neighbors(goal): 8 found, 12 edge-blocked among top-20 candidates
2026-04-14T18:09:57 [INFO    ] franka_prm: Neighbors found — init: 20, goal: 8
2026-04-14T18:09:57 [INFO    ] franka_prm: Plan ready: 2 waypoints after shortcutting
2026-04-14T18:09:57 [INFO    ] franka_prm: [arm1] Waypoint execution: 1 segments at 0.500 rad/s
2026-04-14T18:09:57 [INFO    ] franka_prm: [arm1] Moving to waypoint 1/1 (len=4.8559 rad, dur=9.71s): [-1.4433  1.7628 -2.8973 -1.9766  0.5054  0.2475  2.8973]
2026-04-14T18:09:57 [INFO    ] franka_prm: [arm1]   FK EE pos: [-0.0915 -0.2559  0.5018]  rot:
[[ 0.9923  0.0339  0.1194]
 [ 0.0318 -0.9993  0.0191]
 [ 0.1199 -0.0151 -0.9927]]
2026-04-14T18:10:12 [CRITICAL] franka_prm: [arm1] _execute_plan_waypoints crashed
Traceback (most recent call last):
  File "/home/ros_ws/src/devel_packages/orio/../prm/franka_prm_single_arm.py", line 1099, in _execute_plan_waypoints
    self.fa.goto_joints(q, duration=dur, dynamic=False)
  File "/home/ros_ws/src/git_packages/frankapy/frankapy/franka_arm.py", line 684, in goto_joints
    self._send_goal(goal,
  File "/home/ros_ws/src/git_packages/frankapy/frankapy/franka_arm.py", line 308, in _send_goal
    self.wait_for_skill()
  File "/home/ros_ws/src/git_packages/frankapy/frankapy/franka_arm.py", line 190, in wait_for_skill
    while not self.is_skill_done():
  File "/home/ros_ws/src/git_packages/frankapy/frankapy/franka_arm.py", line 237, in is_skill_done
    self.wait_for_franka_interface()
  File "/home/ros_ws/src/git_packages/frankapy/frankapy/franka_arm.py", line 183, in wait_for_franka_interface
    raise FrankaArmCommException('FrankaInterface status not ready for {}s'.format(
frankapy.exceptions.FrankaArmCommException: Communication w/ FrankaInterface ran into a problem: FrankaInterface status not ready for 10s. FrankaInterface is probably not ready.
