2026-04-14T22:15:59 [INFO    ] franka_prm: Arm1: offline collision checker initialized
2026-04-14T22:16:00 [INFO    ] franka_prm: Arm1: connected to real robot
2026-04-14T22:16:00 [INFO    ] franka_prm: Arm2: offline collision checker initialized
2026-04-14T22:16:00 [INFO    ] franka_prm: Arm2: connected to real robot
2026-04-14T22:16:00 [DEBUG   ] franka_prm: FK q_goal_2 -> pos=[-0.0629, -0.8458, 0.2479]  RPY=[167.32, -4.37, -19.20] deg
2026-04-14T22:16:00 [INFO    ] franka_prm: Arm1 q_start=[-0.001 -0.785  0.    -2.356  0.001  1.571  0.785]  goal=[0.4 0.  0.5]  yaw=0.000
2026-04-14T22:16:00 [INFO    ] franka_prm: Arm2 q_start=[-0.065 -1.273  0.036 -2.707  0.035  1.435  0.735]  goal=[0.18, 0.001, 0.41]  yaw=0.000
2026-04-14T22:16:00 [INFO    ] franka_prm: Arm2  q_init=[-0.065 -1.273  0.036 -2.707  0.035  1.435  0.735]  q_goal=[ 1.563 -1.653  0.259 -0.464  2.893  1.437 -0.566]
2026-04-14T22:16:00 [INFO    ] franka_prm: Arm2: using PRM file '/home/ros_ws/src/devel_packages/prm/prm_files_10k/myPRM_arm2_labelZone1.p'
2026-04-14T22:16:00 [INFO    ] franka_prm: IK solved  joints=[-0.076 -0.482  0.057 -2.066  0.026  1.584  0.759]  pos_err=0.0000 m
2026-04-14T22:16:00 [INFO    ] franka_prm: Arm1  q_init=[-0.001 -0.785  0.    -2.356  0.001  1.571  0.785]  q_goal=[-0.076 -0.482  0.057 -2.066  0.026  1.584  0.759]  [IK: 0.015s]
2026-04-14T22:16:00 [INFO    ] franka_prm: Arm1: using PRM file '/home/ros_ws/src/devel_packages/prm/prm_files_10k/myPRM_arm1_free.p'
2026-04-14T22:16:01 [INFO    ] franka_prm: PRM loaded from '/home/ros_ws/src/devel_packages/prm/prm_files_10k/myPRM_arm2_labelZone1.p': 10000 nodes, 95792 edges, 5 components
2026-04-14T22:16:01 [INFO    ] franka_prm:   obstacles in PRM: 9
2026-04-14T22:16:01 [INFO    ] franka_prm:   Arm2 FK  q_init -> EE pos [0.1799 0.0012 0.41  ]
2026-04-14T22:16:01 [INFO    ] franka_prm:   Arm2 FK  q_goal -> EE pos [-0.0629 -0.8458  0.2479]
2026-04-14T22:16:01 [INFO    ] franka_prm: PRM loaded from '/home/ros_ws/src/devel_packages/prm/prm_files_10k/myPRM_arm1_free.p': 10000 nodes, 98424 edges, 6 components
2026-04-14T22:16:01 [INFO    ] franka_prm:   obstacles in PRM: 8
2026-04-14T22:16:01 [INFO    ] franka_prm:   Arm1 FK  q_init -> EE pos [0.3072 0.     0.4689]
2026-04-14T22:16:01 [INFO    ] franka_prm:   Arm1 FK  q_goal -> EE pos [ 0.4 -0.   0.5]
2026-04-14T22:16:01 [INFO    ] franka_prm:  Arm1 find_neighbors(init): 5 found, 0 edge-blocked among top-200 candidates
2026-04-14T22:16:01 [INFO    ] franka_prm:  Arm2 find_neighbors(init): 5 found, 0 edge-blocked among top-200 candidates
2026-04-14T22:16:02 [INFO    ] franka_prm:  Arm1 find_neighbors(goal): 5 found, 0 edge-blocked among top-200 candidates
2026-04-14T22:16:02 [INFO    ] franka_prm: Neighbors found — init: 5, goal: 5
2026-04-14T22:16:02 [INFO    ] franka_prm: Plan ready: 2 waypoints after shortcutting
2026-04-14T22:16:02 [INFO    ] franka_prm: Arm1: PRM query took 1.549s
2026-04-14T22:16:02 [INFO    ] franka_prm: [arm1] Waypoint execution: 1 segments at 0.400 rad/s
2026-04-14T22:16:02 [INFO    ] franka_prm: [arm1] Moving to waypoint 1/1 (len=0.4315 rad, dur=1.08s): [-0.0762 -0.4822  0.0567 -2.0659  0.0263  1.5844  0.7591]
2026-04-14T22:16:02 [INFO    ] franka_prm: [arm1]   FK EE pos: [ 0.4 -0.   0.5]  rot:
[[ 1. -0. -0.]
 [-0. -1. -0.]
 [-0.  0. -1.]]
2026-04-14T22:16:02 [INFO    ] franka_prm:  Arm2 find_neighbors(goal): 5 found, 0 edge-blocked among top-200 candidates
2026-04-14T22:16:02 [INFO    ] franka_prm: Neighbors found — init: 5, goal: 5
2026-04-14T22:16:02 [INFO    ] franka_prm: Plan ready: 2 waypoints after shortcutting
2026-04-14T22:16:02 [INFO    ] franka_prm: [arm2] Waypoint execution: 1 segments at 0.400 rad/s
2026-04-14T22:16:02 [INFO    ] franka_prm: [arm2] Moving to waypoint 1/1 (len=4.2114 rad, dur=10.53s): [ 1.5633 -1.6532  0.2592 -0.4644  2.893   1.4371 -0.5655]
2026-04-14T22:16:02 [INFO    ] franka_prm: [arm2]   FK EE pos: [-0.0629 -0.8458  0.2479]  rot:
[[ 0.9416 -0.3366 -0.002 ]
 [-0.3279 -0.9158 -0.2318]
 [ 0.0762  0.2189 -0.9728]]
2026-04-14T22:16:03 [INFO    ] franka_prm: [arm1] Waypoint 1/1 reached
2026-04-14T22:16:03 [INFO    ] franka_prm: [arm1] Waypoint execution complete
2026-04-14T22:16:15 [CRITICAL] franka_prm: [arm2] _execute_plan_waypoints crashed
Traceback (most recent call last):
  File "franka_prm_single_arm.py", line 1099, in _execute_plan_waypoints
    self.fa.goto_joints(q, duration=dur, dynamic=False)
  File "/home/ros_ws/src/git_packages/frankapy/frankapy/franka_arm.py", line 684, in goto_joints
    self._send_goal(goal,
  File "/home/ros_ws/src/git_packages/frankapy/frankapy/franka_arm.py", line 308, in _send_goal
    self.wait_for_skill()
  File "/home/ros_ws/src/git_packages/frankapy/frankapy/franka_arm.py", line 190, in wait_for_skill
    while not self.is_skill_done():
  File "/home/ros_ws/src/git_packages/frankapy/frankapy/franka_arm.py", line 237, in is_skill_done
    self.wait_for_franka_interface()
  File "/home/ros_ws/src/git_packages/frankapy/frankapy/franka_arm.py", line 183, in wait_for_franka_interface
    raise FrankaArmCommException('FrankaInterface status not ready for {}s'.format(
frankapy.exceptions.FrankaArmCommException: Communication w/ FrankaInterface ran into a problem: FrankaInterface status not ready for 10s. FrankaInterface is probably not ready.
2026-04-14T22:16:15 [INFO    ] franka_prm: Both arms done.
