2026-04-14T21:07:00 [INFO    ] franka_prm: Arm1: offline collision checker initialized
2026-04-14T21:07:00 [INFO    ] franka_prm: Arm1: connected to real robot
2026-04-14T21:07:00 [INFO    ] franka_prm: Arm2: offline collision checker initialized
2026-04-14T21:07:01 [INFO    ] franka_prm: Arm2: connected to real robot
2026-04-14T21:07:11 [INFO    ] franka_prm: Arm1  q_init=[-0.001 -0.785  0.    -2.356  0.     1.571  0.785]  q_goal=[-0.758  0.469 -0.899 -1.879  0.433  2.14  -1.06 ]
2026-04-14T21:07:11 [INFO    ] franka_prm: Arm1: using PRM file '/home/ros_ws/src/devel_packages/prm/prm_files_10k/myPRM_arm1_none.p'
2026-04-14T21:07:12 [INFO    ] franka_prm: PRM loaded from '/home/ros_ws/src/devel_packages/prm/prm_files_10k/myPRM_arm1_none.p': 10000 nodes, 97260 edges, 9 components
2026-04-14T21:07:12 [INFO    ] franka_prm:   obstacles in PRM: 10
2026-04-14T21:07:12 [INFO    ] franka_prm:   Arm1 FK  q_init -> EE pos [ 0.3071 -0.      0.4689]
2026-04-14T21:07:12 [INFO    ] franka_prm:   Arm1 FK  q_goal -> EE pos [ 0.0031 -0.6209  0.2196]
2026-04-14T21:07:13 [INFO    ] franka_prm:  Arm1 find_neighbors(init): 20 found, 0 edge-blocked among top-20 candidates
2026-04-14T21:07:14 [INFO    ] franka_prm:  Arm1 find_neighbors(goal): 20 found, 0 edge-blocked among top-20 candidates
2026-04-14T21:07:14 [INFO    ] franka_prm: Neighbors found — init: 20, goal: 20
2026-04-14T21:07:14 [INFO    ] franka_prm: Plan ready: 2 waypoints after shortcutting
2026-04-14T21:07:14 [INFO    ] franka_prm: [arm1] Waypoint execution: 1 segments at 0.500 rad/s
2026-04-14T21:07:14 [INFO    ] franka_prm: [arm1] Moving to waypoint 1/1 (len=2.6641 rad, dur=5.33s): [-0.7584  0.4686 -0.8993 -1.8793  0.4331  2.1396 -1.0602]
2026-04-14T21:07:14 [INFO    ] franka_prm: [arm1]   FK EE pos: [ 0.0031 -0.6209  0.2196]  rot:
[[ 1.  0.  0.]
 [ 0. -1.  0.]
 [ 0. -0. -1.]]
2026-04-14T21:07:19 [INFO    ] franka_prm: [arm1] Waypoint 1/1 reached
2026-04-14T21:07:19 [INFO    ] franka_prm: [arm1] Waypoint execution complete
2026-04-14T21:07:28 [INFO    ] franka_prm: Arm1  q_init=[-0.759  0.471 -0.898 -1.88   0.433  2.14  -1.06 ]  q_goal=[-0.243  1.    -0.173 -0.786  0.149  1.777  0.417]
2026-04-14T21:07:28 [INFO    ] franka_prm: Arm1: using PRM file '/home/ros_ws/src/devel_packages/prm/prm_files_10k/myPRM_arm1_labelZone1.p'
2026-04-14T21:07:28 [INFO    ] franka_prm: PRM loaded from '/home/ros_ws/src/devel_packages/prm/prm_files_10k/myPRM_arm1_labelZone1.p': 10000 nodes, 97595 edges, 8 components
2026-04-14T21:07:28 [INFO    ] franka_prm:   obstacles in PRM: 9
2026-04-14T21:07:28 [INFO    ] franka_prm:   Arm1 FK  q_init -> EE pos [ 0.0031 -0.6203  0.218 ]
2026-04-14T21:07:28 [INFO    ] franka_prm:   Arm1 FK  q_goal -> EE pos [ 0.75   -0.25    0.2083]
2026-04-14T21:07:29 [INFO    ] franka_prm:  Arm1 find_neighbors(init): 20 found, 0 edge-blocked among top-20 candidates
2026-04-14T21:07:29 [INFO    ] franka_prm:  Arm1 find_neighbors(goal): 19 found, 1 edge-blocked among top-20 candidates
2026-04-14T21:07:29 [INFO    ] franka_prm: Neighbors found — init: 20, goal: 19
2026-04-14T21:07:34 [INFO    ] franka_prm: Plan ready: 3 waypoints after shortcutting
2026-04-14T21:07:34 [INFO    ] franka_prm: [arm1] Waypoint execution: 2 segments at 0.500 rad/s
2026-04-14T21:07:34 [INFO    ] franka_prm: [arm1] Moving to waypoint 1/2 (len=1.3123 rad, dur=2.62s): [-0.1735  0.8746 -0.2164 -1.331   0.203   2.1841 -0.4316]
2026-04-14T21:07:34 [INFO    ] franka_prm: [arm1]   FK EE pos: [ 0.701  -0.2406  0.0904]  rot:
[[ 0.707   0.7072 -0.    ]
 [ 0.7072 -0.707   0.0001]
 [ 0.0001 -0.0001 -1.    ]]
2026-04-14T21:07:36 [CRITICAL] franka_prm: [arm1] _execute_plan_waypoints crashed
Traceback (most recent call last):
  File "/home/ros_ws/src/devel_packages/orio/../prm/franka_prm_single_arm.py", line 1099, in _execute_plan_waypoints
    self.fa.goto_joints(q, duration=dur, dynamic=False)
  File "/home/ros_ws/src/git_packages/frankapy/frankapy/franka_arm.py", line 684, in goto_joints
    self._send_goal(goal,
  File "/home/ros_ws/src/git_packages/frankapy/frankapy/franka_arm.py", line 308, in _send_goal
    self.wait_for_skill()
  File "/home/ros_ws/src/git_packages/frankapy/frankapy/franka_arm.py", line 190, in wait_for_skill
    while not self.is_skill_done():
  File "/home/ros_ws/src/git_packages/frankapy/frankapy/franka_arm.py", line 225, in is_skill_done
    franka_interface_status = self._get_current_franka_interface_status().franka_interface_status
  File "/opt/ros/noetic/lib/python3/dist-packages/rospy/impl/tcpros_service.py", line 442, in __call__
    return self.call(*args, **kwds)
  File "/opt/ros/noetic/lib/python3/dist-packages/rospy/impl/tcpros_service.py", line 525, in call
    raise ServiceException("service [%s] returned no response"%self.resolved_name)
rospy.service.ServiceException: service [/get_current_franka_interface_status_server_node_1/get_current_franka_interface_status_server] returned no response
