2026-04-14T20:56:06 [INFO    ] franka_prm: Arm1: offline collision checker initialized
2026-04-14T20:56:07 [INFO    ] franka_prm: Arm1: connected to real robot
2026-04-14T20:56:07 [INFO    ] franka_prm: Arm2: offline collision checker initialized
2026-04-14T20:56:07 [INFO    ] franka_prm: Arm2: connected to real robot
2026-04-14T20:56:14 [INFO    ] franka_prm: Arm1  q_init=[-0.001 -0.785  0.    -2.356  0.     1.571  0.785]  q_goal=[-0.737  0.457 -0.927 -1.907  0.435  2.148 -1.074]
2026-04-14T20:56:14 [INFO    ] franka_prm: Arm1: using PRM file '/home/ros_ws/src/devel_packages/prm/prm_files_10k/myPRM_arm1_none.p'
2026-04-14T20:56:14 [INFO    ] franka_prm: PRM loaded from '/home/ros_ws/src/devel_packages/prm/prm_files_10k/myPRM_arm1_none.p': 10000 nodes, 97260 edges, 9 components
2026-04-14T20:56:14 [INFO    ] franka_prm:   obstacles in PRM: 10
2026-04-14T20:56:14 [INFO    ] franka_prm:   Arm1 FK  q_init -> EE pos [ 0.3071 -0.0001  0.469 ]
2026-04-14T20:56:14 [INFO    ] franka_prm:   Arm1 FK  q_goal -> EE pos [-0.0033 -0.6142  0.2195]
2026-04-14T20:56:15 [INFO    ] franka_prm:  Arm1 find_neighbors(init): 20 found, 0 edge-blocked among top-20 candidates
2026-04-14T20:56:16 [INFO    ] franka_prm:  Arm1 find_neighbors(goal): 20 found, 0 edge-blocked among top-20 candidates
2026-04-14T20:56:16 [INFO    ] franka_prm: Neighbors found — init: 20, goal: 20
2026-04-14T20:56:16 [INFO    ] franka_prm: Plan ready: 2 waypoints after shortcutting
2026-04-14T20:56:16 [INFO    ] franka_prm: [arm1] Waypoint execution: 1 segments at 0.500 rad/s
2026-04-14T20:56:16 [INFO    ] franka_prm: [arm1] Moving to waypoint 1/1 (len=2.6694 rad, dur=5.34s): [-0.7368  0.4569 -0.9274 -1.9068  0.4348  2.1481 -1.0745]
2026-04-14T20:56:16 [INFO    ] franka_prm: [arm1]   FK EE pos: [-0.0033 -0.6142  0.2195]  rot:
[[ 1.  0.  0.]
 [ 0. -1.  0.]
 [ 0. -0. -1.]]
2026-04-14T20:56:22 [INFO    ] franka_prm: [arm1] Waypoint 1/1 reached
2026-04-14T20:56:22 [INFO    ] franka_prm: [arm1] Waypoint execution complete
2026-04-14T20:56:31 [INFO    ] franka_prm: Arm1  q_init=[-0.737  0.459 -0.926 -1.908  0.435  2.148 -1.074]  q_goal=[-0.168  0.891 -0.167 -0.979  0.135  1.861  0.473]
2026-04-14T20:56:31 [INFO    ] franka_prm: Arm1: using PRM file '/home/ros_ws/src/devel_packages/prm/prm_files_10k/myPRM_arm1_labelZone1.p'
2026-04-14T20:56:31 [INFO    ] franka_prm: PRM loaded from '/home/ros_ws/src/devel_packages/prm/prm_files_10k/myPRM_arm1_labelZone1.p': 10000 nodes, 97595 edges, 8 components
2026-04-14T20:56:31 [INFO    ] franka_prm:   obstacles in PRM: 9
2026-04-14T20:56:31 [INFO    ] franka_prm:   Arm1 FK  q_init -> EE pos [-0.0032 -0.6138  0.2182]
2026-04-14T20:56:31 [INFO    ] franka_prm:   Arm1 FK  q_goal -> EE pos [ 0.75   -0.2     0.2082]
2026-04-14T20:56:31 [INFO    ] franka_prm:  Arm1 find_neighbors(init): 20 found, 0 edge-blocked among top-20 candidates
2026-04-14T20:56:32 [INFO    ] franka_prm:  Arm1 find_neighbors(goal): 19 found, 1 edge-blocked among top-20 candidates
2026-04-14T20:56:32 [INFO    ] franka_prm: Neighbors found — init: 20, goal: 19
2026-04-14T20:56:32 [INFO    ] franka_prm: Plan ready: 2 waypoints after shortcutting
2026-04-14T20:56:32 [INFO    ] franka_prm: [arm1] Waypoint execution: 1 segments at 0.500 rad/s
2026-04-14T20:56:32 [INFO    ] franka_prm: [arm1] Moving to waypoint 1/1 (len=2.1250 rad, dur=4.25s): [-0.1682  0.8914 -0.1668 -0.9792  0.1352  1.8613  0.4729]
2026-04-14T20:56:32 [INFO    ] franka_prm: [arm1]   FK EE pos: [ 0.75   -0.2     0.2082]  rot:
[[ 1. -0.  0.]
 [-0. -1.  0.]
 [ 0. -0. -1.]]
2026-04-14T20:56:36 [INFO    ] franka_prm: [arm1] Waypoint 1/1 reached
2026-04-14T20:56:36 [INFO    ] franka_prm: [arm1] Waypoint execution complete
2026-04-14T20:56:47 [INFO    ] franka_prm: Arm1  q_init=[-0.001 -0.785 -0.001 -2.356  0.     1.571  0.785]  q_goal=[-0.51   0.781 -0.874 -1.306  0.591  1.824 -0.595]
2026-04-14T20:56:47 [INFO    ] franka_prm: Arm1: using PRM file '/home/ros_ws/src/devel_packages/prm/prm_files_10k/myPRM_arm1_labelZone1.p'
2026-04-14T20:56:48 [INFO    ] franka_prm: PRM loaded from '/home/ros_ws/src/devel_packages/prm/prm_files_10k/myPRM_arm1_labelZone1.p': 10000 nodes, 97595 edges, 8 components
2026-04-14T20:56:48 [INFO    ] franka_prm:   obstacles in PRM: 9
2026-04-14T20:56:48 [INFO    ] franka_prm:   Arm1 FK  q_init -> EE pos [ 0.3071 -0.0002  0.469 ]
2026-04-14T20:56:48 [INFO    ] franka_prm:   Arm1 FK  q_goal -> EE pos [ 0.3316 -0.6417  0.262 ]
2026-04-14T20:56:48 [INFO    ] franka_prm:  Arm1 find_neighbors(init): 20 found, 0 edge-blocked among top-20 candidates
2026-04-14T20:56:49 [INFO    ] franka_prm: Arm2: cached 9 obstacles from '/home/ros_ws/src/devel_packages/prm/prm_files_10k/myPRM_arm2_labelZone1.p'
2026-04-14T20:56:49 [INFO    ] franka_prm: Arm2  q_init=[ 0.264 -0.717  0.893 -2.484  0.672  1.817  1.543]  q_goal=[ 1.206 -1.763 -0.019 -1.874  0.385 -0.017  1.1  ]
2026-04-14T20:56:49 [INFO    ] franka_prm: Arm2: using PRM file '/home/ros_ws/src/devel_packages/prm/prm_files_10k/myPRM_arm2_labelZone1.p'
2026-04-14T20:56:49 [INFO    ] franka_prm: PRM loaded from '/home/ros_ws/src/devel_packages/prm/prm_files_10k/myPRM_arm2_labelZone1.p': 10000 nodes, 95792 edges, 5 components
2026-04-14T20:56:49 [INFO    ] franka_prm:   obstacles in PRM: 9
2026-04-14T20:56:49 [INFO    ] franka_prm:   Arm2 FK  q_init -> EE pos [0.0878 0.3831 0.3022]
2026-04-14T20:56:49 [INFO    ] franka_prm:   Arm2 FK  q_goal -> EE pos [-0.1372 -0.2832  0.5079]
2026-04-14T20:56:49 [ERROR   ] franka_prm: Start configuration is in collision: [ 0.264 -0.717  0.893 -2.484  0.672  1.817  1.543]
2026-04-14T20:56:49 [ERROR   ] franka_prm:   [q_init] robot block 11 (joint_frame=7, center=[0.113 0.381 0.364]) collides with obstacle 4 (center=[0.009 0.36  0.19 ])
2026-04-14T20:56:50 [INFO    ] franka_prm:  Arm1 find_neighbors(goal): 16 found, 4 edge-blocked among top-20 candidates
2026-04-14T20:56:50 [INFO    ] franka_prm: Neighbors found — init: 20, goal: 16
2026-04-14T20:56:50 [INFO    ] franka_prm: Plan ready: 2 waypoints after shortcutting
2026-04-14T20:56:50 [INFO    ] franka_prm: [arm1] Waypoint execution: 1 segments at 0.500 rad/s
2026-04-14T20:56:50 [INFO    ] franka_prm: [arm1] Moving to waypoint 1/1 (len=2.6254 rad, dur=5.25s): [-0.5101  0.7808 -0.8738 -1.3061  0.5913  1.8237 -0.5947]
2026-04-14T20:56:50 [INFO    ] franka_prm: [arm1]   FK EE pos: [ 0.3316 -0.6417  0.262 ]  rot:
[[ 1.  0. -0.]
 [ 0. -1.  0.]
 [-0. -0. -1.]]
2026-04-14T20:56:55 [INFO    ] franka_prm: [arm1] Waypoint 1/1 reached
2026-04-14T20:56:55 [INFO    ] franka_prm: [arm1] Waypoint execution complete
