2026-04-14T16:38:58 [INFO    ] franka_prm: Arm1: offline collision checker initialized
2026-04-14T16:38:58 [INFO    ] franka_prm: Arm1: connected to real robot
2026-04-14T16:38:58 [INFO    ] franka_prm: Arm2: offline collision checker initialized
2026-04-14T16:38:58 [INFO    ] franka_prm: Arm2: connected to real robot
2026-04-14T16:38:58 [INFO    ] franka_prm: Arm1 q_start=[-0.076 -0.483  0.056 -2.066  0.026  1.584  0.759]  goal=[0.4 0.  0.5]  yaw=0.000
2026-04-14T16:38:58 [INFO    ] franka_prm: Arm2 q_start=[-0.065 -1.272  0.036 -2.707  0.034  1.436  0.736]  goal=[0.3656, 0.1851, 0.2184]  yaw=0.000
2026-04-14T16:38:58 [INFO    ] franka_prm: IK solved  joints=[-0.076 -0.482  0.057 -2.066  0.026  1.584  0.759]  pos_err=0.0000 m
2026-04-14T16:38:58 [INFO    ] franka_prm: Arm1  q_init=[-0.076 -0.483  0.056 -2.066  0.026  1.584  0.759]  q_goal=[-0.076 -0.482  0.057 -2.066  0.026  1.584  0.759]  [IK: 0.013s]
2026-04-14T16:38:58 [INFO    ] franka_prm: Arm1: using PRM file '/home/ros_ws/src/devel_packages/prm/prm_files_10k/myPRM_arm1_free.p'
2026-04-14T16:38:58 [INFO    ] franka_prm: IK solved  joints=[ 0.125 -0.298  0.351 -2.634  0.142  2.348  1.147]  pos_err=0.0000 m
2026-04-14T16:38:58 [INFO    ] franka_prm: Arm2  q_init=[-0.065 -1.272  0.036 -2.707  0.034  1.436  0.736]  q_goal=[ 0.125 -0.298  0.351 -2.634  0.142  2.348  1.147]  [IK: 0.023s]
2026-04-14T16:38:58 [INFO    ] franka_prm: Arm2: using PRM file '/home/ros_ws/src/devel_packages/prm/prm_files_10k/myPRM_arm2_labelZone1.p'
2026-04-14T16:38:59 [INFO    ] franka_prm: PRM loaded from '/home/ros_ws/src/devel_packages/prm/prm_files_10k/myPRM_arm1_free.p': 10000 nodes, 98424 edges, 6 components
2026-04-14T16:38:59 [INFO    ] franka_prm:   obstacles in PRM: 8
2026-04-14T16:38:59 [INFO    ] franka_prm:   Arm1 FK  q_init -> EE pos [ 0.3999 -0.0003  0.5001]
2026-04-14T16:38:59 [INFO    ] franka_prm:   Arm1 FK  q_goal -> EE pos [ 0.4 -0.   0.5]
2026-04-14T16:38:59 [INFO    ] franka_prm: PRM loaded from '/home/ros_ws/src/devel_packages/prm/prm_files_10k/myPRM_arm2_labelZone1.p': 10000 nodes, 95792 edges, 5 components
2026-04-14T16:38:59 [INFO    ] franka_prm:   obstacles in PRM: 9
2026-04-14T16:38:59 [INFO    ] franka_prm:   Arm2 FK  q_init -> EE pos [0.1801 0.0009 0.41  ]
2026-04-14T16:38:59 [INFO    ] franka_prm:   Arm2 FK  q_goal -> EE pos [0.3656 0.1851 0.2184]
2026-04-14T16:39:00 [INFO    ] franka_prm:   find_neighbors(init): 10 found, 0 edge-blocked among top-20 candidates
2026-04-14T16:39:00 [INFO    ] franka_prm:   find_neighbors(init): 10 found, 0 edge-blocked among top-20 candidates
2026-04-14T16:39:00 [INFO    ] franka_prm:   find_neighbors(goal): 10 found, 0 edge-blocked among top-20 candidates
2026-04-14T16:39:00 [INFO    ] franka_prm: Neighbors found — init: 10, goal: 10
2026-04-14T16:39:00 [INFO    ] franka_prm: Plan ready: 2 waypoints after shortcutting
2026-04-14T16:39:00 [INFO    ] franka_prm: Arm1: PRM query took 1.887s
2026-04-14T16:39:00 [INFO    ] franka_prm: [arm1] Waypoint execution: 1 segments at 0.200 rad/s
2026-04-14T16:39:00 [INFO    ] franka_prm: [arm1] Moving to waypoint 1/1 (len=0.0008 rad, dur=0.00s): [-0.0762 -0.4822  0.0567 -2.0659  0.0263  1.5844  0.7591]
2026-04-14T16:39:00 [INFO    ] franka_prm: [arm1]   FK EE pos: [ 0.4 -0.   0.5]  rot:
[[ 1. -0. -0.]
 [-0. -1. -0.]
 [-0.  0. -1.]]
2026-04-14T16:39:00 [INFO    ] franka_prm:   find_neighbors(goal): 10 found, 0 edge-blocked among top-20 candidates
2026-04-14T16:39:00 [INFO    ] franka_prm: Neighbors found — init: 10, goal: 10
2026-04-14T16:39:01 [INFO    ] franka_prm: [arm1] Waypoint 1/1 reached
2026-04-14T16:39:01 [INFO    ] franka_prm: [arm1] Waypoint execution complete
2026-04-14T16:39:03 [INFO    ] franka_prm: Plan ready: 3 waypoints after shortcutting
2026-04-14T16:39:03 [INFO    ] franka_prm: Arm2: PRM query took 5.005s
2026-04-14T16:39:03 [INFO    ] franka_prm: [arm2] Waypoint execution: 2 segments at 0.200 rad/s
2026-04-14T16:39:03 [INFO    ] franka_prm: [arm2] Moving to waypoint 1/2 (len=0.7091 rad, dur=3.55s): [ 0.6268 -1.2766  0.035  -2.7962  0.0335  1.5197  0.6387]
2026-04-14T16:39:03 [INFO    ] franka_prm: [arm2]   FK EE pos: [0.1463 0.1197 0.3771]  rot:
[[ 0.7071  0.7071  0.    ]
 [ 0.7071 -0.7071 -0.    ]
 [ 0.      0.     -1.    ]]
2026-04-14T16:39:07 [INFO    ] franka_prm: [arm2] Waypoint 1/2 reached
2026-04-14T16:39:07 [INFO    ] franka_prm: [arm2] Moving to waypoint 2/2 (len=1.5137 rad, dur=7.57s): [ 0.1254 -0.2981  0.3508 -2.6338  0.142   2.3478  1.1474]
2026-04-14T16:39:07 [INFO    ] franka_prm: [arm2]   FK EE pos: [0.3656 0.1851 0.2184]  rot:
[[ 1. -0. -0.]
 [-0. -1.  0.]
 [-0. -0. -1.]]
2026-04-14T16:39:10 [INFO    ] franka_prm: [arm2] Waypoint 2/2 reached
2026-04-14T16:39:10 [INFO    ] franka_prm: [arm2] Waypoint execution complete
2026-04-14T16:39:10 [INFO    ] franka_prm: Both arms done.
