2026-04-14T19:24:37 [INFO    ] franka_prm: Arm1: offline collision checker initialized
2026-04-14T19:24:37 [INFO    ] franka_prm: Arm1: connected to real robot
2026-04-14T19:24:37 [INFO    ] franka_prm: Arm2: offline collision checker initialized
2026-04-14T19:24:37 [INFO    ] franka_prm: Arm2: connected to real robot
2026-04-14T19:24:48 [INFO    ] franka_prm: Arm1  q_init=[-0.001 -0.785 -0.    -2.356 -0.     1.571  0.786]  q_goal=[-0.669  0.457 -0.987 -1.81   0.425  2.037 -1.02 ]
2026-04-14T19:24:48 [INFO    ] franka_prm: Arm1: using PRM file '/home/ros_ws/src/devel_packages/prm/prm_files_10k/myPRM_arm1_none.p'
2026-04-14T19:24:49 [INFO    ] franka_prm: PRM loaded from '/home/ros_ws/src/devel_packages/prm/prm_files_10k/myPRM_arm1_none.p': 10000 nodes, 97260 edges, 9 components
2026-04-14T19:24:49 [INFO    ] franka_prm:   obstacles in PRM: 10
2026-04-14T19:24:49 [INFO    ] franka_prm:   Arm1 FK  q_init -> EE pos [ 0.3071 -0.0004  0.469 ]
2026-04-14T19:24:49 [INFO    ] franka_prm:   Arm1 FK  q_goal -> EE pos [ 0.0237 -0.6258  0.2628]
2026-04-14T19:24:49 [INFO    ] franka_prm:  Arm1 find_neighbors(init): 20 found, 0 edge-blocked among top-20 candidates
2026-04-14T19:24:50 [INFO    ] franka_prm:  Arm1 find_neighbors(goal): 20 found, 0 edge-blocked among top-20 candidates
2026-04-14T19:24:50 [INFO    ] franka_prm: Neighbors found — init: 20, goal: 20
2026-04-14T19:24:51 [INFO    ] franka_prm: Plan ready: 2 waypoints after shortcutting
2026-04-14T19:24:51 [INFO    ] franka_prm: [arm1] Waypoint execution: 1 segments at 0.500 rad/s
2026-04-14T19:24:51 [INFO    ] franka_prm: [arm1] Moving to waypoint 1/1 (len=2.6303 rad, dur=5.26s): [-0.6691  0.4571 -0.9868 -1.81    0.4248  2.0365 -1.0201]
2026-04-14T19:24:51 [INFO    ] franka_prm: [arm1]   FK EE pos: [ 0.0237 -0.6258  0.2628]  rot:
[[ 1.  0.  0.]
 [ 0. -1. -0.]
 [ 0. -0. -1.]]
2026-04-14T19:24:56 [INFO    ] franka_prm: [arm1] Waypoint 1/1 reached
2026-04-14T19:24:56 [INFO    ] franka_prm: [arm1] Waypoint execution complete
2026-04-14T19:25:04 [INFO    ] franka_prm: Arm1  q_init=[-0.669  0.461 -0.985 -1.816  0.425  2.036 -1.02 ]  q_goal=[-0.268  1.041 -0.153 -0.598  0.132  1.634  0.431]
2026-04-14T19:25:04 [INFO    ] franka_prm: Arm1: using PRM file '/home/ros_ws/src/devel_packages/prm/prm_files_10k/myPRM_arm1_labelZone1.p'
2026-04-14T19:25:05 [INFO    ] franka_prm: PRM loaded from '/home/ros_ws/src/devel_packages/prm/prm_files_10k/myPRM_arm1_labelZone1.p': 10000 nodes, 97595 edges, 8 components
2026-04-14T19:25:05 [INFO    ] franka_prm:   obstacles in PRM: 9
2026-04-14T19:25:05 [INFO    ] franka_prm:   Arm1 FK  q_init -> EE pos [ 0.0236 -0.6236  0.2583]
2026-04-14T19:25:05 [INFO    ] franka_prm:   Arm1 FK  q_goal -> EE pos [ 0.75   -0.25    0.2515]
2026-04-14T19:25:05 [INFO    ] franka_prm:  Arm1 find_neighbors(init): 20 found, 0 edge-blocked among top-20 candidates
2026-04-14T19:25:06 [INFO    ] franka_prm:  Arm1 find_neighbors(goal): 18 found, 2 edge-blocked among top-20 candidates
2026-04-14T19:25:06 [INFO    ] franka_prm: Neighbors found — init: 20, goal: 18
2026-04-14T19:25:11 [INFO    ] franka_prm: Plan ready: 3 waypoints after shortcutting
2026-04-14T19:25:11 [INFO    ] franka_prm: [arm1] Waypoint execution: 2 segments at 0.500 rad/s
2026-04-14T19:25:11 [INFO    ] franka_prm: [arm1] Moving to waypoint 1/2 (len=0.9787 rad, dur=1.96s): [-0.1635  0.5752 -0.3857 -1.4867  0.2289  2.0172 -0.5922]
2026-04-14T19:25:11 [INFO    ] franka_prm: [arm1]   FK EE pos: [ 0.6275 -0.3153  0.2348]  rot:
[[ 0.7071  0.7071 -0.0001]
 [ 0.7071 -0.7071 -0.    ]
 [-0.     -0.     -1.    ]]
2026-04-14T19:25:13 [INFO    ] franka_prm: [arm1] Waypoint 1/2 reached
2026-04-14T19:25:13 [INFO    ] franka_prm: [arm1] Moving to waypoint 2/2 (len=1.5083 rad, dur=3.02s): [-0.2675  1.0409 -0.1534 -0.5985  0.1325  1.6336  0.4315]
2026-04-14T19:25:13 [INFO    ] franka_prm: [arm1]   FK EE pos: [ 0.75   -0.25    0.2515]  rot:
[[ 1. -0.  0.]
 [-0. -1.  0.]
 [ 0. -0. -1.]]
2026-04-14T19:25:16 [INFO    ] franka_prm: [arm1] Waypoint 2/2 reached
2026-04-14T19:25:16 [INFO    ] franka_prm: [arm1] Waypoint execution complete
2026-04-14T19:25:27 [INFO    ] franka_prm: Arm1  q_init=[-0.001 -0.785 -0.001 -2.356  0.001  1.572  0.785]  q_goal=[-0.173 -0.251 -0.664 -2.531 -0.211  2.321  0.108]
2026-04-14T19:25:27 [INFO    ] franka_prm: Arm1: using PRM file '/home/ros_ws/src/devel_packages/prm/prm_files_10k/myPRM_arm1_labelZone1.p'
2026-04-14T19:25:27 [INFO    ] franka_prm: PRM loaded from '/home/ros_ws/src/devel_packages/prm/prm_files_10k/myPRM_arm1_labelZone1.p': 10000 nodes, 97595 edges, 8 components
2026-04-14T19:25:27 [INFO    ] franka_prm:   obstacles in PRM: 9
2026-04-14T19:25:27 [INFO    ] franka_prm:   Arm1 FK  q_init -> EE pos [ 0.3072 -0.0002  0.4691]
2026-04-14T19:25:27 [INFO    ] franka_prm:   Arm1 FK  q_goal -> EE pos [ 0.2956 -0.3264  0.224 ]
2026-04-14T19:25:28 [INFO    ] franka_prm:  Arm1 find_neighbors(init): 20 found, 0 edge-blocked among top-20 candidates
2026-04-14T19:25:29 [INFO    ] franka_prm:  Arm1 find_neighbors(goal): 20 found, 0 edge-blocked among top-20 candidates
2026-04-14T19:25:29 [INFO    ] franka_prm: Neighbors found — init: 20, goal: 20
2026-04-14T19:25:29 [INFO    ] franka_prm: Plan ready: 2 waypoints after shortcutting
2026-04-14T19:25:29 [INFO    ] franka_prm: [arm1] Waypoint execution: 1 segments at 0.500 rad/s
2026-04-14T19:25:29 [INFO    ] franka_prm: [arm1] Moving to waypoint 1/1 (len=1.3602 rad, dur=2.72s): [-0.1732 -0.2507 -0.6638 -2.5312 -0.2105  2.321   0.1083]
2026-04-14T19:25:29 [INFO    ] franka_prm: [arm1]   FK EE pos: [ 0.2956 -0.3264  0.224 ]  rot:
[[ 1.  0. -0.]
 [ 0. -1. -0.]
 [-0.  0. -1.]]
2026-04-14T19:25:32 [INFO    ] franka_prm: [arm1] Waypoint 1/1 reached
2026-04-14T19:25:32 [INFO    ] franka_prm: [arm1] Waypoint execution complete
