2026-04-14T16:54:37 [INFO    ] franka_prm: Arm1: offline collision checker initialized
2026-04-14T16:54:38 [INFO    ] franka_prm: Arm1: connected to real robot
2026-04-14T16:54:38 [INFO    ] franka_prm: Arm2: offline collision checker initialized
2026-04-14T16:54:38 [INFO    ] franka_prm: Arm2: connected to real robot
2026-04-14T16:54:38 [INFO    ] franka_prm: Arm1 q_start=[-0.077 -0.482  0.056 -2.066  0.026  1.585  0.759]  goal=[0.4 0.  0.5]  yaw=0.000
2026-04-14T16:54:38 [INFO    ] franka_prm: Arm2 q_start=[-0.065 -1.272  0.036 -2.707  0.035  1.436  0.736]  goal=[0.415, 0.169, 0.2267]  yaw=0.000
2026-04-14T16:54:38 [INFO    ] franka_prm: IK solved  joints=[-0.076 -0.482  0.057 -2.066  0.026  1.584  0.759]  pos_err=0.0000 m
2026-04-14T16:54:38 [INFO    ] franka_prm: IK solved  joints=[ 0.118 -0.188  0.269 -2.508  0.068  2.326  1.121]  pos_err=0.0000 m
2026-04-14T16:54:38 [INFO    ] franka_prm: Arm1  q_init=[-0.077 -0.482  0.056 -2.066  0.026  1.585  0.759]  q_goal=[-0.076 -0.482  0.057 -2.066  0.026  1.584  0.759]  [IK: 0.018s]
2026-04-14T16:54:38 [INFO    ] franka_prm: Arm2  q_init=[-0.065 -1.272  0.036 -2.707  0.035  1.436  0.736]  q_goal=[ 0.118 -0.188  0.269 -2.508  0.068  2.326  1.121]  [IK: 0.018s]
2026-04-14T16:54:38 [INFO    ] franka_prm: Arm1: using PRM file '/home/ros_ws/src/devel_packages/prm/prm_files_10k/myPRM_arm1_free.p'
2026-04-14T16:54:38 [INFO    ] franka_prm: Arm2: using PRM file '/home/ros_ws/src/devel_packages/prm/prm_files_10k/myPRM_arm2_labelZone1.p'
2026-04-14T16:54:39 [INFO    ] franka_prm: PRM loaded from '/home/ros_ws/src/devel_packages/prm/prm_files_10k/myPRM_arm1_free.p': 10000 nodes, 98424 edges, 6 components
2026-04-14T16:54:39 [INFO    ] franka_prm: PRM loaded from '/home/ros_ws/src/devel_packages/prm/prm_files_10k/myPRM_arm2_labelZone1.p': 10000 nodes, 95792 edges, 5 components
2026-04-14T16:54:39 [INFO    ] franka_prm:   obstacles in PRM: 8
2026-04-14T16:54:39 [INFO    ] franka_prm:   obstacles in PRM: 9
2026-04-14T16:54:39 [INFO    ] franka_prm:   Arm2 FK  q_init -> EE pos [0.1801 0.0012 0.41  ]
2026-04-14T16:54:39 [INFO    ] franka_prm:   Arm1 FK  q_init -> EE pos [ 0.4002 -0.0006  0.4998]
2026-04-14T16:54:39 [INFO    ] franka_prm:   Arm2 FK  q_goal -> EE pos [0.415  0.169  0.2267]
2026-04-14T16:54:39 [INFO    ] franka_prm:   Arm1 FK  q_goal -> EE pos [ 0.4 -0.   0.5]
2026-04-14T16:54:40 [INFO    ] franka_prm:  Arm1 find_neighbors(init): 20 found, 0 edge-blocked among top-20 candidates
2026-04-14T16:54:40 [INFO    ] franka_prm:  Arm2 find_neighbors(init): 20 found, 0 edge-blocked among top-20 candidates
2026-04-14T16:54:41 [INFO    ] franka_prm:  Arm1 find_neighbors(goal): 20 found, 0 edge-blocked among top-20 candidates
2026-04-14T16:54:41 [INFO    ] franka_prm: Neighbors found — init: 20, goal: 20
2026-04-14T16:54:41 [INFO    ] franka_prm: Plan ready: 2 waypoints after shortcutting
2026-04-14T16:54:41 [INFO    ] franka_prm: Arm1: PRM query took 3.008s
2026-04-14T16:54:41 [INFO    ] franka_prm: [arm1] Waypoint execution: 1 segments at 0.200 rad/s
2026-04-14T16:54:41 [INFO    ] franka_prm: [arm1] Moving to waypoint 1/1 (len=0.0014 rad, dur=0.01s): [-0.0762 -0.4822  0.0567 -2.0659  0.0263  1.5844  0.7591]
2026-04-14T16:54:41 [INFO    ] franka_prm: [arm1]   FK EE pos: [ 0.4 -0.   0.5]  rot:
[[ 1. -0. -0.]
 [-0. -1. -0.]
 [-0.  0. -1.]]
2026-04-14T16:54:41 [INFO    ] franka_prm: [arm1] Waypoint 1/1 reached
2026-04-14T16:54:41 [INFO    ] franka_prm: [arm1] Waypoint execution complete
2026-04-14T16:54:41 [INFO    ] franka_prm:  Arm2 find_neighbors(goal): 20 found, 0 edge-blocked among top-20 candidates
2026-04-14T16:54:41 [INFO    ] franka_prm: Neighbors found — init: 20, goal: 20
2026-04-14T16:54:45 [INFO    ] franka_prm: Plan ready: 3 waypoints after shortcutting
2026-04-14T16:54:45 [INFO    ] franka_prm: Arm2: PRM query took 6.388s
2026-04-14T16:54:45 [INFO    ] franka_prm: [arm2] Waypoint execution: 2 segments at 0.200 rad/s
2026-04-14T16:54:45 [INFO    ] franka_prm: [arm2] Moving to waypoint 1/2 (len=0.6508 rad, dur=3.25s): [ 0.1802 -1.1289  0.3349 -2.4717  0.3078  1.3747  0.3898]
2026-04-14T16:54:45 [INFO    ] franka_prm: [arm2]   FK EE pos: [0.153  0.1753 0.4621]  rot:
[[ 0.7071  0.7071  0.0001]
 [ 0.7071 -0.7071  0.0001]
 [ 0.0001 -0.     -1.    ]]
2026-04-14T16:54:48 [INFO    ] franka_prm: [arm2] Waypoint 1/2 reached
2026-04-14T16:54:48 [INFO    ] franka_prm: [arm2] Moving to waypoint 2/2 (len=1.5466 rad, dur=7.73s): [ 0.1182 -0.1877  0.2687 -2.5081  0.0681  2.3258  1.1211]
2026-04-14T16:54:48 [INFO    ] franka_prm: [arm2]   FK EE pos: [0.415  0.169  0.2267]  rot:
[[ 1. -0.  0.]
 [-0. -1. -0.]
 [ 0.  0. -1.]]
2026-04-14T16:54:56 [INFO    ] franka_prm: [arm2] Waypoint 2/2 reached
2026-04-14T16:54:56 [INFO    ] franka_prm: [arm2] Waypoint execution complete
2026-04-14T16:54:56 [INFO    ] franka_prm: Both arms done.
