2026-04-14T21:10:03 [INFO    ] franka_prm: Arm1: offline collision checker initialized
2026-04-14T21:10:03 [INFO    ] franka_prm: Arm1: connected to real robot
2026-04-14T21:10:03 [INFO    ] franka_prm: Arm2: offline collision checker initialized
2026-04-14T21:10:03 [INFO    ] franka_prm: Arm2: connected to real robot
2026-04-14T21:10:09 [INFO    ] franka_prm: Arm1  q_init=[-0.001 -0.785 -0.    -2.356  0.001  1.571  0.785]  q_goal=[-0.54   0.309 -1.046 -2.099  0.339  2.229 -0.992]
2026-04-14T21:10:09 [INFO    ] franka_prm: Arm1: using PRM file '/home/ros_ws/src/devel_packages/prm/prm_files_10k/myPRM_arm1_none.p'
2026-04-14T21:10:10 [INFO    ] franka_prm: PRM loaded from '/home/ros_ws/src/devel_packages/prm/prm_files_10k/myPRM_arm1_none.p': 10000 nodes, 97260 edges, 9 components
2026-04-14T21:10:10 [INFO    ] franka_prm:   obstacles in PRM: 10
2026-04-14T21:10:10 [INFO    ] franka_prm:   Arm1 FK  q_init -> EE pos [ 0.3071 -0.0002  0.469 ]
2026-04-14T21:10:10 [INFO    ] franka_prm:   Arm1 FK  q_goal -> EE pos [ 0.0163 -0.5666  0.2198]
2026-04-14T21:10:10 [INFO    ] franka_prm:  Arm1 find_neighbors(init): 20 found, 0 edge-blocked among top-20 candidates
2026-04-14T21:10:11 [INFO    ] franka_prm:  Arm1 find_neighbors(goal): 20 found, 0 edge-blocked among top-20 candidates
2026-04-14T21:10:11 [INFO    ] franka_prm: Neighbors found — init: 20, goal: 20
2026-04-14T21:10:12 [INFO    ] franka_prm: Plan ready: 2 waypoints after shortcutting
2026-04-14T21:10:12 [INFO    ] franka_prm: [arm1] Waypoint execution: 1 segments at 0.500 rad/s
2026-04-14T21:10:12 [INFO    ] franka_prm: [arm1] Moving to waypoint 1/1 (len=2.5203 rad, dur=5.04s): [-0.5398  0.3091 -1.0463 -2.0987  0.3392  2.2287 -0.9919]
2026-04-14T21:10:12 [INFO    ] franka_prm: [arm1]   FK EE pos: [ 0.0163 -0.5666  0.2198]  rot:
[[ 1.  0.  0.]
 [ 0. -1. -0.]
 [ 0.  0. -1.]]
2026-04-14T21:10:17 [INFO    ] franka_prm: [arm1] Waypoint 1/1 reached
2026-04-14T21:10:17 [INFO    ] franka_prm: [arm1] Waypoint execution complete
2026-04-14T21:10:25 [INFO    ] franka_prm: Arm1  q_init=[-0.54   0.31  -1.046 -2.099  0.339  2.229 -0.992]  q_goal=[-0.243  1.    -0.173 -0.786  0.149  1.776  0.417]
2026-04-14T21:10:25 [INFO    ] franka_prm: Arm1: using PRM file '/home/ros_ws/src/devel_packages/prm/prm_files_10k/myPRM_arm1_labelZone1.p'
2026-04-14T21:10:26 [INFO    ] franka_prm: PRM loaded from '/home/ros_ws/src/devel_packages/prm/prm_files_10k/myPRM_arm1_labelZone1.p': 10000 nodes, 97595 edges, 8 components
2026-04-14T21:10:26 [INFO    ] franka_prm:   obstacles in PRM: 9
2026-04-14T21:10:26 [INFO    ] franka_prm:   Arm1 FK  q_init -> EE pos [ 0.0163 -0.5663  0.2192]
2026-04-14T21:10:26 [INFO    ] franka_prm:   Arm1 FK  q_goal -> EE pos [ 0.75   -0.25    0.2085]
2026-04-14T21:10:26 [INFO    ] franka_prm:  Arm1 find_neighbors(init): 20 found, 0 edge-blocked among top-20 candidates
2026-04-14T21:10:27 [INFO    ] franka_prm:  Arm1 find_neighbors(goal): 19 found, 1 edge-blocked among top-20 candidates
2026-04-14T21:10:27 [INFO    ] franka_prm: Neighbors found — init: 20, goal: 19
2026-04-14T21:10:32 [INFO    ] franka_prm: Plan ready: 3 waypoints after shortcutting
2026-04-14T21:10:32 [INFO    ] franka_prm: [arm1] Waypoint execution: 2 segments at 0.500 rad/s
2026-04-14T21:10:32 [INFO    ] franka_prm: [arm1] Moving to waypoint 1/2 (len=0.7471 rad, dur=1.49s): [-0.3704  0.5994 -0.5948 -1.631   0.378   2.113  -1.082 ]
2026-04-14T21:10:32 [INFO    ] franka_prm: [arm1]   FK EE pos: [ 0.4433 -0.5168  0.1945]  rot:
[[ 0.7071  0.7071  0.    ]
 [ 0.7071 -0.7071 -0.    ]
 [-0.      0.     -1.    ]]
2026-04-14T21:10:34 [INFO    ] franka_prm: [arm1] Waypoint 1/2 reached
2026-04-14T21:10:34 [INFO    ] franka_prm: [arm1] Moving to waypoint 2/2 (len=1.8661 rad, dur=3.73s): [-0.2433  0.9998 -0.1733 -0.7856  0.1487  1.7763  0.4172]
2026-04-14T21:10:34 [INFO    ] franka_prm: [arm1]   FK EE pos: [ 0.75   -0.25    0.2085]  rot:
[[ 1. -0.  0.]
 [-0. -1.  0.]
 [ 0. -0. -1.]]
2026-04-14T21:10:38 [INFO    ] franka_prm: [arm1] Waypoint 2/2 reached
2026-04-14T21:10:38 [INFO    ] franka_prm: [arm1] Waypoint execution complete
2026-04-14T21:10:48 [INFO    ] franka_prm: Arm1  q_init=[-0.001 -0.785 -0.001 -2.356  0.001  1.572  0.785]  q_goal=[-0.491  0.758 -0.871 -1.34   0.577  1.839 -0.589]
2026-04-14T21:10:48 [INFO    ] franka_prm: Arm1: using PRM file '/home/ros_ws/src/devel_packages/prm/prm_files_10k/myPRM_arm1_labelZone1.p'
2026-04-14T21:10:48 [INFO    ] franka_prm: PRM loaded from '/home/ros_ws/src/devel_packages/prm/prm_files_10k/myPRM_arm1_labelZone1.p': 10000 nodes, 97595 edges, 8 components
2026-04-14T21:10:48 [INFO    ] franka_prm:   obstacles in PRM: 9
2026-04-14T21:10:48 [INFO    ] franka_prm:   Arm1 FK  q_init -> EE pos [ 0.3072 -0.0002  0.469 ]
2026-04-14T21:10:48 [INFO    ] franka_prm:   Arm1 FK  q_goal -> EE pos [ 0.3332 -0.635   0.2623]
2026-04-14T21:10:49 [INFO    ] franka_prm:  Arm1 find_neighbors(init): 20 found, 0 edge-blocked among top-20 candidates
2026-04-14T21:10:50 [INFO    ] franka_prm: Arm2: cached 9 obstacles from '/home/ros_ws/src/devel_packages/prm/prm_files_10k/myPRM_arm2_labelZone1.p'
2026-04-14T21:10:50 [INFO    ] franka_prm: Arm2  q_init=[-0.065 -1.272  0.036 -2.707  0.035  1.436  0.736]  q_goal=[ 0.232  0.221  0.265 -2.033 -0.074  2.245  1.1  ]
2026-04-14T21:10:50 [INFO    ] franka_prm: Arm2: using PRM file '/home/ros_ws/src/devel_packages/prm/prm_files_10k/myPRM_arm2_labelZone1.p'
2026-04-14T21:10:50 [INFO    ] franka_prm: PRM loaded from '/home/ros_ws/src/devel_packages/prm/prm_files_10k/myPRM_arm2_labelZone1.p': 10000 nodes, 95792 edges, 5 components
2026-04-14T21:10:50 [INFO    ] franka_prm:   obstacles in PRM: 9
2026-04-14T21:10:50 [INFO    ] franka_prm:   Arm2 FK  q_init -> EE pos [0.1801 0.0012 0.41  ]
2026-04-14T21:10:50 [INFO    ] franka_prm:   Arm2 FK  q_goal -> EE pos [0.5187 0.2741 0.2198]
2026-04-14T21:10:50 [INFO    ] franka_prm:  Arm1 find_neighbors(goal): 18 found, 2 edge-blocked among top-20 candidates
2026-04-14T21:10:50 [INFO    ] franka_prm: Neighbors found — init: 20, goal: 18
2026-04-14T21:10:50 [INFO    ] franka_prm: Plan ready: 2 waypoints after shortcutting
2026-04-14T21:10:50 [INFO    ] franka_prm: [arm1] Waypoint execution: 1 segments at 0.500 rad/s
2026-04-14T21:10:50 [INFO    ] franka_prm: [arm1] Moving to waypoint 1/1 (len=2.5893 rad, dur=5.18s): [-0.4915  0.7585 -0.8711 -1.3398  0.5772  1.839  -0.5886]
2026-04-14T21:10:50 [INFO    ] franka_prm: [arm1]   FK EE pos: [ 0.3332 -0.635   0.2623]  rot:
[[ 1.  0. -0.]
 [ 0. -1.  0.]
 [-0. -0. -1.]]
2026-04-14T21:10:51 [INFO    ] franka_prm:  Arm2 find_neighbors(init): 20 found, 0 edge-blocked among top-20 candidates
2026-04-14T21:10:52 [INFO    ] franka_prm:  Arm2 find_neighbors(goal): 19 found, 1 edge-blocked among top-20 candidates
2026-04-14T21:10:52 [INFO    ] franka_prm: Neighbors found — init: 20, goal: 19
2026-04-14T21:10:55 [INFO    ] franka_prm: Plan ready: 3 waypoints after shortcutting
2026-04-14T21:10:55 [INFO    ] franka_prm: [arm2] Waypoint execution: 2 segments at 0.500 rad/s
2026-04-14T21:10:55 [INFO    ] franka_prm: [arm2] Moving to waypoint 1/2 (len=0.8234 rad, dur=1.65s): [ 0.0265 -0.8693  0.3767 -2.3614  0.2851  1.5299  0.2885]
2026-04-14T21:10:55 [INFO    ] franka_prm: [arm2]   FK EE pos: [0.2499 0.1808 0.4619]  rot:
[[ 0.7071  0.7071 -0.    ]
 [ 0.7071 -0.7071 -0.    ]
 [-0.      0.     -1.    ]]
2026-04-14T21:10:56 [INFO    ] franka_prm: [arm1] Waypoint 1/1 reached
2026-04-14T21:10:56 [INFO    ] franka_prm: [arm1] Waypoint execution complete
2026-04-14T21:10:57 [INFO    ] franka_prm: [arm2] Waypoint 1/2 reached
2026-04-14T21:10:57 [INFO    ] franka_prm: [arm2] Moving to waypoint 2/2 (len=1.6279 rad, dur=3.26s): [ 0.2318  0.2211  0.2649 -2.0332 -0.0736  2.2455  1.0997]
2026-04-14T21:10:57 [INFO    ] franka_prm: [arm2]   FK EE pos: [0.5187 0.2741 0.2198]  rot:
[[ 0.9754  0.2205 -0.    ]
 [ 0.2205 -0.9754  0.    ]
 [-0.     -0.     -1.    ]]
2026-04-14T21:11:01 [INFO    ] franka_prm: [arm2] Waypoint 2/2 reached
2026-04-14T21:11:01 [INFO    ] franka_prm: [arm2] Waypoint execution complete
2026-04-14T21:11:01 [INFO    ] franka_prm: Arm2  q_init=[ 0.232  0.221  0.265 -2.034 -0.073  2.245  1.099]  q_goal=[ 0.504  0.595 -0.017 -2.057  0.02   2.652  1.1  ]
2026-04-14T21:11:01 [INFO    ] franka_prm: Arm2: using PRM file '/home/ros_ws/src/devel_packages/prm/prm_files_10k/myPRM_arm2_labelZone1.p'
2026-04-14T21:11:01 [INFO    ] franka_prm: PRM loaded from '/home/ros_ws/src/devel_packages/prm/prm_files_10k/myPRM_arm2_labelZone1.p': 10000 nodes, 95792 edges, 5 components
2026-04-14T21:11:01 [INFO    ] franka_prm:   obstacles in PRM: 9
2026-04-14T21:11:01 [INFO    ] franka_prm:   Arm2 FK  q_init -> EE pos [0.5183 0.2741 0.2196]
2026-04-14T21:11:01 [INFO    ] franka_prm:   Arm2 FK  q_goal -> EE pos [0.5187 0.2741 0.0198]
2026-04-14T21:11:02 [INFO    ] franka_prm:  Arm2 find_neighbors(init): 19 found, 1 edge-blocked among top-20 candidates
2026-04-14T21:11:02 [INFO    ] franka_prm:  Arm2 find_neighbors(goal): 19 found, 1 edge-blocked among top-20 candidates
2026-04-14T21:11:02 [INFO    ] franka_prm: Neighbors found — init: 19, goal: 19
2026-04-14T21:11:02 [INFO    ] franka_prm: Plan ready: 2 waypoints after shortcutting
2026-04-14T21:11:02 [INFO    ] franka_prm: [arm2] Waypoint execution: 1 segments at 0.500 rad/s
2026-04-14T21:11:02 [INFO    ] franka_prm: [arm2] Moving to waypoint 1/1 (len=0.6848 rad, dur=1.37s): [ 0.504   0.5951 -0.0167 -2.0574  0.0199  2.6524  1.0997]
2026-04-14T21:11:02 [INFO    ] franka_prm: [arm2]   FK EE pos: [0.5187 0.2741 0.0198]  rot:
[[ 0.9875  0.1577  0.    ]
 [ 0.1577 -0.9875 -0.    ]
 [ 0.      0.     -1.    ]]
2026-04-14T21:11:04 [INFO    ] franka_prm: Arm1  q_init=[-0.492  0.761 -0.87  -1.341  0.577  1.839 -0.589]  q_goal=[ 0.296  1.036  0.072 -0.604 -0.062  1.639  1.122]
2026-04-14T21:11:04 [INFO    ] franka_prm: Arm1: using PRM file '/home/ros_ws/src/devel_packages/prm/prm_files_10k/myPRM_arm1_labelZone2.p'
2026-04-14T21:11:04 [INFO    ] franka_prm: [arm2] Waypoint 1/1 reached
2026-04-14T21:11:04 [INFO    ] franka_prm: [arm2] Waypoint execution complete
2026-04-14T21:11:05 [INFO    ] franka_prm: PRM loaded from '/home/ros_ws/src/devel_packages/prm/prm_files_10k/myPRM_arm1_labelZone2.p': 10000 nodes, 97631 edges, 5 components
2026-04-14T21:11:05 [INFO    ] franka_prm:   obstacles in PRM: 9
2026-04-14T21:11:05 [INFO    ] franka_prm:   Arm1 FK  q_init -> EE pos [ 0.333  -0.6345  0.26  ]
2026-04-14T21:11:05 [INFO    ] franka_prm:   Arm1 FK  q_goal -> EE pos [0.75  0.25  0.251]
2026-04-14T21:11:05 [INFO    ] franka_prm:  Arm1 find_neighbors(init): 20 found, 0 edge-blocked among top-20 candidates
2026-04-14T21:11:06 [INFO    ] franka_prm: Arm2  q_init=[ 0.504  0.592 -0.016 -2.056  0.019  2.652  1.099]  q_goal=[ 0.232  0.221  0.265 -2.033 -0.074  2.245  1.1  ]
2026-04-14T21:11:06 [INFO    ] franka_prm: Arm2: using PRM file '/home/ros_ws/src/devel_packages/prm/prm_files_10k/myPRM_arm2_labelZone1.p'
2026-04-14T21:11:06 [INFO    ] franka_prm: PRM loaded from '/home/ros_ws/src/devel_packages/prm/prm_files_10k/myPRM_arm2_labelZone1.p': 10000 nodes, 95792 edges, 5 components
2026-04-14T21:11:06 [INFO    ] franka_prm:   obstacles in PRM: 9
2026-04-14T21:11:06 [INFO    ] franka_prm:   Arm2 FK  q_init -> EE pos [0.5196 0.2755 0.0218]
2026-04-14T21:11:06 [INFO    ] franka_prm:   Arm2 FK  q_goal -> EE pos [0.5187 0.2741 0.2198]
2026-04-14T21:11:06 [INFO    ] franka_prm:  Arm1 find_neighbors(goal): 3 found, 17 edge-blocked among top-20 candidates
2026-04-14T21:11:06 [INFO    ] franka_prm: Neighbors found — init: 20, goal: 3
2026-04-14T21:11:08 [INFO    ] franka_prm:  Arm2 find_neighbors(init): 19 found, 1 edge-blocked among top-20 candidates
2026-04-14T21:11:09 [INFO    ] franka_prm:  Arm2 find_neighbors(goal): 19 found, 1 edge-blocked among top-20 candidates
2026-04-14T21:11:09 [INFO    ] franka_prm: Neighbors found — init: 19, goal: 19
2026-04-14T21:11:09 [INFO    ] franka_prm: Plan ready: 2 waypoints after shortcutting
2026-04-14T21:11:09 [INFO    ] franka_prm: [arm2] Waypoint execution: 1 segments at 0.500 rad/s
2026-04-14T21:11:09 [INFO    ] franka_prm: [arm2] Moving to waypoint 1/1 (len=0.6821 rad, dur=1.36s): [ 0.2318  0.2211  0.2649 -2.0332 -0.0736  2.2455  1.0997]
2026-04-14T21:11:09 [INFO    ] franka_prm: [arm2]   FK EE pos: [0.5187 0.2741 0.2198]  rot:
[[ 0.9754  0.2205 -0.    ]
 [ 0.2205 -0.9754  0.    ]
 [-0.     -0.     -1.    ]]
2026-04-14T21:11:11 [INFO    ] franka_prm: Plan ready: 6 waypoints after shortcutting
2026-04-14T21:11:11 [INFO    ] franka_prm: [arm1] Waypoint execution: 5 segments at 0.500 rad/s
2026-04-14T21:11:11 [INFO    ] franka_prm: [arm1] Moving to waypoint 1/5 (len=1.1584 rad, dur=2.32s): [-0.0869  0.094  -0.9607 -1.2557  0.0795  1.3105 -1.0254]
2026-04-14T21:11:11 [INFO    ] franka_prm: [arm1]   FK EE pos: [ 0.3035 -0.4449  0.5931]  rot:
[[ 0.7068  0.7074 -0.0002]
 [ 0.7074 -0.7068 -0.0002]
 [-0.0002 -0.     -1.    ]]
2026-04-14T21:11:11 [INFO    ] franka_prm: [arm2] Waypoint 1/1 reached
2026-04-14T21:11:11 [INFO    ] franka_prm: [arm2] Waypoint execution complete
2026-04-14T21:11:11 [INFO    ] franka_prm: Arm2  q_init=[ 0.232  0.222  0.265 -2.034 -0.073  2.246  1.099]  q_goal=[-0.065 -1.272  0.036 -2.707  0.034  1.435  0.736]
2026-04-14T21:11:11 [INFO    ] franka_prm: Arm2: using PRM file '/home/ros_ws/src/devel_packages/prm/prm_files_10k/myPRM_arm2_labelZone1.p'
2026-04-14T21:11:12 [INFO    ] franka_prm: PRM loaded from '/home/ros_ws/src/devel_packages/prm/prm_files_10k/myPRM_arm2_labelZone1.p': 10000 nodes, 95792 edges, 5 components
2026-04-14T21:11:12 [INFO    ] franka_prm:   obstacles in PRM: 9
2026-04-14T21:11:12 [INFO    ] franka_prm:   Arm2 FK  q_init -> EE pos [0.5184 0.2742 0.2191]
2026-04-14T21:11:12 [INFO    ] franka_prm:   Arm2 FK  q_goal -> EE pos [0.18  0.001 0.41 ]
2026-04-14T21:11:12 [INFO    ] franka_prm:  Arm2 find_neighbors(init): 19 found, 1 edge-blocked among top-20 candidates
2026-04-14T21:11:13 [INFO    ] franka_prm:  Arm2 find_neighbors(goal): 20 found, 0 edge-blocked among top-20 candidates
2026-04-14T21:11:13 [INFO    ] franka_prm: Neighbors found — init: 19, goal: 20
2026-04-14T21:11:13 [INFO    ] franka_prm: [arm1] Waypoint 1/5 reached
2026-04-14T21:11:13 [INFO    ] franka_prm: [arm1] Moving to waypoint 2/5 (len=0.9728 rad, dur=1.95s): [-0.2305 -0.194  -0.28   -1.1566 -0.0646  0.971  -0.542 ]
2026-04-14T21:11:13 [INFO    ] franka_prm: [arm1]   FK EE pos: [ 0.3156 -0.2156  0.7147]  rot:
[[ 0.7071  0.7071  0.    ]
 [ 0.7071 -0.7071  0.    ]
 [ 0.      0.     -1.    ]]
2026-04-14T21:11:16 [INFO    ] franka_prm: [arm1] Waypoint 2/5 reached
2026-04-14T21:11:16 [INFO    ] franka_prm: [arm1] Moving to waypoint 3/5 (len=0.7039 rad, dur=1.41s): [ 0.029  -0.19    0.0103 -1.1549  0.0024  0.9649  0.0405]
2026-04-14T21:11:16 [INFO    ] franka_prm: [arm1]   FK EE pos: [0.3777 0.0161 0.717 ]  rot:
[[ 0.7071  0.7071  0.    ]
 [ 0.7071 -0.7071  0.    ]
 [ 0.      0.     -1.    ]]
2026-04-14T21:11:17 [INFO    ] franka_prm: Plan ready: 3 waypoints after shortcutting
2026-04-14T21:11:17 [INFO    ] franka_prm: [arm2] Waypoint execution: 2 segments at 0.500 rad/s
2026-04-14T21:11:17 [INFO    ] franka_prm: [arm2] Moving to waypoint 1/2 (len=1.2705 rad, dur=2.54s): [ 0.0908 -0.5416  0.2519 -2.2808  0.131   1.7517  0.2842]
2026-04-14T21:11:17 [INFO    ] franka_prm: [arm2]   FK EE pos: [0.3622 0.157  0.4279]  rot:
[[ 0.7071  0.7071 -0.    ]
 [ 0.7071 -0.7071  0.    ]
 [ 0.     -0.     -1.    ]]
2026-04-14T21:11:17 [INFO    ] franka_prm: [arm1] Waypoint 3/5 reached
2026-04-14T21:11:17 [INFO    ] franka_prm: [arm1] Moving to waypoint 4/5 (len=0.4455 rad, dur=0.89s): [ 0.3272 -0.0028 -0.0655 -1.0261 -0.0002  1.0233  0.2615]
2026-04-14T21:11:17 [INFO    ] franka_prm: [arm1]   FK EE pos: [0.4391 0.1175 0.6911]  rot:
[[ 0.7071  0.7071 -0.    ]
 [ 0.7071 -0.7071  0.    ]
 [-0.     -0.     -1.    ]]
2026-04-14T21:11:19 [INFO    ] franka_prm: [arm1] Waypoint 4/5 reached
2026-04-14T21:11:19 [INFO    ] franka_prm: [arm1] Moving to waypoint 5/5 (len=1.5492 rad, dur=3.10s): [ 0.2961  1.0358  0.0717 -0.6041 -0.0618  1.6387  1.1223]
2026-04-14T21:11:19 [INFO    ] franka_prm: [arm1]   FK EE pos: [0.75  0.25  0.251]  rot:
[[ 1.  0.  0.]
 [ 0. -1. -0.]
 [ 0.  0. -1.]]
2026-04-14T21:11:20 [INFO    ] franka_prm: [arm2] Waypoint 1/2 reached
2026-04-14T21:11:20 [INFO    ] franka_prm: [arm2] Moving to waypoint 2/2 (len=1.0483 rad, dur=2.10s): [-0.065  -1.2718  0.0356 -2.707   0.0343  1.4354  0.7355]
2026-04-14T21:11:20 [INFO    ] franka_prm: [arm2]   FK EE pos: [0.18  0.001 0.41 ]  rot:
[[ 1.  0. -0.]
 [ 0. -1.  0.]
 [-0. -0. -1.]]
2026-04-14T21:11:22 [INFO    ] franka_prm: [arm1] Waypoint 5/5 reached
2026-04-14T21:11:22 [INFO    ] franka_prm: [arm1] Waypoint execution complete
2026-04-14T21:11:22 [INFO    ] franka_prm: [arm2] Waypoint 2/2 reached
2026-04-14T21:11:22 [INFO    ] franka_prm: [arm2] Waypoint execution complete
2026-04-14T21:11:32 [INFO    ] franka_prm: Arm1  q_init=[ 0.    -0.785  0.    -2.356 -0.     1.571  0.786]  q_goal=[-0.247  1.001 -0.171 -0.753  0.146  1.746  0.42 ]
2026-04-14T21:11:32 [INFO    ] franka_prm: Arm1: using PRM file '/home/ros_ws/src/devel_packages/prm/prm_files_10k/myPRM_arm1_free.p'
2026-04-14T21:11:32 [INFO    ] franka_prm: PRM loaded from '/home/ros_ws/src/devel_packages/prm/prm_files_10k/myPRM_arm1_free.p': 10000 nodes, 98424 edges, 6 components
2026-04-14T21:11:32 [INFO    ] franka_prm:   obstacles in PRM: 8
2026-04-14T21:11:32 [INFO    ] franka_prm:   Arm1 FK  q_init -> EE pos [0.3071 0.     0.469 ]
2026-04-14T21:11:32 [INFO    ] franka_prm:   Arm1 FK  q_goal -> EE pos [ 0.75   -0.25    0.2198]
2026-04-14T21:11:33 [INFO    ] franka_prm:  Arm1 find_neighbors(init): 20 found, 0 edge-blocked among top-20 candidates
2026-04-14T21:11:34 [INFO    ] franka_prm:  Arm1 find_neighbors(goal): 20 found, 0 edge-blocked among top-20 candidates
2026-04-14T21:11:34 [INFO    ] franka_prm: Neighbors found — init: 20, goal: 20
2026-04-14T21:11:34 [INFO    ] franka_prm: Plan ready: 2 waypoints after shortcutting
2026-04-14T21:11:34 [INFO    ] franka_prm: [arm1] Waypoint execution: 1 segments at 0.500 rad/s
2026-04-14T21:11:34 [INFO    ] franka_prm: [arm1] Moving to waypoint 1/1 (len=2.4568 rad, dur=4.91s): [-0.247   1.0014 -0.1714 -0.7534  0.1464  1.7463  0.4196]
2026-04-14T21:11:34 [INFO    ] franka_prm: [arm1]   FK EE pos: [ 0.75   -0.25    0.2198]  rot:
[[ 1.  0.  0.]
 [ 0. -1.  0.]
 [ 0. -0. -1.]]
2026-04-14T21:11:39 [INFO    ] franka_prm: [arm1] Waypoint 1/1 reached
2026-04-14T21:11:39 [INFO    ] franka_prm: [arm1] Waypoint execution complete
2026-04-14T21:11:45 [INFO    ] franka_prm: Arm1  q_init=[-0.247  1.004 -0.171 -0.755  0.147  1.747  0.419]  q_goal=[-1.309 -0.881  2.534 -1.053  0.47   1.808  2.082]
2026-04-14T21:11:45 [INFO    ] franka_prm: Arm1: using PRM file '/home/ros_ws/src/devel_packages/prm/prm_files_10k/myPRM_arm1_labelZone1.p'
2026-04-14T21:11:45 [INFO    ] franka_prm: PRM loaded from '/home/ros_ws/src/devel_packages/prm/prm_files_10k/myPRM_arm1_labelZone1.p': 10000 nodes, 97595 edges, 8 components
2026-04-14T21:11:45 [INFO    ] franka_prm:   obstacles in PRM: 9
2026-04-14T21:11:45 [INFO    ] franka_prm:   Arm1 FK  q_init -> EE pos [ 0.7498 -0.2494  0.2174]
2026-04-14T21:11:45 [INFO    ] franka_prm:   Arm1 FK  q_goal -> EE pos [0.065  0.76   0.2348]
2026-04-14T21:11:46 [INFO    ] franka_prm:  Arm1 find_neighbors(init): 19 found, 1 edge-blocked among top-20 candidates
2026-04-14T21:11:46 [INFO    ] franka_prm:  Arm1 find_neighbors(goal): 20 found, 0 edge-blocked among top-20 candidates
2026-04-14T21:11:46 [INFO    ] franka_prm: Neighbors found — init: 19, goal: 20
2026-04-14T21:11:49 [INFO    ] franka_prm: Plan ready: 5 waypoints after shortcutting
2026-04-14T21:11:49 [INFO    ] franka_prm: [arm1] Waypoint execution: 4 segments at 0.500 rad/s
2026-04-14T21:11:49 [INFO    ] franka_prm: [arm1] Moving to waypoint 1/4 (len=1.7074 rad, dur=3.41s): [-0.759   0.043   0.1745 -1.481  -0.0075  1.5234 -0.585 ]
2026-04-14T21:11:49 [INFO    ] franka_prm: [arm1]   FK EE pos: [ 0.4682 -0.3135  0.5174]  rot:
[[ 0.7071  0.7071  0.    ]
 [ 0.7071 -0.7071  0.    ]
 [ 0.      0.     -1.    ]]
2026-04-14T21:11:53 [INFO    ] franka_prm: [arm1] Waypoint 1/4 reached
2026-04-14T21:11:53 [INFO    ] franka_prm: [arm1] Moving to waypoint 2/4 (len=0.9136 rad, dur=1.83s): [-0.8714 -0.4574  0.6146 -1.5211  0.2822  1.1539 -0.19  ]
2026-04-14T21:11:53 [INFO    ] franka_prm: [arm1]   FK EE pos: [0.3895 0.0368 0.6458]  rot:
[[ 0.7071  0.7071  0.    ]
 [ 0.7071 -0.7071 -0.    ]
 [-0.      0.     -1.    ]]
2026-04-14T21:11:55 [INFO    ] franka_prm: [arm1] Waypoint 2/4 reached
2026-04-14T21:11:55 [INFO    ] franka_prm: [arm1] Moving to waypoint 3/4 (len=1.0300 rad, dur=2.06s): [-1.0696 -0.4717  1.1876 -1.0601  0.5459  0.9475  0.417 ]
2026-04-14T21:11:55 [INFO    ] franka_prm: [arm1]   FK EE pos: [0.3219 0.323  0.6815]  rot:
[[ 0.7072  0.707  -0.0002]
 [ 0.707  -0.7072  0.0001]
 [-0.     -0.0002 -1.    ]]
2026-04-14T21:11:57 [INFO    ] franka_prm: [arm1] Waypoint 3/4 reached
2026-04-14T21:11:57 [INFO    ] franka_prm: [arm1] Moving to waypoint 4/4 (len=2.3568 rad, dur=4.71s): [-1.3093 -0.8807  2.5337 -1.053   0.4703  1.8079  2.0819]
2026-04-14T21:11:57 [INFO    ] franka_prm: [arm1]   FK EE pos: [0.065  0.76   0.2348]  rot:
[[ 1. -0. -0.]
 [-0. -1.  0.]
 [-0. -0. -1.]]
2026-04-14T21:12:02 [INFO    ] franka_prm: [arm1] Waypoint 4/4 reached
2026-04-14T21:12:02 [INFO    ] franka_prm: [arm1] Waypoint execution complete
2026-04-14T21:12:03 [INFO    ] franka_prm: Arm1  q_init=[-1.309 -0.88   2.533 -1.053  0.471  1.807  2.081]  q_goal=[-0.173 -0.247 -0.665 -2.529 -0.208  2.322  0.106]
2026-04-14T21:12:03 [INFO    ] franka_prm: Arm1: using PRM file '/home/ros_ws/src/devel_packages/prm/prm_files_10k/myPRM_arm1_none.p'
2026-04-14T21:12:03 [INFO    ] franka_prm: PRM loaded from '/home/ros_ws/src/devel_packages/prm/prm_files_10k/myPRM_arm1_none.p': 10000 nodes, 97260 edges, 9 components
2026-04-14T21:12:03 [INFO    ] franka_prm:   obstacles in PRM: 10
2026-04-14T21:12:03 [INFO    ] franka_prm:   Arm1 FK  q_init -> EE pos [0.065  0.76   0.2352]
2026-04-14T21:12:03 [INFO    ] franka_prm:   Arm1 FK  q_goal -> EE pos [ 0.2962 -0.3271  0.2238]
2026-04-14T21:12:04 [INFO    ] franka_prm:  Arm1 find_neighbors(init): 20 found, 0 edge-blocked among top-20 candidates
2026-04-14T21:12:05 [INFO    ] franka_prm:  Arm1 find_neighbors(goal): 20 found, 0 edge-blocked among top-20 candidates
2026-04-14T21:12:05 [INFO    ] franka_prm: Neighbors found — init: 20, goal: 20
2026-04-14T21:12:08 [INFO    ] franka_prm: Plan ready: 3 waypoints after shortcutting
2026-04-14T21:12:08 [INFO    ] franka_prm: [arm1] Waypoint execution: 2 segments at 0.500 rad/s
2026-04-14T21:12:08 [INFO    ] franka_prm: [arm1] Moving to waypoint 1/2 (len=3.7457 rad, dur=7.49s): [-0.3427 -0.7347  0.1028 -2.2475  0.069   1.5156 -0.2625]
2026-04-14T21:12:08 [INFO    ] franka_prm: [arm1]   FK EE pos: [ 0.313  -0.057   0.4975]  rot:
[[ 0.7071  0.7071  0.    ]
 [ 0.7071 -0.7071 -0.    ]
 [ 0.      0.     -1.    ]]
2026-04-14T21:12:15 [INFO    ] franka_prm: [arm1] Waypoint 1/2 reached
2026-04-14T21:12:15 [INFO    ] franka_prm: [arm1] Moving to waypoint 2/2 (len=1.3407 rad, dur=2.68s): [-0.1725 -0.247  -0.6645 -2.5288 -0.2078  2.322   0.1062]
2026-04-14T21:12:15 [INFO    ] franka_prm: [arm1]   FK EE pos: [ 0.2962 -0.3271  0.2238]  rot:
[[ 1.  0. -0.]
 [ 0. -1. -0.]
 [-0.  0. -1.]]
2026-04-14T21:12:18 [INFO    ] franka_prm: [arm1] Waypoint 2/2 reached
2026-04-14T21:12:18 [INFO    ] franka_prm: [arm1] Waypoint execution complete
2026-04-14T21:12:27 [INFO    ] franka_prm: Arm1  q_init=[-0.173 -0.246 -0.665 -2.529 -0.207  2.322  0.106]  q_goal=[-0.244  1.    -0.173 -0.775  0.148  1.766  0.418]
2026-04-14T21:12:27 [INFO    ] franka_prm: Arm1: using PRM file '/home/ros_ws/src/devel_packages/prm/prm_files_10k/myPRM_arm1_labelZone1.p'
2026-04-14T21:12:27 [INFO    ] franka_prm: PRM loaded from '/home/ros_ws/src/devel_packages/prm/prm_files_10k/myPRM_arm1_labelZone1.p': 10000 nodes, 97595 edges, 8 components
2026-04-14T21:12:27 [INFO    ] franka_prm:   obstacles in PRM: 9
2026-04-14T21:12:27 [INFO    ] franka_prm:   Arm1 FK  q_init -> EE pos [ 0.2959 -0.327   0.2233]
2026-04-14T21:12:27 [INFO    ] franka_prm:   Arm1 FK  q_goal -> EE pos [ 0.75   -0.25    0.2125]
2026-04-14T21:12:28 [INFO    ] franka_prm:  Arm1 find_neighbors(init): 20 found, 0 edge-blocked among top-20 candidates
2026-04-14T21:12:29 [INFO    ] franka_prm:  Arm1 find_neighbors(goal): 19 found, 1 edge-blocked among top-20 candidates
2026-04-14T21:12:29 [INFO    ] franka_prm: Neighbors found — init: 20, goal: 19
2026-04-14T21:12:29 [INFO    ] franka_prm: Plan ready: 2 waypoints after shortcutting
2026-04-14T21:12:29 [INFO    ] franka_prm: [arm1] Waypoint execution: 1 segments at 0.500 rad/s
2026-04-14T21:12:29 [INFO    ] franka_prm: [arm1] Moving to waypoint 1/1 (len=2.3260 rad, dur=4.65s): [-0.2445  0.9999 -0.1728 -0.7751  0.148   1.7661  0.418 ]
2026-04-14T21:12:29 [INFO    ] franka_prm: [arm1]   FK EE pos: [ 0.75   -0.25    0.2125]  rot:
[[ 1. -0.  0.]
 [-0. -1.  0.]
 [ 0. -0. -1.]]
2026-04-14T21:12:33 [INFO    ] franka_prm: [arm1] Waypoint 1/1 reached
2026-04-14T21:12:33 [INFO    ] franka_prm: [arm1] Waypoint execution complete
