2026-04-14T17:06:36 [INFO    ] franka_prm: Arm1: offline collision checker initialized
2026-04-14T17:06:37 [INFO    ] franka_prm: Arm1: connected to real robot
2026-04-14T17:06:37 [INFO    ] franka_prm: Arm2: offline collision checker initialized
2026-04-14T17:06:37 [INFO    ] franka_prm: Arm2: connected to real robot
2026-04-14T17:06:37 [INFO    ] franka_prm: Arm1 q_start=[ 0.    -0.785  0.    -2.356 -0.     1.572  0.785]  goal=[0.4 0.  0.5]  yaw=0.000
2026-04-14T17:06:37 [INFO    ] franka_prm: Arm2 q_start=[ 0.1   -0.269  0.271 -2.616  0.1    2.354  1.072]  goal=[0.3889, 0.1488, 0.0176]  yaw=0.000
2026-04-14T17:06:37 [INFO    ] franka_prm: IK solved  joints=[-0.076 -0.482  0.057 -2.066  0.026  1.584  0.759]  pos_err=0.0000 m
2026-04-14T17:06:37 [INFO    ] franka_prm: Arm1  q_init=[ 0.    -0.785  0.    -2.356 -0.     1.572  0.785]  q_goal=[-0.076 -0.482  0.057 -2.066  0.026  1.584  0.759]  [IK: 0.014s]
2026-04-14T17:06:37 [INFO    ] franka_prm: Arm1: using PRM file '/home/ros_ws/src/devel_packages/prm/prm_files_10k/myPRM_arm1_free.p'
2026-04-14T17:06:37 [INFO    ] franka_prm: IK solved  joints=[ 0.264  0.316  0.074 -2.639 -0.124  2.953  1.242]  pos_err=0.0000 m
2026-04-14T17:06:37 [INFO    ] franka_prm: Arm2  q_init=[ 0.1   -0.269  0.271 -2.616  0.1    2.354  1.072]  q_goal=[ 0.264  0.316  0.074 -2.639 -0.124  2.953  1.242]  [IK: 0.013s]
2026-04-14T17:06:37 [INFO    ] franka_prm: Arm2: using PRM file '/home/ros_ws/src/devel_packages/prm/prm_files_10k/myPRM_arm2_labelZone1.p'
2026-04-14T17:06:38 [INFO    ] franka_prm: PRM loaded from '/home/ros_ws/src/devel_packages/prm/prm_files_10k/myPRM_arm2_labelZone1.p': 10000 nodes, 95792 edges, 5 components
2026-04-14T17:06:38 [INFO    ] franka_prm:   obstacles in PRM: 9
2026-04-14T17:06:38 [INFO    ] franka_prm: PRM loaded from '/home/ros_ws/src/devel_packages/prm/prm_files_10k/myPRM_arm1_free.p': 10000 nodes, 98424 edges, 6 components
2026-04-14T17:06:38 [INFO    ] franka_prm:   Arm2 FK  q_init -> EE pos [0.3886 0.1487 0.2175]
2026-04-14T17:06:38 [INFO    ] franka_prm:   obstacles in PRM: 8
2026-04-14T17:06:38 [INFO    ] franka_prm:   Arm2 FK  q_goal -> EE pos [0.3889 0.1488 0.0176]
2026-04-14T17:06:38 [INFO    ] franka_prm:   Arm1 FK  q_init -> EE pos [ 0.3071 -0.0001  0.469 ]
2026-04-14T17:06:38 [INFO    ] franka_prm:   Arm1 FK  q_goal -> EE pos [ 0.4 -0.   0.5]
2026-04-14T17:06:39 [INFO    ] franka_prm:  Arm1 find_neighbors(init): 20 found, 0 edge-blocked among top-20 candidates
2026-04-14T17:06:40 [INFO    ] franka_prm:  Arm2 find_neighbors(init): 20 found, 0 edge-blocked among top-20 candidates
2026-04-14T17:06:40 [INFO    ] franka_prm:  Arm1 find_neighbors(goal): 20 found, 0 edge-blocked among top-20 candidates
2026-04-14T17:06:40 [INFO    ] franka_prm: Neighbors found — init: 20, goal: 20
2026-04-14T17:06:40 [INFO    ] franka_prm: Plan ready: 2 waypoints after shortcutting
2026-04-14T17:06:40 [INFO    ] franka_prm: Arm1: PRM query took 2.953s
2026-04-14T17:06:40 [INFO    ] franka_prm: [arm1] Waypoint execution: 1 segments at 0.200 rad/s
2026-04-14T17:06:40 [INFO    ] franka_prm: [arm1] Moving to waypoint 1/1 (len=0.4318 rad, dur=2.16s): [-0.0762 -0.4822  0.0567 -2.0659  0.0263  1.5844  0.7591]
2026-04-14T17:06:40 [INFO    ] franka_prm: [arm1]   FK EE pos: [ 0.4 -0.   0.5]  rot:
[[ 1. -0. -0.]
 [-0. -1. -0.]
 [-0.  0. -1.]]
2026-04-14T17:06:41 [INFO    ] franka_prm:  Arm2 find_neighbors(goal): 20 found, 0 edge-blocked among top-20 candidates
2026-04-14T17:06:41 [INFO    ] franka_prm: Neighbors found — init: 20, goal: 20
2026-04-14T17:06:41 [INFO    ] franka_prm: Plan ready: 2 waypoints after shortcutting
2026-04-14T17:06:41 [INFO    ] franka_prm: Arm2: PRM query took 3.572s
2026-04-14T17:06:41 [INFO    ] franka_prm: [arm2] Waypoint execution: 1 segments at 0.200 rad/s
2026-04-14T17:06:41 [INFO    ] franka_prm: [arm2] Moving to waypoint 1/1 (len=0.9198 rad, dur=4.60s): [ 0.2642  0.3157  0.0745 -2.6395 -0.1235  2.953   1.2418]
2026-04-14T17:06:41 [INFO    ] franka_prm: [arm2]   FK EE pos: [0.3889 0.1488 0.0176]  rot:
[[ 1.  0.  0.]
 [ 0. -1.  0.]
 [ 0. -0. -1.]]
2026-04-14T17:06:43 [INFO    ] franka_prm: [arm1] Waypoint 1/1 reached
2026-04-14T17:06:43 [INFO    ] franka_prm: [arm1] Waypoint execution complete
2026-04-14T17:06:45 [INFO    ] franka_prm: [arm2] Waypoint 1/1 reached
2026-04-14T17:06:45 [INFO    ] franka_prm: [arm2] Waypoint execution complete
2026-04-14T17:06:45 [INFO    ] franka_prm: Both arms done.
