2026-04-14T18:39:21 [INFO    ] franka_prm: Arm1: offline collision checker initialized
2026-04-14T18:39:21 [INFO    ] franka_prm: Arm1: connected to real robot
2026-04-14T18:39:21 [INFO    ] franka_prm: Arm2: offline collision checker initialized
2026-04-14T18:39:21 [INFO    ] franka_prm: Arm2: connected to real robot
2026-04-14T18:39:28 [INFO    ] franka_prm: Arm1  q_init=[-0.001 -0.785 -0.    -2.356  0.     1.571  0.785]  q_goal=[-0.537  0.312 -1.069 -1.978  0.319  2.109 -0.968]
2026-04-14T18:39:28 [INFO    ] franka_prm: Arm1: using PRM file '/home/ros_ws/src/devel_packages/prm/prm_files_10k/myPRM_arm1_none.p'
2026-04-14T18:39:29 [INFO    ] franka_prm: PRM loaded from '/home/ros_ws/src/devel_packages/prm/prm_files_10k/myPRM_arm1_none.p': 10000 nodes, 97260 edges, 9 components
2026-04-14T18:39:29 [INFO    ] franka_prm:   obstacles in PRM: 10
2026-04-14T18:39:29 [INFO    ] franka_prm:   Arm1 FK  q_init -> EE pos [ 0.3071 -0.0002  0.469 ]
2026-04-14T18:39:29 [INFO    ] franka_prm:   Arm1 FK  q_goal -> EE pos [ 0.0212 -0.5862  0.2637]
2026-04-14T18:39:29 [INFO    ] franka_prm:  Arm1 find_neighbors(init): 20 found, 0 edge-blocked among top-20 candidates
2026-04-14T18:39:30 [INFO    ] franka_prm:  Arm1 find_neighbors(goal): 20 found, 0 edge-blocked among top-20 candidates
2026-04-14T18:39:30 [INFO    ] franka_prm: Neighbors found — init: 20, goal: 20
2026-04-14T18:39:31 [INFO    ] franka_prm: Plan ready: 2 waypoints after shortcutting
2026-04-14T18:39:31 [INFO    ] franka_prm: [arm1] Waypoint execution: 1 segments at 0.500 rad/s
2026-04-14T18:39:31 [INFO    ] franka_prm: [arm1] Moving to waypoint 1/1 (len=2.4979 rad, dur=5.00s): [-0.5374  0.3121 -1.0692 -1.9777  0.3188  2.1086 -0.9676]
2026-04-14T18:39:31 [INFO    ] franka_prm: [arm1]   FK EE pos: [ 0.0212 -0.5862  0.2637]  rot:
[[ 1.  0.  0.]
 [ 0. -1. -0.]
 [ 0.  0. -1.]]
2026-04-14T18:39:36 [INFO    ] franka_prm: [arm1] Waypoint 1/1 reached
2026-04-14T18:39:36 [INFO    ] franka_prm: [arm1] Waypoint execution complete
2026-04-14T18:39:44 [INFO    ] franka_prm: Arm1  q_init=[-0.538  0.315 -1.068 -1.982  0.319  2.108 -0.967]  q_goal=[-0.269  1.044 -0.152 -0.59   0.132  1.629  0.432]
2026-04-14T18:39:44 [INFO    ] franka_prm: Arm1: using PRM file '/home/ros_ws/src/devel_packages/prm/prm_files_10k/myPRM_arm1_labelZone1.p'
2026-04-14T18:39:45 [INFO    ] franka_prm: PRM loaded from '/home/ros_ws/src/devel_packages/prm/prm_files_10k/myPRM_arm1_labelZone1.p': 10000 nodes, 97595 edges, 8 components
2026-04-14T18:39:45 [INFO    ] franka_prm:   obstacles in PRM: 9
2026-04-14T18:39:45 [INFO    ] franka_prm:   Arm1 FK  q_init -> EE pos [ 0.0213 -0.5843  0.2605]
2026-04-14T18:39:45 [INFO    ] franka_prm:   Arm1 FK  q_goal -> EE pos [ 0.75   -0.25    0.2524]
2026-04-14T18:39:45 [INFO    ] franka_prm:  Arm1 find_neighbors(init): 20 found, 0 edge-blocked among top-20 candidates
2026-04-14T18:39:46 [INFO    ] franka_prm:  Arm1 find_neighbors(goal): 18 found, 2 edge-blocked among top-20 candidates
2026-04-14T18:39:46 [INFO    ] franka_prm: Neighbors found — init: 20, goal: 18
2026-04-14T18:39:51 [INFO    ] franka_prm: Plan ready: 3 waypoints after shortcutting
2026-04-14T18:39:51 [INFO    ] franka_prm: [arm1] Waypoint execution: 2 segments at 0.500 rad/s
2026-04-14T18:39:51 [INFO    ] franka_prm: [arm1] Moving to waypoint 1/2 (len=0.7513 rad, dur=1.50s): [-0.3428  0.6052 -0.5172 -1.6096  0.3371  2.1248 -0.9627]
2026-04-14T18:39:51 [INFO    ] franka_prm: [arm1]   FK EE pos: [ 0.4938 -0.4769  0.1879]  rot:
[[ 0.7071  0.7071  0.    ]
 [ 0.7071 -0.7071 -0.    ]
 [-0.      0.     -1.    ]]
2026-04-14T18:39:53 [INFO    ] franka_prm: [arm1] Waypoint 1/2 reached
2026-04-14T18:39:53 [INFO    ] franka_prm: [arm1] Moving to waypoint 2/2 (len=1.8986 rad, dur=3.80s): [-0.2686  1.0441 -0.1525 -0.59    0.1319  1.6285  0.4321]
2026-04-14T18:39:53 [INFO    ] franka_prm: [arm1]   FK EE pos: [ 0.75   -0.25    0.2524]  rot:
[[ 1. -0.  0.]
 [-0. -1.  0.]
 [ 0. -0. -1.]]
2026-04-14T18:39:57 [INFO    ] franka_prm: [arm1] Waypoint 2/2 reached
2026-04-14T18:39:57 [INFO    ] franka_prm: [arm1] Waypoint execution complete
2026-04-14T18:40:07 [INFO    ] franka_prm: Arm1  q_init=[-0.001 -0.785 -0.    -2.356  0.     1.571  0.785]  q_goal=[-0.28  -0.185 -0.441 -2.5   -0.109  2.329  0.146]
2026-04-14T18:40:07 [INFO    ] franka_prm: Arm1: using PRM file '/home/ros_ws/src/devel_packages/prm/prm_files_10k/myPRM_arm1_labelZone1.p'
2026-04-14T18:40:08 [INFO    ] franka_prm: PRM loaded from '/home/ros_ws/src/devel_packages/prm/prm_files_10k/myPRM_arm1_labelZone1.p': 10000 nodes, 97595 edges, 8 components
2026-04-14T18:40:08 [INFO    ] franka_prm:   obstacles in PRM: 9
2026-04-14T18:40:08 [INFO    ] franka_prm:   Arm1 FK  q_init -> EE pos [ 0.3071 -0.0002  0.4691]
2026-04-14T18:40:08 [INFO    ] franka_prm:   Arm1 FK  q_goal -> EE pos [ 0.3388 -0.2979  0.2243]
2026-04-14T18:40:08 [INFO    ] franka_prm:  Arm1 find_neighbors(init): 20 found, 0 edge-blocked among top-20 candidates
2026-04-14T18:40:09 [INFO    ] franka_prm:  Arm1 find_neighbors(goal): 20 found, 0 edge-blocked among top-20 candidates
2026-04-14T18:40:09 [INFO    ] franka_prm: Neighbors found — init: 20, goal: 20
2026-04-14T18:40:09 [INFO    ] franka_prm: Plan ready: 2 waypoints after shortcutting
2026-04-14T18:40:09 [INFO    ] franka_prm: [arm1] Waypoint execution: 1 segments at 0.500 rad/s
2026-04-14T18:40:09 [INFO    ] franka_prm: [arm1] Moving to waypoint 1/1 (len=1.2840 rad, dur=2.57s): [-0.2801 -0.1853 -0.4412 -2.5002 -0.1086  2.3294  0.1455]
2026-04-14T18:40:09 [INFO    ] franka_prm: [arm1]   FK EE pos: [ 0.3388 -0.2979  0.2243]  rot:
[[ 1. -0.  0.]
 [-0. -1. -0.]
 [-0.  0. -1.]]
2026-04-14T18:40:12 [INFO    ] franka_prm: [arm1] Waypoint 1/1 reached
2026-04-14T18:40:12 [INFO    ] franka_prm: [arm1] Waypoint execution complete
2026-04-14T18:40:21 [INFO    ] franka_prm: Arm1  q_init=[-0.28  -0.184 -0.441 -2.501 -0.108  2.33   0.145]  q_goal=[ 0.296  0.994  0.057 -0.775 -0.048  1.769  1.122]
2026-04-14T18:40:21 [INFO    ] franka_prm: Arm1: using PRM file '/home/ros_ws/src/devel_packages/prm/prm_files_10k/myPRM_arm1_labelZone2.p'
2026-04-14T18:40:21 [INFO    ] franka_prm: PRM loaded from '/home/ros_ws/src/devel_packages/prm/prm_files_10k/myPRM_arm1_labelZone2.p': 10000 nodes, 97631 edges, 5 components
2026-04-14T18:40:21 [INFO    ] franka_prm:   obstacles in PRM: 9
2026-04-14T18:40:21 [INFO    ] franka_prm:   Arm1 FK  q_init -> EE pos [ 0.3387 -0.2976  0.2235]
2026-04-14T18:40:21 [INFO    ] franka_prm:   Arm1 FK  q_goal -> EE pos [0.75  0.25  0.213]
2026-04-14T18:40:22 [INFO    ] franka_prm:  Arm1 find_neighbors(init): 16 found, 4 edge-blocked among top-20 candidates
2026-04-14T18:40:22 [INFO    ] franka_prm:  Arm1 find_neighbors(goal): 1 found, 19 edge-blocked among top-20 candidates
2026-04-14T18:40:22 [INFO    ] franka_prm: Neighbors found — init: 16, goal: 1
2026-04-14T18:40:24 [INFO    ] franka_prm: Plan ready: 4 waypoints after shortcutting
2026-04-14T18:40:24 [INFO    ] franka_prm: [arm1] Waypoint execution: 3 segments at 0.500 rad/s
2026-04-14T18:40:24 [INFO    ] franka_prm: [arm1] Moving to waypoint 1/3 (len=0.7909 rad, dur=1.58s): [ 0.4047 -0.136  -0.3602 -2.7507 -0.0963  2.6213  0.131 ]
2026-04-14T18:40:24 [INFO    ] franka_prm: [arm1]   FK EE pos: [0.3905 0.0244 0.1358]  rot:
[[ 0.7071  0.7071 -0.0001]
 [ 0.7071 -0.7071 -0.    ]
 [-0.0001 -0.     -1.    ]]
2026-04-14T18:40:26 [INFO    ] franka_prm: [arm1] Waypoint 1/3 reached
2026-04-14T18:40:26 [INFO    ] franka_prm: [arm1] Moving to waypoint 2/3 (len=1.4225 rad, dur=2.85s): [ 0.7806  0.2784 -0.262  -1.6984  0.0772  1.9667  0.4985]
2026-04-14T18:40:26 [INFO    ] franka_prm: [arm1]   FK EE pos: [0.5445 0.3321 0.3143]  rot:
[[ 0.7071  0.7071 -0.    ]
 [ 0.7071 -0.7071 -0.    ]
 [-0.     -0.     -1.    ]]
2026-04-14T18:40:29 [INFO    ] franka_prm: [arm1] Waypoint 2/3 reached
2026-04-14T18:40:29 [INFO    ] franka_prm: [arm1] Moving to waypoint 3/3 (len=1.4644 rad, dur=2.93s): [ 0.2963  0.9944  0.0566 -0.7753 -0.0484  1.7688  1.1221]
2026-04-14T18:40:29 [INFO    ] franka_prm: [arm1]   FK EE pos: [0.75  0.25  0.213]  rot:
[[ 1.  0.  0.]
 [ 0. -1. -0.]
 [ 0.  0. -1.]]
2026-04-14T18:40:32 [INFO    ] franka_prm: [arm1] Waypoint 3/3 reached
2026-04-14T18:40:32 [INFO    ] franka_prm: [arm1] Waypoint execution complete
