2026-04-14T17:00:10 [INFO    ] franka_prm: Arm1: offline collision checker initialized
2026-04-14T17:00:10 [INFO    ] franka_prm: Arm1: connected to real robot
2026-04-14T17:00:10 [INFO    ] franka_prm: Arm2: offline collision checker initialized
2026-04-14T17:00:11 [INFO    ] franka_prm: Arm2: connected to real robot
2026-04-14T17:00:21 [INFO    ] franka_prm: Arm1  q_init=[-0.001 -0.785  0.    -2.356  0.     1.572  0.785]  q_goal=[-0.6    0.801 -0.805 -1.358  0.583  1.918 -0.661]
2026-04-14T17:00:21 [INFO    ] franka_prm: Arm1: using PRM file '/home/ros_ws/src/devel_packages/prm/prm_files_10k/myPRM_arm1_none.p'
2026-04-14T17:00:22 [INFO    ] franka_prm: PRM loaded from '/home/ros_ws/src/devel_packages/prm/prm_files_10k/myPRM_arm1_none.p': 10000 nodes, 97260 edges, 9 components
2026-04-14T17:00:22 [INFO    ] franka_prm:   obstacles in PRM: 10
2026-04-14T17:00:22 [INFO    ] franka_prm:   Arm1 FK  q_init -> EE pos [ 0.3072 -0.      0.469 ]
2026-04-14T17:00:22 [INFO    ] franka_prm:   Arm1 FK  q_goal -> EE pos [ 0.2901 -0.663   0.2176]
2026-04-14T17:00:22 [INFO    ] franka_prm:  Arm1 find_neighbors(init): 20 found, 0 edge-blocked among top-20 candidates
2026-04-14T17:00:23 [INFO    ] franka_prm:  Arm1 find_neighbors(goal): 20 found, 0 edge-blocked among top-20 candidates
2026-04-14T17:00:23 [INFO    ] franka_prm: Neighbors found — init: 20, goal: 20
2026-04-14T17:00:24 [INFO    ] franka_prm: Plan ready: 2 waypoints after shortcutting
2026-04-14T17:00:24 [INFO    ] franka_prm: [arm1] Waypoint execution: 1 segments at 0.200 rad/s
2026-04-14T17:00:24 [INFO    ] franka_prm: [arm1] Moving to waypoint 1/1 (len=2.6588 rad, dur=13.29s): [-0.6     0.8012 -0.8047 -1.3585  0.5828  1.9179 -0.6613]
2026-04-14T17:00:24 [INFO    ] franka_prm: [arm1]   FK EE pos: [ 0.2901 -0.663   0.2176]  rot:
[[ 1.  0.  0.]
 [ 0. -1.  0.]
 [ 0. -0. -1.]]
2026-04-14T17:00:37 [INFO    ] franka_prm: [arm1] Waypoint 1/1 reached
2026-04-14T17:00:37 [INFO    ] franka_prm: [arm1] Waypoint execution complete
2026-04-14T17:00:45 [INFO    ] franka_prm: Arm1  q_init=[-0.6    0.802 -0.804 -1.359  0.582  1.918 -0.661]  q_goal=[-0.243  1.    -0.174 -0.791  0.149  1.782  0.417]
2026-04-14T17:00:45 [INFO    ] franka_prm: Arm1: using PRM file '/home/ros_ws/src/devel_packages/prm/prm_files_10k/myPRM_arm1_labelZone1.p'
2026-04-14T17:00:45 [INFO    ] franka_prm: PRM loaded from '/home/ros_ws/src/devel_packages/prm/prm_files_10k/myPRM_arm1_labelZone1.p': 10000 nodes, 97595 edges, 8 components
2026-04-14T17:00:45 [INFO    ] franka_prm:   obstacles in PRM: 9
2026-04-14T17:00:45 [INFO    ] franka_prm:   Arm1 FK  q_init -> EE pos [ 0.29   -0.6629  0.2168]
2026-04-14T17:00:45 [INFO    ] franka_prm:   Arm1 FK  q_goal -> EE pos [ 0.75   -0.25    0.2063]
2026-04-14T17:00:46 [INFO    ] franka_prm:  Arm1 find_neighbors(init): 18 found, 2 edge-blocked among top-20 candidates
2026-04-14T17:00:47 [INFO    ] franka_prm:  Arm1 find_neighbors(goal): 19 found, 1 edge-blocked among top-20 candidates
2026-04-14T17:00:47 [INFO    ] franka_prm: Neighbors found — init: 18, goal: 19
2026-04-14T17:00:51 [INFO    ] franka_prm: Plan ready: 3 waypoints after shortcutting
2026-04-14T17:00:51 [INFO    ] franka_prm: [arm1] Waypoint execution: 2 segments at 0.200 rad/s
2026-04-14T17:00:51 [INFO    ] franka_prm: [arm1] Moving to waypoint 1/2 (len=0.7253 rad, dur=3.63s): [-0.2187  0.6942 -0.4108 -1.0895  0.2617  1.7354 -0.5856]
2026-04-14T17:00:51 [INFO    ] franka_prm: [arm1]   FK EE pos: [ 0.6586 -0.3361  0.3146]  rot:
[[ 0.7071  0.7071 -0.0004]
 [ 0.7071 -0.7071 -0.0001]
 [-0.0003 -0.0002 -1.    ]]
2026-04-14T17:00:55 [INFO    ] franka_prm: [arm1] Waypoint 1/2 reached
2026-04-14T17:00:55 [INFO    ] franka_prm: [arm1] Moving to waypoint 2/2 (len=1.1219 rad, dur=5.61s): [-0.2426  0.9999 -0.1737 -0.7914  0.1492  1.782   0.4167]
2026-04-14T17:00:55 [INFO    ] franka_prm: [arm1]   FK EE pos: [ 0.75   -0.25    0.2063]  rot:
[[ 1. -0.  0.]
 [-0. -1.  0.]
 [ 0. -0. -1.]]
2026-04-14T17:01:00 [INFO    ] franka_prm: [arm1] Waypoint 2/2 reached
2026-04-14T17:01:00 [INFO    ] franka_prm: [arm1] Waypoint execution complete
2026-04-14T17:01:11 [INFO    ] franka_prm: Arm1  q_init=[-0.001 -0.785 -0.001 -2.356  0.001  1.571  0.785]  q_goal=[-0.263 -0.295 -0.525 -2.59  -0.201  2.324  0.155]
2026-04-14T17:01:11 [INFO    ] franka_prm: Arm1: using PRM file '/home/ros_ws/src/devel_packages/prm/prm_files_10k/myPRM_arm1_labelZone1.p'
2026-04-14T17:01:12 [INFO    ] franka_prm: PRM loaded from '/home/ros_ws/src/devel_packages/prm/prm_files_10k/myPRM_arm1_labelZone1.p': 10000 nodes, 97595 edges, 8 components
2026-04-14T17:01:12 [INFO    ] franka_prm:   obstacles in PRM: 9
2026-04-14T17:01:12 [INFO    ] franka_prm:   Arm1 FK  q_init -> EE pos [ 0.3071 -0.0002  0.469 ]
2026-04-14T17:01:12 [INFO    ] franka_prm:   Arm1 FK  q_goal -> EE pos [ 0.2989 -0.2969  0.2242]
2026-04-14T17:01:12 [INFO    ] franka_prm: Arm2  q_init=[-0.065 -1.272  0.036 -2.707  0.035  1.436  0.736]  q_goal=[ 0.099 -0.268  0.271 -2.616  0.1    2.354  1.072]
2026-04-14T17:01:12 [INFO    ] franka_prm: Arm2: using PRM file '/home/ros_ws/src/devel_packages/prm/prm_files_10k/myPRM_arm2_labelZone1.p'
2026-04-14T17:01:12 [INFO    ] franka_prm: PRM loaded from '/home/ros_ws/src/devel_packages/prm/prm_files_10k/myPRM_arm2_labelZone1.p': 10000 nodes, 95792 edges, 5 components
2026-04-14T17:01:12 [INFO    ] franka_prm:   obstacles in PRM: 9
2026-04-14T17:01:12 [INFO    ] franka_prm:   Arm2 FK  q_init -> EE pos [0.1801 0.0012 0.41  ]
2026-04-14T17:01:12 [INFO    ] franka_prm:   Arm2 FK  q_goal -> EE pos [0.3889 0.1488 0.2176]
2026-04-14T17:01:13 [INFO    ] franka_prm:  Arm1 find_neighbors(init): 20 found, 0 edge-blocked among top-20 candidates
2026-04-14T17:01:14 [INFO    ] franka_prm:  Arm2 find_neighbors(init): 20 found, 0 edge-blocked among top-20 candidates
2026-04-14T17:01:14 [INFO    ] franka_prm:  Arm1 find_neighbors(goal): 20 found, 0 edge-blocked among top-20 candidates
2026-04-14T17:01:14 [INFO    ] franka_prm: Neighbors found — init: 20, goal: 20
2026-04-14T17:01:14 [INFO    ] franka_prm: Plan ready: 2 waypoints after shortcutting
2026-04-14T17:01:14 [INFO    ] franka_prm: [arm1] Waypoint execution: 1 segments at 0.200 rad/s
2026-04-14T17:01:14 [INFO    ] franka_prm: [arm1] Moving to waypoint 1/1 (len=1.2820 rad, dur=6.41s): [-0.2629 -0.2945 -0.5251 -2.5904 -0.2008  2.3236  0.1546]
2026-04-14T17:01:14 [INFO    ] franka_prm: [arm1]   FK EE pos: [ 0.2989 -0.2969  0.2242]  rot:
[[ 1.  0. -0.]
 [ 0. -1. -0.]
 [-0.  0. -1.]]
2026-04-14T17:01:15 [INFO    ] franka_prm:  Arm2 find_neighbors(goal): 20 found, 0 edge-blocked among top-20 candidates
2026-04-14T17:01:15 [INFO    ] franka_prm: Neighbors found — init: 20, goal: 20
2026-04-14T17:01:18 [INFO    ] franka_prm: Plan ready: 3 waypoints after shortcutting
2026-04-14T17:01:18 [INFO    ] franka_prm: [arm2] Waypoint execution: 2 segments at 0.200 rad/s
2026-04-14T17:01:18 [INFO    ] franka_prm: [arm2] Moving to waypoint 1/2 (len=0.7091 rad, dur=3.55s): [ 0.6268 -1.2766  0.035  -2.7962  0.0335  1.5197  0.6387]
2026-04-14T17:01:18 [INFO    ] franka_prm: [arm2]   FK EE pos: [0.1463 0.1197 0.3771]  rot:
[[ 0.7071  0.7071  0.    ]
 [ 0.7071 -0.7071 -0.    ]
 [ 0.      0.     -1.    ]]
2026-04-14T17:01:21 [INFO    ] franka_prm: [arm1] Waypoint 1/1 reached
2026-04-14T17:01:21 [INFO    ] franka_prm: [arm1] Waypoint execution complete
2026-04-14T17:01:22 [INFO    ] franka_prm: [arm2] Waypoint 1/2 reached
2026-04-14T17:01:22 [INFO    ] franka_prm: [arm2] Moving to waypoint 2/2 (len=1.5073 rad, dur=7.54s): [ 0.0993 -0.2682  0.2709 -2.6155  0.1003  2.3541  1.0721]
2026-04-14T17:01:22 [INFO    ] franka_prm: [arm2]   FK EE pos: [0.3889 0.1488 0.2176]  rot:
[[ 1.      0.0034  0.    ]
 [ 0.0034 -1.      0.    ]
 [ 0.      0.     -1.    ]]
2026-04-14T17:01:29 [INFO    ] franka_prm: Arm1  q_init=[-0.263 -0.294 -0.526 -2.59  -0.2    2.324  0.154]  q_goal=[ 0.296  0.994  0.056 -0.776 -0.048  1.769  1.122]
2026-04-14T17:01:29 [INFO    ] franka_prm: Arm1: using PRM file '/home/ros_ws/src/devel_packages/prm/prm_files_10k/myPRM_arm1_labelZone2.p'
2026-04-14T17:01:29 [INFO    ] franka_prm: PRM loaded from '/home/ros_ws/src/devel_packages/prm/prm_files_10k/myPRM_arm1_labelZone2.p': 10000 nodes, 97631 edges, 5 components
2026-04-14T17:01:29 [INFO    ] franka_prm:   obstacles in PRM: 9
2026-04-14T17:01:29 [INFO    ] franka_prm:   Arm1 FK  q_init -> EE pos [ 0.299  -0.2971  0.2241]
2026-04-14T17:01:29 [INFO    ] franka_prm:   Arm1 FK  q_goal -> EE pos [0.75   0.25   0.2129]
2026-04-14T17:01:30 [INFO    ] franka_prm: [arm2] Waypoint 2/2 reached
2026-04-14T17:01:30 [INFO    ] franka_prm: [arm2] Waypoint execution complete
2026-04-14T17:01:30 [INFO    ] franka_prm: Arm2  q_init=[ 0.1   -0.269  0.271 -2.616  0.1    2.354  1.072]  q_goal=[-0.186  0.363  0.422 -2.605 -0.631  2.892  1.61 ]
2026-04-14T17:01:30 [INFO    ] franka_prm: Arm2: using PRM file '/home/ros_ws/src/devel_packages/prm/prm_files_10k/myPRM_arm2_labelZone1.p'
2026-04-14T17:01:30 [INFO    ] franka_prm: PRM loaded from '/home/ros_ws/src/devel_packages/prm/prm_files_10k/myPRM_arm2_labelZone1.p': 10000 nodes, 95792 edges, 5 components
2026-04-14T17:01:30 [INFO    ] franka_prm:   obstacles in PRM: 9
2026-04-14T17:01:30 [INFO    ] franka_prm:   Arm2 FK  q_init -> EE pos [0.3885 0.1486 0.2175]
2026-04-14T17:01:30 [INFO    ] franka_prm:   Arm2 FK  q_goal -> EE pos [0.3889 0.1488 0.0176]
2026-04-14T17:01:30 [ERROR   ] franka_prm: Goal configuration is in collision: [-0.186  0.363  0.422 -2.605 -0.631  2.892  1.61 ]
2026-04-14T17:01:30 [ERROR   ] franka_prm:   [q_goal] robot block 9 (joint_frame=5, center=[0.313 0.093 0.25 ]) collides with obstacle 5 (center=[ 0.469 -0.273  1.   ])
2026-04-14T17:01:31 [INFO    ] franka_prm:  Arm1 find_neighbors(init): 19 found, 1 edge-blocked among top-20 candidates
2026-04-14T17:01:31 [INFO    ] franka_prm:  Arm1 find_neighbors(goal): 1 found, 19 edge-blocked among top-20 candidates
2026-04-14T17:01:31 [INFO    ] franka_prm: Neighbors found — init: 19, goal: 1
2026-04-14T17:01:33 [INFO    ] franka_prm: Plan ready: 4 waypoints after shortcutting
2026-04-14T17:01:33 [INFO    ] franka_prm: [arm1] Waypoint execution: 3 segments at 0.200 rad/s
2026-04-14T17:01:33 [INFO    ] franka_prm: [arm1] Moving to waypoint 1/3 (len=0.7895 rad, dur=3.95s): [ 0.4047 -0.136  -0.3602 -2.7507 -0.0963  2.6213  0.131 ]
2026-04-14T17:01:33 [INFO    ] franka_prm: [arm1]   FK EE pos: [0.3905 0.0244 0.1358]  rot:
[[ 0.7071  0.7071 -0.0001]
 [ 0.7071 -0.7071 -0.    ]
 [-0.0001 -0.     -1.    ]]
2026-04-14T17:01:37 [INFO    ] franka_prm: [arm1] Waypoint 1/3 reached
2026-04-14T17:01:37 [INFO    ] franka_prm: [arm1] Moving to waypoint 2/3 (len=0.7823 rad, dur=3.91s): [ 0.5708  0.1001 -0.1671 -2.1983  0.0222  2.2969  0.3897]
2026-04-14T17:01:37 [INFO    ] franka_prm: [arm1]   FK EE pos: [0.4991 0.2143 0.2176]  rot:
[[ 0.7071  0.7071 -0.    ]
 [ 0.7071 -0.7071 -0.    ]
 [-0.     -0.     -1.    ]]
2026-04-14T17:01:41 [INFO    ] franka_prm: [arm1] Waypoint 2/3 reached
2026-04-14T17:01:41 [INFO    ] franka_prm: [arm1] Moving to waypoint 3/3 (len=1.9413 rad, dur=9.71s): [ 0.2964  0.9944  0.0565 -0.7757 -0.0483  1.7692  1.1221]
2026-04-14T17:01:41 [INFO    ] franka_prm: [arm1]   FK EE pos: [0.75   0.25   0.2129]  rot:
[[ 1.  0.  0.]
 [ 0. -1. -0.]
 [ 0.  0. -1.]]
2026-04-14T17:01:51 [INFO    ] franka_prm: [arm1] Waypoint 3/3 reached
2026-04-14T17:01:51 [INFO    ] franka_prm: [arm1] Waypoint execution complete
