2026-04-14T22:22:21 [INFO    ] franka_prm: Arm1: offline collision checker initialized
2026-04-14T22:22:21 [INFO    ] franka_prm: Arm1: connected to real robot
2026-04-14T22:22:21 [INFO    ] franka_prm: Arm2: offline collision checker initialized
2026-04-14T22:22:21 [INFO    ] franka_prm: Arm2: connected to real robot
2026-04-14T22:22:32 [INFO    ] franka_prm: Arm1  q_init=[-0.001 -0.785  0.    -2.356  0.     1.571  0.785]  q_goal=[-0.024 -0.014 -0.837 -2.18  -0.012  2.171 -0.069]
2026-04-14T22:22:32 [INFO    ] franka_prm: Arm1: using PRM file '/home/ros_ws/src/devel_packages/prm/prm_files_10k/myPRM_arm1_none.p'
2026-04-14T22:22:33 [INFO    ] franka_prm: PRM loaded from '/home/ros_ws/src/devel_packages/prm/prm_files_10k/myPRM_arm1_none.p': 10000 nodes, 97260 edges, 9 components
2026-04-14T22:22:33 [INFO    ] franka_prm:   obstacles in PRM: 10
2026-04-14T22:22:33 [INFO    ] franka_prm:   Arm1 FK  q_init -> EE pos [ 0.3071 -0.      0.469 ]
2026-04-14T22:22:33 [INFO    ] franka_prm:   Arm1 FK  q_goal -> EE pos [ 0.3453 -0.4035  0.2725]
2026-04-14T22:22:33 [INFO    ] franka_prm:  Arm1 find_neighbors(init): 5 found, 0 edge-blocked among top-200 candidates
2026-04-14T22:22:33 [INFO    ] franka_prm:  Arm1 find_neighbors(goal): 5 found, 0 edge-blocked among top-200 candidates
2026-04-14T22:22:33 [INFO    ] franka_prm: Neighbors found — init: 5, goal: 5
2026-04-14T22:22:33 [INFO    ] franka_prm: Plan ready: 2 waypoints after shortcutting
2026-04-14T22:22:33 [INFO    ] franka_prm: [arm1] Waypoint execution: 1 segments at 0.400 rad/s
2026-04-14T22:22:33 [INFO    ] franka_prm: [arm1] Moving to waypoint 1/1 (len=1.5544 rad, dur=3.89s): [-0.0238 -0.0135 -0.8371 -2.18   -0.0122  2.1709 -0.0687]
2026-04-14T22:22:33 [INFO    ] franka_prm: [arm1]   FK EE pos: [ 0.3453 -0.4035  0.2725]  rot:
[[ 1.  0.  0.]
 [ 0. -1. -0.]
 [ 0.  0. -1.]]
2026-04-14T22:22:37 [INFO    ] franka_prm: [arm1] Waypoint 1/1 reached
2026-04-14T22:22:37 [INFO    ] franka_prm: [arm1] Waypoint execution complete
2026-04-14T22:22:46 [INFO    ] franka_prm: Arm1  q_init=[-0.024 -0.009 -0.837 -2.186 -0.012  2.171 -0.069]  q_goal=[-0.322  1.096  0.001 -0.467 -0.001  1.563  0.464]
2026-04-14T22:22:46 [INFO    ] franka_prm: Arm1: using PRM file '/home/ros_ws/src/devel_packages/prm/prm_files_10k/myPRM_arm1_labelZone1.p'
2026-04-14T22:22:46 [INFO    ] franka_prm: PRM loaded from '/home/ros_ws/src/devel_packages/prm/prm_files_10k/myPRM_arm1_labelZone1.p': 10000 nodes, 97595 edges, 8 components
2026-04-14T22:22:46 [INFO    ] franka_prm:   obstacles in PRM: 9
2026-04-14T22:22:46 [INFO    ] franka_prm:   Arm1 FK  q_init -> EE pos [ 0.3437 -0.4018  0.2685]
2026-04-14T22:22:46 [INFO    ] franka_prm:   Arm1 FK  q_goal -> EE pos [ 0.7496 -0.2499  0.2611]
2026-04-14T22:22:46 [INFO    ] franka_prm:  Arm1 find_neighbors(init): 5 found, 0 edge-blocked among top-200 candidates
2026-04-14T22:22:47 [INFO    ] franka_prm:  Arm1 find_neighbors(goal): 5 found, 0 edge-blocked among top-200 candidates
2026-04-14T22:22:47 [INFO    ] franka_prm: Neighbors found — init: 5, goal: 5
2026-04-14T22:22:47 [INFO    ] franka_prm: Plan ready: 2 waypoints after shortcutting
2026-04-14T22:22:47 [INFO    ] franka_prm: [arm1] Waypoint execution: 1 segments at 0.400 rad/s
2026-04-14T22:22:47 [INFO    ] franka_prm: [arm1] Moving to waypoint 1/1 (len=2.3702 rad, dur=5.93s): [-0.3219  1.0961  0.0006 -0.467  -0.0006  1.5631  0.4638]
2026-04-14T22:22:47 [INFO    ] franka_prm: [arm1]   FK EE pos: [ 0.7496 -0.2499  0.2611]  rot:
[[ 1.     -0.      0.0001]
 [-0.     -1.     -0.    ]
 [ 0.0001  0.     -1.    ]]
2026-04-14T22:22:53 [INFO    ] franka_prm: [arm1] Waypoint 1/1 reached
2026-04-14T22:22:53 [INFO    ] franka_prm: [arm1] Waypoint execution complete
2026-04-14T22:23:05 [INFO    ] franka_prm: Arm2: cached 9 obstacles from '/home/ros_ws/src/devel_packages/prm/prm_files_10k/myPRM_arm2_labelZone1.p'
2026-04-14T22:23:05 [INFO    ] franka_prm: Arm2  q_init=[-0.065 -1.272  0.036 -2.707  0.035  1.436  0.736]  q_goal=[ 0.15  -0.133  0.325 -2.317  0.052  2.19   1.1  ]
2026-04-14T22:23:05 [INFO    ] franka_prm: Arm2: using PRM file '/home/ros_ws/src/devel_packages/prm/prm_files_10k/myPRM_arm2_labelZone1.p'
2026-04-14T22:23:06 [INFO    ] franka_prm: PRM loaded from '/home/ros_ws/src/devel_packages/prm/prm_files_10k/myPRM_arm2_labelZone1.p': 10000 nodes, 95792 edges, 5 components
2026-04-14T22:23:06 [INFO    ] franka_prm:   obstacles in PRM: 9
2026-04-14T22:23:06 [INFO    ] franka_prm:   Arm2 FK  q_init -> EE pos [0.1801 0.0012 0.41  ]
2026-04-14T22:23:06 [INFO    ] franka_prm:   Arm2 FK  q_goal -> EE pos [0.4349 0.2268 0.2725]
2026-04-14T22:23:06 [INFO    ] franka_prm:  Arm2 find_neighbors(init): 5 found, 0 edge-blocked among top-200 candidates
2026-04-14T22:23:06 [INFO    ] franka_prm:  Arm2 find_neighbors(goal): 5 found, 0 edge-blocked among top-200 candidates
2026-04-14T22:23:06 [INFO    ] franka_prm: Neighbors found — init: 5, goal: 5
2026-04-14T22:23:10 [INFO    ] franka_prm: Plan ready: 3 waypoints after shortcutting
2026-04-14T22:23:10 [INFO    ] franka_prm: [arm2] Waypoint execution: 2 segments at 0.400 rad/s
2026-04-14T22:23:10 [INFO    ] franka_prm: [arm2] Moving to waypoint 1/2 (len=0.6508 rad, dur=1.63s): [ 0.1802 -1.1289  0.3349 -2.4717  0.3078  1.3747  0.3898]
2026-04-14T22:23:10 [INFO    ] franka_prm: [arm2]   FK EE pos: [0.153  0.1753 0.4621]  rot:
[[ 0.7071  0.7071  0.0001]
 [ 0.7071 -0.7071  0.0001]
 [ 0.0001 -0.     -1.    ]]
2026-04-14T22:23:12 [INFO    ] franka_prm: [arm2] Waypoint 1/2 reached
2026-04-14T22:23:12 [INFO    ] franka_prm: [arm2] Moving to waypoint 2/2 (len=1.4999 rad, dur=3.75s): [ 0.1497 -0.1333  0.3246 -2.3168  0.0521  2.1897  1.0997]
2026-04-14T22:23:12 [INFO    ] franka_prm: [arm2]   FK EE pos: [0.4349 0.2268 0.2725]  rot:
[[ 0.9919  0.1268  0.    ]
 [ 0.1268 -0.9919 -0.    ]
 [ 0.      0.     -1.    ]]
2026-04-14T22:23:16 [INFO    ] franka_prm: [arm2] Waypoint 2/2 reached
2026-04-14T22:23:16 [INFO    ] franka_prm: [arm2] Waypoint execution complete
2026-04-14T22:23:16 [INFO    ] franka_prm: Arm2  q_init=[ 0.15  -0.134  0.325 -2.318  0.053  2.189  1.099]  q_goal=[-0.025  0.315  0.465 -2.42  -0.319  2.683  1.1  ]
2026-04-14T22:23:16 [INFO    ] franka_prm: Arm2: using PRM file '/home/ros_ws/src/devel_packages/prm/prm_files_10k/myPRM_arm2_labelZone1.p'
2026-04-14T22:23:16 [INFO    ] franka_prm: PRM loaded from '/home/ros_ws/src/devel_packages/prm/prm_files_10k/myPRM_arm2_labelZone1.p': 10000 nodes, 95792 edges, 5 components
2026-04-14T22:23:16 [INFO    ] franka_prm:   obstacles in PRM: 9
2026-04-14T22:23:16 [INFO    ] franka_prm:   Arm2 FK  q_init -> EE pos [0.4344 0.2269 0.2723]
2026-04-14T22:23:16 [INFO    ] franka_prm:   Arm2 FK  q_goal -> EE pos [0.4349 0.2268 0.0725]
2026-04-14T22:23:16 [INFO    ] franka_prm: Arm1  q_init=[-0.    -0.785 -0.    -2.356  0.     1.57   0.785]  q_goal=[-0.651  0.68  -0.742 -1.529  0.49   2.016 -0.711]
2026-04-14T22:23:16 [INFO    ] franka_prm: Arm1: using PRM file '/home/ros_ws/src/devel_packages/prm/prm_files_10k/myPRM_arm1_labelZone1.p'
2026-04-14T22:23:17 [INFO    ] franka_prm: PRM loaded from '/home/ros_ws/src/devel_packages/prm/prm_files_10k/myPRM_arm1_labelZone1.p': 10000 nodes, 97595 edges, 8 components
2026-04-14T22:23:17 [INFO    ] franka_prm:   obstacles in PRM: 9
2026-04-14T22:23:17 [INFO    ] franka_prm:   Arm1 FK  q_init -> EE pos [ 0.3069 -0.0002  0.469 ]
2026-04-14T22:23:17 [INFO    ] franka_prm:   Arm1 FK  q_goal -> EE pos [ 0.2353 -0.6552  0.2125]
2026-04-14T22:23:17 [INFO    ] franka_prm:  Arm2 find_neighbors(init): 5 found, 0 edge-blocked among top-200 candidates
2026-04-14T22:23:17 [INFO    ] franka_prm:  Arm1 find_neighbors(init): 5 found, 0 edge-blocked among top-200 candidates
2026-04-14T22:23:18 [INFO    ] franka_prm:  Arm2 find_neighbors(goal): 5 found, 0 edge-blocked among top-200 candidates
2026-04-14T22:23:18 [INFO    ] franka_prm: Neighbors found — init: 5, goal: 5
2026-04-14T22:23:18 [INFO    ] franka_prm:  Arm1 find_neighbors(goal): 5 found, 0 edge-blocked among top-200 candidates
2026-04-14T22:23:18 [INFO    ] franka_prm: Neighbors found — init: 5, goal: 5
2026-04-14T22:23:18 [INFO    ] franka_prm: Plan ready: 2 waypoints after shortcutting
2026-04-14T22:23:18 [INFO    ] franka_prm: [arm2] Waypoint execution: 1 segments at 0.400 rad/s
2026-04-14T22:23:18 [INFO    ] franka_prm: [arm2] Moving to waypoint 1/1 (len=0.8027 rad, dur=2.01s): [-0.0245  0.3151  0.465  -2.4198 -0.3194  2.6831  1.0997]
2026-04-14T22:23:18 [INFO    ] franka_prm: [arm2]   FK EE pos: [0.4349 0.2268 0.0725]  rot:
[[ 0.9232  0.3844  0.    ]
 [ 0.3844 -0.9232 -0.    ]
 [ 0.      0.     -1.    ]]
2026-04-14T22:23:18 [INFO    ] franka_prm: Plan ready: 2 waypoints after shortcutting
2026-04-14T22:23:18 [INFO    ] franka_prm: [arm1] Waypoint execution: 1 segments at 0.400 rad/s
2026-04-14T22:23:18 [INFO    ] franka_prm: [arm1] Moving to waypoint 1/1 (len=2.5458 rad, dur=6.36s): [-0.6514  0.6801 -0.7419 -1.5285  0.4901  2.0157 -0.7108]
2026-04-14T22:23:18 [INFO    ] franka_prm: [arm1]   FK EE pos: [ 0.2353 -0.6552  0.2125]  rot:
[[ 1.  0.  0.]
 [ 0. -1.  0.]
 [ 0. -0. -1.]]
2026-04-14T22:23:20 [INFO    ] franka_prm: [arm2] Waypoint 1/1 reached
2026-04-14T22:23:20 [INFO    ] franka_prm: [arm2] Waypoint execution complete
2026-04-14T22:23:21 [INFO    ] franka_prm: Arm2  q_init=[-0.025  0.313  0.464 -2.419 -0.319  2.683  1.099]  q_goal=[ 0.15  -0.133  0.325 -2.317  0.052  2.19   1.1  ]
2026-04-14T22:23:21 [INFO    ] franka_prm: Arm2: using PRM file '/home/ros_ws/src/devel_packages/prm/prm_files_10k/myPRM_arm2_labelZone1.p'
2026-04-14T22:23:22 [INFO    ] franka_prm: PRM loaded from '/home/ros_ws/src/devel_packages/prm/prm_files_10k/myPRM_arm2_labelZone1.p': 10000 nodes, 95792 edges, 5 components
2026-04-14T22:23:22 [INFO    ] franka_prm:   obstacles in PRM: 9
2026-04-14T22:23:22 [INFO    ] franka_prm:   Arm2 FK  q_init -> EE pos [0.4362 0.2262 0.0736]
2026-04-14T22:23:22 [INFO    ] franka_prm:   Arm2 FK  q_goal -> EE pos [0.4349 0.2268 0.2725]
2026-04-14T22:23:22 [INFO    ] franka_prm:  Arm2 find_neighbors(init): 5 found, 0 edge-blocked among top-200 candidates
2026-04-14T22:23:22 [INFO    ] franka_prm:  Arm2 find_neighbors(goal): 5 found, 0 edge-blocked among top-200 candidates
2026-04-14T22:23:22 [INFO    ] franka_prm: Neighbors found — init: 5, goal: 5
2026-04-14T22:23:22 [INFO    ] franka_prm: Plan ready: 2 waypoints after shortcutting
2026-04-14T22:23:22 [INFO    ] franka_prm: [arm2] Waypoint execution: 1 segments at 0.400 rad/s
2026-04-14T22:23:22 [INFO    ] franka_prm: [arm2] Moving to waypoint 1/1 (len=0.8004 rad, dur=2.00s): [ 0.1497 -0.1333  0.3246 -2.3168  0.0521  2.1897  1.0997]
2026-04-14T22:23:22 [INFO    ] franka_prm: [arm2]   FK EE pos: [0.4349 0.2268 0.2725]  rot:
[[ 0.9919  0.1268  0.    ]
 [ 0.1268 -0.9919 -0.    ]
 [ 0.      0.     -1.    ]]
2026-04-14T22:23:24 [INFO    ] franka_prm: [arm1] Waypoint 1/1 reached
2026-04-14T22:23:24 [INFO    ] franka_prm: [arm1] Waypoint execution complete
2026-04-14T22:23:25 [INFO    ] franka_prm: [arm2] Waypoint 1/1 reached
2026-04-14T22:23:25 [INFO    ] franka_prm: [arm2] Waypoint execution complete
2026-04-14T22:23:25 [INFO    ] franka_prm: Arm2  q_init=[ 0.149 -0.133  0.325 -2.318  0.051  2.19   1.099]  q_goal=[-0.065 -1.272  0.036 -2.707  0.034  1.435  0.736]
2026-04-14T22:23:25 [INFO    ] franka_prm: Arm2: using PRM file '/home/ros_ws/src/devel_packages/prm/prm_files_10k/myPRM_arm2_labelZone1.p'
2026-04-14T22:23:25 [INFO    ] franka_prm: PRM loaded from '/home/ros_ws/src/devel_packages/prm/prm_files_10k/myPRM_arm2_labelZone1.p': 10000 nodes, 95792 edges, 5 components
2026-04-14T22:23:25 [INFO    ] franka_prm:   obstacles in PRM: 9
2026-04-14T22:23:25 [INFO    ] franka_prm:   Arm2 FK  q_init -> EE pos [0.4347 0.2267 0.272 ]
2026-04-14T22:23:25 [INFO    ] franka_prm:   Arm2 FK  q_goal -> EE pos [0.18  0.001 0.41 ]
2026-04-14T22:23:25 [INFO    ] franka_prm:  Arm2 find_neighbors(init): 5 found, 0 edge-blocked among top-200 candidates
2026-04-14T22:23:26 [INFO    ] franka_prm:  Arm2 find_neighbors(goal): 5 found, 0 edge-blocked among top-200 candidates
2026-04-14T22:23:26 [INFO    ] franka_prm: Neighbors found — init: 5, goal: 5
2026-04-14T22:23:30 [INFO    ] franka_prm: Plan ready: 3 waypoints after shortcutting
2026-04-14T22:23:30 [INFO    ] franka_prm: [arm2] Waypoint execution: 2 segments at 0.400 rad/s
2026-04-14T22:23:30 [INFO    ] franka_prm: [arm2] Moving to waypoint 1/2 (len=1.0565 rad, dur=2.64s): [ 0.2703 -0.7449  0.3159 -2.3269  0.2123  1.6069  0.4985]
2026-04-14T22:23:30 [INFO    ] franka_prm: [arm2]   FK EE pos: [0.251  0.2251 0.457 ]  rot:
[[ 0.7072  0.707   0.0003]
 [ 0.707  -0.7072  0.0002]
 [ 0.0004  0.0001 -1.    ]]
2026-04-14T22:23:33 [INFO    ] franka_prm: Arm1  q_init=[-0.652  0.683 -0.741 -1.529  0.489  2.016 -0.71 ]  q_goal=[ 0.299  0.994  0.05  -0.805 -0.043  1.799  1.121]
2026-04-14T22:23:33 [INFO    ] franka_prm: Arm1: using PRM file '/home/ros_ws/src/devel_packages/prm/prm_files_10k/myPRM_arm1_labelZone2.p'
2026-04-14T22:23:33 [INFO    ] franka_prm: PRM loaded from '/home/ros_ws/src/devel_packages/prm/prm_files_10k/myPRM_arm1_labelZone2.p': 10000 nodes, 97631 edges, 5 components
2026-04-14T22:23:33 [INFO    ] franka_prm:   obstacles in PRM: 9
2026-04-14T22:23:33 [INFO    ] franka_prm:   Arm1 FK  q_init -> EE pos [ 0.235  -0.6547  0.2104]
2026-04-14T22:23:33 [INFO    ] franka_prm:   Arm1 FK  q_goal -> EE pos [0.75   0.25   0.2012]
2026-04-14T22:23:34 [INFO    ] franka_prm: [arm2] Waypoint 1/2 reached
2026-04-14T22:23:34 [INFO    ] franka_prm: [arm2] Moving to waypoint 2/2 (len=0.8546 rad, dur=2.14s): [-0.065  -1.2718  0.0356 -2.707   0.0343  1.4354  0.7355]
2026-04-14T22:23:34 [INFO    ] franka_prm: [arm2]   FK EE pos: [0.18  0.001 0.41 ]  rot:
[[ 1.  0. -0.]
 [ 0. -1.  0.]
 [-0. -0. -1.]]
2026-04-14T22:23:34 [INFO    ] franka_prm:  Arm1 find_neighbors(init): 5 found, 0 edge-blocked among top-200 candidates
2026-04-14T22:23:34 [INFO    ] franka_prm:  Arm1 find_neighbors(goal): 5 found, 22 edge-blocked among top-200 candidates
2026-04-14T22:23:34 [INFO    ] franka_prm: Neighbors found — init: 5, goal: 5
2026-04-14T22:23:36 [INFO    ] franka_prm: [arm2] Waypoint 2/2 reached
2026-04-14T22:23:36 [INFO    ] franka_prm: [arm2] Waypoint execution complete
2026-04-14T22:23:38 [INFO    ] franka_prm: Plan ready: 6 waypoints after shortcutting
2026-04-14T22:23:38 [INFO    ] franka_prm: [arm1] Waypoint execution: 5 segments at 0.400 rad/s
2026-04-14T22:23:38 [INFO    ] franka_prm: [arm1] Moving to waypoint 1/5 (len=0.6824 rad, dur=1.71s): [-0.6996  0.4507 -0.4923 -1.5414  0.2223  1.9361 -1.23  ]
2026-04-14T22:23:38 [INFO    ] franka_prm: [arm1]   FK EE pos: [ 0.3063 -0.6026  0.2953]  rot:
[[ 0.7071  0.7071 -0.    ]
 [ 0.7071 -0.7071 -0.    ]
 [-0.     -0.     -1.    ]]
2026-04-14T22:23:40 [INFO    ] franka_prm: [arm1] Waypoint 1/5 reached
2026-04-14T22:23:40 [INFO    ] franka_prm: [arm1] Moving to waypoint 2/5 (len=1.5217 rad, dur=3.80s): [-0.2305 -0.194  -0.28   -1.1566 -0.0646  0.971  -0.542 ]
2026-04-14T22:23:40 [INFO    ] franka_prm: [arm1]   FK EE pos: [ 0.3156 -0.2156  0.7147]  rot:
[[ 0.7071  0.7071  0.    ]
 [ 0.7071 -0.7071  0.    ]
 [ 0.      0.     -1.    ]]
2026-04-14T22:23:44 [INFO    ] franka_prm: [arm1] Waypoint 2/5 reached
2026-04-14T22:23:44 [INFO    ] franka_prm: [arm1] Moving to waypoint 3/5 (len=0.7039 rad, dur=1.76s): [ 0.029  -0.19    0.0103 -1.1549  0.0024  0.9649  0.0405]
2026-04-14T22:23:44 [INFO    ] franka_prm: [arm1]   FK EE pos: [0.3777 0.0161 0.717 ]  rot:
[[ 0.7071  0.7071  0.    ]
 [ 0.7071 -0.7071  0.    ]
 [ 0.      0.     -1.    ]]
2026-04-14T22:23:46 [INFO    ] franka_prm: [arm1] Waypoint 3/5 reached
2026-04-14T22:23:46 [INFO    ] franka_prm: [arm1] Moving to waypoint 4/5 (len=0.4455 rad, dur=1.11s): [ 0.3272 -0.0028 -0.0655 -1.0261 -0.0002  1.0233  0.2615]
2026-04-14T22:23:46 [INFO    ] franka_prm: [arm1]   FK EE pos: [0.4391 0.1175 0.6911]  rot:
[[ 0.7071  0.7071 -0.    ]
 [ 0.7071 -0.7071  0.    ]
 [-0.     -0.     -1.    ]]
2026-04-14T22:23:47 [INFO    ] franka_prm: [arm1] Waypoint 4/5 reached
2026-04-14T22:23:47 [INFO    ] franka_prm: [arm1] Moving to waypoint 5/5 (len=1.5490 rad, dur=3.87s): [ 0.2985  0.9945  0.05   -0.805  -0.043   1.7988  1.1209]
2026-04-14T22:23:47 [INFO    ] franka_prm: [arm1]   FK EE pos: [0.75   0.25   0.2012]  rot:
[[ 1. -0.  0.]
 [-0. -1.  0.]
 [ 0. -0. -1.]]
2026-04-14T22:23:51 [INFO    ] franka_prm: [arm1] Waypoint 5/5 reached
2026-04-14T22:23:51 [INFO    ] franka_prm: [arm1] Waypoint execution complete
2026-04-14T22:24:02 [INFO    ] franka_prm: Arm1  q_init=[ 0.    -0.785  0.    -2.356 -0.     1.571  0.786]  q_goal=[-0.322  1.081 -0.001 -0.467  0.     1.548  0.464]
2026-04-14T22:24:02 [INFO    ] franka_prm: Arm1: using PRM file '/home/ros_ws/src/devel_packages/prm/prm_files_10k/myPRM_arm1_free.p'
2026-04-14T22:24:02 [INFO    ] franka_prm: PRM loaded from '/home/ros_ws/src/devel_packages/prm/prm_files_10k/myPRM_arm1_free.p': 10000 nodes, 98424 edges, 6 components
2026-04-14T22:24:02 [INFO    ] franka_prm:   obstacles in PRM: 8
2026-04-14T22:24:02 [INFO    ] franka_prm:   Arm1 FK  q_init -> EE pos [ 0.3071 -0.0001  0.4689]
2026-04-14T22:24:02 [INFO    ] franka_prm:   Arm1 FK  q_goal -> EE pos [ 0.7473 -0.2491  0.2718]
2026-04-14T22:24:02 [INFO    ] franka_prm:  Arm1 find_neighbors(init): 5 found, 0 edge-blocked among top-200 candidates
2026-04-14T22:24:02 [INFO    ] franka_prm:  Arm1 find_neighbors(goal): 5 found, 0 edge-blocked among top-200 candidates
2026-04-14T22:24:02 [INFO    ] franka_prm: Neighbors found — init: 5, goal: 5
2026-04-14T22:24:03 [INFO    ] franka_prm: Plan ready: 2 waypoints after shortcutting
2026-04-14T22:24:03 [INFO    ] franka_prm: [arm1] Waypoint execution: 1 segments at 0.400 rad/s
2026-04-14T22:24:03 [INFO    ] franka_prm: [arm1] Moving to waypoint 1/1 (len=2.6939 rad, dur=6.73s): [-0.3216  1.0808 -0.0005 -0.467   0.0005  1.5482  0.4636]
2026-04-14T22:24:03 [INFO    ] franka_prm: [arm1]   FK EE pos: [ 0.7473 -0.2491  0.2718]  rot:
[[ 1.     -0.      0.0003]
 [ 0.     -1.     -0.0001]
 [ 0.0003  0.0001 -1.    ]]
2026-04-14T22:24:04 [INFO    ] franka_prm: Arm2: cached 9 obstacles from '/home/ros_ws/src/devel_packages/prm/prm_files_10k/myPRM_arm2_labelZone2.p'
2026-04-14T22:24:09 [INFO    ] franka_prm: [arm1] Waypoint 1/1 reached
2026-04-14T22:24:09 [INFO    ] franka_prm: [arm1] Waypoint execution complete
2026-04-14T22:24:15 [INFO    ] franka_prm: Arm1  q_init=[-0.322  1.084 -0.001 -0.469  0.001  1.548  0.463]  q_goal=[-1.381 -0.847  2.615 -0.933  0.389  1.697  2.127]
2026-04-14T22:24:15 [INFO    ] franka_prm: Arm1: using PRM file '/home/ros_ws/src/devel_packages/prm/prm_files_10k/myPRM_arm1_labelZone1.p'
2026-04-14T22:24:15 [INFO    ] franka_prm: PRM loaded from '/home/ros_ws/src/devel_packages/prm/prm_files_10k/myPRM_arm1_labelZone1.p': 10000 nodes, 97595 edges, 8 components
2026-04-14T22:24:15 [INFO    ] franka_prm:   obstacles in PRM: 9
2026-04-14T22:24:15 [INFO    ] franka_prm:   Arm1 FK  q_init -> EE pos [ 0.7469 -0.2489  0.2681]
2026-04-14T22:24:15 [INFO    ] franka_prm:   Arm1 FK  q_goal -> EE pos [0.065  0.76   0.2875]
2026-04-14T22:24:15 [INFO    ] franka_prm:  Arm1 find_neighbors(init): 5 found, 0 edge-blocked among top-200 candidates
2026-04-14T22:24:16 [INFO    ] franka_prm:  Arm1 find_neighbors(goal): 5 found, 0 edge-blocked among top-200 candidates
2026-04-14T22:24:16 [INFO    ] franka_prm: Neighbors found — init: 5, goal: 5
2026-04-14T22:24:19 [INFO    ] franka_prm: Plan ready: 5 waypoints after shortcutting
2026-04-14T22:24:19 [INFO    ] franka_prm: [arm1] Waypoint execution: 4 segments at 0.400 rad/s
2026-04-14T22:24:19 [INFO    ] franka_prm: [arm1] Moving to waypoint 1/4 (len=1.5968 rad, dur=3.99s): [-0.8417  0.2717  0.3603 -1.1999 -0.0954  1.4557 -0.5044]
2026-04-14T22:24:19 [INFO    ] franka_prm: [arm1]   FK EE pos: [ 0.5267 -0.3286  0.5141]  rot:
[[ 0.7072  0.707   0.0002]
 [ 0.707  -0.7072 -0.0001]
 [ 0.      0.0002 -1.    ]]
2026-04-14T22:24:23 [INFO    ] franka_prm: [arm1] Waypoint 1/4 reached
2026-04-14T22:24:23 [INFO    ] franka_prm: [arm1] Moving to waypoint 2/4 (len=0.7044 rad, dur=1.76s): [-0.7643 -0.2246  0.48   -1.3351  0.1136  1.1376 -0.2468]
2026-04-14T22:24:23 [INFO    ] franka_prm: [arm1]   FK EE pos: [ 0.4193 -0.0623  0.6645]  rot:
[[ 0.7071  0.7071 -0.    ]
 [ 0.7071 -0.7071 -0.    ]
 [-0.      0.     -1.    ]]
2026-04-14T22:24:25 [INFO    ] franka_prm: [arm1] Waypoint 2/4 reached
2026-04-14T22:24:25 [INFO    ] franka_prm: [arm1] Moving to waypoint 3/4 (len=0.5467 rad, dur=1.37s): [-0.9927 -0.3727  0.7819 -1.1961  0.3204  0.9504 -0.0558]
2026-04-14T22:24:25 [INFO    ] franka_prm: [arm1]   FK EE pos: [0.3714 0.0887 0.7072]  rot:
[[ 0.707   0.7072 -0.    ]
 [ 0.7072 -0.707  -0.0004]
 [-0.0003  0.0002 -1.    ]]
2026-04-14T22:24:27 [INFO    ] franka_prm: [arm1] Waypoint 3/4 reached
2026-04-14T22:24:27 [INFO    ] franka_prm: [arm1] Moving to waypoint 4/4 (len=3.0226 rad, dur=7.56s): [-1.3806 -0.8474  2.6152 -0.9326  0.3894  1.6974  2.1275]
2026-04-14T22:24:27 [INFO    ] franka_prm: [arm1]   FK EE pos: [0.065  0.76   0.2875]  rot:
[[ 1. -0. -0.]
 [-0. -1.  0.]
 [-0. -0. -1.]]
2026-04-14T22:24:35 [INFO    ] franka_prm: [arm1] Waypoint 4/4 reached
2026-04-14T22:24:35 [INFO    ] franka_prm: [arm1] Waypoint execution complete
2026-04-14T22:24:35 [INFO    ] franka_prm: Arm1  q_init=[-1.381 -0.848  2.615 -0.932  0.389  1.697  2.127]  q_goal=[-0.582  0.387 -1.095 -2.059  0.427  2.198 -1.121]
2026-04-14T22:24:35 [INFO    ] franka_prm: Arm1: using PRM file '/home/ros_ws/src/devel_packages/prm/prm_files_10k/myPRM_arm1_none.p'
2026-04-14T22:24:36 [INFO    ] franka_prm: PRM loaded from '/home/ros_ws/src/devel_packages/prm/prm_files_10k/myPRM_arm1_none.p': 10000 nodes, 97260 edges, 9 components
2026-04-14T22:24:36 [INFO    ] franka_prm:   obstacles in PRM: 10
2026-04-14T22:24:36 [INFO    ] franka_prm:   Arm1 FK  q_init -> EE pos [0.0652 0.7599 0.2875]
2026-04-14T22:24:36 [INFO    ] franka_prm:   Arm1 FK  q_goal -> EE pos [-0.0251 -0.5756  0.2184]
2026-04-14T22:24:36 [INFO    ] franka_prm:  Arm1 find_neighbors(init): 5 found, 0 edge-blocked among top-200 candidates
2026-04-14T22:24:36 [INFO    ] franka_prm:  Arm1 find_neighbors(goal): 5 found, 0 edge-blocked among top-200 candidates
2026-04-14T22:24:36 [INFO    ] franka_prm: Neighbors found — init: 5, goal: 5
2026-04-14T22:24:40 [INFO    ] franka_prm: Plan ready: 4 waypoints after shortcutting
2026-04-14T22:24:40 [INFO    ] franka_prm: [arm1] Waypoint execution: 3 segments at 0.400 rad/s
2026-04-14T22:24:40 [INFO    ] franka_prm: [arm1] Moving to waypoint 1/3 (len=3.4279 rad, dur=8.57s): [-0.557  -0.6177  0.4129 -1.8418  0.2457  1.2733 -0.1408]
2026-04-14T22:24:40 [INFO    ] franka_prm: [arm1]   FK EE pos: [0.3447 0.0517 0.595 ]  rot:
[[ 0.707   0.7072 -0.0001]
 [ 0.7072 -0.707   0.0002]
 [ 0.     -0.0002 -1.    ]]
2026-04-14T22:24:41 [CRITICAL] franka_prm: [arm1] _execute_plan_waypoints crashed
Traceback (most recent call last):
  File "/home/ros_ws/src/devel_packages/orio/../prm/franka_prm_single_arm.py", line 1099, in _execute_plan_waypoints
    self.fa.goto_joints(q, duration=dur, dynamic=False)
  File "/home/ros_ws/src/git_packages/frankapy/frankapy/franka_arm.py", line 684, in goto_joints
    self._send_goal(goal,
  File "/home/ros_ws/src/git_packages/frankapy/frankapy/franka_arm.py", line 308, in _send_goal
    self.wait_for_skill()
  File "/home/ros_ws/src/git_packages/frankapy/frankapy/franka_arm.py", line 190, in wait_for_skill
    while not self.is_skill_done():
  File "/home/ros_ws/src/git_packages/frankapy/frankapy/franka_arm.py", line 225, in is_skill_done
    franka_interface_status = self._get_current_franka_interface_status().franka_interface_status
  File "/opt/ros/noetic/lib/python3/dist-packages/rospy/impl/tcpros_service.py", line 442, in __call__
    return self.call(*args, **kwds)
  File "/opt/ros/noetic/lib/python3/dist-packages/rospy/impl/tcpros_service.py", line 525, in call
    raise ServiceException("service [%s] returned no response"%self.resolved_name)
rospy.service.ServiceException: service [/get_current_franka_interface_status_server_node_1/get_current_franka_interface_status_server] returned no response
