2026-04-14T17:40:12 [INFO    ] franka_prm: Arm1: offline collision checker initialized
2026-04-14T17:40:12 [INFO    ] franka_prm: Arm1: connected to real robot
2026-04-14T17:40:12 [INFO    ] franka_prm: Arm2: offline collision checker initialized
2026-04-14T17:40:13 [INFO    ] franka_prm: Arm2: connected to real robot
2026-04-14T17:40:13 [INFO    ] franka_prm: Arm1 q_start=[-0.076 -0.483  0.056 -2.066  0.026  1.584  0.759]  goal=[0.4 0.  0.5]  yaw=0.000
2026-04-14T17:40:13 [INFO    ] franka_prm: Arm2 q_start=[ 0.    -0.785  0.    -2.356 -0.     1.571  0.786]  goal=[0.18, 0.001, 0.41]  yaw=0.000
2026-04-14T17:40:13 [INFO    ] franka_prm: IK solved  joints=[-0.065 -1.272  0.036 -2.707  0.034  1.435  0.736]  pos_err=0.0000 m
2026-04-14T17:40:13 [INFO    ] franka_prm: IK solved  joints=[-0.076 -0.482  0.057 -2.066  0.026  1.584  0.759]  pos_err=0.0000 m
2026-04-14T17:40:13 [INFO    ] franka_prm: Arm2  q_init=[ 0.    -0.785  0.    -2.356 -0.     1.571  0.786]  q_goal=[-0.065 -1.272  0.036 -2.707  0.034  1.435  0.736]  [IK: 0.019s]
2026-04-14T17:40:13 [INFO    ] franka_prm: Arm1  q_init=[-0.076 -0.483  0.056 -2.066  0.026  1.584  0.759]  q_goal=[-0.076 -0.482  0.057 -2.066  0.026  1.584  0.759]  [IK: 0.021s]
2026-04-14T17:40:13 [INFO    ] franka_prm: Arm2: using PRM file '/home/ros_ws/src/devel_packages/prm/prm_files_10k/myPRM_arm2_free.p'
2026-04-14T17:40:13 [INFO    ] franka_prm: Arm1: using PRM file '/home/ros_ws/src/devel_packages/prm/prm_files_10k/myPRM_arm1_free.p'
2026-04-14T17:40:13 [INFO    ] franka_prm: PRM loaded from '/home/ros_ws/src/devel_packages/prm/prm_files_10k/myPRM_arm1_free.p': 10000 nodes, 98424 edges, 6 components
2026-04-14T17:40:13 [INFO    ] franka_prm:   obstacles in PRM: 8
2026-04-14T17:40:13 [INFO    ] franka_prm:   Arm1 FK  q_init -> EE pos [ 0.3997 -0.0003  0.4999]
2026-04-14T17:40:13 [INFO    ] franka_prm:   Arm1 FK  q_goal -> EE pos [ 0.4 -0.   0.5]
2026-04-14T17:40:13 [INFO    ] franka_prm: PRM loaded from '/home/ros_ws/src/devel_packages/prm/prm_files_10k/myPRM_arm2_free.p': 10000 nodes, 97116 edges, 1 components
2026-04-14T17:40:13 [INFO    ] franka_prm:   obstacles in PRM: 8
2026-04-14T17:40:13 [INFO    ] franka_prm:   Arm2 FK  q_init -> EE pos [0.307  0.     0.4689]
2026-04-14T17:40:13 [INFO    ] franka_prm:   Arm2 FK  q_goal -> EE pos [0.18  0.001 0.41 ]
2026-04-14T17:40:14 [INFO    ] franka_prm:  Arm2 find_neighbors(init): 20 found, 0 edge-blocked among top-20 candidates
2026-04-14T17:40:15 [INFO    ] franka_prm:  Arm1 find_neighbors(init): 20 found, 0 edge-blocked among top-20 candidates
2026-04-14T17:40:15 [INFO    ] franka_prm:  Arm2 find_neighbors(goal): 20 found, 0 edge-blocked among top-20 candidates
2026-04-14T17:40:15 [INFO    ] franka_prm: Neighbors found — init: 20, goal: 20
2026-04-14T17:40:15 [INFO    ] franka_prm: Plan ready: 2 waypoints after shortcutting
2026-04-14T17:40:15 [INFO    ] franka_prm: Arm2: PRM query took 2.840s
2026-04-14T17:40:15 [INFO    ] franka_prm: [arm2] Waypoint execution: 1 segments at 0.500 rad/s
2026-04-14T17:40:15 [INFO    ] franka_prm: [arm2] Moving to waypoint 1/1 (len=0.6222 rad, dur=1.24s): [-0.065  -1.2718  0.0356 -2.707   0.0343  1.4354  0.7355]
2026-04-14T17:40:15 [INFO    ] franka_prm: [arm2]   FK EE pos: [0.18  0.001 0.41 ]  rot:
[[ 1.  0. -0.]
 [ 0. -1.  0.]
 [-0. -0. -1.]]
2026-04-14T17:40:16 [INFO    ] franka_prm:  Arm1 find_neighbors(goal): 20 found, 0 edge-blocked among top-20 candidates
2026-04-14T17:40:16 [INFO    ] franka_prm: Neighbors found — init: 20, goal: 20
2026-04-14T17:40:16 [INFO    ] franka_prm: Plan ready: 2 waypoints after shortcutting
2026-04-14T17:40:16 [INFO    ] franka_prm: Arm1: PRM query took 3.081s
2026-04-14T17:40:16 [INFO    ] franka_prm: [arm1] Waypoint execution: 1 segments at 0.500 rad/s
2026-04-14T17:40:16 [INFO    ] franka_prm: [arm1] Moving to waypoint 1/1 (len=0.0011 rad, dur=0.00s): [-0.0762 -0.4822  0.0567 -2.0659  0.0263  1.5844  0.7591]
2026-04-14T17:40:16 [INFO    ] franka_prm: [arm1]   FK EE pos: [ 0.4 -0.   0.5]  rot:
[[ 1. -0. -0.]
 [-0. -1. -0.]
 [-0.  0. -1.]]
2026-04-14T17:40:16 [INFO    ] franka_prm: [arm1] Waypoint 1/1 reached
2026-04-14T17:40:16 [INFO    ] franka_prm: [arm1] Waypoint execution complete
2026-04-14T17:40:17 [INFO    ] franka_prm: [arm2] Waypoint 1/1 reached
2026-04-14T17:40:17 [INFO    ] franka_prm: [arm2] Waypoint execution complete
2026-04-14T17:40:17 [INFO    ] franka_prm: Both arms done.
