2026-04-14T21:45:40 [INFO    ] franka_prm: Arm1: offline collision checker initialized
2026-04-14T21:45:40 [INFO    ] franka_prm: Arm1: connected to real robot
2026-04-14T21:45:40 [INFO    ] franka_prm: Arm2: offline collision checker initialized
2026-04-14T21:45:40 [INFO    ] franka_prm: Arm2: connected to real robot
2026-04-14T21:45:47 [INFO    ] franka_prm: Arm1  q_init=[-0.001 -0.785  0.    -2.356  0.001  1.571  0.785]  q_goal=[-0.472  0.784 -0.83  -1.4    0.59   1.928 -0.575]
2026-04-14T21:45:47 [INFO    ] franka_prm: Arm1: using PRM file '/home/ros_ws/src/devel_packages/prm/prm_files_10k/myPRM_arm1_none.p'
2026-04-14T21:45:48 [INFO    ] franka_prm: PRM loaded from '/home/ros_ws/src/devel_packages/prm/prm_files_10k/myPRM_arm1_none.p': 10000 nodes, 97260 edges, 9 components
2026-04-14T21:45:48 [INFO    ] franka_prm:   obstacles in PRM: 10
2026-04-14T21:45:48 [INFO    ] franka_prm:   Arm1 FK  q_init -> EE pos [ 0.3071 -0.      0.469 ]
2026-04-14T21:45:48 [INFO    ] franka_prm:   Arm1 FK  q_goal -> EE pos [ 0.3497 -0.6254  0.2191]
2026-04-14T21:45:56 [INFO    ] franka_prm:  Arm1 find_neighbors(init): 200 found, 0 edge-blocked among top-200 candidates
2026-04-14T21:46:04 [INFO    ] franka_prm:  Arm1 find_neighbors(goal): 193 found, 7 edge-blocked among top-200 candidates
2026-04-14T21:46:04 [INFO    ] franka_prm: Neighbors found — init: 200, goal: 193
2026-04-14T21:46:09 [INFO    ] franka_prm: Plan ready: 3 waypoints after shortcutting
2026-04-14T21:46:09 [INFO    ] franka_prm: [arm1] Waypoint execution: 2 segments at 0.500 rad/s
2026-04-14T21:46:09 [INFO    ] franka_prm: [arm1] Moving to waypoint 1/2 (len=1.7516 rad, dur=3.50s): [-0.6751 -0.336  -0.0651 -2.0917 -0.0219  1.7563 -0.7323]
2026-04-14T21:46:09 [INFO    ] franka_prm: [arm1]   FK EE pos: [ 0.3321 -0.3104  0.4403]  rot:
[[ 0.7073  0.707  -0.    ]
 [ 0.707  -0.7073 -0.    ]
 [-0.     -0.     -1.    ]]
2026-04-14T21:46:12 [INFO    ] franka_prm: [arm1] Waypoint 1/2 reached
2026-04-14T21:46:12 [INFO    ] franka_prm: [arm1] Moving to waypoint 2/2 (len=1.6696 rad, dur=3.34s): [-0.4722  0.7842 -0.8297 -1.3995  0.5896  1.9275 -0.5746]
2026-04-14T21:46:12 [INFO    ] franka_prm: [arm1]   FK EE pos: [ 0.3497 -0.6254  0.2191]  rot:
[[ 1.  0.  0.]
 [ 0. -1.  0.]
 [ 0. -0. -1.]]
2026-04-14T21:46:16 [INFO    ] franka_prm: [arm1] Waypoint 2/2 reached
2026-04-14T21:46:16 [INFO    ] franka_prm: [arm1] Waypoint execution complete
2026-04-14T21:46:25 [INFO    ] franka_prm: Arm1  q_init=[-0.472  0.786 -0.829 -1.4    0.589  1.928 -0.574]  q_goal=[-0.243  1.    -0.173 -0.787  0.149  1.778  0.417]
2026-04-14T21:46:25 [INFO    ] franka_prm: Arm1: using PRM file '/home/ros_ws/src/devel_packages/prm/prm_files_10k/myPRM_arm1_labelZone1.p'
2026-04-14T21:46:25 [INFO    ] franka_prm: PRM loaded from '/home/ros_ws/src/devel_packages/prm/prm_files_10k/myPRM_arm1_labelZone1.p': 10000 nodes, 97595 edges, 8 components
2026-04-14T21:46:25 [INFO    ] franka_prm:   obstacles in PRM: 9
2026-04-14T21:46:25 [INFO    ] franka_prm:   Arm1 FK  q_init -> EE pos [ 0.3495 -0.6252  0.218 ]
2026-04-14T21:46:25 [INFO    ] franka_prm:   Arm1 FK  q_goal -> EE pos [ 0.75   -0.25    0.2078]
2026-04-14T21:46:31 [INFO    ] franka_prm:  Arm1 find_neighbors(init): 183 found, 17 edge-blocked among top-200 candidates
2026-04-14T21:46:36 [INFO    ] franka_prm:  Arm1 find_neighbors(goal): 136 found, 64 edge-blocked among top-200 candidates
2026-04-14T21:46:36 [INFO    ] franka_prm: Neighbors found — init: 183, goal: 136
2026-04-14T21:46:41 [INFO    ] franka_prm: Plan ready: 3 waypoints after shortcutting
2026-04-14T21:46:41 [INFO    ] franka_prm: [arm1] Waypoint execution: 2 segments at 0.500 rad/s
2026-04-14T21:46:41 [INFO    ] franka_prm: [arm1] Moving to waypoint 1/2 (len=0.6988 rad, dur=1.40s): [-0.2187  0.6942 -0.4108 -1.0895  0.2617  1.7354 -0.5856]
2026-04-14T21:46:41 [INFO    ] franka_prm: [arm1]   FK EE pos: [ 0.6586 -0.3361  0.3146]  rot:
[[ 0.7071  0.7071 -0.0004]
 [ 0.7071 -0.7071 -0.0001]
 [-0.0003 -0.0002 -1.    ]]
2026-04-14T21:46:43 [INFO    ] franka_prm: [arm1] Waypoint 1/2 reached
2026-04-14T21:46:43 [INFO    ] franka_prm: [arm1] Moving to waypoint 2/2 (len=1.1232 rad, dur=2.25s): [-0.2431  0.9998 -0.1734 -0.7875  0.1489  1.7781  0.4171]
2026-04-14T21:46:43 [INFO    ] franka_prm: [arm1]   FK EE pos: [ 0.75   -0.25    0.2078]  rot:
[[ 1. -0.  0.]
 [-0. -1.  0.]
 [ 0. -0. -1.]]
2026-04-14T21:46:45 [INFO    ] franka_prm: [arm1] Waypoint 2/2 reached
2026-04-14T21:46:45 [INFO    ] franka_prm: [arm1] Waypoint execution complete
2026-04-14T21:46:55 [INFO    ] franka_prm: Arm1  q_init=[-0.001 -0.785 -0.    -2.356  0.001  1.571  0.785]  q_goal=[-0.641  0.402 -0.965 -1.983  0.403  2.18  -1.021]
2026-04-14T21:46:55 [INFO    ] franka_prm: Arm1: using PRM file '/home/ros_ws/src/devel_packages/prm/prm_files_10k/myPRM_arm1_labelZone1.p'
2026-04-14T21:46:56 [INFO    ] franka_prm: PRM loaded from '/home/ros_ws/src/devel_packages/prm/prm_files_10k/myPRM_arm1_labelZone1.p': 10000 nodes, 97595 edges, 8 components
2026-04-14T21:46:56 [INFO    ] franka_prm:   obstacles in PRM: 9
2026-04-14T21:46:56 [INFO    ] franka_prm:   Arm1 FK  q_init -> EE pos [ 0.3071 -0.0002  0.469 ]
2026-04-14T21:46:56 [INFO    ] franka_prm:   Arm1 FK  q_goal -> EE pos [ 0.0206 -0.5957  0.2194]
2026-04-14T21:46:57 [INFO    ] franka_prm: Arm2: cached 9 obstacles from '/home/ros_ws/src/devel_packages/prm/prm_files_10k/myPRM_arm2_labelZone1.p'
2026-04-14T21:46:57 [INFO    ] franka_prm: Arm2  q_init=[-0.065 -1.272  0.036 -2.707  0.035  1.436  0.736]  q_goal=[ 0.209  0.13   0.3   -2.159 -0.051  2.283  1.1  ]
2026-04-14T21:46:57 [INFO    ] franka_prm: Arm2: using PRM file '/home/ros_ws/src/devel_packages/prm/prm_files_10k/myPRM_arm2_labelZone1.p'
2026-04-14T21:46:57 [INFO    ] franka_prm: PRM loaded from '/home/ros_ws/src/devel_packages/prm/prm_files_10k/myPRM_arm2_labelZone1.p': 10000 nodes, 95792 edges, 5 components
2026-04-14T21:46:57 [INFO    ] franka_prm:   obstacles in PRM: 9
2026-04-14T21:46:57 [INFO    ] franka_prm:   Arm2 FK  q_init -> EE pos [0.1801 0.0012 0.41  ]
2026-04-14T21:46:57 [INFO    ] franka_prm:   Arm2 FK  q_goal -> EE pos [0.4847 0.2673 0.2191]
2026-04-14T21:47:08 [INFO    ] franka_prm:  Arm1 find_neighbors(init): 199 found, 1 edge-blocked among top-200 candidates
2026-04-14T21:47:12 [INFO    ] franka_prm:  Arm2 find_neighbors(init): 198 found, 2 edge-blocked among top-200 candidates
