2026-04-14T22:02:21 [INFO    ] franka_prm: Arm1: offline collision checker initialized
2026-04-14T22:02:22 [INFO    ] franka_prm: Arm1: connected to real robot
2026-04-14T22:02:22 [INFO    ] franka_prm: Arm2: offline collision checker initialized
2026-04-14T22:02:22 [INFO    ] franka_prm: Arm2: connected to real robot
2026-04-14T22:02:34 [INFO    ] franka_prm: Arm1  q_init=[-0.001 -0.785 -0.    -2.356  0.001  1.571  0.785]  q_goal=[-0.411  0.599 -0.769 -1.639  0.458  2.05  -0.523]
2026-04-14T22:02:34 [INFO    ] franka_prm: Arm1: using PRM file '/home/ros_ws/src/devel_packages/prm/prm_files_10k/myPRM_arm1_none.p'
2026-04-14T22:02:34 [INFO    ] franka_prm: PRM loaded from '/home/ros_ws/src/devel_packages/prm/prm_files_10k/myPRM_arm1_none.p': 10000 nodes, 97260 edges, 9 components
2026-04-14T22:02:34 [INFO    ] franka_prm:   obstacles in PRM: 10
2026-04-14T22:02:34 [INFO    ] franka_prm:   Arm1 FK  q_init -> EE pos [ 0.3071 -0.0002  0.469 ]
2026-04-14T22:02:34 [INFO    ] franka_prm:   Arm1 FK  q_goal -> EE pos [ 0.3408 -0.5809  0.2207]
2026-04-14T22:02:35 [INFO    ] franka_prm:  Arm1 find_neighbors(init): 5 found, 0 edge-blocked among top-200 candidates
2026-04-14T22:02:35 [INFO    ] franka_prm:  Arm1 find_neighbors(goal): 5 found, 0 edge-blocked among top-200 candidates
2026-04-14T22:02:35 [INFO    ] franka_prm: Neighbors found — init: 5, goal: 5
2026-04-14T22:02:35 [INFO    ] franka_prm: Plan ready: 2 waypoints after shortcutting
2026-04-14T22:02:35 [INFO    ] franka_prm: [arm1] Waypoint execution: 1 segments at 0.400 rad/s
2026-04-14T22:02:35 [INFO    ] franka_prm: [arm1] Moving to waypoint 1/1 (len=2.3103 rad, dur=5.78s): [-0.411   0.5994 -0.7687 -1.6393  0.4578  2.05   -0.5228]
2026-04-14T22:02:35 [INFO    ] franka_prm: [arm1]   FK EE pos: [ 0.3408 -0.5809  0.2207]  rot:
[[ 1.  0.  0.]
 [ 0. -1.  0.]
 [ 0. -0. -1.]]
2026-04-14T22:02:41 [INFO    ] franka_prm: [arm1] Waypoint 1/1 reached
2026-04-14T22:02:41 [INFO    ] franka_prm: [arm1] Waypoint execution complete
2026-04-14T22:02:50 [INFO    ] franka_prm: Arm1  q_init=[-0.411  0.602 -0.768 -1.64   0.458  2.05  -0.523]  q_goal=[-0.244  1.    -0.173 -0.783  0.149  1.774  0.417]
2026-04-14T22:02:50 [INFO    ] franka_prm: Arm1: using PRM file '/home/ros_ws/src/devel_packages/prm/prm_files_10k/myPRM_arm1_labelZone1.p'
2026-04-14T22:02:50 [INFO    ] franka_prm: PRM loaded from '/home/ros_ws/src/devel_packages/prm/prm_files_10k/myPRM_arm1_labelZone1.p': 10000 nodes, 97595 edges, 8 components
2026-04-14T22:02:50 [INFO    ] franka_prm:   obstacles in PRM: 9
2026-04-14T22:02:50 [INFO    ] franka_prm:   Arm1 FK  q_init -> EE pos [ 0.3404 -0.5804  0.2184]
2026-04-14T22:02:50 [INFO    ] franka_prm:   Arm1 FK  q_goal -> EE pos [ 0.75   -0.25    0.2094]
2026-04-14T22:02:50 [INFO    ] franka_prm:  Arm1 find_neighbors(init): 5 found, 0 edge-blocked among top-200 candidates
2026-04-14T22:02:50 [INFO    ] franka_prm:  Arm1 find_neighbors(goal): 5 found, 0 edge-blocked among top-200 candidates
2026-04-14T22:02:50 [INFO    ] franka_prm: Neighbors found — init: 5, goal: 5
2026-04-14T22:02:54 [INFO    ] franka_prm: Plan ready: 3 waypoints after shortcutting
2026-04-14T22:02:54 [INFO    ] franka_prm: [arm1] Waypoint execution: 2 segments at 0.400 rad/s
2026-04-14T22:02:54 [INFO    ] franka_prm: [arm1] Moving to waypoint 1/2 (len=0.5384 rad, dur=1.35s): [-0.1635  0.5752 -0.3857 -1.4867  0.2289  2.0172 -0.5922]
2026-04-14T22:02:54 [INFO    ] franka_prm: [arm1]   FK EE pos: [ 0.6275 -0.3153  0.2348]  rot:
[[ 0.7071  0.7071 -0.0001]
 [ 0.7071 -0.7071 -0.    ]
 [-0.     -0.     -1.    ]]
2026-04-14T22:02:56 [INFO    ] franka_prm: [arm1] Waypoint 1/2 reached
2026-04-14T22:02:56 [INFO    ] franka_prm: [arm1] Moving to waypoint 2/2 (len=1.3458 rad, dur=3.36s): [-0.2436  0.9998 -0.1731 -0.7835  0.1485  1.7742  0.4174]
2026-04-14T22:02:56 [INFO    ] franka_prm: [arm1]   FK EE pos: [ 0.75   -0.25    0.2094]  rot:
[[ 1. -0.  0.]
 [-0. -1.  0.]
 [ 0. -0. -1.]]
2026-04-14T22:03:00 [INFO    ] franka_prm: [arm1] Waypoint 2/2 reached
2026-04-14T22:03:00 [INFO    ] franka_prm: [arm1] Waypoint execution complete
2026-04-14T22:03:10 [INFO    ] franka_prm: Arm1  q_init=[-0.001 -0.785 -0.    -2.356  0.001  1.571  0.785]  q_goal=[-0.905 -1.142 -1.121 -2.831 -1.02   1.849 -0.409]
2026-04-14T22:03:10 [INFO    ] franka_prm: Arm1: using PRM file '/home/ros_ws/src/devel_packages/prm/prm_files_10k/myPRM_arm1_labelZone1.p'
2026-04-14T22:03:11 [INFO    ] franka_prm: PRM loaded from '/home/ros_ws/src/devel_packages/prm/prm_files_10k/myPRM_arm1_labelZone1.p': 10000 nodes, 97595 edges, 8 components
2026-04-14T22:03:11 [INFO    ] franka_prm:   obstacles in PRM: 9
2026-04-14T22:03:11 [INFO    ] franka_prm:   Arm1 FK  q_init -> EE pos [ 0.3071 -0.0002  0.469 ]
2026-04-14T22:03:11 [INFO    ] franka_prm:   Arm1 FK  q_goal -> EE pos [-0.1198 -0.2937  0.2045]
2026-04-14T22:03:11 [INFO    ] franka_prm:  Arm1 find_neighbors(init): 5 found, 0 edge-blocked among top-200 candidates
2026-04-14T22:03:11 [INFO    ] franka_prm:  Arm1 find_neighbors(goal): 5 found, 0 edge-blocked among top-200 candidates
2026-04-14T22:03:11 [INFO    ] franka_prm: Neighbors found — init: 5, goal: 5
2026-04-14T22:03:11 [INFO    ] franka_prm: Plan ready: 2 waypoints after shortcutting
2026-04-14T22:03:11 [INFO    ] franka_prm: [arm1] Waypoint execution: 1 segments at 0.400 rad/s
2026-04-14T22:03:11 [INFO    ] franka_prm: [arm1] Moving to waypoint 1/1 (len=2.2297 rad, dur=5.57s): [-0.9047 -1.1422 -1.121  -2.8314 -1.0197  1.8495 -0.4092]
2026-04-14T22:03:11 [INFO    ] franka_prm: [arm1]   FK EE pos: [-0.1198 -0.2937  0.2045]  rot:
[[ 1. -0.  0.]
 [-0. -1.  0.]
 [ 0. -0. -1.]]
2026-04-14T22:03:12 [INFO    ] franka_prm: Arm2: cached 9 obstacles from '/home/ros_ws/src/devel_packages/prm/prm_files_10k/myPRM_arm2_labelZone1.p'
2026-04-14T22:03:13 [INFO    ] franka_prm: Arm2  q_init=[-0.065 -1.272  0.036 -2.707  0.035  1.436  0.736]  q_goal=[ 1.235 -0.39  -2.421 -1.897 -0.309  2.173  1.1  ]
2026-04-14T22:03:13 [INFO    ] franka_prm: Arm2: using PRM file '/home/ros_ws/src/devel_packages/prm/prm_files_10k/myPRM_arm2_labelZone1.p'
2026-04-14T22:03:13 [INFO    ] franka_prm: PRM loaded from '/home/ros_ws/src/devel_packages/prm/prm_files_10k/myPRM_arm2_labelZone1.p': 10000 nodes, 95792 edges, 5 components
2026-04-14T22:03:13 [INFO    ] franka_prm:   obstacles in PRM: 9
2026-04-14T22:03:13 [INFO    ] franka_prm:   Arm2 FK  q_init -> EE pos [0.1801 0.0012 0.41  ]
2026-04-14T22:03:13 [INFO    ] franka_prm:   Arm2 FK  q_goal -> EE pos [ 0.1963 -0.5865  0.2207]
2026-04-14T22:03:13 [INFO    ] franka_prm:  Arm2 find_neighbors(init): 5 found, 0 edge-blocked among top-200 candidates
2026-04-14T22:03:14 [INFO    ] franka_prm:  Arm2 find_neighbors(goal): 5 found, 102 edge-blocked among top-200 candidates
2026-04-14T22:03:14 [INFO    ] franka_prm: Neighbors found — init: 5, goal: 5
2026-04-14T22:03:17 [INFO    ] franka_prm: [arm1] Waypoint 1/1 reached
2026-04-14T22:03:17 [INFO    ] franka_prm: [arm1] Waypoint execution complete
2026-04-14T22:03:18 [INFO    ] franka_prm: Plan ready: 3 waypoints after shortcutting
2026-04-14T22:03:18 [INFO    ] franka_prm: [arm2] Waypoint execution: 2 segments at 0.400 rad/s
2026-04-14T22:03:18 [INFO    ] franka_prm: [arm2] Moving to waypoint 1/2 (len=2.4270 rad, dur=6.07s): [ 0.454  -1.0068 -1.4964 -2.2165 -1.0669  1.8458 -0.5208]
2026-04-14T22:03:18 [INFO    ] franka_prm: [arm2]   FK EE pos: [ 0.1694 -0.4853  0.2128]  rot:
[[ 0.707   0.7072 -0.0001]
 [ 0.7072 -0.707  -0.    ]
 [-0.0001 -0.     -1.    ]]
2026-04-14T22:03:25 [CRITICAL] franka_prm: [arm2] _execute_plan_waypoints crashed
Traceback (most recent call last):
  File "/home/ros_ws/src/devel_packages/orio/../prm/franka_prm_single_arm.py", line 1099, in _execute_plan_waypoints
    self.fa.goto_joints(q, duration=dur, dynamic=False)
  File "/home/ros_ws/src/git_packages/frankapy/frankapy/franka_arm.py", line 684, in goto_joints
    self._send_goal(goal,
  File "/home/ros_ws/src/git_packages/frankapy/frankapy/franka_arm.py", line 308, in _send_goal
    self.wait_for_skill()
  File "/home/ros_ws/src/git_packages/frankapy/frankapy/franka_arm.py", line 190, in wait_for_skill
    while not self.is_skill_done():
  File "/home/ros_ws/src/git_packages/frankapy/frankapy/franka_arm.py", line 237, in is_skill_done
    self.wait_for_franka_interface()
  File "/home/ros_ws/src/git_packages/frankapy/frankapy/franka_arm.py", line 179, in wait_for_franka_interface
    franka_interface_status = self._get_current_franka_interface_status().franka_interface_status
  File "/opt/ros/noetic/lib/python3/dist-packages/rospy/impl/tcpros_service.py", line 442, in __call__
    return self.call(*args, **kwds)
  File "/opt/ros/noetic/lib/python3/dist-packages/rospy/impl/tcpros_service.py", line 525, in call
    raise ServiceException("service [%s] returned no response"%self.resolved_name)
rospy.service.ServiceException: service [/get_current_franka_interface_status_server_node_2/get_current_franka_interface_status_server] returned no response
