2026-04-14T17:22:50 [INFO    ] franka_prm: Arm1: offline collision checker initialized
2026-04-14T17:22:50 [INFO    ] franka_prm: Arm1: connected to real robot
2026-04-14T17:22:50 [INFO    ] franka_prm: Arm2: offline collision checker initialized
2026-04-14T17:22:50 [INFO    ] franka_prm: Arm2: connected to real robot
2026-04-14T17:22:50 [INFO    ] franka_prm: Arm1 q_start=[ 0.    -0.785  0.    -2.356 -0.     1.571  0.786]  goal=[0.4 0.  0.5]  yaw=0.000
2026-04-14T17:22:50 [INFO    ] franka_prm: Arm2 q_start=[ 0.227  0.244  0.261 -1.987 -0.078  2.22  -0.159]  goal=[0.5314, 0.2731, 0.0251]  yaw=0.000
2026-04-14T17:22:50 [INFO    ] franka_prm: IK solved  joints=[-0.076 -0.482  0.057 -2.066  0.026  1.584  0.759]  pos_err=0.0000 m
2026-04-14T17:22:50 [INFO    ] franka_prm: Arm1  q_init=[ 0.    -0.785  0.    -2.356 -0.     1.571  0.786]  q_goal=[-0.076 -0.482  0.057 -2.066  0.026  1.584  0.759]  [IK: 0.018s]
2026-04-14T17:22:50 [INFO    ] franka_prm: IK solved  joints=[ 0.397  0.606  0.075 -2.018 -0.086  2.621  1.318]  pos_err=0.0000 m
2026-04-14T17:22:50 [INFO    ] franka_prm: Arm1: using PRM file '/home/ros_ws/src/devel_packages/prm/prm_files_10k/myPRM_arm1_free.p'
2026-04-14T17:22:50 [INFO    ] franka_prm: Arm2  q_init=[ 0.227  0.244  0.261 -1.987 -0.078  2.22  -0.159]  q_goal=[ 0.397  0.606  0.075 -2.018 -0.086  2.621  1.318]  [IK: 0.019s]
2026-04-14T17:22:50 [INFO    ] franka_prm: Arm2: using PRM file '/home/ros_ws/src/devel_packages/prm/prm_files_10k/myPRM_arm2_labelZone1.p'
2026-04-14T17:22:51 [INFO    ] franka_prm: PRM loaded from '/home/ros_ws/src/devel_packages/prm/prm_files_10k/myPRM_arm1_free.p': 10000 nodes, 98424 edges, 6 components
2026-04-14T17:22:51 [INFO    ] franka_prm:   obstacles in PRM: 8
2026-04-14T17:22:51 [INFO    ] franka_prm:   Arm1 FK  q_init -> EE pos [ 0.3071 -0.0001  0.469 ]
2026-04-14T17:22:51 [INFO    ] franka_prm:   Arm1 FK  q_goal -> EE pos [ 0.4 -0.   0.5]
2026-04-14T17:22:51 [INFO    ] franka_prm: PRM loaded from '/home/ros_ws/src/devel_packages/prm/prm_files_10k/myPRM_arm2_labelZone1.p': 10000 nodes, 95792 edges, 5 components
2026-04-14T17:22:51 [INFO    ] franka_prm:   obstacles in PRM: 9
2026-04-14T17:22:51 [INFO    ] franka_prm:   Arm2 FK  q_init -> EE pos [0.5311 0.2728 0.2248]
2026-04-14T17:22:51 [INFO    ] franka_prm:   Arm2 FK  q_goal -> EE pos [0.5314 0.2731 0.0251]
2026-04-14T17:22:52 [INFO    ] franka_prm:  Arm1 find_neighbors(init): 20 found, 0 edge-blocked among top-20 candidates
2026-04-14T17:22:53 [INFO    ] franka_prm:  Arm2 find_neighbors(init): 20 found, 0 edge-blocked among top-20 candidates
2026-04-14T17:22:53 [INFO    ] franka_prm:  Arm1 find_neighbors(goal): 20 found, 0 edge-blocked among top-20 candidates
2026-04-14T17:22:53 [INFO    ] franka_prm: Neighbors found — init: 20, goal: 20
2026-04-14T17:22:53 [INFO    ] franka_prm: Plan ready: 2 waypoints after shortcutting
2026-04-14T17:22:53 [INFO    ] franka_prm: Arm1: PRM query took 2.996s
2026-04-14T17:22:53 [INFO    ] franka_prm: [arm1] Waypoint execution: 1 segments at 0.500 rad/s
2026-04-14T17:22:53 [INFO    ] franka_prm: [arm1] Moving to waypoint 1/1 (len=0.4319 rad, dur=0.86s): [-0.0762 -0.4822  0.0567 -2.0659  0.0263  1.5844  0.7591]
2026-04-14T17:22:53 [INFO    ] franka_prm: [arm1]   FK EE pos: [ 0.4 -0.   0.5]  rot:
[[ 1. -0. -0.]
 [-0. -1. -0.]
 [-0.  0. -1.]]
2026-04-14T17:22:54 [INFO    ] franka_prm:  Arm2 find_neighbors(goal): 18 found, 2 edge-blocked among top-20 candidates
2026-04-14T17:22:54 [INFO    ] franka_prm: Neighbors found — init: 20, goal: 18
2026-04-14T17:22:54 [INFO    ] franka_prm: Plan ready: 2 waypoints after shortcutting
2026-04-14T17:22:54 [INFO    ] franka_prm: Arm2: PRM query took 3.765s
2026-04-14T17:22:54 [INFO    ] franka_prm: [arm2] Waypoint execution: 1 segments at 0.500 rad/s
2026-04-14T17:22:54 [INFO    ] franka_prm: [arm2] Moving to waypoint 1/1 (len=1.5933 rad, dur=3.19s): [ 0.3967  0.6063  0.0747 -2.0178 -0.0856  2.6212  1.3178]
2026-04-14T17:22:54 [INFO    ] franka_prm: [arm2]   FK EE pos: [0.5314 0.2731 0.0251]  rot:
[[ 1.  0.  0.]
 [ 0. -1. -0.]
 [ 0.  0. -1.]]
2026-04-14T17:22:55 [INFO    ] franka_prm: [arm1] Waypoint 1/1 reached
2026-04-14T17:22:55 [INFO    ] franka_prm: [arm1] Waypoint execution complete
2026-04-14T17:22:58 [INFO    ] franka_prm: [arm2] Waypoint 1/1 reached
2026-04-14T17:22:58 [INFO    ] franka_prm: [arm2] Waypoint execution complete
2026-04-14T17:22:58 [INFO    ] franka_prm: Both arms done.
