2026-04-14T18:29:27 [INFO    ] franka_prm: Arm1: offline collision checker initialized
2026-04-14T18:29:27 [INFO    ] franka_prm: Arm1: connected to real robot
2026-04-14T18:29:27 [INFO    ] franka_prm: Arm2: offline collision checker initialized
2026-04-14T18:29:28 [INFO    ] franka_prm: Arm2: connected to real robot
2026-04-14T18:29:34 [INFO    ] franka_prm: Arm1  q_init=[-0.001 -0.785 -0.001 -2.356  0.     1.57   0.786]  q_goal=[-0.512  0.194 -0.976 -2.157  0.208  2.257 -0.826]
2026-04-14T18:29:34 [INFO    ] franka_prm: Arm1: using PRM file '/home/ros_ws/src/devel_packages/prm/prm_files_10k/myPRM_arm1_none.p'
2026-04-14T18:29:35 [INFO    ] franka_prm: PRM loaded from '/home/ros_ws/src/devel_packages/prm/prm_files_10k/myPRM_arm1_none.p': 10000 nodes, 97260 edges, 9 components
2026-04-14T18:29:35 [INFO    ] franka_prm:   obstacles in PRM: 10
2026-04-14T18:29:35 [INFO    ] franka_prm:   Arm1 FK  q_init -> EE pos [ 0.3068 -0.0002  0.4689]
2026-04-14T18:29:35 [INFO    ] franka_prm:   Arm1 FK  q_goal -> EE pos [ 0.0585 -0.5483  0.2251]
2026-04-14T18:29:36 [INFO    ] franka_prm:  Arm1 find_neighbors(init): 20 found, 0 edge-blocked among top-20 candidates
2026-04-14T18:29:37 [INFO    ] franka_prm:  Arm1 find_neighbors(goal): 20 found, 0 edge-blocked among top-20 candidates
2026-04-14T18:29:37 [INFO    ] franka_prm: Neighbors found — init: 20, goal: 20
2026-04-14T18:29:37 [INFO    ] franka_prm: Plan ready: 2 waypoints after shortcutting
2026-04-14T18:29:37 [INFO    ] franka_prm: [arm1] Waypoint execution: 1 segments at 0.500 rad/s
2026-04-14T18:29:37 [INFO    ] franka_prm: [arm1] Moving to waypoint 1/1 (len=2.3073 rad, dur=4.61s): [-0.512   0.1942 -0.9757 -2.1574  0.208   2.2565 -0.8262]
2026-04-14T18:29:37 [INFO    ] franka_prm: [arm1]   FK EE pos: [ 0.0585 -0.5483  0.2251]  rot:
[[ 1.  0.  0.]
 [ 0. -1.  0.]
 [ 0. -0. -1.]]
2026-04-14T18:29:42 [INFO    ] franka_prm: [arm1] Waypoint 1/1 reached
2026-04-14T18:29:42 [INFO    ] franka_prm: [arm1] Waypoint execution complete
2026-04-14T18:29:50 [INFO    ] franka_prm: Arm1  q_init=[-0.512  0.195 -0.975 -2.158  0.208  2.257 -0.826]  q_goal=[-0.245  1.    -0.173 -0.772  0.148  1.763  0.418]
2026-04-14T18:29:50 [INFO    ] franka_prm: Arm1: using PRM file '/home/ros_ws/src/devel_packages/prm/prm_files_10k/myPRM_arm1_labelZone1.p'
2026-04-14T18:29:50 [INFO    ] franka_prm: PRM loaded from '/home/ros_ws/src/devel_packages/prm/prm_files_10k/myPRM_arm1_labelZone1.p': 10000 nodes, 97595 edges, 8 components
2026-04-14T18:29:50 [INFO    ] franka_prm:   obstacles in PRM: 9
2026-04-14T18:29:50 [INFO    ] franka_prm:   Arm1 FK  q_init -> EE pos [ 0.0584 -0.5482  0.2247]
2026-04-14T18:29:50 [INFO    ] franka_prm:   Arm1 FK  q_goal -> EE pos [ 0.75   -0.25    0.2138]
2026-04-14T18:29:51 [INFO    ] franka_prm:  Arm1 find_neighbors(init): 20 found, 0 edge-blocked among top-20 candidates
2026-04-14T18:29:52 [INFO    ] franka_prm:  Arm1 find_neighbors(goal): 19 found, 1 edge-blocked among top-20 candidates
2026-04-14T18:29:52 [INFO    ] franka_prm: Neighbors found — init: 20, goal: 19
2026-04-14T18:29:57 [INFO    ] franka_prm: Plan ready: 3 waypoints after shortcutting
2026-04-14T18:29:57 [INFO    ] franka_prm: [arm1] Waypoint execution: 2 segments at 0.500 rad/s
2026-04-14T18:29:57 [INFO    ] franka_prm: [arm1] Moving to waypoint 1/2 (len=0.7682 rad, dur=1.54s): [-0.2788  0.3341 -0.4459 -1.7333  0.1583  2.0316 -0.7738]
2026-04-14T18:29:57 [INFO    ] franka_prm: [arm1]   FK EE pos: [ 0.5013 -0.4     0.2809]  rot:
[[ 0.7072  0.7071 -0.0002]
 [ 0.7071 -0.7072 -0.0001]
 [-0.0002 -0.0001 -1.    ]]
2026-04-14T18:29:58 [INFO    ] franka_prm: [arm1] Waypoint 1/2 reached
2026-04-14T18:29:58 [INFO    ] franka_prm: [arm1] Moving to waypoint 2/2 (len=1.7139 rad, dur=3.43s): [-0.2449  1.0001 -0.1726 -0.7716  0.1478  1.7628  0.4182]
2026-04-14T18:29:58 [INFO    ] franka_prm: [arm1]   FK EE pos: [ 0.75   -0.25    0.2138]  rot:
[[ 1. -0.  0.]
 [-0. -1.  0.]
 [ 0. -0. -1.]]
2026-04-14T18:30:02 [INFO    ] franka_prm: [arm1] Waypoint 2/2 reached
2026-04-14T18:30:02 [INFO    ] franka_prm: [arm1] Waypoint execution complete
2026-04-14T18:30:12 [INFO    ] franka_prm: Arm1  q_init=[-0.001 -0.785 -0.001 -2.356  0.     1.571  0.785]  q_goal=[-0.51   0.203 -0.978 -2.149  0.217  2.252 -0.831]
2026-04-14T18:30:12 [INFO    ] franka_prm: Arm1: using PRM file '/home/ros_ws/src/devel_packages/prm/prm_files_10k/myPRM_arm1_labelZone1.p'
2026-04-14T18:30:13 [INFO    ] franka_prm: PRM loaded from '/home/ros_ws/src/devel_packages/prm/prm_files_10k/myPRM_arm1_labelZone1.p': 10000 nodes, 97595 edges, 8 components
2026-04-14T18:30:13 [INFO    ] franka_prm:   obstacles in PRM: 9
2026-04-14T18:30:13 [INFO    ] franka_prm:   Arm1 FK  q_init -> EE pos [ 0.3071 -0.0002  0.4691]
2026-04-14T18:30:13 [INFO    ] franka_prm:   Arm1 FK  q_goal -> EE pos [ 0.0595 -0.5502  0.2254]
2026-04-14T18:30:13 [INFO    ] franka_prm: Arm2: cached 9 obstacles from '/home/ros_ws/src/devel_packages/prm/prm_files_10k/myPRM_arm2_labelZone1.p'
2026-04-14T18:30:13 [INFO    ] franka_prm: Arm2  q_init=[-0.065 -1.272  0.036 -2.707  0.035  1.436  0.736]  q_goal=[ 0.134  0.123  0.254 -2.149 -0.04   2.268  1.117]
2026-04-14T18:30:13 [INFO    ] franka_prm: Arm2: using PRM file '/home/ros_ws/src/devel_packages/prm/prm_files_10k/myPRM_arm2_labelZone1.p'
2026-04-14T18:30:13 [INFO    ] franka_prm: PRM loaded from '/home/ros_ws/src/devel_packages/prm/prm_files_10k/myPRM_arm2_labelZone1.p': 10000 nodes, 95792 edges, 5 components
2026-04-14T18:30:13 [INFO    ] franka_prm:   obstacles in PRM: 9
2026-04-14T18:30:13 [INFO    ] franka_prm:   Arm2 FK  q_init -> EE pos [0.1801 0.0012 0.41  ]
2026-04-14T18:30:13 [INFO    ] franka_prm:   Arm2 FK  q_goal -> EE pos [0.5147 0.2072 0.2251]
2026-04-14T18:30:14 [INFO    ] franka_prm:  Arm1 find_neighbors(init): 20 found, 0 edge-blocked among top-20 candidates
2026-04-14T18:30:15 [INFO    ] franka_prm:  Arm2 find_neighbors(init): 20 found, 0 edge-blocked among top-20 candidates
2026-04-14T18:30:15 [INFO    ] franka_prm:  Arm1 find_neighbors(goal): 20 found, 0 edge-blocked among top-20 candidates
2026-04-14T18:30:15 [INFO    ] franka_prm: Neighbors found — init: 20, goal: 20
2026-04-14T18:30:16 [INFO    ] franka_prm: Plan ready: 2 waypoints after shortcutting
2026-04-14T18:30:16 [INFO    ] franka_prm: [arm1] Waypoint execution: 1 segments at 0.500 rad/s
2026-04-14T18:30:16 [INFO    ] franka_prm: [arm1] Moving to waypoint 1/1 (len=2.3146 rad, dur=4.63s): [-0.5102  0.2035 -0.9777 -2.1493  0.2175  2.2524 -0.8311]
2026-04-14T18:30:16 [INFO    ] franka_prm: [arm1]   FK EE pos: [ 0.0595 -0.5502  0.2254]  rot:
[[ 1.  0.  0.]
 [ 0. -1. -0.]
 [ 0.  0. -1.]]
2026-04-14T18:30:16 [INFO    ] franka_prm:  Arm2 find_neighbors(goal): 20 found, 0 edge-blocked among top-20 candidates
2026-04-14T18:30:16 [INFO    ] franka_prm: Neighbors found — init: 20, goal: 20
2026-04-14T18:30:19 [INFO    ] franka_prm: Plan ready: 3 waypoints after shortcutting
2026-04-14T18:30:19 [INFO    ] franka_prm: [arm2] Waypoint execution: 2 segments at 0.500 rad/s
2026-04-14T18:30:19 [INFO    ] franka_prm: [arm2] Moving to waypoint 1/2 (len=1.1492 rad, dur=2.30s): [ 0.0954 -0.4612  0.4047 -2.1511  0.1781  1.7202  0.4349]
2026-04-14T18:30:19 [INFO    ] franka_prm: [arm2]   FK EE pos: [0.3535 0.2408 0.4445]  rot:
[[ 0.7071  0.7071  0.    ]
 [ 0.7071 -0.7071  0.    ]
 [ 0.      0.     -1.    ]]
2026-04-14T18:30:20 [INFO    ] franka_prm: [arm1] Waypoint 1/1 reached
2026-04-14T18:30:20 [INFO    ] franka_prm: [arm1] Waypoint execution complete
2026-04-14T18:30:22 [INFO    ] franka_prm: [arm2] Waypoint 1/2 reached
2026-04-14T18:30:22 [INFO    ] franka_prm: [arm2] Moving to waypoint 2/2 (len=1.0858 rad, dur=2.17s): [ 0.1337  0.1234  0.2535 -2.1487 -0.0403  2.2679  1.117 ]
2026-04-14T18:30:22 [INFO    ] franka_prm: [arm2]   FK EE pos: [0.5147 0.2072 0.2251]  rot:
[[ 0.9968  0.0795 -0.    ]
 [ 0.0795 -0.9968 -0.    ]
 [-0.      0.     -1.    ]]
2026-04-14T18:30:24 [INFO    ] franka_prm: [arm2] Waypoint 2/2 reached
2026-04-14T18:30:24 [INFO    ] franka_prm: [arm2] Waypoint execution complete
2026-04-14T18:30:24 [INFO    ] franka_prm: Arm2  q_init=[ 0.133  0.123  0.254 -2.149 -0.04   2.267  1.117]  q_goal=[ 0.405  0.521 -0.02  -2.181  0.024  2.702  1.072]
2026-04-14T18:30:24 [INFO    ] franka_prm: Arm2: using PRM file '/home/ros_ws/src/devel_packages/prm/prm_files_10k/myPRM_arm2_labelZone1.p'
2026-04-14T18:30:25 [INFO    ] franka_prm: PRM loaded from '/home/ros_ws/src/devel_packages/prm/prm_files_10k/myPRM_arm2_labelZone1.p': 10000 nodes, 95792 edges, 5 components
2026-04-14T18:30:25 [INFO    ] franka_prm:   obstacles in PRM: 9
2026-04-14T18:30:25 [INFO    ] franka_prm:   Arm2 FK  q_init -> EE pos [0.5144 0.2071 0.2249]
2026-04-14T18:30:25 [INFO    ] franka_prm:   Arm2 FK  q_goal -> EE pos [0.5147 0.2072 0.0251]
2026-04-14T18:30:26 [INFO    ] franka_prm:  Arm2 find_neighbors(init): 20 found, 0 edge-blocked among top-20 candidates
2026-04-14T18:30:26 [INFO    ] franka_prm:  Arm2 find_neighbors(goal): 19 found, 1 edge-blocked among top-20 candidates
2026-04-14T18:30:26 [INFO    ] franka_prm: Neighbors found — init: 20, goal: 19
2026-04-14T18:30:26 [INFO    ] franka_prm: Plan ready: 2 waypoints after shortcutting
2026-04-14T18:30:26 [INFO    ] franka_prm: [arm2] Waypoint execution: 1 segments at 0.500 rad/s
2026-04-14T18:30:26 [INFO    ] franka_prm: [arm2] Moving to waypoint 1/1 (len=0.7100 rad, dur=1.42s): [ 0.4051  0.5215 -0.0202 -2.181   0.0237  2.7023  1.072 ]
2026-04-14T18:30:26 [INFO    ] franka_prm: [arm2]   FK EE pos: [0.5147 0.2072 0.0251]  rot:
[[ 0.9968  0.0795  0.    ]
 [ 0.0795 -0.9968 -0.    ]
 [ 0.      0.     -1.    ]]
2026-04-14T18:30:28 [INFO    ] franka_prm: [arm2] Waypoint 1/1 reached
2026-04-14T18:30:28 [INFO    ] franka_prm: [arm2] Waypoint execution complete
2026-04-14T18:30:29 [INFO    ] franka_prm: Arm1  q_init=[-0.511  0.204 -0.977 -2.15   0.218  2.253 -0.831]  q_goal=[ 0.296  0.995  0.057 -0.772 -0.049  1.766  1.122]
2026-04-14T18:30:29 [INFO    ] franka_prm: Arm1: using PRM file '/home/ros_ws/src/devel_packages/prm/prm_files_10k/myPRM_arm1_labelZone2.p'
2026-04-14T18:30:29 [INFO    ] franka_prm: Arm2  q_init=[ 0.405  0.52  -0.019 -2.18   0.023  2.702  1.072]  q_goal=[ 0.134  0.123  0.254 -2.149 -0.04   2.268  1.117]
2026-04-14T18:30:29 [INFO    ] franka_prm: Arm2: using PRM file '/home/ros_ws/src/devel_packages/prm/prm_files_10k/myPRM_arm2_labelZone1.p'
2026-04-14T18:30:29 [INFO    ] franka_prm: PRM loaded from '/home/ros_ws/src/devel_packages/prm/prm_files_10k/myPRM_arm1_labelZone2.p': 10000 nodes, 97631 edges, 5 components
2026-04-14T18:30:29 [INFO    ] franka_prm:   obstacles in PRM: 9
2026-04-14T18:30:29 [INFO    ] franka_prm:   Arm1 FK  q_init -> EE pos [ 0.0595 -0.5501  0.225 ]
2026-04-14T18:30:29 [INFO    ] franka_prm:   Arm1 FK  q_goal -> EE pos [0.75   0.25   0.2141]
2026-04-14T18:30:30 [INFO    ] franka_prm: PRM loaded from '/home/ros_ws/src/devel_packages/prm/prm_files_10k/myPRM_arm2_labelZone1.p': 10000 nodes, 95792 edges, 5 components
2026-04-14T18:30:30 [INFO    ] franka_prm:   obstacles in PRM: 9
2026-04-14T18:30:30 [INFO    ] franka_prm:   Arm2 FK  q_init -> EE pos [0.5155 0.2079 0.0263]
2026-04-14T18:30:30 [INFO    ] franka_prm:   Arm2 FK  q_goal -> EE pos [0.5147 0.2072 0.2251]
2026-04-14T18:30:31 [INFO    ] franka_prm:  Arm1 find_neighbors(init): 20 found, 0 edge-blocked among top-20 candidates
2026-04-14T18:30:31 [INFO    ] franka_prm:  Arm2 find_neighbors(init): 19 found, 1 edge-blocked among top-20 candidates
2026-04-14T18:30:32 [INFO    ] franka_prm:  Arm1 find_neighbors(goal): 1 found, 19 edge-blocked among top-20 candidates
2026-04-14T18:30:32 [INFO    ] franka_prm: Neighbors found — init: 20, goal: 1
2026-04-14T18:30:33 [INFO    ] franka_prm:  Arm2 find_neighbors(goal): 20 found, 0 edge-blocked among top-20 candidates
2026-04-14T18:30:33 [INFO    ] franka_prm: Neighbors found — init: 19, goal: 20
2026-04-14T18:30:33 [INFO    ] franka_prm: Plan ready: 2 waypoints after shortcutting
2026-04-14T18:30:33 [INFO    ] franka_prm: [arm2] Waypoint execution: 1 segments at 0.500 rad/s
2026-04-14T18:30:33 [INFO    ] franka_prm: [arm2] Moving to waypoint 1/1 (len=0.7074 rad, dur=1.41s): [ 0.1337  0.1234  0.2535 -2.1487 -0.0403  2.2679  1.117 ]
2026-04-14T18:30:33 [INFO    ] franka_prm: [arm2]   FK EE pos: [0.5147 0.2072 0.2251]  rot:
[[ 0.9968  0.0795 -0.    ]
 [ 0.0795 -0.9968 -0.    ]
 [-0.      0.     -1.    ]]
2026-04-14T18:30:35 [INFO    ] franka_prm: [arm2] Waypoint 1/1 reached
2026-04-14T18:30:35 [INFO    ] franka_prm: [arm2] Waypoint execution complete
2026-04-14T18:30:35 [INFO    ] franka_prm: Arm2  q_init=[ 0.134  0.124  0.253 -2.149 -0.04   2.268  1.117]  q_goal=[-0.065 -1.272  0.036 -2.707  0.034  1.435  0.736]
2026-04-14T18:30:35 [INFO    ] franka_prm: Arm2: using PRM file '/home/ros_ws/src/devel_packages/prm/prm_files_10k/myPRM_arm2_labelZone1.p'
2026-04-14T18:30:35 [INFO    ] franka_prm: PRM loaded from '/home/ros_ws/src/devel_packages/prm/prm_files_10k/myPRM_arm2_labelZone1.p': 10000 nodes, 95792 edges, 5 components
2026-04-14T18:30:35 [INFO    ] franka_prm:   obstacles in PRM: 9
2026-04-14T18:30:35 [INFO    ] franka_prm:   Arm2 FK  q_init -> EE pos [0.5144 0.2073 0.2245]
2026-04-14T18:30:35 [INFO    ] franka_prm:   Arm2 FK  q_goal -> EE pos [0.18  0.001 0.41 ]
2026-04-14T18:30:36 [INFO    ] franka_prm: Plan ready: 6 waypoints after shortcutting
2026-04-14T18:30:36 [INFO    ] franka_prm: [arm1] Waypoint execution: 5 segments at 0.500 rad/s
2026-04-14T18:30:36 [INFO    ] franka_prm: [arm1] Moving to waypoint 1/5 (len=1.8748 rad, dur=3.75s): [-0.2305 -0.194  -0.28   -1.1566 -0.0646  0.971  -0.542 ]
2026-04-14T18:30:36 [INFO    ] franka_prm: [arm1]   FK EE pos: [ 0.3156 -0.2156  0.7147]  rot:
[[ 0.7071  0.7071  0.    ]
 [ 0.7071 -0.7071  0.    ]
 [ 0.      0.     -1.    ]]
2026-04-14T18:30:37 [INFO    ] franka_prm:  Arm2 find_neighbors(init): 20 found, 0 edge-blocked among top-20 candidates
2026-04-14T18:30:37 [INFO    ] franka_prm:  Arm2 find_neighbors(goal): 20 found, 0 edge-blocked among top-20 candidates
2026-04-14T18:30:37 [INFO    ] franka_prm: Neighbors found — init: 20, goal: 20
2026-04-14T18:30:40 [INFO    ] franka_prm: [arm1] Waypoint 1/5 reached
2026-04-14T18:30:40 [INFO    ] franka_prm: [arm1] Moving to waypoint 2/5 (len=0.7039 rad, dur=1.41s): [ 0.029  -0.19    0.0103 -1.1549  0.0024  0.9649  0.0405]
2026-04-14T18:30:40 [INFO    ] franka_prm: [arm1]   FK EE pos: [0.3777 0.0161 0.717 ]  rot:
[[ 0.7071  0.7071  0.    ]
 [ 0.7071 -0.7071  0.    ]
 [ 0.      0.     -1.    ]]
2026-04-14T18:30:40 [INFO    ] franka_prm: Plan ready: 3 waypoints after shortcutting
2026-04-14T18:30:41 [INFO    ] franka_prm: [arm2] Waypoint execution: 2 segments at 0.500 rad/s
2026-04-14T18:30:41 [INFO    ] franka_prm: [arm2] Moving to waypoint 1/2 (len=1.0861 rad, dur=2.17s): [ 0.0954 -0.4612  0.4047 -2.1511  0.1781  1.7202  0.4349]
2026-04-14T18:30:41 [INFO    ] franka_prm: [arm2]   FK EE pos: [0.3535 0.2408 0.4445]  rot:
[[ 0.7071  0.7071  0.    ]
 [ 0.7071 -0.7071  0.    ]
 [ 0.      0.     -1.    ]]
2026-04-14T18:30:42 [INFO    ] franka_prm: [arm1] Waypoint 2/5 reached
2026-04-14T18:30:42 [INFO    ] franka_prm: [arm1] Moving to waypoint 3/5 (len=1.4259 rad, dur=2.85s): [ 0.5909  0.7277  0.1576 -0.6988 -0.1057  1.4211  0.6931]
2026-04-14T18:30:42 [INFO    ] franka_prm: [arm1]   FK EE pos: [0.5738 0.4461 0.4247]  rot:
[[ 0.7071  0.7071  0.    ]
 [ 0.7071 -0.7071  0.    ]
 [ 0.     -0.     -1.    ]]
2026-04-14T18:30:43 [INFO    ] franka_prm: [arm2] Waypoint 1/2 reached
2026-04-14T18:30:43 [INFO    ] franka_prm: [arm2] Moving to waypoint 2/2 (len=1.1491 rad, dur=2.30s): [-0.065  -1.2718  0.0356 -2.707   0.0343  1.4354  0.7355]
2026-04-14T18:30:43 [INFO    ] franka_prm: [arm2]   FK EE pos: [0.18  0.001 0.41 ]  rot:
[[ 1.  0. -0.]
 [ 0. -1.  0.]
 [-0. -0. -1.]]
2026-04-14T18:30:45 [INFO    ] franka_prm: [arm1] Waypoint 3/5 reached
2026-04-14T18:30:45 [INFO    ] franka_prm: [arm1] Moving to waypoint 4/5 (len=0.6576 rad, dur=1.32s): [ 0.3086  1.1302  0.308  -0.6086 -0.2808  1.7142  0.4847]
2026-04-14T18:30:45 [INFO    ] franka_prm: [arm1]   FK EE pos: [0.7315 0.3239 0.1918]  rot:
[[ 0.7071  0.7071 -0.    ]
 [ 0.7071 -0.7071 -0.    ]
 [-0.     -0.     -1.    ]]
2026-04-14T18:30:46 [INFO    ] franka_prm: [arm2] Waypoint 2/2 reached
2026-04-14T18:30:46 [INFO    ] franka_prm: [arm2] Waypoint execution complete
2026-04-14T18:30:47 [INFO    ] franka_prm: [arm1] Waypoint 4/5 reached
2026-04-14T18:30:47 [INFO    ] franka_prm: [arm1] Moving to waypoint 5/5 (len=0.7558 rad, dur=1.51s): [ 0.2962  0.9946  0.0571 -0.7723 -0.0488  1.7659  1.1222]
2026-04-14T18:30:47 [INFO    ] franka_prm: [arm1]   FK EE pos: [0.75   0.25   0.2141]  rot:
[[ 1.  0.  0.]
 [ 0. -1. -0.]
 [ 0.  0. -1.]]
2026-04-14T18:30:49 [INFO    ] franka_prm: [arm1] Waypoint 5/5 reached
2026-04-14T18:30:49 [INFO    ] franka_prm: [arm1] Waypoint execution complete
2026-04-14T18:30:58 [INFO    ] franka_prm: Arm1  q_init=[ 0.    -0.785  0.    -2.356 -0.     1.571  0.786]  q_goal=[-0.249  1.004 -0.17  -0.736  0.145  1.731  0.421]
2026-04-14T18:30:58 [INFO    ] franka_prm: Arm1: using PRM file '/home/ros_ws/src/devel_packages/prm/prm_files_10k/myPRM_arm1_free.p'
2026-04-14T18:30:59 [INFO    ] franka_prm: PRM loaded from '/home/ros_ws/src/devel_packages/prm/prm_files_10k/myPRM_arm1_free.p': 10000 nodes, 98424 edges, 6 components
2026-04-14T18:30:59 [INFO    ] franka_prm:   obstacles in PRM: 8
2026-04-14T18:30:59 [INFO    ] franka_prm:   Arm1 FK  q_init -> EE pos [ 0.3071 -0.      0.469 ]
2026-04-14T18:30:59 [INFO    ] franka_prm:   Arm1 FK  q_goal -> EE pos [ 0.75   -0.25    0.2251]
2026-04-14T18:30:59 [INFO    ] franka_prm:  Arm1 find_neighbors(init): 20 found, 0 edge-blocked among top-20 candidates
2026-04-14T18:31:00 [INFO    ] franka_prm:  Arm1 find_neighbors(goal): 20 found, 0 edge-blocked among top-20 candidates
2026-04-14T18:31:00 [INFO    ] franka_prm: Neighbors found — init: 20, goal: 20
2026-04-14T18:31:00 [INFO    ] franka_prm: Plan ready: 2 waypoints after shortcutting
2026-04-14T18:31:00 [INFO    ] franka_prm: [arm1] Waypoint execution: 1 segments at 0.500 rad/s
2026-04-14T18:31:00 [INFO    ] franka_prm: [arm1] Moving to waypoint 1/1 (len=2.4686 rad, dur=4.94s): [-0.249   1.0035 -0.1703 -0.7361  0.1453  1.7313  0.4209]
2026-04-14T18:31:00 [INFO    ] franka_prm: [arm1]   FK EE pos: [ 0.75   -0.25    0.2251]  rot:
[[ 1. -0.  0.]
 [-0. -1.  0.]
 [ 0. -0. -1.]]
2026-04-14T18:31:03 [INFO    ] franka_prm: Arm2: cached 9 obstacles from '/home/ros_ws/src/devel_packages/prm/prm_files_10k/myPRM_arm2_labelZone2.p'
2026-04-14T18:31:03 [INFO    ] franka_prm: Arm2  q_init=[-0.065 -1.272  0.036 -2.707  0.035  1.436  0.736]  q_goal=[-0.294  0.275 -0.344 -1.95   0.114  2.207 -1.49 ]
2026-04-14T18:31:03 [INFO    ] franka_prm: Arm2: using PRM file '/home/ros_ws/src/devel_packages/prm/prm_files_10k/myPRM_arm2_labelZone2.p'
2026-04-14T18:31:03 [INFO    ] franka_prm: PRM loaded from '/home/ros_ws/src/devel_packages/prm/prm_files_10k/myPRM_arm2_labelZone2.p': 10000 nodes, 95993 edges, 2 components
2026-04-14T18:31:03 [INFO    ] franka_prm:   obstacles in PRM: 9
2026-04-14T18:31:03 [INFO    ] franka_prm:   Arm2 FK  q_init -> EE pos [0.1801 0.0012 0.41  ]
2026-04-14T18:31:03 [INFO    ] franka_prm:   Arm2 FK  q_goal -> EE pos [ 0.4943 -0.3509  0.2254]
2026-04-14T18:31:04 [INFO    ] franka_prm:  Arm2 find_neighbors(init): 20 found, 0 edge-blocked among top-20 candidates
2026-04-14T18:31:04 [INFO    ] franka_prm:  Arm2 find_neighbors(goal): 13 found, 7 edge-blocked among top-20 candidates
2026-04-14T18:31:04 [INFO    ] franka_prm: Neighbors found — init: 20, goal: 13
2026-04-14T18:31:05 [INFO    ] franka_prm: [arm1] Waypoint 1/1 reached
2026-04-14T18:31:05 [INFO    ] franka_prm: [arm1] Waypoint execution complete
2026-04-14T18:31:05 [INFO    ] franka_prm: Arm1  q_init=[-0.249  1.003 -0.17  -0.736  0.145  1.731  0.421]  q_goal=[-0.243  1.256 -0.164 -0.818  0.177  2.063  0.406]
2026-04-14T18:31:05 [INFO    ] franka_prm: Arm1: using PRM file '/home/ros_ws/src/devel_packages/prm/prm_files_10k/myPRM_arm1_free.p'
2026-04-14T18:31:05 [INFO    ] franka_prm: PRM loaded from '/home/ros_ws/src/devel_packages/prm/prm_files_10k/myPRM_arm1_free.p': 10000 nodes, 98424 edges, 6 components
2026-04-14T18:31:05 [INFO    ] franka_prm:   obstacles in PRM: 8
2026-04-14T18:31:05 [INFO    ] franka_prm:   Arm1 FK  q_init -> EE pos [ 0.7499 -0.2498  0.2251]
2026-04-14T18:31:05 [INFO    ] franka_prm:   Arm1 FK  q_goal -> EE pos [ 0.75   -0.25    0.0151]
2026-04-14T18:31:06 [ERROR   ] franka_prm: Goal configuration is in collision: [-0.243  1.256 -0.164 -0.818  0.177  2.063  0.406]
2026-04-14T18:31:06 [ERROR   ] franka_prm:   [q_goal] robot block 11 (joint_frame=7, center=[ 0.766 -0.253  0.065]) collides with obstacle 0 (center=[ 0.961  0.    -0.45 ])
2026-04-14T18:31:06 [ERROR   ] franka_prm:   [q_goal] robot block 12 (joint_frame=8, center=[ 0.75  -0.25  -0.019]) collides with obstacle 0 (center=[ 0.961  0.    -0.45 ])
2026-04-14T18:31:08 [INFO    ] franka_prm: Plan ready: 3 waypoints after shortcutting
2026-04-14T18:31:08 [INFO    ] franka_prm: [arm2] Waypoint execution: 2 segments at 0.500 rad/s
2026-04-14T18:31:08 [INFO    ] franka_prm: [arm2] Moving to waypoint 1/2 (len=1.0729 rad, dur=2.15s): [ 0.1419 -1.016  -0.4232 -2.6984 -0.3604  1.715  -0.0371]
2026-04-14T18:31:08 [INFO    ] franka_prm: [arm2]   FK EE pos: [ 0.2559 -0.1127  0.3563]  rot:
[[ 0.707   0.7072  0.0002]
 [ 0.7072 -0.707   0.    ]
 [ 0.0002  0.0001 -1.    ]]
2026-04-14T18:31:10 [INFO    ] franka_prm: [arm2] Waypoint 1/2 reached
2026-04-14T18:31:10 [INFO    ] franka_prm: [arm2] Moving to waypoint 2/2 (len=2.2369 rad, dur=4.47s): [-0.2943  0.2754 -0.3435 -1.9499  0.1141  2.2069 -1.4904]
2026-04-14T18:31:10 [INFO    ] franka_prm: [arm2]   FK EE pos: [ 0.4943 -0.3509  0.2254]  rot:
[[-0.0112  0.9999  0.    ]
 [ 0.9999  0.0112 -0.    ]
 [-0.      0.     -1.    ]]
2026-04-14T18:31:14 [INFO    ] franka_prm: [arm2] Waypoint 2/2 reached
2026-04-14T18:31:14 [INFO    ] franka_prm: [arm2] Waypoint execution complete
2026-04-14T18:31:15 [INFO    ] franka_prm: Arm2  q_init=[-0.294  0.275 -0.344 -1.951  0.114  2.206 -1.49 ]  q_goal=[-0.575  0.622 -0.041 -1.983  0.047  2.605 -1.445]
2026-04-14T18:31:15 [INFO    ] franka_prm: Arm2: using PRM file '/home/ros_ws/src/devel_packages/prm/prm_files_10k/myPRM_arm2_labelZone2.p'
2026-04-14T18:31:15 [INFO    ] franka_prm: PRM loaded from '/home/ros_ws/src/devel_packages/prm/prm_files_10k/myPRM_arm2_labelZone2.p': 10000 nodes, 95993 edges, 2 components
2026-04-14T18:31:15 [INFO    ] franka_prm:   obstacles in PRM: 9
2026-04-14T18:31:15 [INFO    ] franka_prm:   Arm2 FK  q_init -> EE pos [ 0.494  -0.3506  0.2251]
2026-04-14T18:31:15 [INFO    ] franka_prm:   Arm2 FK  q_goal -> EE pos [ 0.4943 -0.3509  0.0254]
2026-04-14T18:31:15 [INFO    ] franka_prm:  Arm2 find_neighbors(init): 13 found, 7 edge-blocked among top-20 candidates
2026-04-14T18:31:16 [INFO    ] franka_prm:  Arm2 find_neighbors(goal): 11 found, 9 edge-blocked among top-20 candidates
2026-04-14T18:31:16 [INFO    ] franka_prm: Neighbors found — init: 13, goal: 11
2026-04-14T18:31:16 [INFO    ] franka_prm: Plan ready: 2 waypoints after shortcutting
2026-04-14T18:31:16 [INFO    ] franka_prm: [arm2] Waypoint execution: 1 segments at 0.500 rad/s
2026-04-14T18:31:16 [INFO    ] franka_prm: [arm2] Moving to waypoint 1/1 (len=0.6763 rad, dur=1.35s): [-0.575   0.6224 -0.0411 -1.9835  0.0469  2.605  -1.4453]
2026-04-14T18:31:16 [INFO    ] franka_prm: [arm2]   FK EE pos: [ 0.4943 -0.3509  0.0254]  rot:
[[-0.0112  0.9999  0.    ]
 [ 0.9999  0.0112 -0.    ]
 [-0.      0.     -1.    ]]
2026-04-14T18:31:18 [INFO    ] franka_prm: [arm2] Waypoint 1/1 reached
2026-04-14T18:31:18 [INFO    ] franka_prm: [arm2] Waypoint execution complete
2026-04-14T18:31:19 [INFO    ] franka_prm: Arm2  q_init=[-0.575  0.62  -0.041 -1.983  0.047  2.605 -1.446]  q_goal=[-0.294  0.275 -0.344 -1.95   0.114  2.207 -1.49 ]
2026-04-14T18:31:19 [INFO    ] franka_prm: Arm2: using PRM file '/home/ros_ws/src/devel_packages/prm/prm_files_10k/myPRM_arm2_labelZone2.p'
2026-04-14T18:31:19 [INFO    ] franka_prm: PRM loaded from '/home/ros_ws/src/devel_packages/prm/prm_files_10k/myPRM_arm2_labelZone2.p': 10000 nodes, 95993 edges, 2 components
2026-04-14T18:31:19 [INFO    ] franka_prm:   obstacles in PRM: 9
2026-04-14T18:31:19 [INFO    ] franka_prm:   Arm2 FK  q_init -> EE pos [ 0.495  -0.3516  0.0268]
2026-04-14T18:31:19 [INFO    ] franka_prm:   Arm2 FK  q_goal -> EE pos [ 0.4943 -0.3509  0.2254]
2026-04-14T18:31:20 [INFO    ] franka_prm:  Arm2 find_neighbors(init): 11 found, 9 edge-blocked among top-20 candidates
2026-04-14T18:31:20 [INFO    ] franka_prm:  Arm2 find_neighbors(goal): 13 found, 7 edge-blocked among top-20 candidates
2026-04-14T18:31:20 [INFO    ] franka_prm: Neighbors found — init: 11, goal: 13
2026-04-14T18:31:20 [INFO    ] franka_prm: Plan ready: 2 waypoints after shortcutting
2026-04-14T18:31:20 [INFO    ] franka_prm: [arm2] Waypoint execution: 1 segments at 0.500 rad/s
2026-04-14T18:31:20 [INFO    ] franka_prm: [arm2] Moving to waypoint 1/1 (len=0.6745 rad, dur=1.35s): [-0.2943  0.2754 -0.3435 -1.9499  0.1141  2.2069 -1.4904]
2026-04-14T18:31:20 [INFO    ] franka_prm: [arm2]   FK EE pos: [ 0.4943 -0.3509  0.2254]  rot:
[[-0.0112  0.9999  0.    ]
 [ 0.9999  0.0112 -0.    ]
 [-0.      0.     -1.    ]]
2026-04-14T18:31:20 [CRITICAL] franka_prm: [arm2] _execute_plan_waypoints crashed
Traceback (most recent call last):
  File "/home/ros_ws/src/devel_packages/orio/../prm/franka_prm_single_arm.py", line 1099, in _execute_plan_waypoints
    self.fa.goto_joints(q, duration=dur, dynamic=False)
  File "/home/ros_ws/src/git_packages/frankapy/frankapy/franka_arm.py", line 684, in goto_joints
    self._send_goal(goal,
  File "/home/ros_ws/src/git_packages/frankapy/frankapy/franka_arm.py", line 308, in _send_goal
    self.wait_for_skill()
  File "/home/ros_ws/src/git_packages/frankapy/frankapy/franka_arm.py", line 190, in wait_for_skill
    while not self.is_skill_done():
  File "/home/ros_ws/src/git_packages/frankapy/frankapy/franka_arm.py", line 225, in is_skill_done
    franka_interface_status = self._get_current_franka_interface_status().franka_interface_status
  File "/opt/ros/noetic/lib/python3/dist-packages/rospy/impl/tcpros_service.py", line 442, in __call__
    return self.call(*args, **kwds)
  File "/opt/ros/noetic/lib/python3/dist-packages/rospy/impl/tcpros_service.py", line 525, in call
    raise ServiceException("service [%s] returned no response"%self.resolved_name)
rospy.service.ServiceException: service [/get_current_franka_interface_status_server_node_2/get_current_franka_interface_status_server] returned no response
