2026-04-08T21:50:04 [INFO    ] test_prm: Log file: /home/ros_ws/src/devel_packages/prm/logs/20260408_215004_arm1_zone1_5poses_sim-only/run.log
2026-04-08T21:50:04 [INFO    ] test_prm: Run directory: /home/ros_ws/src/devel_packages/prm/logs/20260408_215004_arm1_zone1_5poses_sim-only
2026-04-08T21:50:04 [INFO    ] test_prm: Config | arm=1  zone=1  poses=5  mode=sim-only  seed=42  traj=minjerk
2026-04-08T21:50:04 [INFO    ] test_prm: Run config saved → /home/ros_ws/src/devel_packages/prm/logs/20260408_215004_arm1_zone1_5poses_sim-only/config.json
2026-04-08T21:50:04 [INFO    ] test_prm: Loading PRM from: /home/ros_ws/src/devel_packages/prm/prm_files/myPRM_arm1_labelZone1.p
2026-04-08T21:50:04 [INFO    ] test_prm: PRM loaded (1000 vertices)
2026-04-08T21:50:05 [INFO    ] test_prm: Sampling 5 valid poses (seed=42)…
2026-04-08T21:50:05 [INFO    ] test_prm:   Pose 1/5 sampled after 1 attempts — pos=[0.300, -0.439, 0.557]
2026-04-08T21:50:05 [INFO    ] test_prm:   Pose 2/5 sampled after 17 attempts — pos=[0.248, -0.359, 0.451]
2026-04-08T21:50:05 [INFO    ] test_prm:   Pose 3/5 sampled after 1 attempts — pos=[0.221, -0.449, 0.349]
2026-04-08T21:50:05 [INFO    ] test_prm:   Pose 4/5 sampled after 1 attempts — pos=[0.098, 0.305, 0.637]
2026-04-08T21:50:05 [INFO    ] test_prm:   Pose 5/5 sampled after 8 attempts — pos=[0.170, -0.591, 0.590]
2026-04-08T21:50:05 [INFO    ] test_prm: All 5 poses sampled successfully.
2026-04-08T21:50:05 [INFO    ] test_prm: Sampled poses saved → /home/ros_ws/src/devel_packages/prm/logs/20260408_215004_arm1_zone1_5poses_sim-only/sampled_poses.json
2026-04-08T21:50:05 [INFO    ] test_prm: Initialising SingleArmExecutor (arm=1, sim_only=True)…
2026-04-08T21:50:05 [INFO    ] franka_prm: Arm1: offline collision checker initialized
2026-04-08T21:50:05 [INFO    ] franka_prm: Arm1: sim-only mode — skipping real robot connection
2026-04-08T21:50:05 [INFO    ] test_prm: Sim-only: using default q_start: [ 0.  -0.5  0.  -2.   0.   1.5  0.8]
2026-04-08T21:50:06 [INFO    ] test_prm: MuJoCo visualizer created
2026-04-08T21:50:06 [INFO    ] test_prm: ═══ Pose 0 | pos=[0.300, -0.439, 0.557] | mode=sim-only ═══
2026-04-08T21:50:06 [ERROR   ] test_prm: Pose 0: PRM planning FAILED (0.02 s) — skipping
2026-04-08T21:50:06 [INFO    ] test_prm: Pose 0 done in 0.02 s — cumulative: 0.02 s
2026-04-08T21:50:06 [INFO    ] test_prm: ═══ Pose 1 | pos=[0.248, -0.359, 0.451] | mode=sim-only ═══
2026-04-08T21:50:06 [ERROR   ] test_prm: Pose 1: PRM planning FAILED (0.03 s) — skipping
2026-04-08T21:50:06 [INFO    ] test_prm: Pose 1 done in 0.03 s — cumulative: 0.06 s
2026-04-08T21:50:06 [INFO    ] test_prm: ═══ Pose 2 | pos=[0.221, -0.449, 0.349] | mode=sim-only ═══
2026-04-08T21:50:06 [ERROR   ] test_prm: Pose 2: PRM planning FAILED (0.05 s) — skipping
2026-04-08T21:50:06 [INFO    ] test_prm: Pose 2 done in 0.05 s — cumulative: 0.11 s
2026-04-08T21:50:06 [INFO    ] test_prm: ═══ Pose 3 | pos=[0.098, 0.305, 0.637] | mode=sim-only ═══
2026-04-08T21:50:06 [ERROR   ] test_prm: Pose 3: PRM planning FAILED (0.05 s) — skipping
2026-04-08T21:50:06 [INFO    ] test_prm: Pose 3 done in 0.05 s — cumulative: 0.16 s
2026-04-08T21:50:06 [INFO    ] test_prm: ═══ Pose 4 | pos=[0.170, -0.591, 0.590] | mode=sim-only ═══
2026-04-08T21:50:06 [ERROR   ] test_prm: Pose 4: PRM planning FAILED (0.05 s) — skipping
2026-04-08T21:50:06 [INFO    ] test_prm: Pose 4 done in 0.05 s — cumulative: 0.21 s
2026-04-08T21:50:06 [INFO    ] test_prm: Summary saved → /home/ros_ws/src/devel_packages/prm/logs/20260408_215004_arm1_zone1_5poses_sim-only/summary.json
2026-04-08T21:50:06 [INFO    ] test_prm: All 5 poses complete in 0.21 s total.
2026-04-08T21:50:06 [INFO    ] test_prm: Holding MuJoCo viewer open — close the window to exit.
