2026-04-08T22:06:07 [INFO    ] test_prm: Log file: /home/ros_ws/src/devel_packages/prm/logs/20260408_220607_arm1_free_5poses_sim-only/run.log
2026-04-08T22:06:07 [INFO    ] test_prm: Run directory: /home/ros_ws/src/devel_packages/prm/logs/20260408_220607_arm1_free_5poses_sim-only
2026-04-08T22:06:07 [INFO    ] test_prm: Config | arm=1  zone=free  poses=5  mode=sim-only  seed=42  traj=minjerk
2026-04-08T22:06:07 [INFO    ] test_prm: Run config saved → /home/ros_ws/src/devel_packages/prm/logs/20260408_220607_arm1_free_5poses_sim-only/config.json
2026-04-08T22:06:07 [INFO    ] test_prm: Loading PRM from: /home/ros_ws/src/devel_packages/prm/prm_files/myPRM_arm1_free.p
2026-04-08T22:06:07 [INFO    ] test_prm: PRM loaded (1000 vertices)
2026-04-08T22:06:07 [INFO    ] test_prm: Sampling 5 valid poses (seed=42)…
2026-04-08T22:06:07 [INFO    ] test_prm:   Pose 1/5 sampled after 1 attempts — pos=[0.300, -0.439, 0.557]
2026-04-08T22:06:07 [INFO    ] test_prm:   Pose 2/5 sampled after 5 attempts — pos=[0.882, 0.380, 0.461]
2026-04-08T22:06:07 [INFO    ] test_prm:   Pose 3/5 sampled after 12 attempts — pos=[0.248, -0.359, 0.451]
2026-04-08T22:06:07 [INFO    ] test_prm:   Pose 4/5 sampled after 1 attempts — pos=[0.221, -0.449, 0.349]
2026-04-08T22:06:07 [INFO    ] test_prm:   Pose 5/5 sampled after 1 attempts — pos=[0.098, 0.305, 0.637]
2026-04-08T22:06:07 [INFO    ] test_prm: All 5 poses sampled successfully.
2026-04-08T22:06:07 [INFO    ] test_prm: Sampled poses saved → /home/ros_ws/src/devel_packages/prm/logs/20260408_220607_arm1_free_5poses_sim-only/sampled_poses.json
2026-04-08T22:06:08 [INFO    ] test_prm: Initialising SingleArmExecutor (arm=1, sim_only=True)…
2026-04-08T22:06:08 [INFO    ] franka_prm: Arm1: offline collision checker initialized
2026-04-08T22:06:08 [INFO    ] franka_prm: Arm1: sim-only mode — skipping real robot connection
2026-04-08T22:06:08 [INFO    ] test_prm: Sim-only: using default q_start: [ 0.  -0.5  0.  -2.   0.   1.5  0.8]
2026-04-08T22:06:08 [INFO    ] test_prm: MuJoCo visualizer created
2026-04-08T22:06:08 [INFO    ] test_prm: ═══ Pose 0 | pos=[0.300, -0.439, 0.557] | mode=sim-only ═══
2026-04-08T22:06:09 [INFO    ] test_prm: Pose 0: planning OK — 2 waypoints in 1.16 s
2026-04-08T22:06:09 [INFO    ] test_prm: PRM waypoints saved  → /home/ros_ws/src/devel_packages/prm/logs/20260408_220607_arm1_free_5poses_sim-only/prm_run_pose000_x0.300_y-0.439_z0.557.pkl
2026-04-08T22:06:09 [INFO    ] test_prm: Interpolated traj    → /home/ros_ws/src/devel_packages/prm/logs/20260408_220607_arm1_free_5poses_sim-only/traj_pose000_x0.300_y-0.439_z0.557.npy  shape=(1001, 7)
2026-04-08T22:06:29 [INFO    ] test_prm: Pose 0: execution complete
2026-04-08T22:06:29 [INFO    ] test_prm: Pose 0 done in 21.32 s — cumulative: 21.32 s
2026-04-08T22:06:29 [INFO    ] test_prm: ═══ Pose 1 | pos=[0.882, 0.380, 0.461] | mode=sim-only ═══
2026-04-08T22:06:35 [INFO    ] test_prm: Pose 1: planning OK — 3 waypoints in 5.19 s
2026-04-08T22:06:35 [INFO    ] test_prm: PRM waypoints saved  → /home/ros_ws/src/devel_packages/prm/logs/20260408_220607_arm1_free_5poses_sim-only/prm_run_pose001_x0.882_y0.380_z0.461.pkl
2026-04-08T22:06:35 [INFO    ] test_prm: Interpolated traj    → /home/ros_ws/src/devel_packages/prm/logs/20260408_220607_arm1_free_5poses_sim-only/traj_pose001_x0.882_y0.380_z0.461.npy  shape=(1001, 7)
2026-04-08T22:06:55 [INFO    ] test_prm: Pose 1: execution complete
2026-04-08T22:06:55 [INFO    ] test_prm: Pose 1 done in 25.34 s — cumulative: 46.67 s
2026-04-08T22:06:55 [INFO    ] test_prm: ═══ Pose 2 | pos=[0.248, -0.359, 0.451] | mode=sim-only ═══
2026-04-08T22:06:56 [INFO    ] test_prm: Pose 2: planning OK — 2 waypoints in 1.76 s
2026-04-08T22:06:56 [INFO    ] test_prm: PRM waypoints saved  → /home/ros_ws/src/devel_packages/prm/logs/20260408_220607_arm1_free_5poses_sim-only/prm_run_pose002_x0.248_y-0.359_z0.451.pkl
2026-04-08T22:06:56 [INFO    ] test_prm: Interpolated traj    → /home/ros_ws/src/devel_packages/prm/logs/20260408_220607_arm1_free_5poses_sim-only/traj_pose002_x0.248_y-0.359_z0.451.npy  shape=(1001, 7)
