2026-04-23 09:25:42,904 INFO     [Logger] File log started: /home/ros_ws/src/devel_packages/orio/logs/orio_run_20260423_092542.log
2026-04-23 09:25:42,904 INFO     [Main] Node started. Log file: /home/ros_ws/src/devel_packages/orio/logs/orio_run_20260423_092542.log
2026-04-23 09:25:49,190 INFO     [Main] Operator input — item='rewthd'  expiry='1111-11-11'
2026-04-23 09:25:49,190 INFO     [Hardware] Initializing Robot Hardware...
2026-04-23 09:25:49,792 INFO     [Hardware] Resetting both arms to home joints
2026-04-23 09:25:59,946 INFO     [Hardware] Poses loaded from joint_angles.json
2026-04-23 09:25:59,956 INFO     [Hardware] Initialization complete
2026-04-23 09:25:59,960 INFO     [Main] Starting state machine execution
2026-04-23 09:25:59,961 INFO     [GetLabel] Entering state
2026-04-23 09:25:59,962 DEBUG    [TaskSelector] Evaluating zone states: {'A': 'EMPTY', 'B': 'EMPTY'}  busy: {'A': False, 'B': False}
2026-04-23 09:25:59,963 INFO     [TaskSelector] → do_load (empty zone available)
2026-04-23 09:25:59,964 INFO     [FetchInput] Entering state
2026-04-23 09:26:00,530 INFO     [Service] /compute_grasps → success=True msg='Published 2 PnP poses.'
2026-04-23 09:26:00,530 INFO     [FetchInput] Grasp pose received: x=0.0257 y=-0.5125 z=0.1758
2026-04-23 09:26:00,531 INFO     [IK] compute_pick_joints called — task_pos=[ 0.0257 -0.5125  0.1758] label_zone=None max_attempts=10 check_collisions=False arm_number=None
2026-04-23 09:26:00,553 INFO     [IK] Arm? compute_pick_joints attempt 1/10 OK — target=([ 0.0257 -0.5125  0.1758]) pre=[-0.4366 -0.1342 -1.0623 -2.2355 -0.1415  2.1652 -0.63  ] final=[-0.3595  0.2348 -1.1613 -2.3254  0.3194  2.3946 -0.9632] (FK err pre=0.0000 m final=0.0000 m)
2026-04-23 09:26:00,553 INFO     [FetchInput] IK pre_joints:   [-0.4366 -0.1342 -1.0623 -2.2355 -0.1415  2.1652 -0.63  ]
2026-04-23 09:26:00,554 INFO     [FetchInput] IK final_joints: [-0.3595  0.2348 -1.1613 -2.3254  0.3194  2.3946 -0.9632]
2026-04-23 09:26:00,554 INFO     [FetchInput] Moving to pre-pick
2026-04-23 09:26:03,657 INFO     [FetchInput] Descending to pick
2026-04-23 09:26:06,119 INFO     [Service] /orio/pnp_cup/on → success=True msg='PnP Cup ON command sent'
2026-04-23 09:26:07,120 INFO     [FetchInput] Retracting to pre-pick height
2026-04-23 09:26:09,587 INFO     [IK] pose_to_joints 'FETCH_SAFE' depth_offset=0.1758 → joints=[-0.1034 -0.8341  0.0715 -2.4928  0.0531  1.6598  0.7253]
2026-04-23 09:26:10,173 INFO     [Service] /orio/lbl_cup/on → success=True msg='Labelling Cup ON command sent'
2026-04-23 09:26:13,671 INFO     [IK] pose_to_joints 'LABELLING_SAFE' depth_offset=0.0000 → joints=[-0.065  -1.2718  0.0356 -2.707   0.0343  1.4354  0.7355]
2026-04-23 09:26:13,675 INFO     [Service] /get_depth_at_grasp → success=True msg='0.062462636782787684'
2026-04-23 09:26:13,675 INFO     [FetchInput] grasp_depth=0.1758 m  after_grasp_depth=0.0625 m  item_height=0.1133 m
2026-04-23 09:26:14,176 INFO     [FetchInput] Exiting: succeeded (item_depth=0.1133)
2026-04-23 09:26:14,178 INFO     [DropToZone] Entering state (item_depth=0.1133)
2026-04-23 09:26:14,178 INFO     [DropToZone] Targeting zone A
2026-04-23 09:26:14,187 INFO     [IK] pose_to_joints 'L1_INTER' depth_offset=0.1133 → joints=[-0.2877 -0.5589 -0.3489 -2.4444 -0.1933  1.9072  0.263 ]
2026-04-23 09:26:14,198 INFO     [IK] pose_to_joints 'LABEL_ZONE_1' depth_offset=0.1233 → joints=[-0.2312  1.0606 -0.1776 -0.8963  0.1665  1.9453  0.4054]
2026-04-23 09:26:14,199 INFO     [DropToZone] place_joints for LABEL_ZONE_1: [-0.2312  1.0606 -0.1776 -0.8963  0.1665  1.9453  0.4054]
2026-04-23 09:26:16,876 INFO     [GetLabel] Exiting: succeeded
2026-04-23 09:26:16,877 INFO     [ApplyLabel] Entering state (zones: {'A': 'EMPTY', 'B': 'EMPTY'}  busy: {'A': True, 'B': False})
2026-04-23 09:26:16,877 DEBUG    [ApplyLabel] No zone needs label → wait
2026-04-23 09:26:17,378 INFO     [ApplyLabel] Entering state (zones: {'A': 'EMPTY', 'B': 'EMPTY'}  busy: {'A': True, 'B': False})
2026-04-23 09:26:17,379 DEBUG    [ApplyLabel] No zone needs label → wait
2026-04-23 09:26:17,880 INFO     [ApplyLabel] Entering state (zones: {'A': 'EMPTY', 'B': 'EMPTY'}  busy: {'A': True, 'B': False})
2026-04-23 09:26:17,880 DEBUG    [ApplyLabel] No zone needs label → wait
2026-04-23 09:26:18,382 INFO     [ApplyLabel] Entering state (zones: {'A': 'EMPTY', 'B': 'EMPTY'}  busy: {'A': True, 'B': False})
2026-04-23 09:26:18,382 DEBUG    [ApplyLabel] No zone needs label → wait
2026-04-23 09:26:18,884 INFO     [ApplyLabel] Entering state (zones: {'A': 'EMPTY', 'B': 'EMPTY'}  busy: {'A': True, 'B': False})
2026-04-23 09:26:18,884 DEBUG    [ApplyLabel] No zone needs label → wait
2026-04-23 09:26:19,386 INFO     [ApplyLabel] Entering state (zones: {'A': 'EMPTY', 'B': 'EMPTY'}  busy: {'A': True, 'B': False})
2026-04-23 09:26:19,386 DEBUG    [ApplyLabel] No zone needs label → wait
2026-04-23 09:26:19,888 INFO     [ApplyLabel] Entering state (zones: {'A': 'EMPTY', 'B': 'EMPTY'}  busy: {'A': True, 'B': False})
2026-04-23 09:26:19,888 DEBUG    [ApplyLabel] No zone needs label → wait
2026-04-23 09:26:20,390 INFO     [ApplyLabel] Entering state (zones: {'A': 'EMPTY', 'B': 'EMPTY'}  busy: {'A': True, 'B': False})
2026-04-23 09:26:20,390 DEBUG    [ApplyLabel] No zone needs label → wait
2026-04-23 09:26:20,776 INFO     [Service] /orio/pnp_cup/off → success=True msg='PnP Cup OFF command sent'
2026-04-23 09:26:20,891 INFO     [ApplyLabel] Entering state (zones: {'A': 'EMPTY', 'B': 'EMPTY'}  busy: {'A': True, 'B': False})
2026-04-23 09:26:20,892 DEBUG    [ApplyLabel] No zone needs label → wait
2026-04-23 09:26:21,395 INFO     [ApplyLabel] Entering state (zones: {'A': 'EMPTY', 'B': 'EMPTY'}  busy: {'A': True, 'B': False})
2026-04-23 09:26:21,395 DEBUG    [ApplyLabel] No zone needs label → wait
2026-04-23 09:26:21,897 INFO     [ApplyLabel] Entering state (zones: {'A': 'EMPTY', 'B': 'EMPTY'}  busy: {'A': True, 'B': False})
2026-04-23 09:26:21,897 DEBUG    [ApplyLabel] No zone needs label → wait
2026-04-23 09:26:22,400 INFO     [ApplyLabel] Entering state (zones: {'A': 'EMPTY', 'B': 'EMPTY'}  busy: {'A': True, 'B': False})
2026-04-23 09:26:22,400 DEBUG    [ApplyLabel] No zone needs label → wait
2026-04-23 09:26:22,901 INFO     [ApplyLabel] Entering state (zones: {'A': 'EMPTY', 'B': 'EMPTY'}  busy: {'A': True, 'B': False})
2026-04-23 09:26:22,901 DEBUG    [ApplyLabel] No zone needs label → wait
2026-04-23 09:26:23,403 INFO     [ApplyLabel] Entering state (zones: {'A': 'EMPTY', 'B': 'EMPTY'}  busy: {'A': True, 'B': False})
2026-04-23 09:26:23,403 DEBUG    [ApplyLabel] No zone needs label → wait
2026-04-23 09:26:23,766 WARNING  [Main] Shutting down: turning off both vacuums
2026-04-23 09:26:23,766 INFO     [Main] Total items placed at output: 0
2026-04-23 09:26:23,768 INFO     [Service] /orio/pnp_cup/off → success=True msg='PnP Cup OFF command sent'
2026-04-23 09:26:23,770 INFO     [Service] /orio/lbl_cup/off → success=True msg='Labelling Cup OFF command sent'
2026-04-23 09:26:23,904 INFO     [ApplyLabel] Entering state (zones: {'A': 'EMPTY', 'B': 'EMPTY'}  busy: {'A': True, 'B': False})
2026-04-23 09:26:23,905 DEBUG    [ApplyLabel] No zone needs label → wait
2026-04-23 09:26:23,979 ERROR    [DROP_TO_ZONE] Unhandled exception: service [/get_current_franka_interface_status_server_node_1/get_current_franka_interface_status_server] returned no response
