2026-04-15 20:22:26,335 INFO     [Logger] File log started: /home/ros_ws/src/devel_packages/orio/logs/orio_run_20260415_202226.log
2026-04-15 20:22:26,335 INFO     [Main] Node started. Log file: /home/ros_ws/src/devel_packages/orio/logs/orio_run_20260415_202226.log
2026-04-15 20:22:30,738 INFO     [Main] Operator input — item='sr'  expiry='srg'
2026-04-15 20:22:30,738 INFO     [Hardware] Initializing Robot Hardware...
2026-04-15 20:22:31,303 INFO     [Hardware] Resetting both arms to home joints
2026-04-15 20:22:41,598 INFO     [Hardware] Poses loaded from joint_angles.json
2026-04-15 20:22:41,604 INFO     [Hardware] Initialization complete
2026-04-15 20:22:41,612 INFO     [Main] Starting state machine execution
2026-04-15 20:22:41,618 DEBUG    [TaskSelector] Evaluating zone states: {'A': 'EMPTY', 'B': 'EMPTY'}  busy: {'A': False, 'B': False}
2026-04-15 20:22:41,618 INFO     [TaskSelector] → do_load (zone A empty)
2026-04-15 20:22:41,619 INFO     [GetLabel] Entering state
2026-04-15 20:22:41,621 INFO     [FetchInput] Entering state
2026-04-15 20:22:42,301 INFO     [Service] /compute_grasps → success=True msg='Published 5 PnP poses.'
2026-04-15 20:22:42,302 INFO     [FetchInput] Grasp pose received: x=0.3359 y=-0.3620 z=0.0161
2026-04-15 20:22:42,303 INFO     [IK] compute_pick_joints called — task_pos=[ 0.3359 -0.362   0.0161] label_zone=None max_attempts=10 check_collisions=False arm_number=None
2026-04-15 20:22:42,325 INFO     [IK] Arm? compute_pick_joints attempt 1/10 OK — target=([ 0.3359 -0.362   0.0161]) pre=[-0.2852  0.2025 -0.52   -2.4182  0.1907  2.5864 -0.1735] final=[-0.5754  0.4504 -0.205  -2.3822  0.2778  2.8126 -0.2387] (FK err pre=0.0000 m final=0.0000 m)
2026-04-15 20:22:42,326 INFO     [FetchInput] IK pre_joints:   [-0.2852  0.2025 -0.52   -2.4182  0.1907  2.5864 -0.1735]
2026-04-15 20:22:42,326 INFO     [FetchInput] IK final_joints: [-0.5754  0.4504 -0.205  -2.3822  0.2778  2.8126 -0.2387]
2026-04-15 20:22:42,327 INFO     [FetchInput] Moving to pre-pick
2026-04-15 20:22:45,800 INFO     [FetchInput] Descending to pick
2026-04-15 20:22:48,249 INFO     [Service] /orio/pnp_cup/on → success=True msg='PnP Cup ON command sent'
2026-04-15 20:22:49,250 INFO     [FetchInput] Retracting to pre-pick height
2026-04-15 20:22:51,838 INFO     [Service] /orio/lbl_cup/on → success=True msg='Labelling Cup ON command sent'
2026-04-15 20:22:52,135 INFO     [FetchInput] Exiting: succeeded (item_depth=0.0161)
2026-04-15 20:22:52,136 INFO     [DropToZone] Entering state (item_depth=0.0161)
2026-04-15 20:22:52,137 INFO     [DropToZone] Targeting zone A
2026-04-15 20:22:52,146 INFO     [IK] pose_to_joints 'L1_INTER' depth_offset=0.0161 → joints=[-0.3197 -0.4573 -0.3691 -2.6266 -0.1965  2.1872  0.2462]
2026-04-15 20:22:52,162 INFO     [IK] pose_to_joints 'LABEL_ZONE_1' depth_offset=0.0261 → joints=[-0.2409  1.2295 -0.1658 -0.8382  0.1768  2.0568  0.4053]
2026-04-15 20:22:52,163 INFO     [DropToZone] place_joints for LABEL_ZONE_1: [-0.2409  1.2295 -0.1658 -0.8382  0.1768  2.0568  0.4053]
2026-04-15 20:22:55,303 INFO     [IK] pose_to_joints 'LABELLING_SAFE' depth_offset=0.0000 → joints=[-0.065  -1.2718  0.0356 -2.707   0.0343  1.4354  0.7355]
2026-04-15 20:22:58,808 INFO     [GetLabel] Exiting: succeeded
2026-04-15 20:22:58,810 INFO     [ApplyLabel] Entering state (zones: {'A': 'EMPTY', 'B': 'EMPTY'}  busy: {'A': True, 'B': False})
2026-04-15 20:22:58,810 DEBUG    [ApplyLabel] No zone needs label → wait
2026-04-15 20:22:59,014 INFO     [Service] /orio/pnp_cup/off → success=True msg='PnP Cup OFF command sent'
2026-04-15 20:22:59,312 INFO     [ApplyLabel] Entering state (zones: {'A': 'EMPTY', 'B': 'EMPTY'}  busy: {'A': True, 'B': False})
2026-04-15 20:22:59,312 DEBUG    [ApplyLabel] No zone needs label → wait
2026-04-15 20:22:59,814 INFO     [ApplyLabel] Entering state (zones: {'A': 'EMPTY', 'B': 'EMPTY'}  busy: {'A': True, 'B': False})
2026-04-15 20:22:59,814 DEBUG    [ApplyLabel] No zone needs label → wait
2026-04-15 20:23:00,316 INFO     [ApplyLabel] Entering state (zones: {'A': 'EMPTY', 'B': 'EMPTY'}  busy: {'A': True, 'B': False})
2026-04-15 20:23:00,316 DEBUG    [ApplyLabel] No zone needs label → wait
2026-04-15 20:23:00,818 INFO     [ApplyLabel] Entering state (zones: {'A': 'EMPTY', 'B': 'EMPTY'}  busy: {'A': True, 'B': False})
2026-04-15 20:23:00,818 DEBUG    [ApplyLabel] No zone needs label → wait
2026-04-15 20:23:01,319 INFO     [ApplyLabel] Entering state (zones: {'A': 'EMPTY', 'B': 'EMPTY'}  busy: {'A': True, 'B': False})
2026-04-15 20:23:01,320 DEBUG    [ApplyLabel] No zone needs label → wait
2026-04-15 20:23:01,822 INFO     [ApplyLabel] Entering state (zones: {'A': 'EMPTY', 'B': 'EMPTY'}  busy: {'A': True, 'B': False})
2026-04-15 20:23:01,822 DEBUG    [ApplyLabel] No zone needs label → wait
2026-04-15 20:23:02,323 INFO     [ApplyLabel] Entering state (zones: {'A': 'EMPTY', 'B': 'EMPTY'}  busy: {'A': True, 'B': False})
2026-04-15 20:23:02,323 DEBUG    [ApplyLabel] No zone needs label → wait
2026-04-15 20:23:02,793 INFO     [ZoneManager] Zone A: EMPTY → NEEDS_LABEL
2026-04-15 20:23:02,793 INFO     [DropToZone] Exiting: dropped (zone A)
2026-04-15 20:23:02,795 DEBUG    [TaskSelector] Evaluating zone states: {'A': 'NEEDS_LABEL', 'B': 'EMPTY'}  busy: {'A': False, 'B': False}
2026-04-15 20:23:02,795 INFO     [TaskSelector] → do_load (zone B empty)
2026-04-15 20:23:02,796 INFO     [FetchInput] Entering state
2026-04-15 20:23:02,828 INFO     [ApplyLabel] Entering state (zones: {'A': 'NEEDS_LABEL', 'B': 'EMPTY'}  busy: {'A': False, 'B': False})
2026-04-15 20:23:02,828 INFO     [ApplyLabel] Applying label to zone A (zone_number=1, depth=0.0161)
2026-04-15 20:23:02,828 INFO     [compute_label_joints] Requesting label pose for zone 1, item_depth=0.0186
2026-04-15 20:23:03,639 INFO     [Service] /compute_grasps → success=True msg='Published 4 PnP poses.'
2026-04-15 20:23:03,640 INFO     [FetchInput] Grasp pose received: x=-0.1151 y=-0.2241 z=0.0115
2026-04-15 20:23:03,640 INFO     [IK] compute_pick_joints called — task_pos=[-0.1151 -0.2241  0.0115] label_zone=None max_attempts=10 check_collisions=False arm_number=None
2026-04-15 20:23:03,657 INFO     [IK] Arm? compute_pick_joints attempt 1/10 OK — target=([-0.1151 -0.2241  0.0115]) pre=[-1.1115 -1.395  -1.4808 -3.06   -1.4667  1.7387 -0.4085] final=[-0.9226 -1.2713 -1.9408 -2.9742 -1.8871  1.9268 -0.3038] (FK err pre=0.0000 m final=0.0000 m)
2026-04-15 20:23:03,657 INFO     [FetchInput] IK pre_joints:   [-1.1115 -1.395  -1.4808 -3.06   -1.4667  1.7387 -0.4085]
2026-04-15 20:23:03,658 INFO     [FetchInput] IK final_joints: [-0.9226 -1.2713 -1.9408 -2.9742 -1.8871  1.9268 -0.3038]
2026-04-15 20:23:03,658 INFO     [FetchInput] Moving to pre-pick
2026-04-15 20:23:04,538 INFO     [Service] /compute_grasps_labelling → success=True msg='Zone1=OK, Zone2=OK'
2026-04-15 20:23:04,539 INFO     item_depth=0.0186  X=-0.1465 Y=0.1695 Z=0.9814  pos(world)=[ 0.2905  0.1655 -0.0014]  task_pos=[0.2905 0.1655 0.0186]  task_ori=[-0.  1.  0.  0.]
2026-04-15 20:23:04,541 INFO     [compute_label_joints] Zone 1 received pose: x=0.2905 y=0.1655 z=0.0186  RPY r=180.00 p=0.00 y=-180.00 deg
2026-04-15 20:23:04,541 INFO     [IK] compute_pick_joints called — task_pos=[0.2905 0.1655 0.0186] label_zone=1 max_attempts=10 check_collisions=True arm_number=2
2026-04-15 20:23:04,596 INFO     Arm2: cached 8 obstacles from '/home/ros_ws/src/devel_packages/orio/obstacles_files/obs_arm2_free.p'
2026-04-15 20:23:04,610 INFO     [IK] Arm2 compute_pick_joints attempt 1/10 OK — target=([0.2905 0.1655 0.0186]) pre=[ 0.1896 -0.2435  0.3844 -2.9283  0.2101  2.6933 -1.9824] final=[ 0.1597  0.2181  0.208  -2.859  -0.5748  3.0593 -1.4201] (FK err pre=0.0000 m final=0.0000 m)
2026-04-15 20:23:04,612 INFO     [ApplyLabel] IK pre_joints=[ 0.1896 -0.2435  0.3844 -2.9283  0.2101  2.6933 -1.9824]  final_joints=[ 0.1597  0.2181  0.208  -2.859  -0.5748  3.0593 -1.4201]
2026-04-15 20:23:04,613 INFO     [ApplyLabel] Registering label — item='sr' expiry='srg'
2026-04-15 20:23:09,744 ERROR    [RFID] Service call failed for /inventory/add_item: timeout exceeded while waiting for service /inventory/add_item
2026-04-15 20:23:13,839 WARNING  [Main] Shutting down: turning off both vacuums
2026-04-15 20:23:13,839 INFO     [Main] Total items placed at output: 0
2026-04-15 20:23:13,841 INFO     [Service] /orio/pnp_cup/off → success=True msg='PnP Cup OFF command sent'
2026-04-15 20:23:13,843 INFO     [Service] /orio/lbl_cup/off → success=True msg='Labelling Cup OFF command sent'
