2026-04-22 20:19:22,412 INFO     [Logger] File log started: /home/ros_ws/src/devel_packages/orio/logs/orio_run_20260422_201922.log
2026-04-22 20:19:22,412 INFO     [Main] Node started. Log file: /home/ros_ws/src/devel_packages/orio/logs/orio_run_20260422_201922.log
2026-04-22 20:20:29,259 INFO     [Main] Operator input — item='yrdc'  expiry='2345-23-23'
2026-04-22 20:20:29,260 INFO     [Hardware] Initializing Robot Hardware...
2026-04-22 20:20:29,750 INFO     [Hardware] Resetting both arms to home joints
2026-04-22 20:20:38,869 INFO     [Hardware] Poses loaded from joint_angles.json
2026-04-22 20:20:38,880 INFO     [Hardware] Initialization complete
2026-04-22 20:20:38,884 INFO     [Main] Starting state machine execution
2026-04-22 20:20:38,886 DEBUG    [TaskSelector] Evaluating zone states: {'A': 'EMPTY', 'B': 'EMPTY'}  busy: {'A': False, 'B': False}
2026-04-22 20:20:38,886 INFO     [TaskSelector] → do_load (empty zone available)
2026-04-22 20:20:38,887 INFO     [GetLabel] Entering state
2026-04-22 20:20:38,889 INFO     [FetchInput] Entering state
2026-04-22 20:20:39,563 INFO     [Service] /compute_grasps → success=True msg='Published 1 PnP poses.'
2026-04-22 20:20:39,564 INFO     [FetchInput] Grasp pose received: x=0.3337 y=-0.4964 z=0.0279
2026-04-22 20:20:39,565 INFO     [IK] compute_pick_joints called — task_pos=[ 0.3337 -0.4964  0.0279] label_zone=None max_attempts=10 check_collisions=False arm_number=None
2026-04-22 20:20:39,585 INFO     [IK] Arm? compute_pick_joints attempt 1/10 OK — target=([ 0.3337 -0.4964  0.0279]) pre=[-0.3015  0.5095 -0.7067 -2.0189  0.4683  2.3639 -0.5026] final=[-0.5224  0.666  -0.4464 -1.9953  0.5011  2.5529 -0.5243] (FK err pre=0.0000 m final=0.0000 m)
2026-04-22 20:20:39,586 INFO     [FetchInput] IK pre_joints:   [-0.3015  0.5095 -0.7067 -2.0189  0.4683  2.3639 -0.5026]
2026-04-22 20:20:39,588 INFO     [FetchInput] IK final_joints: [-0.5224  0.666  -0.4464 -1.9953  0.5011  2.5529 -0.5243]
2026-04-22 20:20:39,589 INFO     [FetchInput] Moving to pre-pick
2026-04-22 20:20:43,059 INFO     [FetchInput] Descending to pick
2026-04-22 20:20:45,267 INFO     [Service] /orio/pnp_cup/on → success=True msg='PnP Cup ON command sent'
2026-04-22 20:20:46,268 INFO     [FetchInput] Retracting to pre-pick height
2026-04-22 20:20:48,487 INFO     [IK] pose_to_joints 'FETCH_SAFE' depth_offset=0.0279 → joints=[-0.091  -0.7897  0.0906 -2.848   0.0728  2.0592  0.724 ]
2026-04-22 20:20:49,207 INFO     [Service] /orio/lbl_cup/on → success=True msg='Labelling Cup ON command sent'
2026-04-22 20:20:52,667 INFO     [IK] pose_to_joints 'LABELLING_SAFE' depth_offset=0.0000 → joints=[-0.065  -1.2718  0.0356 -2.707   0.0343  1.4354  0.7355]
2026-04-22 20:20:52,674 INFO     [Service] /get_depth_at_grasp → success=True msg='0.003800067647148908'
2026-04-22 20:20:52,675 INFO     [FetchInput] grasp_depth=0.0279 m  after_grasp_depth=0.0038 m  item_height=0.0241 m
2026-04-22 20:20:52,675 INFO     [FetchInput] Exiting: succeeded (item_depth=0.0241)
2026-04-22 20:20:52,677 INFO     [DropToZone] Entering state (item_depth=0.0241)
2026-04-22 20:20:52,678 INFO     [DropToZone] Targeting zone A
2026-04-22 20:20:52,693 INFO     [IK] pose_to_joints 'L1_INTER' depth_offset=0.0241 → joints=[-0.3195 -0.4694 -0.3655 -2.6143 -0.1961  2.1629  0.2474]
2026-04-22 20:20:52,705 INFO     [IK] pose_to_joints 'LABEL_ZONE_1' depth_offset=0.0341 → joints=[-0.2394  1.2116 -0.167  -0.8507  0.1764  2.0512  0.4046]
2026-04-22 20:20:52,705 INFO     [DropToZone] place_joints for LABEL_ZONE_1: [-0.2394  1.2116 -0.167  -0.8507  0.1764  2.0512  0.4046]
2026-04-22 20:20:55,874 INFO     [GetLabel] Exiting: succeeded
2026-04-22 20:20:55,876 INFO     [ApplyLabel] Entering state (zones: {'A': 'EMPTY', 'B': 'EMPTY'}  busy: {'A': True, 'B': False})
2026-04-22 20:20:55,876 DEBUG    [ApplyLabel] No zone needs label → wait
2026-04-22 20:20:56,379 INFO     [ApplyLabel] Entering state (zones: {'A': 'EMPTY', 'B': 'EMPTY'}  busy: {'A': True, 'B': False})
2026-04-22 20:20:56,379 DEBUG    [ApplyLabel] No zone needs label → wait
2026-04-22 20:20:56,881 INFO     [ApplyLabel] Entering state (zones: {'A': 'EMPTY', 'B': 'EMPTY'}  busy: {'A': True, 'B': False})
2026-04-22 20:20:56,881 DEBUG    [ApplyLabel] No zone needs label → wait
2026-04-22 20:20:57,384 INFO     [ApplyLabel] Entering state (zones: {'A': 'EMPTY', 'B': 'EMPTY'}  busy: {'A': True, 'B': False})
2026-04-22 20:20:57,384 DEBUG    [ApplyLabel] No zone needs label → wait
2026-04-22 20:20:57,885 INFO     [ApplyLabel] Entering state (zones: {'A': 'EMPTY', 'B': 'EMPTY'}  busy: {'A': True, 'B': False})
2026-04-22 20:20:57,885 DEBUG    [ApplyLabel] No zone needs label → wait
2026-04-22 20:20:58,388 INFO     [ApplyLabel] Entering state (zones: {'A': 'EMPTY', 'B': 'EMPTY'}  busy: {'A': True, 'B': False})
2026-04-22 20:20:58,388 DEBUG    [ApplyLabel] No zone needs label → wait
2026-04-22 20:20:58,889 INFO     [ApplyLabel] Entering state (zones: {'A': 'EMPTY', 'B': 'EMPTY'}  busy: {'A': True, 'B': False})
2026-04-22 20:20:58,889 DEBUG    [ApplyLabel] No zone needs label → wait
2026-04-22 20:20:59,309 INFO     [Service] /orio/pnp_cup/off → success=True msg='PnP Cup OFF command sent'
2026-04-22 20:20:59,395 INFO     [ApplyLabel] Entering state (zones: {'A': 'EMPTY', 'B': 'EMPTY'}  busy: {'A': True, 'B': False})
2026-04-22 20:20:59,395 DEBUG    [ApplyLabel] No zone needs label → wait
2026-04-22 20:20:59,897 INFO     [ApplyLabel] Entering state (zones: {'A': 'EMPTY', 'B': 'EMPTY'}  busy: {'A': True, 'B': False})
2026-04-22 20:20:59,897 DEBUG    [ApplyLabel] No zone needs label → wait
2026-04-22 20:21:00,402 INFO     [ApplyLabel] Entering state (zones: {'A': 'EMPTY', 'B': 'EMPTY'}  busy: {'A': True, 'B': False})
2026-04-22 20:21:00,403 DEBUG    [ApplyLabel] No zone needs label → wait
2026-04-22 20:21:00,905 INFO     [ApplyLabel] Entering state (zones: {'A': 'EMPTY', 'B': 'EMPTY'}  busy: {'A': True, 'B': False})
2026-04-22 20:21:00,905 DEBUG    [ApplyLabel] No zone needs label → wait
2026-04-22 20:21:01,409 INFO     [ApplyLabel] Entering state (zones: {'A': 'EMPTY', 'B': 'EMPTY'}  busy: {'A': True, 'B': False})
2026-04-22 20:21:01,409 DEBUG    [ApplyLabel] No zone needs label → wait
2026-04-22 20:21:01,911 INFO     [ApplyLabel] Entering state (zones: {'A': 'EMPTY', 'B': 'EMPTY'}  busy: {'A': True, 'B': False})
2026-04-22 20:21:01,911 DEBUG    [ApplyLabel] No zone needs label → wait
2026-04-22 20:21:02,414 INFO     [ApplyLabel] Entering state (zones: {'A': 'EMPTY', 'B': 'EMPTY'}  busy: {'A': True, 'B': False})
2026-04-22 20:21:02,414 DEBUG    [ApplyLabel] No zone needs label → wait
2026-04-22 20:21:02,790 INFO     [ZoneManager] Zone A: EMPTY → NEEDS_LABEL
2026-04-22 20:21:02,791 INFO     [DropToZone] Exiting: dropped (zone A)
2026-04-22 20:21:02,792 DEBUG    [TaskSelector] Evaluating zone states: {'A': 'NEEDS_LABEL', 'B': 'EMPTY'}  busy: {'A': False, 'B': False}
2026-04-22 20:21:02,792 INFO     [TaskSelector] → do_load (empty zone available)
2026-04-22 20:21:02,794 INFO     [FetchInput] Entering state
2026-04-22 20:21:02,916 INFO     [ApplyLabel] Entering state (zones: {'A': 'NEEDS_LABEL', 'B': 'EMPTY'}  busy: {'A': False, 'B': False})
2026-04-22 20:21:02,916 INFO     [ApplyLabel] Applying label to zone A (zone_number=1, depth=0.0241)
2026-04-22 20:21:02,916 INFO     [compute_label_joints] Requesting label pose for zone 1, item_depth=0.0241
2026-04-22 20:21:03,379 INFO     [Service] /compute_grasps → success=True msg='Published 1 PnP poses.'
2026-04-22 20:21:03,379 INFO     [FetchInput] Grasp pose received: x=-0.0064 y=-0.5708 z=0.0696
2026-04-22 20:21:03,380 INFO     [IK] compute_pick_joints called — task_pos=[-0.0064 -0.5708  0.0696] label_zone=None max_attempts=10 check_collisions=False arm_number=None
2026-04-22 20:21:03,414 INFO     [IK] Arm? compute_pick_joints attempt 1/10 OK — target=([-0.0064 -0.5708  0.0696]) pre=[-0.7884  0.3621 -0.818  -2.1174  0.3667  2.3364 -1.0476] final=[-1.0309  0.5258 -0.5375 -2.1219  0.4658  2.5326 -1.1126] (FK err pre=0.0000 m final=0.0000 m)
2026-04-22 20:21:03,415 INFO     [FetchInput] IK pre_joints:   [-0.7884  0.3621 -0.818  -2.1174  0.3667  2.3364 -1.0476]
2026-04-22 20:21:03,416 INFO     [FetchInput] IK final_joints: [-1.0309  0.5258 -0.5375 -2.1219  0.4658  2.5326 -1.1126]
2026-04-22 20:21:03,416 INFO     [FetchInput] Moving to pre-pick
2026-04-22 20:21:04,761 INFO     [Service] /compute_grasps_labelling → success=True msg='Zone1=OK, Zone2=FAIL'
2026-04-22 20:21:04,762 INFO     item_depth=0.0241  X=-0.2439 Y=-0.1140 Z=0.9759  pos(world)=[0.574  0.2629 0.0041]  task_pos=[0.574  0.2629 0.0241]  task_ori=[1.     0.0068 0.     0.    ]
2026-04-22 20:21:04,763 INFO     [compute_label_joints] Zone 1 received pose: x=0.5740 y=0.2629 z=0.0241  RPY r=180.00 p=0.00 y=0.78 deg
2026-04-22 20:21:04,764 INFO     [IK] compute_pick_joints called — task_pos=[0.574  0.2629 0.0241] label_zone=1 max_attempts=10 check_collisions=True arm_number=2
2026-04-22 20:21:04,782 INFO     Arm2: cached 8 obstacles from '/home/ros_ws/src/devel_packages/orio/obstacles_files/obs_arm2_free.p'
2026-04-22 20:21:04,789 INFO     [IK] Arm2 compute_pick_joints attempt 1/10 OK — target=([0.574  0.2629 0.0241]) pre=[ 0.2978  0.4862  0.1402 -1.9015 -0.0949  2.3814  1.2627] final=[ 0.506   0.6807 -0.0772 -1.8776  0.0878  2.555   1.1446] (FK err pre=0.0000 m final=0.0000 m)
2026-04-22 20:21:04,790 INFO     [ApplyLabel] IK pre_joints=[ 0.2978  0.4862  0.1402 -1.9015 -0.0949  2.3814  1.2627]  final_joints=[ 0.506   0.6807 -0.0772 -1.8776  0.0878  2.555   1.1446]
2026-04-22 20:21:04,790 INFO     [ApplyLabel] Registering label — item='yrdc' expiry='2345-23-23'
2026-04-22 20:21:06,621 INFO     [FetchInput] Descending to pick
2026-04-22 20:21:08,731 INFO     [Service] /orio/pnp_cup/on → success=True msg='PnP Cup ON command sent'
2026-04-22 20:21:09,732 INFO     [FetchInput] Retracting to pre-pick height
2026-04-22 20:21:09,912 ERROR    [RFID] Service call failed for /inventory/add_item: timeout exceeded while waiting for service /inventory/add_item
2026-04-22 20:21:11,851 INFO     [IK] pose_to_joints 'FETCH_SAFE' depth_offset=0.0696 → joints=[-0.0978 -0.828   0.087  -2.7604  0.0685  1.9335  0.7222]
2026-04-22 20:21:15,029 INFO     [Service] /get_depth_at_grasp → success=True msg='0.000721910213765109'
2026-04-22 20:21:15,029 INFO     [FetchInput] grasp_depth=0.0696 m  after_grasp_depth=0.0007 m  item_height=0.0688 m
2026-04-22 20:21:15,029 INFO     [FetchInput] Exiting: succeeded (item_depth=0.0688)
2026-04-22 20:21:15,031 INFO     [DropToZone] Entering state (item_depth=0.0688)
2026-04-22 20:21:15,031 INFO     [DropToZone] Targeting zone B
2026-04-22 20:21:15,041 INFO     [IK] pose_to_joints 'L2_INTER' depth_offset=0.0688 → joints=[ 0.1103 -0.5719  0.5299 -2.5299  0.3063  2.0045  1.2213]
2026-04-22 20:21:15,056 INFO     [IK] pose_to_joints 'LABEL_ZONE_2' depth_offset=0.0788 → joints=[ 0.3315  1.1178 -0.019  -0.8956  0.0189  2.0133  1.1005]
2026-04-22 20:21:15,057 INFO     [DropToZone] place_joints for LABEL_ZONE_2: [ 0.3315  1.1178 -0.019  -0.8956  0.0189  2.0133  1.1005]
2026-04-22 20:21:20,130 INFO     [Service] /orio/lbl_cup/off → success=True msg='Labelling Cup OFF command sent'
2026-04-22 20:21:20,939 INFO     [Service] /orio/pnp_cup/off → success=True msg='PnP Cup OFF command sent'
2026-04-22 20:21:23,445 INFO     [IK] pose_to_joints 'LABELLING_SAFE' depth_offset=0.0000 → joints=[-0.065  -1.2718  0.0356 -2.707   0.0343  1.4354  0.7355]
2026-04-22 20:21:27,015 INFO     [ZoneManager] Zone B: EMPTY → NEEDS_LABEL
2026-04-22 20:21:27,015 INFO     [DropToZone] Exiting: dropped (zone B)
2026-04-22 20:21:27,015 INFO     [ZoneManager] Zone A: NEEDS_LABEL → READY_FOR_PICKUP
2026-04-22 20:21:27,016 INFO     [ApplyLabel] Exiting: labeled (zone A)
2026-04-22 20:21:27,019 DEBUG    [TaskSelector] Evaluating zone states: {'A': 'READY_FOR_PICKUP', 'B': 'NEEDS_LABEL'}  busy: {'A': False, 'B': False}
2026-04-22 20:21:27,019 INFO     [TaskSelector] → do_unload (both zones occupied, ready zone exists)
2026-04-22 20:21:27,020 INFO     [GetLabel] Entering state
2026-04-22 20:21:27,023 INFO     [RetrieveFromZone] Entering state
2026-04-22 20:21:27,024 INFO     [RetrieveFromZone] Picking from zone A (depth=0.0241)
2026-04-22 20:21:27,039 INFO     [IK] pose_to_joints 'L1_INTER' depth_offset=0.0241 → joints=[-0.3195 -0.4694 -0.3655 -2.6143 -0.1961  2.1629  0.2474]
2026-04-22 20:21:27,050 INFO     [IK] pose_to_joints 'LABEL_ZONE_1' depth_offset=0.1241 → joints=[-0.2312  1.0596 -0.1777 -0.896   0.1663  1.9441  0.4055]
2026-04-22 20:21:27,062 INFO     [IK] pose_to_joints 'LABEL_ZONE_1' depth_offset=0.0141 → joints=[-0.2436  1.2584 -0.1638 -0.8158  0.1771  2.0637  0.4066]
2026-04-22 20:21:27,063 INFO     [RetrieveFromZone] A pre_pick=[-0.2312  1.0596 -0.1777 -0.896   0.1663  1.9441  0.4055] pick=[-0.2436  1.2584 -0.1638 -0.8158  0.1771  2.0637  0.4066]
2026-04-22 20:21:34,135 INFO     [Service] /orio/pnp_cup/on → success=True msg='PnP Cup ON command sent'
2026-04-22 20:21:35,136 INFO     [RetrieveFromZone] Retracting to pre-pick height
2026-04-22 20:21:37,253 INFO     [Service] /orio/lbl_cup/on → success=True msg='Labelling Cup ON command sent'
2026-04-22 20:21:40,648 INFO     [ZoneManager] Zone A: READY_FOR_PICKUP → EMPTY
2026-04-22 20:21:40,649 INFO     [RetrieveFromZone] Exiting: picked (zone A)
2026-04-22 20:21:40,658 INFO     [IK] pose_to_joints 'LABELLING_SAFE' depth_offset=0.0000 → joints=[-0.065  -1.2718  0.0356 -2.707   0.0343  1.4354  0.7355]
2026-04-22 20:21:40,658 INFO     [PlaceOutput] Entering state (retrieved_depth=0.0241)
2026-04-22 20:21:40,674 INFO     [IK] pose_to_joints 'OUTPUT1' depth_offset=0.1741 → joints=[-1.3815 -0.8479  2.6145 -0.9277  0.3899  1.693   2.1279]
2026-04-22 20:21:40,686 INFO     [IK] pose_to_joints 'L2_INTER' depth_offset=0.0241 → joints=[ 0.0829 -0.526   0.5916 -2.6067  0.337   2.1312  1.2106]
2026-04-22 20:21:40,687 INFO     [PlaceOutput] drop_joints: [-1.3815 -0.8479  2.6145 -0.9277  0.3899  1.693   2.1279]
2026-04-22 20:21:43,791 INFO     [GetLabel] Exiting: succeeded
2026-04-22 20:21:43,795 INFO     [ApplyLabel] Entering state (zones: {'A': 'EMPTY', 'B': 'NEEDS_LABEL'}  busy: {'A': False, 'B': False})
2026-04-22 20:21:43,795 INFO     [ApplyLabel] Applying label to zone B (zone_number=2, depth=0.0688)
2026-04-22 20:21:43,795 INFO     [compute_label_joints] Requesting label pose for zone 2, item_depth=0.0688
2026-04-22 20:21:45,770 INFO     [Service] /compute_grasps_labelling → success=True msg='Zone1=FAIL, Zone2=OK'
2026-04-22 20:21:45,771 INFO     item_depth=0.0688  X=0.2804 Y=-0.0853 Z=0.9312  pos(world)=[ 0.5453 -0.2614  0.0488]  task_pos=[ 0.5453 -0.2614  0.0688]  task_ori=[0.0272 0.9996 0.     0.    ]
2026-04-22 20:21:45,771 INFO     [compute_label_joints] Zone 2 received pose: x=0.5453 y=-0.2614 z=0.0688  RPY r=180.00 p=0.00 y=176.89 deg
2026-04-22 20:21:45,772 INFO     [IK] compute_pick_joints called — task_pos=[ 0.5453 -0.2614  0.0688] label_zone=2 max_attempts=10 check_collisions=True arm_number=2
2026-04-22 20:21:45,803 INFO     [IK] Arm2 compute_pick_joints attempt 1/10 OK — target=([ 0.5453 -0.2614  0.0688]) pre=[-1.3769  0.5976  1.0182 -1.9637 -0.6345  2.201  -2.3396] final=[-1.2011  0.7229  0.7847 -1.9642 -0.7389  2.3744 -2.2798] (FK err pre=0.0000 m final=0.0000 m)
2026-04-22 20:21:45,805 INFO     [ApplyLabel] IK pre_joints=[-1.3769  0.5976  1.0182 -1.9637 -0.6345  2.201  -2.3396]  final_joints=[-1.2011  0.7229  0.7847 -1.9642 -0.7389  2.3744 -2.2798]
2026-04-22 20:21:45,806 INFO     [ApplyLabel] Registering label — item='yrdc' expiry='2345-23-23'
2026-04-22 20:21:47,287 INFO     [Service] /orio/pnp_cup/off → success=True msg='PnP Cup OFF command sent'
2026-04-22 20:21:50,928 ERROR    [RFID] Service call failed for /inventory/add_item: timeout exceeded while waiting for service /inventory/add_item
2026-04-22 20:21:56,036 INFO     [PlaceOutput] Exiting: succeeded (total items placed: 1)
2026-04-22 20:21:56,038 INFO     [FetchInput] Entering state
2026-04-22 20:21:56,360 INFO     [Service] /compute_grasps → success=False msg='GroundingDINO found 0 objects.'
2026-04-22 20:21:56,360 ERROR    [FETCH_INPUT] Unhandled exception: /compute_grasps service failed
2026-04-22 20:21:56,362 WARNING  [ARM1 Recovery] Pausing ARM1 — showing GUI (ARM2 continues)
2026-04-22 20:22:01,149 INFO     [Service] /orio/lbl_cup/off → success=True msg='Labelling Cup OFF command sent'
2026-04-22 20:22:04,366 INFO     [IK] pose_to_joints 'LABELLING_SAFE' depth_offset=0.0000 → joints=[-0.065  -1.2718  0.0356 -2.707   0.0343  1.4354  0.7355]
2026-04-22 20:22:07,768 INFO     [ZoneManager] Zone B: NEEDS_LABEL → READY_FOR_PICKUP
2026-04-22 20:22:07,769 INFO     [ApplyLabel] Exiting: labeled (zone B)
2026-04-22 20:22:07,770 INFO     [GetLabel] Entering state
2026-04-22 20:22:17,981 INFO     [Service] /orio/lbl_cup/on → success=True msg='Labelling Cup ON command sent'
2026-04-22 20:22:21,299 INFO     [IK] pose_to_joints 'LABELLING_SAFE' depth_offset=0.0000 → joints=[-0.065  -1.2718  0.0356 -2.707   0.0343  1.4354  0.7355]
2026-04-22 20:22:24,589 INFO     [GetLabel] Exiting: succeeded
2026-04-22 20:22:37,791 WARNING  [Main] Shutting down: turning off both vacuums
2026-04-22 20:22:37,792 INFO     [Main] Total items placed at output: 1
2026-04-22 20:22:37,797 INFO     [Service] /orio/pnp_cup/off → success=True msg='PnP Cup OFF command sent'
2026-04-22 20:22:37,802 INFO     [Service] /orio/lbl_cup/off → success=True msg='Labelling Cup OFF command sent'
