2026-04-15 13:51:21,033 INFO     [Logger] File log started: /home/ros_ws/src/devel_packages/orio/logs/orio_run_20260415_135121.log
2026-04-15 13:51:21,033 INFO     [Main] Node started. Log file: /home/ros_ws/src/devel_packages/orio/logs/orio_run_20260415_135121.log
2026-04-15 13:51:21,033 INFO     [Hardware] Initializing Robot Hardware...
2026-04-15 13:51:21,600 INFO     [Hardware] Resetting both arms to home joints
2026-04-15 13:51:31,881 INFO     [Hardware] Poses loaded from joint_angles.json
2026-04-15 13:51:31,886 INFO     [Hardware] Initialization complete
2026-04-15 13:51:31,892 INFO     [Main] Starting state machine execution
2026-04-15 13:51:31,894 DEBUG    [TaskSelector] Evaluating zone states: {'A': 'EMPTY', 'B': 'EMPTY'}  busy: {'A': False, 'B': False}
2026-04-15 13:51:31,894 INFO     [TaskSelector] → do_load (zone A empty)
2026-04-15 13:51:31,895 INFO     [GetLabel] Entering state
2026-04-15 13:51:31,895 INFO     [FetchInput] Entering state
2026-04-15 13:51:33,247 INFO     [Service] /compute_grasps → success=True msg='Published 1 PnP poses.'
2026-04-15 13:51:33,247 INFO     [FetchInput] Grasp pose received: x=0.0527 y=-0.4833 z=0.0245
2026-04-15 13:51:33,247 INFO     [IK] compute_pick_joints called — task_pos=[ 0.0527 -0.4833  0.0245] label_zone=None max_attempts=10 check_collisions=False arm_number=None
2026-04-15 13:51:33,273 INFO     [IK] Arm? compute_pick_joints attempt 1/10 OK — target=([ 0.0527 -0.4833  0.0245]) pre=[-0.4401 -0.1295 -1.0169 -2.3858 -0.1494  2.3118 -0.5665] final=[-0.7154  0.5279 -0.6437 -2.37    0.7672  2.691  -1.2199] (FK err pre=0.0000 m final=0.0000 m)
2026-04-15 13:51:33,273 INFO     [FetchInput] IK pre_joints:   [-0.4401 -0.1295 -1.0169 -2.3858 -0.1494  2.3118 -0.5665]
2026-04-15 13:51:33,274 INFO     [FetchInput] IK final_joints: [-0.7154  0.5279 -0.6437 -2.37    0.7672  2.691  -1.2199]
2026-04-15 13:51:33,274 INFO     [FetchInput] Moving to pre-pick
2026-04-15 13:51:36,378 INFO     [FetchInput] Descending to pick
2026-04-15 13:51:38,857 INFO     [Service] /orio/pnp_cup/on → success=True msg='PnP Cup ON command sent'
2026-04-15 13:51:39,858 INFO     [FetchInput] Retracting to pre-pick height
2026-04-15 13:51:41,345 INFO     [FetchInput] Exiting: succeeded (item_depth=0.0245)
2026-04-15 13:51:41,346 INFO     [DropToZone] Entering state (item_depth=0.0245)
2026-04-15 13:51:41,346 INFO     [DropToZone] Targeting zone A
2026-04-15 13:51:41,357 INFO     [IK] pose_to_joints 'L1_INTER' depth_offset=0.0245 → joints=[-0.1982 -0.386  -0.1731 -2.5654 -0.0793  2.1831  0.4723]
2026-04-15 13:51:41,368 INFO     [IK] pose_to_joints 'LABEL_ZONE_1' depth_offset=0.0345 → joints=[-0.2393  1.2106 -0.1671 -0.8513  0.1764  2.0509  0.4046]
2026-04-15 13:51:41,368 INFO     [DropToZone] place_joints for LABEL_ZONE_1: [-0.2393  1.2106 -0.1671 -0.8513  0.1764  2.0509  0.4046]
2026-04-15 13:51:42,108 INFO     [Service] /orio/lbl_cup/on → success=True msg='Labelling Cup ON command sent'
2026-04-15 13:51:45,572 INFO     [IK] pose_to_joints 'LABELLING_SAFE' depth_offset=0.0000 → joints=[-0.065  -1.2718  0.0356 -2.707   0.0343  1.4354  0.7355]
2026-04-15 13:51:47,976 INFO     [Service] /orio/pnp_cup/off → success=True msg='PnP Cup OFF command sent'
2026-04-15 13:51:48,777 INFO     [GetLabel] Exiting: succeeded
2026-04-15 13:51:48,777 INFO     [ApplyLabel] Entering state (zones: {'A': 'EMPTY', 'B': 'EMPTY'}  busy: {'A': True, 'B': False})
2026-04-15 13:51:48,778 DEBUG    [ApplyLabel] No zone needs label → wait
2026-04-15 13:51:49,279 INFO     [ApplyLabel] Entering state (zones: {'A': 'EMPTY', 'B': 'EMPTY'}  busy: {'A': True, 'B': False})
2026-04-15 13:51:49,279 DEBUG    [ApplyLabel] No zone needs label → wait
2026-04-15 13:51:49,781 INFO     [ApplyLabel] Entering state (zones: {'A': 'EMPTY', 'B': 'EMPTY'}  busy: {'A': True, 'B': False})
2026-04-15 13:51:49,781 DEBUG    [ApplyLabel] No zone needs label → wait
2026-04-15 13:51:50,282 INFO     [ApplyLabel] Entering state (zones: {'A': 'EMPTY', 'B': 'EMPTY'}  busy: {'A': True, 'B': False})
2026-04-15 13:51:50,282 DEBUG    [ApplyLabel] No zone needs label → wait
2026-04-15 13:51:50,784 INFO     [ApplyLabel] Entering state (zones: {'A': 'EMPTY', 'B': 'EMPTY'}  busy: {'A': True, 'B': False})
2026-04-15 13:51:50,784 DEBUG    [ApplyLabel] No zone needs label → wait
2026-04-15 13:51:51,285 INFO     [ApplyLabel] Entering state (zones: {'A': 'EMPTY', 'B': 'EMPTY'}  busy: {'A': True, 'B': False})
2026-04-15 13:51:51,285 DEBUG    [ApplyLabel] No zone needs label → wait
2026-04-15 13:51:51,457 INFO     [ZoneManager] Zone A: EMPTY → NEEDS_LABEL
2026-04-15 13:51:51,457 INFO     [DropToZone] Exiting: dropped (zone A)
2026-04-15 13:51:51,458 DEBUG    [TaskSelector] Evaluating zone states: {'A': 'NEEDS_LABEL', 'B': 'EMPTY'}  busy: {'A': False, 'B': False}
2026-04-15 13:51:51,458 INFO     [TaskSelector] → do_load (zone B empty)
2026-04-15 13:51:51,459 INFO     [FetchInput] Entering state
2026-04-15 13:51:51,789 INFO     [ApplyLabel] Entering state (zones: {'A': 'NEEDS_LABEL', 'B': 'EMPTY'}  busy: {'A': False, 'B': False})
2026-04-15 13:51:51,789 INFO     [ApplyLabel] Applying label to zone A (zone_number=1, depth=0.0245)
2026-04-15 13:51:51,789 INFO     [compute_label_joints] Requesting label pose for zone 1, item_depth=0.0245
2026-04-15 13:51:52,025 INFO     [Service] /compute_grasps → success=True msg='Published 2 PnP poses.'
2026-04-15 13:51:52,025 INFO     [FetchInput] Grasp pose received: x=0.3237 y=-0.5698 z=0.0645
2026-04-15 13:51:52,025 INFO     [IK] compute_pick_joints called — task_pos=[ 0.3237 -0.5698  0.0645] label_zone=None max_attempts=10 check_collisions=False arm_number=None
2026-04-15 13:51:52,040 INFO     [IK] Arm? compute_pick_joints attempt 1/10 OK — target=([ 0.3237 -0.5698  0.0645]) pre=[-0.373   0.4913 -0.8102 -1.6805  0.3861  2.004  -0.504 ] final=[-0.6332  0.7189 -0.4616 -1.7745  0.4433  2.3886 -0.5395] (FK err pre=0.0000 m final=0.0000 m)
2026-04-15 13:51:52,041 INFO     [FetchInput] IK pre_joints:   [-0.373   0.4913 -0.8102 -1.6805  0.3861  2.004  -0.504 ]
2026-04-15 13:51:52,041 INFO     [FetchInput] IK final_joints: [-0.6332  0.7189 -0.4616 -1.7745  0.4433  2.3886 -0.5395]
2026-04-15 13:51:52,041 INFO     [FetchInput] Moving to pre-pick
2026-04-15 13:51:53,515 INFO     [Service] /compute_grasps_labelling → success=True msg='Zone1=OK, Zone2=FAIL'
2026-04-15 13:51:53,515 INFO     item_depth=0.0245  X=-0.2470 Y=-0.0545 Z=0.9755  pos(world)=[0.5145 0.266  0.0045]  task_pos=[0.5145 0.266  0.0245]  task_ori=[0.6776 0.7354 0.     0.    ]
2026-04-15 13:51:53,517 INFO     [compute_label_joints] Zone 1 received pose: x=0.5145 y=0.2660 z=0.0245  RPY r=180.00 p=0.00 y=94.68 deg
2026-04-15 13:51:53,517 INFO     [IK] compute_pick_joints called — task_pos=[0.5145 0.266  0.0245] label_zone=1 max_attempts=10 check_collisions=True arm_number=2
2026-04-15 13:51:55,415 INFO     [FetchInput] Descending to pick
2026-04-15 13:51:57,623 INFO     [Service] /orio/pnp_cup/on → success=True msg='PnP Cup ON command sent'
2026-04-15 13:51:58,624 INFO     [FetchInput] Retracting to pre-pick height
2026-04-15 13:52:00,119 INFO     [FetchInput] Exiting: succeeded (item_depth=0.0645)
2026-04-15 13:52:00,122 INFO     [DropToZone] Entering state (item_depth=0.0645)
2026-04-15 13:52:00,122 INFO     [DropToZone] Targeting zone B
2026-04-15 13:52:00,129 INFO     [IK] pose_to_joints 'L1_INTER' depth_offset=0.0645 → joints=[-0.1959 -0.4338 -0.1674 -2.498  -0.0798  2.0683  0.4755]
2026-04-15 13:52:00,137 INFO     [IK] pose_to_joints 'L2_INTER' depth_offset=0.0645 → joints=[ 0.1327 -0.3085  0.4225 -2.3621  0.1426  2.0749  1.2535]
2026-04-15 13:52:00,146 INFO     [IK] pose_to_joints 'LABEL_ZONE_2' depth_offset=0.0745 → joints=[ 0.3341  1.1253 -0.024  -0.8933  0.0241  2.0183  1.0987]
2026-04-15 13:52:00,147 INFO     [DropToZone] place_joints for LABEL_ZONE_2: [ 0.3341  1.1253 -0.024  -0.8933  0.0241  2.0183  1.0987]
2026-04-15 13:52:05,830 WARNING  [Main] Shutting down: turning off both vacuums
2026-04-15 13:52:05,830 INFO     [Main] Total items placed at output: 0
2026-04-15 13:52:05,832 INFO     [Service] /orio/pnp_cup/off → success=True msg='PnP Cup OFF command sent'
2026-04-15 13:52:05,834 INFO     [Service] /orio/lbl_cup/off → success=True msg='Labelling Cup OFF command sent'
