2026-04-15 21:59:09,837 INFO     [Logger] File log started: /home/ros_ws/src/devel_packages/orio/logs/orio_run_20260415_215909.log
2026-04-15 21:59:09,837 INFO     [Main] Node started. Log file: /home/ros_ws/src/devel_packages/orio/logs/orio_run_20260415_215909.log
2026-04-15 21:59:28,259 INFO     [Main] Operator input — item='PlsWork'  expiry='2067-67-67'
2026-04-15 21:59:28,259 INFO     [Hardware] Initializing Robot Hardware...
2026-04-15 21:59:28,883 INFO     [Hardware] Resetting both arms to home joints
2026-04-15 21:59:35,265 INFO     [Hardware] Poses loaded from joint_angles.json
2026-04-15 21:59:35,273 INFO     [Hardware] Initialization complete
2026-04-15 21:59:35,277 INFO     [Main] Starting state machine execution
2026-04-15 21:59:35,279 INFO     [GetLabel] Entering state
2026-04-15 21:59:35,280 DEBUG    [TaskSelector] Evaluating zone states: {'A': 'EMPTY', 'B': 'EMPTY'}  busy: {'A': False, 'B': False}
2026-04-15 21:59:35,281 INFO     [TaskSelector] → do_load (zone A empty)
2026-04-15 21:59:35,282 INFO     [FetchInput] Entering state
2026-04-15 21:59:37,141 INFO     [Service] /compute_grasps → success=True msg='Published 2 PnP poses.'
2026-04-15 21:59:37,141 INFO     [FetchInput] Grasp pose received: x=0.0549 y=-0.3560 z=0.0612
2026-04-15 21:59:37,142 INFO     [IK] compute_pick_joints called — task_pos=[ 0.0549 -0.356   0.0612] label_zone=None max_attempts=10 check_collisions=False arm_number=None
2026-04-15 21:59:37,167 INFO     [IK] Arm? compute_pick_joints attempt 1/10 OK — target=([ 0.0549 -0.356   0.0612]) pre=[-0.4986 -0.5041 -1.0303 -2.7972 -0.6637  2.4043 -0.1584] final=[ 0.4143 -0.2106 -1.9942 -2.8046 -0.6666  2.8283 -0.1604] (FK err pre=0.0000 m final=0.0000 m)
2026-04-15 21:59:37,168 INFO     [FetchInput] IK pre_joints:   [-0.4986 -0.5041 -1.0303 -2.7972 -0.6637  2.4043 -0.1584]
2026-04-15 21:59:37,168 INFO     [FetchInput] IK final_joints: [ 0.4143 -0.2106 -1.9942 -2.8046 -0.6666  2.8283 -0.1604]
2026-04-15 21:59:37,168 INFO     [FetchInput] Moving to pre-pick
2026-04-15 21:59:40,274 INFO     [FetchInput] Descending to pick
2026-04-15 21:59:42,730 INFO     [Service] /orio/pnp_cup/on → success=True msg='PnP Cup ON command sent'
2026-04-15 21:59:43,731 INFO     [FetchInput] Retracting to pre-pick height
2026-04-15 21:59:45,491 INFO     [Service] /orio/lbl_cup/on → success=True msg='Labelling Cup ON command sent'
2026-04-15 21:59:46,505 INFO     [FetchInput] Exiting: succeeded (item_depth=0.0612)
2026-04-15 21:59:46,510 INFO     [DropToZone] Entering state (item_depth=0.0612)
2026-04-15 21:59:46,510 INFO     [DropToZone] Targeting zone A
2026-04-15 21:59:46,524 INFO     [IK] pose_to_joints 'L1_INTER' depth_offset=0.0612 → joints=[-0.3188 -0.5153 -0.3481 -2.5505 -0.191   2.0537  0.2503]
2026-04-15 21:59:46,537 INFO     [IK] pose_to_joints 'LABEL_ZONE_1' depth_offset=0.0712 → joints=[-0.2339  1.1385 -0.1725 -0.8889  0.1735  2.0158  0.4034]
2026-04-15 21:59:46,537 INFO     [DropToZone] place_joints for LABEL_ZONE_1: [-0.2339  1.1385 -0.1725 -0.8889  0.1735  2.0158  0.4034]
2026-04-15 21:59:48,985 INFO     [IK] pose_to_joints 'LABELLING_SAFE' depth_offset=0.0000 → joints=[-0.065  -1.2718  0.0356 -2.707   0.0343  1.4354  0.7355]
2026-04-15 21:59:53,124 INFO     [Service] /orio/pnp_cup/off → success=True msg='PnP Cup OFF command sent'
2026-04-15 21:59:53,496 ERROR    [GET_LABEL] Unhandled exception: LBL vacuum failed to pick up item (expected=True, actual=False)
2026-04-15 21:59:53,498 WARNING  [ARM2 Recovery] Showing GUI — both arms paused
2026-04-15 21:59:56,915 INFO     [ZoneManager] Zone A: EMPTY → NEEDS_LABEL
2026-04-15 21:59:56,915 INFO     [DropToZone] Exiting: dropped (zone A)
2026-04-15 22:00:14,291 INFO     [Recovery] Zones updated: {'A': 'NEEDS_LABEL', 'B': 'EMPTY'}  busy: {'A': True, 'B': False}
2026-04-15 22:00:14,298 INFO     [ARM2 Recovery] choice=GET_LABEL  ARM1 override=FETCH_INPUT
2026-04-15 22:00:14,301 INFO     [GetLabel] Entering state
2026-04-15 22:00:14,336 DEBUG    [TaskSelector] Evaluating zone states: {'A': 'NEEDS_LABEL', 'B': 'EMPTY'}  busy: {'A': True, 'B': False}
2026-04-15 22:00:14,337 INFO     [TaskSelector] → do_load (zone B empty)
2026-04-15 22:00:14,339 INFO     [FetchInput] Entering state
2026-04-15 22:00:14,949 INFO     [Service] /compute_grasps → success=True msg='Published 2 PnP poses.'
2026-04-15 22:00:14,949 INFO     [FetchInput] Grasp pose received: x=0.0289 y=-0.6182 z=0.0214
2026-04-15 22:00:14,949 INFO     [IK] compute_pick_joints called — task_pos=[ 0.0289 -0.6182  0.0214] label_zone=None max_attempts=10 check_collisions=False arm_number=None
2026-04-15 22:00:14,978 INFO     [IK] Arm? compute_pick_joints attempt 1/10 OK — target=([ 0.0289 -0.6182  0.0214]) pre=[-0.9624  0.5433 -0.5968 -1.9393  0.4235  2.3565 -1.0124] final=[-1.1728  0.6998 -0.3511 -1.9145  0.4052  2.5449 -1.0015] (FK err pre=0.0000 m final=0.0000 m)
2026-04-15 22:00:14,979 INFO     [FetchInput] IK pre_joints:   [-0.9624  0.5433 -0.5968 -1.9393  0.4235  2.3565 -1.0124]
2026-04-15 22:00:14,979 INFO     [FetchInput] IK final_joints: [-1.1728  0.6998 -0.3511 -1.9145  0.4052  2.5449 -1.0015]
2026-04-15 22:00:14,979 INFO     [FetchInput] Moving to pre-pick
2026-04-15 22:00:18,383 INFO     [FetchInput] Descending to pick
2026-04-15 22:00:20,592 INFO     [Service] /orio/pnp_cup/on → success=True msg='PnP Cup ON command sent'
2026-04-15 22:00:21,593 INFO     [FetchInput] Retracting to pre-pick height
2026-04-15 22:00:24,517 INFO     [Service] /orio/lbl_cup/on → success=True msg='Labelling Cup ON command sent'
2026-04-15 22:00:24,815 INFO     [FetchInput] Exiting: succeeded (item_depth=0.0214)
2026-04-15 22:00:24,818 INFO     [DropToZone] Entering state (item_depth=0.0214)
2026-04-15 22:00:24,818 INFO     [DropToZone] Targeting zone B
2026-04-15 22:00:24,830 INFO     [IK] pose_to_joints 'L1_INTER' depth_offset=0.0214 → joints=[-0.3196 -0.4653 -0.3667 -2.6186 -0.1963  2.1712  0.247 ]
2026-04-15 22:00:24,840 INFO     [IK] pose_to_joints 'L2_INTER' depth_offset=0.0214 → joints=[ 0.0894 -0.5197  0.5877 -2.6112  0.3332  2.1408  1.2144]
2026-04-15 22:00:24,850 INFO     [IK] pose_to_joints 'LABEL_ZONE_2' depth_offset=0.0314 → joints=[ 0.3547  1.2116 -0.0667 -0.8487  0.0707  2.0585  1.0835]
2026-04-15 22:00:24,851 INFO     [DropToZone] place_joints for LABEL_ZONE_2: [ 0.3547  1.2116 -0.0667 -0.8487  0.0707  2.0585  1.0835]
2026-04-15 22:00:27,987 INFO     [IK] pose_to_joints 'LABELLING_SAFE' depth_offset=0.0000 → joints=[-0.065  -1.2718  0.0356 -2.707   0.0343  1.4354  0.7355]
2026-04-15 22:00:32,496 ERROR    [GET_LABEL] Unhandled exception: LBL vacuum failed to pick up item (expected=True, actual=False)
2026-04-15 22:00:32,497 WARNING  [ARM2 Recovery] Showing GUI — both arms paused
2026-04-15 22:00:33,217 INFO     [Service] /orio/pnp_cup/off → success=True msg='PnP Cup OFF command sent'
2026-04-15 22:00:36,994 INFO     [ZoneManager] Zone B: EMPTY → NEEDS_LABEL
2026-04-15 22:00:36,994 INFO     [DropToZone] Exiting: dropped (zone B)
2026-04-15 22:00:53,097 INFO     [Recovery] Zones updated: {'A': 'NEEDS_LABEL', 'B': 'NEEDS_LABEL'}  busy: {'A': True, 'B': True}
2026-04-15 22:01:10,240 INFO     [Recovery] Zones updated: {'A': 'NEEDS_LABEL', 'B': 'NEEDS_LABEL'}  busy: {'A': True, 'B': True}
2026-04-15 22:01:10,243 INFO     [ARM2 Recovery] choice=APPLY  ARM1 override=None
2026-04-15 22:01:10,245 INFO     [ApplyLabel] Entering state (zones: {'A': 'NEEDS_LABEL', 'B': 'NEEDS_LABEL'}  busy: {'A': True, 'B': True})
2026-04-15 22:01:10,245 DEBUG    [ApplyLabel] No zone needs label → wait
2026-04-15 22:01:10,433 DEBUG    [TaskSelector] Evaluating zone states: {'A': 'NEEDS_LABEL', 'B': 'NEEDS_LABEL'}  busy: {'A': True, 'B': True}
2026-04-15 22:01:10,433 DEBUG    [TaskSelector] → wait (no actionable zones)
2026-04-15 22:01:10,748 INFO     [ApplyLabel] Entering state (zones: {'A': 'NEEDS_LABEL', 'B': 'NEEDS_LABEL'}  busy: {'A': True, 'B': True})
2026-04-15 22:01:10,748 DEBUG    [ApplyLabel] No zone needs label → wait
2026-04-15 22:01:10,935 DEBUG    [TaskSelector] Evaluating zone states: {'A': 'NEEDS_LABEL', 'B': 'NEEDS_LABEL'}  busy: {'A': True, 'B': True}
2026-04-15 22:01:10,935 DEBUG    [TaskSelector] → wait (no actionable zones)
2026-04-15 22:01:11,249 INFO     [ApplyLabel] Entering state (zones: {'A': 'NEEDS_LABEL', 'B': 'NEEDS_LABEL'}  busy: {'A': True, 'B': True})
2026-04-15 22:01:11,250 DEBUG    [ApplyLabel] No zone needs label → wait
2026-04-15 22:01:11,439 DEBUG    [TaskSelector] Evaluating zone states: {'A': 'NEEDS_LABEL', 'B': 'NEEDS_LABEL'}  busy: {'A': True, 'B': True}
2026-04-15 22:01:11,439 DEBUG    [TaskSelector] → wait (no actionable zones)
2026-04-15 22:01:11,751 INFO     [ApplyLabel] Entering state (zones: {'A': 'NEEDS_LABEL', 'B': 'NEEDS_LABEL'}  busy: {'A': True, 'B': True})
2026-04-15 22:01:11,751 DEBUG    [ApplyLabel] No zone needs label → wait
2026-04-15 22:01:11,941 DEBUG    [TaskSelector] Evaluating zone states: {'A': 'NEEDS_LABEL', 'B': 'NEEDS_LABEL'}  busy: {'A': True, 'B': True}
2026-04-15 22:01:11,941 DEBUG    [TaskSelector] → wait (no actionable zones)
2026-04-15 22:01:12,253 INFO     [ApplyLabel] Entering state (zones: {'A': 'NEEDS_LABEL', 'B': 'NEEDS_LABEL'}  busy: {'A': True, 'B': True})
2026-04-15 22:01:12,253 DEBUG    [ApplyLabel] No zone needs label → wait
2026-04-15 22:01:12,445 DEBUG    [TaskSelector] Evaluating zone states: {'A': 'NEEDS_LABEL', 'B': 'NEEDS_LABEL'}  busy: {'A': True, 'B': True}
2026-04-15 22:01:12,445 DEBUG    [TaskSelector] → wait (no actionable zones)
2026-04-15 22:01:12,755 INFO     [ApplyLabel] Entering state (zones: {'A': 'NEEDS_LABEL', 'B': 'NEEDS_LABEL'}  busy: {'A': True, 'B': True})
2026-04-15 22:01:12,755 DEBUG    [ApplyLabel] No zone needs label → wait
2026-04-15 22:01:12,946 DEBUG    [TaskSelector] Evaluating zone states: {'A': 'NEEDS_LABEL', 'B': 'NEEDS_LABEL'}  busy: {'A': True, 'B': True}
2026-04-15 22:01:12,947 DEBUG    [TaskSelector] → wait (no actionable zones)
2026-04-15 22:01:13,259 INFO     [ApplyLabel] Entering state (zones: {'A': 'NEEDS_LABEL', 'B': 'NEEDS_LABEL'}  busy: {'A': True, 'B': True})
2026-04-15 22:01:13,259 DEBUG    [ApplyLabel] No zone needs label → wait
2026-04-15 22:01:13,449 DEBUG    [TaskSelector] Evaluating zone states: {'A': 'NEEDS_LABEL', 'B': 'NEEDS_LABEL'}  busy: {'A': True, 'B': True}
2026-04-15 22:01:13,449 DEBUG    [TaskSelector] → wait (no actionable zones)
2026-04-15 22:01:13,761 INFO     [ApplyLabel] Entering state (zones: {'A': 'NEEDS_LABEL', 'B': 'NEEDS_LABEL'}  busy: {'A': True, 'B': True})
2026-04-15 22:01:13,761 DEBUG    [ApplyLabel] No zone needs label → wait
2026-04-15 22:01:13,951 DEBUG    [TaskSelector] Evaluating zone states: {'A': 'NEEDS_LABEL', 'B': 'NEEDS_LABEL'}  busy: {'A': True, 'B': True}
2026-04-15 22:01:13,951 DEBUG    [TaskSelector] → wait (no actionable zones)
2026-04-15 22:01:14,263 INFO     [ApplyLabel] Entering state (zones: {'A': 'NEEDS_LABEL', 'B': 'NEEDS_LABEL'}  busy: {'A': True, 'B': True})
2026-04-15 22:01:14,264 DEBUG    [ApplyLabel] No zone needs label → wait
2026-04-15 22:01:14,453 DEBUG    [TaskSelector] Evaluating zone states: {'A': 'NEEDS_LABEL', 'B': 'NEEDS_LABEL'}  busy: {'A': True, 'B': True}
2026-04-15 22:01:14,453 DEBUG    [TaskSelector] → wait (no actionable zones)
2026-04-15 22:01:14,766 INFO     [ApplyLabel] Entering state (zones: {'A': 'NEEDS_LABEL', 'B': 'NEEDS_LABEL'}  busy: {'A': True, 'B': True})
2026-04-15 22:01:14,766 DEBUG    [ApplyLabel] No zone needs label → wait
2026-04-15 22:01:14,956 DEBUG    [TaskSelector] Evaluating zone states: {'A': 'NEEDS_LABEL', 'B': 'NEEDS_LABEL'}  busy: {'A': True, 'B': True}
2026-04-15 22:01:14,956 DEBUG    [TaskSelector] → wait (no actionable zones)
2026-04-15 22:01:15,268 INFO     [ApplyLabel] Entering state (zones: {'A': 'NEEDS_LABEL', 'B': 'NEEDS_LABEL'}  busy: {'A': True, 'B': True})
2026-04-15 22:01:15,268 DEBUG    [ApplyLabel] No zone needs label → wait
2026-04-15 22:01:15,460 DEBUG    [TaskSelector] Evaluating zone states: {'A': 'NEEDS_LABEL', 'B': 'NEEDS_LABEL'}  busy: {'A': True, 'B': True}
2026-04-15 22:01:15,460 DEBUG    [TaskSelector] → wait (no actionable zones)
2026-04-15 22:01:15,771 INFO     [ApplyLabel] Entering state (zones: {'A': 'NEEDS_LABEL', 'B': 'NEEDS_LABEL'}  busy: {'A': True, 'B': True})
2026-04-15 22:01:15,771 DEBUG    [ApplyLabel] No zone needs label → wait
2026-04-15 22:01:15,962 DEBUG    [TaskSelector] Evaluating zone states: {'A': 'NEEDS_LABEL', 'B': 'NEEDS_LABEL'}  busy: {'A': True, 'B': True}
2026-04-15 22:01:15,962 DEBUG    [TaskSelector] → wait (no actionable zones)
2026-04-15 22:01:16,275 INFO     [ApplyLabel] Entering state (zones: {'A': 'NEEDS_LABEL', 'B': 'NEEDS_LABEL'}  busy: {'A': True, 'B': True})
2026-04-15 22:01:16,275 DEBUG    [ApplyLabel] No zone needs label → wait
2026-04-15 22:01:16,465 DEBUG    [TaskSelector] Evaluating zone states: {'A': 'NEEDS_LABEL', 'B': 'NEEDS_LABEL'}  busy: {'A': True, 'B': True}
2026-04-15 22:01:16,465 DEBUG    [TaskSelector] → wait (no actionable zones)
2026-04-15 22:01:16,777 INFO     [ApplyLabel] Entering state (zones: {'A': 'NEEDS_LABEL', 'B': 'NEEDS_LABEL'}  busy: {'A': True, 'B': True})
2026-04-15 22:01:16,777 DEBUG    [ApplyLabel] No zone needs label → wait
2026-04-15 22:01:16,967 DEBUG    [TaskSelector] Evaluating zone states: {'A': 'NEEDS_LABEL', 'B': 'NEEDS_LABEL'}  busy: {'A': True, 'B': True}
2026-04-15 22:01:16,967 DEBUG    [TaskSelector] → wait (no actionable zones)
2026-04-15 22:01:17,279 INFO     [ApplyLabel] Entering state (zones: {'A': 'NEEDS_LABEL', 'B': 'NEEDS_LABEL'}  busy: {'A': True, 'B': True})
2026-04-15 22:01:17,279 DEBUG    [ApplyLabel] No zone needs label → wait
2026-04-15 22:01:17,469 DEBUG    [TaskSelector] Evaluating zone states: {'A': 'NEEDS_LABEL', 'B': 'NEEDS_LABEL'}  busy: {'A': True, 'B': True}
2026-04-15 22:01:17,469 DEBUG    [TaskSelector] → wait (no actionable zones)
2026-04-15 22:01:17,781 INFO     [ApplyLabel] Entering state (zones: {'A': 'NEEDS_LABEL', 'B': 'NEEDS_LABEL'}  busy: {'A': True, 'B': True})
2026-04-15 22:01:17,781 DEBUG    [ApplyLabel] No zone needs label → wait
2026-04-15 22:01:17,972 DEBUG    [TaskSelector] Evaluating zone states: {'A': 'NEEDS_LABEL', 'B': 'NEEDS_LABEL'}  busy: {'A': True, 'B': True}
2026-04-15 22:01:17,972 DEBUG    [TaskSelector] → wait (no actionable zones)
2026-04-15 22:01:18,283 INFO     [ApplyLabel] Entering state (zones: {'A': 'NEEDS_LABEL', 'B': 'NEEDS_LABEL'}  busy: {'A': True, 'B': True})
2026-04-15 22:01:18,283 DEBUG    [ApplyLabel] No zone needs label → wait
2026-04-15 22:01:18,476 DEBUG    [TaskSelector] Evaluating zone states: {'A': 'NEEDS_LABEL', 'B': 'NEEDS_LABEL'}  busy: {'A': True, 'B': True}
2026-04-15 22:01:18,476 DEBUG    [TaskSelector] → wait (no actionable zones)
2026-04-15 22:01:18,785 INFO     [ApplyLabel] Entering state (zones: {'A': 'NEEDS_LABEL', 'B': 'NEEDS_LABEL'}  busy: {'A': True, 'B': True})
2026-04-15 22:01:18,785 DEBUG    [ApplyLabel] No zone needs label → wait
2026-04-15 22:01:18,978 DEBUG    [TaskSelector] Evaluating zone states: {'A': 'NEEDS_LABEL', 'B': 'NEEDS_LABEL'}  busy: {'A': True, 'B': True}
2026-04-15 22:01:18,978 DEBUG    [TaskSelector] → wait (no actionable zones)
2026-04-15 22:01:19,289 INFO     [ApplyLabel] Entering state (zones: {'A': 'NEEDS_LABEL', 'B': 'NEEDS_LABEL'}  busy: {'A': True, 'B': True})
2026-04-15 22:01:19,289 DEBUG    [ApplyLabel] No zone needs label → wait
2026-04-15 22:01:19,482 DEBUG    [TaskSelector] Evaluating zone states: {'A': 'NEEDS_LABEL', 'B': 'NEEDS_LABEL'}  busy: {'A': True, 'B': True}
2026-04-15 22:01:19,482 DEBUG    [TaskSelector] → wait (no actionable zones)
2026-04-15 22:01:19,791 INFO     [ApplyLabel] Entering state (zones: {'A': 'NEEDS_LABEL', 'B': 'NEEDS_LABEL'}  busy: {'A': True, 'B': True})
2026-04-15 22:01:19,792 DEBUG    [ApplyLabel] No zone needs label → wait
2026-04-15 22:01:19,984 DEBUG    [TaskSelector] Evaluating zone states: {'A': 'NEEDS_LABEL', 'B': 'NEEDS_LABEL'}  busy: {'A': True, 'B': True}
2026-04-15 22:01:19,984 DEBUG    [TaskSelector] → wait (no actionable zones)
2026-04-15 22:01:20,295 INFO     [ApplyLabel] Entering state (zones: {'A': 'NEEDS_LABEL', 'B': 'NEEDS_LABEL'}  busy: {'A': True, 'B': True})
2026-04-15 22:01:20,295 DEBUG    [ApplyLabel] No zone needs label → wait
2026-04-15 22:01:20,488 DEBUG    [TaskSelector] Evaluating zone states: {'A': 'NEEDS_LABEL', 'B': 'NEEDS_LABEL'}  busy: {'A': True, 'B': True}
2026-04-15 22:01:20,488 DEBUG    [TaskSelector] → wait (no actionable zones)
2026-04-15 22:01:20,797 INFO     [ApplyLabel] Entering state (zones: {'A': 'NEEDS_LABEL', 'B': 'NEEDS_LABEL'}  busy: {'A': True, 'B': True})
2026-04-15 22:01:20,797 DEBUG    [ApplyLabel] No zone needs label → wait
2026-04-15 22:01:20,991 DEBUG    [TaskSelector] Evaluating zone states: {'A': 'NEEDS_LABEL', 'B': 'NEEDS_LABEL'}  busy: {'A': True, 'B': True}
2026-04-15 22:01:20,991 DEBUG    [TaskSelector] → wait (no actionable zones)
2026-04-15 22:01:21,300 INFO     [ApplyLabel] Entering state (zones: {'A': 'NEEDS_LABEL', 'B': 'NEEDS_LABEL'}  busy: {'A': True, 'B': True})
2026-04-15 22:01:21,300 DEBUG    [ApplyLabel] No zone needs label → wait
2026-04-15 22:01:21,434 WARNING  [Main] Shutting down: turning off both vacuums
2026-04-15 22:01:21,434 INFO     [Main] Total items placed at output: 0
2026-04-15 22:01:21,438 INFO     [Service] /orio/pnp_cup/off → success=True msg='PnP Cup OFF command sent'
2026-04-15 22:01:21,442 INFO     [Service] /orio/lbl_cup/off → success=True msg='Labelling Cup OFF command sent'
2026-04-15 22:01:21,497 DEBUG    [TaskSelector] Evaluating zone states: {'A': 'NEEDS_LABEL', 'B': 'NEEDS_LABEL'}  busy: {'A': True, 'B': True}
2026-04-15 22:01:21,497 DEBUG    [TaskSelector] → wait (no actionable zones)
