2026-04-22 17:21:46,457 INFO     [Logger] File log started: /home/ros_ws/src/devel_packages/orio/logs/orio_run_20260422_172146.log
2026-04-22 17:21:46,457 INFO     [Main] Node started. Log file: /home/ros_ws/src/devel_packages/orio/logs/orio_run_20260422_172146.log
2026-04-22 17:21:57,212 INFO     [Main] Operator input — item='hzcvu'  expiry='1425-16-65'
2026-04-22 17:21:57,212 INFO     [Hardware] Initializing Robot Hardware...
2026-04-22 17:21:57,774 INFO     [Hardware] Resetting both arms to home joints
2026-04-22 17:22:06,882 INFO     [Hardware] Poses loaded from joint_angles.json
2026-04-22 17:22:06,893 INFO     [Hardware] Initialization complete
2026-04-22 17:22:06,899 INFO     [Main] Starting state machine execution
2026-04-22 17:22:06,903 INFO     [GetLabel] Entering state
2026-04-22 17:22:06,904 DEBUG    [TaskSelector] Evaluating zone states: {'A': 'EMPTY', 'B': 'EMPTY'}  busy: {'A': False, 'B': False}
2026-04-22 17:22:06,904 INFO     [TaskSelector] → do_load (empty zone available)
2026-04-22 17:22:06,908 INFO     [FetchInput] Entering state
2026-04-22 17:22:07,535 INFO     [Service] /compute_grasps → success=True msg='Published 1 PnP poses.'
2026-04-22 17:22:07,535 INFO     [FetchInput] Grasp pose received: x=0.3567 y=-0.5098 z=0.0394
2026-04-22 17:22:07,535 INFO     [IK] compute_pick_joints called — task_pos=[ 0.3567 -0.5098  0.0394] label_zone=None max_attempts=10 check_collisions=False arm_number=None
2026-04-22 17:22:07,563 INFO     [IK] Arm? compute_pick_joints attempt 1/10 OK — target=([ 0.3567 -0.5098  0.0394]) pre=[-0.2622  0.5769 -0.7584 -1.9141  0.5195  2.2849 -0.5064] final=[-0.461   0.7132 -0.5134 -1.9001  0.5439  2.4716 -0.5213] (FK err pre=0.0000 m final=0.0000 m)
2026-04-22 17:22:07,564 INFO     [FetchInput] IK pre_joints:   [-0.2622  0.5769 -0.7584 -1.9141  0.5195  2.2849 -0.5064]
2026-04-22 17:22:07,564 INFO     [FetchInput] IK final_joints: [-0.461   0.7132 -0.5134 -1.9001  0.5439  2.4716 -0.5213]
2026-04-22 17:22:07,565 INFO     [FetchInput] Moving to pre-pick
2026-04-22 17:22:10,978 INFO     [FetchInput] Descending to pick
2026-04-22 17:22:13,184 INFO     [Service] /orio/pnp_cup/on → success=True msg='PnP Cup ON command sent'
2026-04-22 17:22:14,186 INFO     [FetchInput] Retracting to pre-pick height
2026-04-22 17:22:17,217 INFO     [FetchInput] Exiting: succeeded (item_depth=0.0394)
2026-04-22 17:22:17,219 INFO     [DropToZone] Entering state (item_depth=0.0394)
2026-04-22 17:22:17,219 INFO     [DropToZone] Targeting zone A
2026-04-22 17:22:17,224 INFO     [Service] /orio/lbl_cup/on → success=True msg='Labelling Cup ON command sent'
2026-04-22 17:22:17,233 INFO     [IK] pose_to_joints 'L1_INTER' depth_offset=0.0394 → joints=[-0.3193 -0.4903 -0.3584 -2.5892 -0.1945  2.1171  0.249 ]
2026-04-22 17:22:17,248 INFO     [IK] pose_to_joints 'LABEL_ZONE_1' depth_offset=0.0494 → joints=[-0.2367  1.1795 -0.1694 -0.8702  0.1755  2.0383  0.4038]
2026-04-22 17:22:17,248 INFO     [DropToZone] place_joints for LABEL_ZONE_1: [-0.2367  1.1795 -0.1694 -0.8702  0.1755  2.0383  0.4038]
2026-04-22 17:22:20,666 INFO     [IK] pose_to_joints 'LABELLING_SAFE' depth_offset=0.0000 → joints=[-0.065  -1.2718  0.0356 -2.707   0.0343  1.4354  0.7355]
2026-04-22 17:22:23,872 INFO     [GetLabel] Exiting: succeeded
2026-04-22 17:22:23,876 INFO     [ApplyLabel] Entering state (zones: {'A': 'EMPTY', 'B': 'EMPTY'}  busy: {'A': True, 'B': False})
2026-04-22 17:22:23,876 DEBUG    [ApplyLabel] No zone needs label → wait
2026-04-22 17:22:24,213 INFO     [Service] /orio/pnp_cup/off → success=True msg='PnP Cup OFF command sent'
2026-04-22 17:22:24,378 INFO     [ApplyLabel] Entering state (zones: {'A': 'EMPTY', 'B': 'EMPTY'}  busy: {'A': True, 'B': False})
2026-04-22 17:22:24,378 DEBUG    [ApplyLabel] No zone needs label → wait
2026-04-22 17:22:24,882 INFO     [ApplyLabel] Entering state (zones: {'A': 'EMPTY', 'B': 'EMPTY'}  busy: {'A': True, 'B': False})
2026-04-22 17:22:24,882 DEBUG    [ApplyLabel] No zone needs label → wait
2026-04-22 17:22:25,384 INFO     [ApplyLabel] Entering state (zones: {'A': 'EMPTY', 'B': 'EMPTY'}  busy: {'A': True, 'B': False})
2026-04-22 17:22:25,384 DEBUG    [ApplyLabel] No zone needs label → wait
2026-04-22 17:22:25,889 INFO     [ApplyLabel] Entering state (zones: {'A': 'EMPTY', 'B': 'EMPTY'}  busy: {'A': True, 'B': False})
2026-04-22 17:22:25,890 DEBUG    [ApplyLabel] No zone needs label → wait
2026-04-22 17:22:26,391 INFO     [ApplyLabel] Entering state (zones: {'A': 'EMPTY', 'B': 'EMPTY'}  busy: {'A': True, 'B': False})
2026-04-22 17:22:26,391 DEBUG    [ApplyLabel] No zone needs label → wait
2026-04-22 17:22:26,895 INFO     [ApplyLabel] Entering state (zones: {'A': 'EMPTY', 'B': 'EMPTY'}  busy: {'A': True, 'B': False})
2026-04-22 17:22:26,895 DEBUG    [ApplyLabel] No zone needs label → wait
2026-04-22 17:22:27,397 INFO     [ApplyLabel] Entering state (zones: {'A': 'EMPTY', 'B': 'EMPTY'}  busy: {'A': True, 'B': False})
2026-04-22 17:22:27,397 DEBUG    [ApplyLabel] No zone needs label → wait
2026-04-22 17:22:27,675 INFO     [ZoneManager] Zone A: EMPTY → NEEDS_LABEL
2026-04-22 17:22:27,675 INFO     [DropToZone] Exiting: dropped (zone A)
2026-04-22 17:22:27,677 DEBUG    [TaskSelector] Evaluating zone states: {'A': 'NEEDS_LABEL', 'B': 'EMPTY'}  busy: {'A': False, 'B': False}
2026-04-22 17:22:27,677 INFO     [TaskSelector] → do_load (empty zone available)
2026-04-22 17:22:27,678 INFO     [FetchInput] Entering state
2026-04-22 17:22:27,901 INFO     [ApplyLabel] Entering state (zones: {'A': 'NEEDS_LABEL', 'B': 'EMPTY'}  busy: {'A': False, 'B': False})
2026-04-22 17:22:27,901 INFO     [ApplyLabel] Applying label to zone A (zone_number=1, depth=0.0394)
2026-04-22 17:22:27,902 INFO     [compute_label_joints] Requesting label pose for zone 1, item_depth=0.0394
2026-04-22 17:22:28,264 INFO     [Service] /compute_grasps → success=True msg='Published 2 PnP poses.'
2026-04-22 17:22:28,264 INFO     [FetchInput] Grasp pose received: x=0.3604 y=-0.5027 z=0.0383
2026-04-22 17:22:28,264 INFO     [IK] compute_pick_joints called — task_pos=[ 0.3604 -0.5027  0.0383] label_zone=None max_attempts=10 check_collisions=False arm_number=None
2026-04-22 17:22:28,279 INFO     [IK] Arm? compute_pick_joints attempt 1/10 OK — target=([ 0.3604 -0.5027  0.0383]) pre=[-0.2332  0.5757 -0.7741 -1.9286  0.5301  2.2895 -0.5029] final=[-0.4339  0.7125 -0.5266 -1.9131  0.5608  2.4757 -0.5217] (FK err pre=0.0000 m final=0.0000 m)
2026-04-22 17:22:28,280 INFO     [FetchInput] IK pre_joints:   [-0.2332  0.5757 -0.7741 -1.9286  0.5301  2.2895 -0.5029]
2026-04-22 17:22:28,281 INFO     [FetchInput] IK final_joints: [-0.4339  0.7125 -0.5266 -1.9131  0.5608  2.4757 -0.5217]
2026-04-22 17:22:28,281 INFO     [FetchInput] Moving to pre-pick
2026-04-22 17:22:28,370 WARNING  [Main] Shutting down: turning off both vacuums
2026-04-22 17:22:28,370 INFO     [Main] Total items placed at output: 0
2026-04-22 17:22:28,379 INFO     [Service] /orio/pnp_cup/off → success=True msg='PnP Cup OFF command sent'
2026-04-22 17:22:28,390 INFO     [Service] /orio/lbl_cup/off → success=True msg='Labelling Cup OFF command sent'
2026-04-22 17:22:28,534 ERROR    [FETCH_INPUT] Unhandled exception: service [/get_current_franka_interface_status_server_node_1/get_current_franka_interface_status_server] returned no response
