2026-04-15 20:16:30,956 INFO     [Logger] File log started: /home/ros_ws/src/devel_packages/orio/logs/orio_run_20260415_201630.log
2026-04-15 20:16:30,956 INFO     [Main] Node started. Log file: /home/ros_ws/src/devel_packages/orio/logs/orio_run_20260415_201630.log
2026-04-15 20:16:35,219 INFO     [Main] Operator input — item='rgr'  expiry='rg'
2026-04-15 20:16:35,219 INFO     [Hardware] Initializing Robot Hardware...
2026-04-15 20:16:35,779 INFO     [Hardware] Resetting both arms to home joints
2026-04-15 20:16:46,144 INFO     [Hardware] Poses loaded from joint_angles.json
2026-04-15 20:16:46,149 INFO     [Hardware] Initialization complete
2026-04-15 20:16:46,154 INFO     [Main] Starting state machine execution
2026-04-15 20:16:46,158 DEBUG    [TaskSelector] Evaluating zone states: {'A': 'EMPTY', 'B': 'EMPTY'}  busy: {'A': False, 'B': False}
2026-04-15 20:16:46,159 INFO     [TaskSelector] → do_load (zone A empty)
2026-04-15 20:16:46,159 INFO     [GetLabel] Entering state
2026-04-15 20:16:46,160 INFO     [FetchInput] Entering state
2026-04-15 20:16:46,745 INFO     [Service] /compute_grasps → success=True msg='Published 2 PnP poses.'
2026-04-15 20:16:46,745 INFO     [FetchInput] Grasp pose received: x=0.0428 y=-0.3587 z=0.0135
2026-04-15 20:16:46,746 INFO     [IK] compute_pick_joints called — task_pos=[ 0.0428 -0.3587  0.0135] label_zone=None max_attempts=10 check_collisions=False arm_number=None
2026-04-15 20:16:46,785 INFO     [IK] Arm? compute_pick_joints attempt 1/10 OK — target=([ 0.0428 -0.3587  0.0135]) pre=[-0.3467 -0.3263 -1.2479 -2.8142 -0.6487  2.6144 -0.2125] final=[ 0.9011 -0.3461 -2.576  -2.7223 -0.9819  2.9212  0.0537] (FK err pre=0.0000 m final=0.0000 m)
2026-04-15 20:16:46,787 INFO     [FetchInput] IK pre_joints:   [-0.3467 -0.3263 -1.2479 -2.8142 -0.6487  2.6144 -0.2125]
2026-04-15 20:16:46,787 INFO     [FetchInput] IK final_joints: [ 0.9011 -0.3461 -2.576  -2.7223 -0.9819  2.9212  0.0537]
2026-04-15 20:16:46,788 INFO     [FetchInput] Moving to pre-pick
2026-04-15 20:16:50,215 INFO     [FetchInput] Descending to pick
2026-04-15 20:16:52,698 INFO     [Service] /orio/pnp_cup/on → success=True msg='PnP Cup ON command sent'
2026-04-15 20:16:53,699 INFO     [FetchInput] Retracting to pre-pick height
2026-04-15 20:16:56,375 INFO     [Service] /orio/lbl_cup/on → success=True msg='Labelling Cup ON command sent'
2026-04-15 20:16:56,675 INFO     [FetchInput] Exiting: succeeded (item_depth=0.0135)
2026-04-15 20:16:56,677 INFO     [DropToZone] Entering state (item_depth=0.0135)
2026-04-15 20:16:56,677 INFO     [DropToZone] Targeting zone A
2026-04-15 20:16:56,686 INFO     [IK] pose_to_joints 'L1_INTER' depth_offset=0.0135 → joints=[-0.3197 -0.4532 -0.3702 -2.6306 -0.1965  2.1952  0.2458]
2026-04-15 20:16:56,697 INFO     [IK] pose_to_joints 'LABEL_ZONE_1' depth_offset=0.0235 → joints=[-0.2415  1.2355 -0.1654 -0.8338  0.1769  2.0585  0.4055]
2026-04-15 20:16:56,698 INFO     [DropToZone] place_joints for LABEL_ZONE_1: [-0.2415  1.2355 -0.1654 -0.8338  0.1769  2.0585  0.4055]
2026-04-15 20:16:59,691 INFO     [IK] pose_to_joints 'LABELLING_SAFE' depth_offset=0.0000 → joints=[-0.065  -1.2718  0.0356 -2.707   0.0343  1.4354  0.7355]
2026-04-15 20:17:03,288 INFO     [GetLabel] Exiting: succeeded
2026-04-15 20:17:03,290 INFO     [ApplyLabel] Entering state (zones: {'A': 'EMPTY', 'B': 'EMPTY'}  busy: {'A': True, 'B': False})
2026-04-15 20:17:03,290 DEBUG    [ApplyLabel] No zone needs label → wait
2026-04-15 20:17:03,300 INFO     [Service] /orio/pnp_cup/off → success=True msg='PnP Cup OFF command sent'
2026-04-15 20:17:03,791 INFO     [ApplyLabel] Entering state (zones: {'A': 'EMPTY', 'B': 'EMPTY'}  busy: {'A': True, 'B': False})
2026-04-15 20:17:03,791 DEBUG    [ApplyLabel] No zone needs label → wait
2026-04-15 20:17:04,292 INFO     [ApplyLabel] Entering state (zones: {'A': 'EMPTY', 'B': 'EMPTY'}  busy: {'A': True, 'B': False})
2026-04-15 20:17:04,293 DEBUG    [ApplyLabel] No zone needs label → wait
2026-04-15 20:17:04,796 INFO     [ApplyLabel] Entering state (zones: {'A': 'EMPTY', 'B': 'EMPTY'}  busy: {'A': True, 'B': False})
2026-04-15 20:17:04,796 DEBUG    [ApplyLabel] No zone needs label → wait
2026-04-15 20:17:05,299 INFO     [ApplyLabel] Entering state (zones: {'A': 'EMPTY', 'B': 'EMPTY'}  busy: {'A': True, 'B': False})
2026-04-15 20:17:05,299 DEBUG    [ApplyLabel] No zone needs label → wait
2026-04-15 20:17:05,802 INFO     [ApplyLabel] Entering state (zones: {'A': 'EMPTY', 'B': 'EMPTY'}  busy: {'A': True, 'B': False})
2026-04-15 20:17:05,802 DEBUG    [ApplyLabel] No zone needs label → wait
2026-04-15 20:17:06,306 INFO     [ApplyLabel] Entering state (zones: {'A': 'EMPTY', 'B': 'EMPTY'}  busy: {'A': True, 'B': False})
2026-04-15 20:17:06,306 DEBUG    [ApplyLabel] No zone needs label → wait
2026-04-15 20:17:06,808 INFO     [ApplyLabel] Entering state (zones: {'A': 'EMPTY', 'B': 'EMPTY'}  busy: {'A': True, 'B': False})
2026-04-15 20:17:06,808 DEBUG    [ApplyLabel] No zone needs label → wait
2026-04-15 20:17:07,080 INFO     [ZoneManager] Zone A: EMPTY → NEEDS_LABEL
2026-04-15 20:17:07,080 INFO     [DropToZone] Exiting: dropped (zone A)
2026-04-15 20:17:07,081 DEBUG    [TaskSelector] Evaluating zone states: {'A': 'NEEDS_LABEL', 'B': 'EMPTY'}  busy: {'A': False, 'B': False}
2026-04-15 20:17:07,081 INFO     [TaskSelector] → do_load (zone B empty)
2026-04-15 20:17:07,082 INFO     [FetchInput] Entering state
2026-04-15 20:17:07,311 INFO     [ApplyLabel] Entering state (zones: {'A': 'NEEDS_LABEL', 'B': 'EMPTY'}  busy: {'A': False, 'B': False})
2026-04-15 20:17:07,312 INFO     [ApplyLabel] Applying label to zone A (zone_number=1, depth=0.0135)
2026-04-15 20:17:07,312 INFO     [compute_label_joints] Requesting label pose for zone 1, item_depth=0.0160
2026-04-15 20:17:07,763 INFO     [Service] /compute_grasps → success=True msg='Published 3 PnP poses.'
2026-04-15 20:17:07,764 INFO     [FetchInput] Grasp pose received: x=0.0506 y=-0.5883 z=0.0161
2026-04-15 20:17:07,764 INFO     [IK] compute_pick_joints called — task_pos=[ 0.0506 -0.5883  0.0161] label_zone=None max_attempts=10 check_collisions=False arm_number=None
2026-04-15 20:17:07,783 INFO     [IK] Arm? compute_pick_joints attempt 1/10 OK — target=([ 0.0506 -0.5883  0.0161]) pre=[-0.7529  0.5384 -0.7561 -2.0451  0.5352  2.3803 -1.0536] final=[-0.9793  0.6946 -0.4869 -2.0104  0.5826  2.5661 -1.0851] (FK err pre=0.0000 m final=0.0000 m)
2026-04-15 20:17:07,784 INFO     [FetchInput] IK pre_joints:   [-0.7529  0.5384 -0.7561 -2.0451  0.5352  2.3803 -1.0536]
2026-04-15 20:17:07,784 INFO     [FetchInput] IK final_joints: [-0.9793  0.6946 -0.4869 -2.0104  0.5826  2.5661 -1.0851]
2026-04-15 20:17:07,784 INFO     [FetchInput] Moving to pre-pick
2026-04-15 20:17:08,823 INFO     [Service] /compute_grasps_labelling → success=True msg='Zone1=OK, Zone2=FAIL'
2026-04-15 20:17:08,823 INFO     item_depth=0.0160  X=-0.2414 Y=-0.0315 Z=0.9840  pos(world)=[ 0.4915  0.2604 -0.004 ]  task_pos=[0.4915 0.2604 0.016 ]  task_ori=[0.668  0.7441 0.     0.    ]
2026-04-15 20:17:08,824 INFO     [compute_label_joints] Zone 1 received pose: x=0.4915 y=0.2604 z=0.0160  RPY r=180.00 p=0.00 y=96.17 deg
2026-04-15 20:17:08,824 INFO     [IK] compute_pick_joints called — task_pos=[0.4915 0.2604 0.016 ] label_zone=1 max_attempts=10 check_collisions=True arm_number=2
2026-04-15 20:17:08,849 INFO     Arm2: cached 8 obstacles from '/home/ros_ws/src/devel_packages/orio/obstacles_files/obs_arm2_free.p'
2026-04-15 20:17:11,236 INFO     [FetchInput] Descending to pick
2026-04-15 20:17:13,443 INFO     [Service] /orio/pnp_cup/on → success=True msg='PnP Cup ON command sent'
2026-04-15 20:17:14,444 INFO     [FetchInput] Retracting to pre-pick height
2026-04-15 20:17:16,950 INFO     [FetchInput] Exiting: succeeded (item_depth=0.0161)
2026-04-15 20:17:16,954 INFO     [DropToZone] Entering state (item_depth=0.0161)
2026-04-15 20:17:16,954 INFO     [DropToZone] Targeting zone B
2026-04-15 20:17:16,964 INFO     [IK] pose_to_joints 'L1_INTER' depth_offset=0.0161 → joints=[-0.3197 -0.4572 -0.3691 -2.6267 -0.1965  2.1874  0.2462]
2026-04-15 20:17:16,972 INFO     [IK] pose_to_joints 'L2_INTER' depth_offset=0.0161 → joints=[ 0.1009 -0.5076  0.581  -2.6199  0.3265  2.1594  1.2214]
2026-04-15 20:17:16,983 INFO     [IK] pose_to_joints 'LABEL_ZONE_2' depth_offset=0.0261 → joints=[ 0.3566  1.2238 -0.0711 -0.8402  0.0758  2.062   1.082 ]
2026-04-15 20:17:16,983 INFO     [DropToZone] place_joints for LABEL_ZONE_2: [ 0.3566  1.2238 -0.0711 -0.8402  0.0758  2.062   1.082 ]
2026-04-15 20:17:25,382 INFO     [Service] /orio/pnp_cup/off → success=True msg='PnP Cup OFF command sent'
2026-04-15 20:17:29,160 INFO     [ZoneManager] Zone B: EMPTY → NEEDS_LABEL
2026-04-15 20:17:29,161 INFO     [DropToZone] Exiting: dropped (zone B)
2026-04-15 20:17:29,163 DEBUG    [TaskSelector] Evaluating zone states: {'A': 'NEEDS_LABEL', 'B': 'NEEDS_LABEL'}  busy: {'A': True, 'B': False}
2026-04-15 20:17:29,164 DEBUG    [TaskSelector] → wait (no actionable zones)
2026-04-15 20:17:29,666 DEBUG    [TaskSelector] Evaluating zone states: {'A': 'NEEDS_LABEL', 'B': 'NEEDS_LABEL'}  busy: {'A': True, 'B': False}
2026-04-15 20:17:29,667 DEBUG    [TaskSelector] → wait (no actionable zones)
2026-04-15 20:17:30,170 DEBUG    [TaskSelector] Evaluating zone states: {'A': 'NEEDS_LABEL', 'B': 'NEEDS_LABEL'}  busy: {'A': True, 'B': False}
2026-04-15 20:17:30,170 DEBUG    [TaskSelector] → wait (no actionable zones)
2026-04-15 20:17:30,673 DEBUG    [TaskSelector] Evaluating zone states: {'A': 'NEEDS_LABEL', 'B': 'NEEDS_LABEL'}  busy: {'A': True, 'B': False}
2026-04-15 20:17:30,674 DEBUG    [TaskSelector] → wait (no actionable zones)
2026-04-15 20:17:31,177 DEBUG    [TaskSelector] Evaluating zone states: {'A': 'NEEDS_LABEL', 'B': 'NEEDS_LABEL'}  busy: {'A': True, 'B': False}
2026-04-15 20:17:31,177 DEBUG    [TaskSelector] → wait (no actionable zones)
2026-04-15 20:17:31,681 DEBUG    [TaskSelector] Evaluating zone states: {'A': 'NEEDS_LABEL', 'B': 'NEEDS_LABEL'}  busy: {'A': True, 'B': False}
2026-04-15 20:17:31,681 DEBUG    [TaskSelector] → wait (no actionable zones)
2026-04-15 20:17:32,186 DEBUG    [TaskSelector] Evaluating zone states: {'A': 'NEEDS_LABEL', 'B': 'NEEDS_LABEL'}  busy: {'A': True, 'B': False}
2026-04-15 20:17:32,186 DEBUG    [TaskSelector] → wait (no actionable zones)
2026-04-15 20:17:32,206 WARNING  [Main] Shutting down: turning off both vacuums
2026-04-15 20:17:32,206 INFO     [Main] Total items placed at output: 0
2026-04-15 20:17:32,208 INFO     [Service] /orio/pnp_cup/off → success=True msg='PnP Cup OFF command sent'
2026-04-15 20:17:32,210 INFO     [Service] /orio/lbl_cup/off → success=True msg='Labelling Cup OFF command sent'
