2026-04-15 22:34:46,714 INFO     [Logger] File log started: /home/ros_ws/src/devel_packages/orio/logs/orio_run_20260415_223446.log
2026-04-15 22:34:46,714 INFO     [Main] Node started. Log file: /home/ros_ws/src/devel_packages/orio/logs/orio_run_20260415_223446.log
2026-04-15 22:34:54,456 INFO     [Main] Operator input — item='443554'  expiry='1234-56-78'
2026-04-15 22:34:54,456 INFO     [Hardware] Initializing Robot Hardware...
2026-04-15 22:34:54,923 INFO     [Hardware] Resetting both arms to home joints
2026-04-15 22:35:01,440 INFO     [Hardware] Poses loaded from joint_angles.json
2026-04-15 22:35:01,459 INFO     [Hardware] Initialization complete
2026-04-15 22:35:01,468 INFO     [Main] Starting state machine execution
2026-04-15 22:35:01,470 DEBUG    [TaskSelector] Evaluating zone states: {'A': 'EMPTY', 'B': 'EMPTY'}  busy: {'A': False, 'B': False}
2026-04-15 22:35:01,470 INFO     [TaskSelector] → do_load (zone A empty)
2026-04-15 22:35:01,471 INFO     [GetLabel] Entering state
2026-04-15 22:35:01,472 INFO     [FetchInput] Entering state
2026-04-15 22:35:02,068 INFO     [Service] /compute_grasps → success=True msg='Published 1 PnP poses.'
2026-04-15 22:35:02,069 INFO     [FetchInput] Grasp pose received: x=0.3204 y=-0.5991 z=0.0267
2026-04-15 22:35:02,069 INFO     [IK] compute_pick_joints called — task_pos=[ 0.3204 -0.5991  0.0267] label_zone=None max_attempts=10 check_collisions=False arm_number=None
2026-04-15 22:35:02,087 INFO     [IK] Arm? compute_pick_joints attempt 1/10 OK — target=([ 0.3204 -0.5991  0.0267]) pre=[-0.5263  0.7321 -0.6619 -1.6587  0.5341  2.2025 -0.6022] final=[-0.7018  0.8531 -0.4315 -1.6398  0.4775  2.3861 -0.5706] (FK err pre=0.0000 m final=0.0000 m)
2026-04-15 22:35:02,088 INFO     [FetchInput] IK pre_joints:   [-0.5263  0.7321 -0.6619 -1.6587  0.5341  2.2025 -0.6022]
2026-04-15 22:35:02,088 INFO     [FetchInput] IK final_joints: [-0.7018  0.8531 -0.4315 -1.6398  0.4775  2.3861 -0.5706]
2026-04-15 22:35:02,088 INFO     [FetchInput] Moving to pre-pick
2026-04-15 22:35:05,488 INFO     [FetchInput] Descending to pick
2026-04-15 22:35:07,704 INFO     [Service] /orio/pnp_cup/on → success=True msg='PnP Cup ON command sent'
2026-04-15 22:35:08,705 INFO     [FetchInput] Retracting to pre-pick height
2026-04-15 22:35:11,685 INFO     [Service] /orio/lbl_cup/on → success=True msg='Labelling Cup ON command sent'
2026-04-15 22:35:12,987 ERROR    [FETCH_INPUT] Unhandled exception: PNP vacuum failed to pick up item (expected=True, actual=False)
2026-04-15 22:35:12,988 WARNING  [ARM1 Recovery] Showing GUI — both arms paused
2026-04-15 22:35:15,093 INFO     [IK] pose_to_joints 'LABELLING_SAFE' depth_offset=0.0000 → joints=[-0.065  -1.2718  0.0356 -2.707   0.0343  1.4354  0.7355]
2026-04-15 22:35:19,602 ERROR    [GET_LABEL] Unhandled exception: LBL vacuum failed to pick up item (expected=True, actual=False)
2026-04-15 22:35:19,603 WARNING  [ARM2 Recovery] Showing GUI — both arms paused
2026-04-15 22:35:39,447 INFO     [Recovery] Zones updated: {'A': 'NEEDS_LABEL', 'B': 'EMPTY'}  busy: {'A': False, 'B': False}
2026-04-15 22:35:43,021 INFO     [Recovery] Zones updated: {'A': 'NEEDS_LABEL', 'B': 'EMPTY'}  busy: {'A': False, 'B': False}
2026-04-15 22:35:43,843 INFO     [Recovery] Zones updated: {'A': 'NEEDS_LABEL', 'B': 'EMPTY'}  busy: {'A': False, 'B': False}
2026-04-15 22:35:45,754 INFO     [Recovery] Zones updated: {'A': 'NEEDS_LABEL', 'B': 'EMPTY'}  busy: {'A': False, 'B': False}
2026-04-15 22:35:45,756 INFO     [ARM1 Recovery] choice=DECIDE_HUB  ARM2 override=None
2026-04-15 22:35:45,825 INFO     [ARM1 Recovery] Waiting for active skills to finish before resetting
2026-04-15 22:35:45,831 INFO     [Service] /orio/pnp_cup/off → success=True msg='PnP Cup OFF command sent'
2026-04-15 22:35:49,425 INFO     [Recovery] Zones updated: {'A': 'NEEDS_LABEL', 'B': 'EMPTY'}  busy: {'A': False, 'B': False}
2026-04-15 22:35:49,427 INFO     [ARM2 Recovery] choice=APPLY  ARM1 override=None
2026-04-15 22:35:49,427 INFO     [ARM2 Recovery] Waiting for active skills to finish before resetting
2026-04-15 22:35:51,042 INFO     [Service] /orio/lbl_cup/off → success=True msg='Labelling Cup OFF command sent'
2026-04-15 22:35:56,143 INFO     [ARM1 Recovery] Both arms reset, resuming
2026-04-15 22:35:56,146 DEBUG    [TaskSelector] Evaluating zone states: {'A': 'NEEDS_LABEL', 'B': 'EMPTY'}  busy: {'A': False, 'B': False}
2026-04-15 22:35:56,146 INFO     [TaskSelector] → do_load (zone B empty)
2026-04-15 22:35:56,148 INFO     [FetchInput] Entering state
2026-04-15 22:35:56,696 INFO     [Service] /compute_grasps → success=True msg='Published 1 PnP poses.'
2026-04-15 22:35:56,696 INFO     [FetchInput] Grasp pose received: x=0.0258 y=-0.6139 z=0.0205
2026-04-15 22:35:56,697 INFO     [IK] compute_pick_joints called — task_pos=[ 0.0258 -0.6139  0.0205] label_zone=None max_attempts=10 check_collisions=False arm_number=None
2026-04-15 22:35:56,711 INFO     [IK] Arm? compute_pick_joints attempt 1/10 OK — target=([ 0.0258 -0.6139  0.0205]) pre=[-0.9166  0.5513 -0.6484 -1.9546  0.463   2.3547 -1.0433] final=[-1.1287  0.705  -0.3982 -1.9278  0.4619  2.5425 -1.0434] (FK err pre=0.0000 m final=0.0000 m)
2026-04-15 22:35:56,712 INFO     [FetchInput] IK pre_joints:   [-0.9166  0.5513 -0.6484 -1.9546  0.463   2.3547 -1.0433]
2026-04-15 22:35:56,713 INFO     [FetchInput] IK final_joints: [-1.1287  0.705  -0.3982 -1.9278  0.4619  2.5425 -1.0434]
2026-04-15 22:35:56,713 INFO     [FetchInput] Moving to pre-pick
2026-04-15 22:36:00,098 INFO     [FetchInput] Descending to pick
2026-04-15 22:36:02,305 INFO     [Service] /orio/pnp_cup/on → success=True msg='PnP Cup ON command sent'
2026-04-15 22:36:03,307 INFO     [FetchInput] Retracting to pre-pick height
2026-04-15 22:36:06,815 ERROR    [FETCH_INPUT] Unhandled exception: PNP vacuum failed to pick up item (expected=True, actual=False)
2026-04-15 22:36:06,818 WARNING  [ARM1 Recovery] Showing GUI — both arms paused
2026-04-15 22:36:13,388 INFO     [Recovery] Zones updated: {'A': 'NEEDS_LABEL', 'B': 'NEEDS_LABEL'}  busy: {'A': False, 'B': False}
2026-04-15 22:36:17,647 INFO     [Recovery] Zones updated: {'A': 'NEEDS_LABEL', 'B': 'NEEDS_LABEL'}  busy: {'A': False, 'B': False}
2026-04-15 22:36:17,653 INFO     [ARM1 Recovery] choice=DECIDE_HUB  ARM2 override=APPLY
2026-04-15 22:36:17,653 INFO     [ARM1 Recovery] Waiting for active skills to finish before resetting
2026-04-15 22:36:17,656 INFO     [Service] /orio/pnp_cup/off → success=True msg='PnP Cup OFF command sent'
2026-04-15 22:36:23,867 INFO     [ARM1 Recovery] Both arms reset, resuming
2026-04-15 22:36:23,870 DEBUG    [TaskSelector] Evaluating zone states: {'A': 'NEEDS_LABEL', 'B': 'NEEDS_LABEL'}  busy: {'A': False, 'B': False}
2026-04-15 22:36:23,870 DEBUG    [TaskSelector] → wait (no actionable zones)
2026-04-15 22:36:24,373 DEBUG    [TaskSelector] Evaluating zone states: {'A': 'NEEDS_LABEL', 'B': 'NEEDS_LABEL'}  busy: {'A': False, 'B': False}
2026-04-15 22:36:24,373 DEBUG    [TaskSelector] → wait (no actionable zones)
2026-04-15 22:36:24,876 DEBUG    [TaskSelector] Evaluating zone states: {'A': 'NEEDS_LABEL', 'B': 'NEEDS_LABEL'}  busy: {'A': False, 'B': False}
2026-04-15 22:36:24,876 DEBUG    [TaskSelector] → wait (no actionable zones)
2026-04-15 22:36:25,379 DEBUG    [TaskSelector] Evaluating zone states: {'A': 'NEEDS_LABEL', 'B': 'NEEDS_LABEL'}  busy: {'A': False, 'B': False}
2026-04-15 22:36:25,380 DEBUG    [TaskSelector] → wait (no actionable zones)
2026-04-15 22:36:25,883 DEBUG    [TaskSelector] Evaluating zone states: {'A': 'NEEDS_LABEL', 'B': 'NEEDS_LABEL'}  busy: {'A': False, 'B': False}
2026-04-15 22:36:25,883 DEBUG    [TaskSelector] → wait (no actionable zones)
2026-04-15 22:36:26,386 DEBUG    [TaskSelector] Evaluating zone states: {'A': 'NEEDS_LABEL', 'B': 'NEEDS_LABEL'}  busy: {'A': False, 'B': False}
2026-04-15 22:36:26,386 DEBUG    [TaskSelector] → wait (no actionable zones)
2026-04-15 22:36:26,888 DEBUG    [TaskSelector] Evaluating zone states: {'A': 'NEEDS_LABEL', 'B': 'NEEDS_LABEL'}  busy: {'A': False, 'B': False}
2026-04-15 22:36:26,888 DEBUG    [TaskSelector] → wait (no actionable zones)
2026-04-15 22:36:27,391 DEBUG    [TaskSelector] Evaluating zone states: {'A': 'NEEDS_LABEL', 'B': 'NEEDS_LABEL'}  busy: {'A': False, 'B': False}
2026-04-15 22:36:27,391 DEBUG    [TaskSelector] → wait (no actionable zones)
2026-04-15 22:36:27,900 DEBUG    [TaskSelector] Evaluating zone states: {'A': 'NEEDS_LABEL', 'B': 'NEEDS_LABEL'}  busy: {'A': False, 'B': False}
2026-04-15 22:36:27,901 DEBUG    [TaskSelector] → wait (no actionable zones)
2026-04-15 22:36:28,403 DEBUG    [TaskSelector] Evaluating zone states: {'A': 'NEEDS_LABEL', 'B': 'NEEDS_LABEL'}  busy: {'A': False, 'B': False}
2026-04-15 22:36:28,403 DEBUG    [TaskSelector] → wait (no actionable zones)
2026-04-15 22:36:28,790 WARNING  [Main] Shutting down: turning off both vacuums
2026-04-15 22:36:28,791 INFO     [Main] Total items placed at output: 0
2026-04-15 22:36:28,796 INFO     [Service] /orio/pnp_cup/off → success=True msg='PnP Cup OFF command sent'
2026-04-15 22:36:28,799 INFO     [Service] /orio/lbl_cup/off → success=True msg='Labelling Cup OFF command sent'
2026-04-15 22:36:28,906 DEBUG    [TaskSelector] Evaluating zone states: {'A': 'NEEDS_LABEL', 'B': 'NEEDS_LABEL'}  busy: {'A': False, 'B': False}
2026-04-15 22:36:28,906 DEBUG    [TaskSelector] → wait (no actionable zones)
