2026-04-15 16:26:55,046 INFO     [Logger] File log started: /home/ros_ws/src/devel_packages/orio/logs/orio_run_20260415_162655.log
2026-04-15 16:26:55,046 INFO     [Main] Node started. Log file: /home/ros_ws/src/devel_packages/orio/logs/orio_run_20260415_162655.log
2026-04-15 16:26:57,606 INFO     [Main] Operator input — item=''  expiry='xfj'
2026-04-15 16:26:57,606 INFO     [Hardware] Initializing Robot Hardware...
2026-04-15 16:26:58,181 INFO     [Hardware] Resetting both arms to home joints
2026-04-15 16:27:08,545 INFO     [Hardware] Poses loaded from joint_angles.json
2026-04-15 16:27:08,550 INFO     [Hardware] Initialization complete
2026-04-15 16:27:08,554 INFO     [Main] Starting state machine execution
2026-04-15 16:27:08,556 INFO     [GetLabel] Entering state
2026-04-15 16:27:08,557 DEBUG    [TaskSelector] Evaluating zone states: {'A': 'EMPTY', 'B': 'EMPTY'}  busy: {'A': False, 'B': False}
2026-04-15 16:27:08,557 INFO     [TaskSelector] → do_load (zone A empty)
2026-04-15 16:27:08,559 INFO     [FetchInput] Entering state
2026-04-15 16:27:09,172 INFO     [Service] /compute_grasps → success=True msg='Published 3 PnP poses.'
2026-04-15 16:27:09,173 INFO     [FetchInput] Grasp pose received: x=0.3563 y=-0.3031 z=0.0312
2026-04-15 16:27:09,173 INFO     [IK] compute_pick_joints called — task_pos=[ 0.3563 -0.3031  0.0312] label_zone=None max_attempts=10 check_collisions=False arm_number=None
2026-04-15 16:27:09,190 INFO     [IK] Arm? compute_pick_joints attempt 1/10 OK — target=([ 0.3563 -0.3031  0.0312]) pre=[-0.3046  0.0835 -0.3938 -2.5066  0.0604  2.583   0.037 ] final=[-0.5702  0.3543 -0.1125 -2.485   0.1293  2.8348 -0.0136] (FK err pre=0.0000 m final=0.0000 m)
2026-04-15 16:27:09,193 INFO     [FetchInput] IK pre_joints:   [-0.3046  0.0835 -0.3938 -2.5066  0.0604  2.583   0.037 ]
2026-04-15 16:27:09,194 INFO     [FetchInput] IK final_joints: [-0.5702  0.3543 -0.1125 -2.485   0.1293  2.8348 -0.0136]
2026-04-15 16:27:09,195 INFO     [FetchInput] Moving to pre-pick
2026-04-15 16:27:12,690 INFO     [FetchInput] Descending to pick
2026-04-15 16:27:15,141 INFO     [Service] /orio/pnp_cup/on → success=True msg='PnP Cup ON command sent'
2026-04-15 16:27:16,142 INFO     [FetchInput] Retracting to pre-pick height
2026-04-15 16:27:18,590 INFO     [FetchInput] Exiting: succeeded (item_depth=0.0312)
2026-04-15 16:27:18,592 INFO     [DropToZone] Entering state (item_depth=0.0312)
2026-04-15 16:27:18,592 INFO     [DropToZone] Targeting zone A
2026-04-15 16:27:18,602 INFO     [IK] pose_to_joints 'L1_INTER' depth_offset=0.0312 → joints=[-0.3194 -0.4794 -0.3622 -2.6029 -0.1955  2.1416  0.2482]
2026-04-15 16:27:18,611 INFO     [IK] pose_to_joints 'LABEL_ZONE_1' depth_offset=0.0412 → joints=[-0.2381  1.1964 -0.1681 -0.8604  0.176   2.0456  0.4042]
2026-04-15 16:27:18,612 INFO     [DropToZone] place_joints for LABEL_ZONE_1: [-0.2381  1.1964 -0.1681 -0.8604  0.176   2.0456  0.4042]
2026-04-15 16:27:18,870 INFO     [Service] /orio/lbl_cup/on → success=True msg='Labelling Cup ON command sent'
2026-04-15 16:27:22,344 INFO     [IK] pose_to_joints 'LABELLING_SAFE' depth_offset=0.0000 → joints=[-0.065  -1.2718  0.0356 -2.707   0.0343  1.4354  0.7355]
2026-04-15 16:27:25,480 INFO     [Service] /orio/pnp_cup/off → success=True msg='PnP Cup OFF command sent'
2026-04-15 16:27:25,550 INFO     [GetLabel] Exiting: succeeded
2026-04-15 16:27:25,552 INFO     [ApplyLabel] Entering state (zones: {'A': 'EMPTY', 'B': 'EMPTY'}  busy: {'A': True, 'B': False})
2026-04-15 16:27:25,552 DEBUG    [ApplyLabel] No zone needs label → wait
2026-04-15 16:27:26,053 INFO     [ApplyLabel] Entering state (zones: {'A': 'EMPTY', 'B': 'EMPTY'}  busy: {'A': True, 'B': False})
2026-04-15 16:27:26,053 DEBUG    [ApplyLabel] No zone needs label → wait
2026-04-15 16:27:26,555 INFO     [ApplyLabel] Entering state (zones: {'A': 'EMPTY', 'B': 'EMPTY'}  busy: {'A': True, 'B': False})
2026-04-15 16:27:26,556 DEBUG    [ApplyLabel] No zone needs label → wait
2026-04-15 16:27:27,057 INFO     [ApplyLabel] Entering state (zones: {'A': 'EMPTY', 'B': 'EMPTY'}  busy: {'A': True, 'B': False})
2026-04-15 16:27:27,057 DEBUG    [ApplyLabel] No zone needs label → wait
2026-04-15 16:27:27,558 INFO     [ApplyLabel] Entering state (zones: {'A': 'EMPTY', 'B': 'EMPTY'}  busy: {'A': True, 'B': False})
2026-04-15 16:27:27,558 DEBUG    [ApplyLabel] No zone needs label → wait
2026-04-15 16:27:28,060 INFO     [ApplyLabel] Entering state (zones: {'A': 'EMPTY', 'B': 'EMPTY'}  busy: {'A': True, 'B': False})
2026-04-15 16:27:28,060 DEBUG    [ApplyLabel] No zone needs label → wait
2026-04-15 16:27:28,562 INFO     [ApplyLabel] Entering state (zones: {'A': 'EMPTY', 'B': 'EMPTY'}  busy: {'A': True, 'B': False})
2026-04-15 16:27:28,562 DEBUG    [ApplyLabel] No zone needs label → wait
2026-04-15 16:27:28,974 INFO     [ZoneManager] Zone A: EMPTY → NEEDS_LABEL
2026-04-15 16:27:28,975 INFO     [DropToZone] Exiting: dropped (zone A)
2026-04-15 16:27:28,978 DEBUG    [TaskSelector] Evaluating zone states: {'A': 'NEEDS_LABEL', 'B': 'EMPTY'}  busy: {'A': False, 'B': False}
2026-04-15 16:27:28,978 INFO     [TaskSelector] → do_load (zone B empty)
2026-04-15 16:27:28,980 INFO     [FetchInput] Entering state
2026-04-15 16:27:29,064 INFO     [ApplyLabel] Entering state (zones: {'A': 'NEEDS_LABEL', 'B': 'EMPTY'}  busy: {'A': False, 'B': False})
2026-04-15 16:27:29,064 INFO     [ApplyLabel] Applying label to zone A (zone_number=1, depth=0.0312)
2026-04-15 16:27:29,064 INFO     [compute_label_joints] Requesting label pose for zone 1, item_depth=0.0337
2026-04-15 16:27:29,753 INFO     [Service] /compute_grasps → success=True msg='Published 2 PnP poses.'
2026-04-15 16:27:29,753 INFO     [FetchInput] Grasp pose received: x=0.0385 y=-0.6359 z=0.0216
2026-04-15 16:27:29,753 INFO     [IK] compute_pick_joints called — task_pos=[ 0.0385 -0.6359  0.0216] label_zone=None max_attempts=10 check_collisions=False arm_number=None
2026-04-15 16:27:29,770 INFO     [IK] Arm? compute_pick_joints attempt 1/10 OK — target=([ 0.0385 -0.6359  0.0216]) pre=[-0.8431  0.6519 -0.7382 -1.8508  0.5679  2.2796 -1.0775] final=[-1.0374  0.7838 -0.4951 -1.8248  0.5647  2.4643 -1.0758] (FK err pre=0.0000 m final=0.0000 m)
2026-04-15 16:27:29,770 INFO     [FetchInput] IK pre_joints:   [-0.8431  0.6519 -0.7382 -1.8508  0.5679  2.2796 -1.0775]
2026-04-15 16:27:29,770 INFO     [FetchInput] IK final_joints: [-1.0374  0.7838 -0.4951 -1.8248  0.5647  2.4643 -1.0758]
2026-04-15 16:27:29,771 INFO     [FetchInput] Moving to pre-pick
2026-04-15 16:27:30,706 INFO     [Service] /compute_grasps_labelling → success=True msg='Zone1=OK, Zone2=FAIL'
2026-04-15 16:27:30,707 INFO     item_depth=0.0337  X=-0.3600 Y=-0.1346 Z=0.9663  pos(world)=[0.5946 0.379  0.0137]  task_pos=[0.5946 0.379  0.0337]  task_ori=[1.     0.0093 0.     0.    ]
2026-04-15 16:27:30,708 INFO     [compute_label_joints] Zone 1 received pose: x=0.5946 y=0.3790 z=0.0337  RPY r=180.00 p=0.00 y=1.07 deg
2026-04-15 16:27:30,708 INFO     [IK] compute_pick_joints called — task_pos=[0.5946 0.379  0.0337] label_zone=1 max_attempts=10 check_collisions=True arm_number=2
2026-04-15 16:27:30,729 INFO     Arm2: cached 8 obstacles from '/home/ros_ws/src/devel_packages/orio/obstacles_files/obs_arm2_free.p'
2026-04-15 16:27:30,740 INFO     [IK] Arm2 compute_pick_joints attempt 1/10 OK — target=([0.5946 0.379  0.0337]) pre=[ 0.4227  0.6812  0.178  -1.5462 -0.1399  2.2149  1.4313] final=[ 0.5921  0.845  -0.0296 -1.5292  0.0318  2.3738  1.335 ] (FK err pre=0.0000 m final=0.0000 m)
2026-04-15 16:27:30,741 INFO     [ApplyLabel] IK pre_joints=[ 0.4227  0.6812  0.178  -1.5462 -0.1399  2.2149  1.4313]  final_joints=[ 0.5921  0.845  -0.0296 -1.5292  0.0318  2.3738  1.335 ]
2026-04-15 16:27:30,741 INFO     [ApplyLabel] Registering label — item='' expiry='xfj'
2026-04-15 16:27:33,221 INFO     [FetchInput] Descending to pick
2026-04-15 16:27:35,430 INFO     [Service] /orio/pnp_cup/on → success=True msg='PnP Cup ON command sent'
2026-04-15 16:27:35,856 ERROR    [RFID] Service call failed for /inventory/add_item: timeout exceeded while waiting for service /inventory/add_item
2026-04-15 16:27:36,431 INFO     [FetchInput] Retracting to pre-pick height
2026-04-15 16:27:38,637 INFO     [FetchInput] Exiting: succeeded (item_depth=0.0216)
2026-04-15 16:27:38,639 INFO     [DropToZone] Entering state (item_depth=0.0216)
2026-04-15 16:27:38,639 INFO     [DropToZone] Targeting zone B
2026-04-15 16:27:38,652 INFO     [IK] pose_to_joints 'L1_INTER' depth_offset=0.0216 → joints=[-0.3196 -0.4657 -0.3666 -2.6182 -0.1962  2.1705  0.247 ]
2026-04-15 16:27:38,662 INFO     [IK] pose_to_joints 'L2_INTER' depth_offset=0.0216 → joints=[ 0.0888 -0.5202  0.5881 -2.6109  0.3335  2.1401  1.2141]
2026-04-15 16:27:38,673 INFO     [IK] pose_to_joints 'LABEL_ZONE_2' depth_offset=0.0316 → joints=[ 0.3546  1.2111 -0.0665 -0.8491  0.0705  2.0584  1.0835]
2026-04-15 16:27:38,674 INFO     [DropToZone] place_joints for LABEL_ZONE_2: [ 0.3546  1.2111 -0.0665 -0.8491  0.0705  2.0584  1.0835]
2026-04-15 16:27:46,065 INFO     [Service] /orio/lbl_cup/off → success=True msg='Labelling Cup OFF command sent'
2026-04-15 16:27:47,016 INFO     [Service] /orio/pnp_cup/off → success=True msg='PnP Cup OFF command sent'
2026-04-15 16:27:49,278 INFO     [IK] pose_to_joints 'LABELLING_SAFE' depth_offset=0.0000 → joints=[-0.065  -1.2718  0.0356 -2.707   0.0343  1.4354  0.7355]
2026-04-15 16:27:50,489 INFO     [ZoneManager] Zone B: EMPTY → NEEDS_LABEL
2026-04-15 16:27:50,489 INFO     [DropToZone] Exiting: dropped (zone B)
2026-04-15 16:27:50,491 DEBUG    [TaskSelector] Evaluating zone states: {'A': 'NEEDS_LABEL', 'B': 'NEEDS_LABEL'}  busy: {'A': True, 'B': False}
2026-04-15 16:27:50,491 DEBUG    [TaskSelector] → wait (no actionable zones)
2026-04-15 16:27:50,993 DEBUG    [TaskSelector] Evaluating zone states: {'A': 'NEEDS_LABEL', 'B': 'NEEDS_LABEL'}  busy: {'A': True, 'B': False}
2026-04-15 16:27:50,993 DEBUG    [TaskSelector] → wait (no actionable zones)
2026-04-15 16:27:51,494 DEBUG    [TaskSelector] Evaluating zone states: {'A': 'NEEDS_LABEL', 'B': 'NEEDS_LABEL'}  busy: {'A': True, 'B': False}
2026-04-15 16:27:51,494 DEBUG    [TaskSelector] → wait (no actionable zones)
2026-04-15 16:27:51,996 DEBUG    [TaskSelector] Evaluating zone states: {'A': 'NEEDS_LABEL', 'B': 'NEEDS_LABEL'}  busy: {'A': True, 'B': False}
2026-04-15 16:27:51,996 DEBUG    [TaskSelector] → wait (no actionable zones)
2026-04-15 16:27:52,497 DEBUG    [TaskSelector] Evaluating zone states: {'A': 'NEEDS_LABEL', 'B': 'NEEDS_LABEL'}  busy: {'A': True, 'B': False}
2026-04-15 16:27:52,497 DEBUG    [TaskSelector] → wait (no actionable zones)
2026-04-15 16:27:52,666 INFO     [ZoneManager] Zone A: NEEDS_LABEL → READY_FOR_PICKUP
2026-04-15 16:27:52,666 INFO     [ApplyLabel] Exiting: labeled (zone A)
2026-04-15 16:27:52,667 INFO     [GetLabel] Entering state
2026-04-15 16:27:52,998 DEBUG    [TaskSelector] Evaluating zone states: {'A': 'READY_FOR_PICKUP', 'B': 'NEEDS_LABEL'}  busy: {'A': False, 'B': False}
2026-04-15 16:27:52,998 INFO     [TaskSelector] → do_unload (zone A ready)
2026-04-15 16:27:52,999 INFO     [RetrieveFromZone] Entering state
2026-04-15 16:27:52,999 INFO     [RetrieveFromZone] Picking from zone A (depth=0.0312)
2026-04-15 16:27:53,009 INFO     [IK] pose_to_joints 'L1_INTER' depth_offset=0.0312 → joints=[-0.3194 -0.4794 -0.3622 -2.6029 -0.1955  2.1416  0.2482]
2026-04-15 16:27:53,018 INFO     [IK] pose_to_joints 'LABEL_ZONE_1' depth_offset=0.1312 → joints=[-0.2314  1.0512 -0.1779 -0.893   0.165   1.9328  0.4061]
2026-04-15 16:27:53,028 INFO     [IK] pose_to_joints 'LABEL_ZONE_1' depth_offset=0.0212 → joints=[-0.242   1.2412 -0.165  -0.8295  0.177   2.0599  0.4057]
2026-04-15 16:27:53,029 INFO     [RetrieveFromZone] A pre_pick=[-0.2314  1.0512 -0.1779 -0.893   0.165   1.9328  0.4061] pick=[-0.242   1.2412 -0.165  -0.8295  0.177   2.0599  0.4057]
2026-04-15 16:28:02,066 INFO     [Service] /orio/pnp_cup/on → success=True msg='PnP Cup ON command sent'
2026-04-15 16:28:02,981 INFO     [Service] /orio/lbl_cup/on → success=True msg='Labelling Cup ON command sent'
2026-04-15 16:28:03,066 INFO     [RetrieveFromZone] Retracting to pre-pick height
2026-04-15 16:28:06,434 INFO     [IK] pose_to_joints 'LABELLING_SAFE' depth_offset=0.0000 → joints=[-0.065  -1.2718  0.0356 -2.707   0.0343  1.4354  0.7355]
2026-04-15 16:28:07,979 INFO     [ZoneManager] Zone A: READY_FOR_PICKUP → EMPTY
2026-04-15 16:28:07,979 INFO     [RetrieveFromZone] Exiting: picked (zone A)
2026-04-15 16:28:07,980 INFO     [PlaceOutput] Entering state (retrieved_depth=0.0312)
2026-04-15 16:28:07,997 INFO     [IK] pose_to_joints 'OUTPUT1' depth_offset=0.1812 → joints=[-1.389  -0.8492  2.6183 -0.9045  0.3868  1.6739  2.132 ]
2026-04-15 16:28:08,006 INFO     [IK] pose_to_joints 'L2_INTER' depth_offset=0.0312 → joints=[ 0.0643 -0.5427  0.603  -2.5945  0.3474  2.106   1.1998]
2026-04-15 16:28:08,006 INFO     [PlaceOutput] drop_joints: [-1.389  -0.8492  2.6183 -0.9045  0.3868  1.6739  2.132 ]
2026-04-15 16:28:09,639 INFO     [GetLabel] Exiting: succeeded
2026-04-15 16:28:09,640 INFO     [ApplyLabel] Entering state (zones: {'A': 'EMPTY', 'B': 'NEEDS_LABEL'}  busy: {'A': False, 'B': False})
2026-04-15 16:28:09,640 INFO     [ApplyLabel] Applying label to zone B (zone_number=2, depth=0.0216)
2026-04-15 16:28:09,640 INFO     [compute_label_joints] Requesting label pose for zone 2, item_depth=0.0241
2026-04-15 16:28:11,007 INFO     [Service] /compute_grasps_labelling → success=True msg='Zone1=FAIL, Zone2=OK'
2026-04-15 16:28:11,008 INFO     item_depth=0.0241  X=0.1459 Y=-0.1741 Z=0.9759  pos(world)=[ 0.6341 -0.1269  0.0041]  task_pos=[ 0.6341 -0.1269  0.0241]  task_ori=[0.6714 0.7411 0.     0.    ]
2026-04-15 16:28:11,009 INFO     [compute_label_joints] Zone 2 received pose: x=0.6341 y=-0.1269 z=0.0241  RPY r=180.00 p=0.00 y=95.65 deg
2026-04-15 16:28:11,009 INFO     [IK] compute_pick_joints called — task_pos=[ 0.6341 -0.1269  0.0241] label_zone=2 max_attempts=10 check_collisions=True arm_number=2
2026-04-15 16:28:11,033 INFO     [IK] Arm2 compute_pick_joints attempt 1/10 OK — target=([ 0.6341 -0.1269  0.0241]) pre=[-0.0785  0.5254 -0.1295 -1.8348  0.0916  2.3544  0.53  ] final=[-0.2812  0.716   0.087  -1.8103 -0.0983  2.5221  0.65  ] (FK err pre=0.0000 m final=0.0000 m)
2026-04-15 16:28:11,035 INFO     [ApplyLabel] IK pre_joints=[-0.0785  0.5254 -0.1295 -1.8348  0.0916  2.3544  0.53  ]  final_joints=[-0.2812  0.716   0.087  -1.8103 -0.0983  2.5221  0.65  ]
2026-04-15 16:28:11,036 INFO     [ApplyLabel] Registering label — item='' expiry='xfj'
2026-04-15 16:28:14,618 INFO     [Service] /orio/pnp_cup/off → success=True msg='PnP Cup OFF command sent'
2026-04-15 16:28:16,155 ERROR    [RFID] Service call failed for /inventory/add_item: timeout exceeded while waiting for service /inventory/add_item
2026-04-15 16:28:18,080 INFO     [PlaceOutput] Exiting: succeeded (total items placed: 1)
2026-04-15 16:28:18,083 DEBUG    [TaskSelector] Evaluating zone states: {'A': 'EMPTY', 'B': 'NEEDS_LABEL'}  busy: {'A': False, 'B': True}
2026-04-15 16:28:18,083 INFO     [TaskSelector] → do_load (zone A empty)
2026-04-15 16:28:18,085 INFO     [FetchInput] Entering state
2026-04-15 16:28:18,630 INFO     [Service] /compute_grasps → success=True msg='Published 1 PnP poses.'
2026-04-15 16:28:18,630 INFO     [FetchInput] Grasp pose received: x=0.3523 y=-0.6421 z=0.0230
2026-04-15 16:28:18,630 INFO     [IK] compute_pick_joints called — task_pos=[ 0.3523 -0.6421  0.023 ] label_zone=None max_attempts=10 check_collisions=False arm_number=None
2026-04-15 16:28:18,647 INFO     [IK] Arm? compute_pick_joints attempt 1/10 OK — target=([ 0.3523 -0.6421  0.023 ]) pre=[-0.6147  0.8975 -0.6368 -1.3663  0.562   2.0815 -0.56  ] final=[-0.7634  1.0083 -0.4131 -1.3428  0.4548  2.2577 -0.5083] (FK err pre=0.0000 m final=0.0000 m)
2026-04-15 16:28:18,648 INFO     [FetchInput] IK pre_joints:   [-0.6147  0.8975 -0.6368 -1.3663  0.562   2.0815 -0.56  ]
2026-04-15 16:28:18,649 INFO     [FetchInput] IK final_joints: [-0.7634  1.0083 -0.4131 -1.3428  0.4548  2.2577 -0.5083]
2026-04-15 16:28:18,649 INFO     [FetchInput] Moving to pre-pick
2026-04-15 16:28:22,041 INFO     [FetchInput] Descending to pick
2026-04-15 16:28:24,251 INFO     [Service] /orio/pnp_cup/on → success=True msg='PnP Cup ON command sent'
2026-04-15 16:28:25,252 INFO     [FetchInput] Retracting to pre-pick height
2026-04-15 16:28:25,494 WARNING  [Main] Shutting down: turning off both vacuums
2026-04-15 16:28:25,494 INFO     [Main] Total items placed at output: 1
2026-04-15 16:28:25,496 INFO     [Service] /orio/pnp_cup/off → success=True msg='PnP Cup OFF command sent'
2026-04-15 16:28:25,498 INFO     [Service] /orio/lbl_cup/off → success=True msg='Labelling Cup OFF command sent'
