2026-04-15 15:57:18,509 INFO     [Logger] File log started: /home/ros_ws/src/devel_packages/orio/logs/orio_run_20260415_155718.log
2026-04-15 15:57:18,509 INFO     [Main] Node started. Log file: /home/ros_ws/src/devel_packages/orio/logs/orio_run_20260415_155718.log
2026-04-15 15:57:18,509 INFO     [Hardware] Initializing Robot Hardware...
2026-04-15 15:57:19,115 INFO     [Hardware] Resetting both arms to home joints
2026-04-15 15:57:25,399 INFO     [Hardware] Poses loaded from joint_angles.json
2026-04-15 15:57:25,403 INFO     [Hardware] Initialization complete
2026-04-15 15:57:25,408 INFO     [Main] Starting state machine execution
2026-04-15 15:57:25,410 DEBUG    [TaskSelector] Evaluating zone states: {'A': 'EMPTY', 'B': 'EMPTY'}  busy: {'A': False, 'B': False}
2026-04-15 15:57:25,410 INFO     [TaskSelector] → do_load (zone A empty)
2026-04-15 15:57:25,410 INFO     [GetLabel] Entering state
2026-04-15 15:57:25,411 INFO     [FetchInput] Entering state
2026-04-15 15:57:26,003 INFO     [Service] /compute_grasps → success=True msg='Published 2 PnP poses.'
2026-04-15 15:57:26,004 INFO     [FetchInput] Grasp pose received: x=0.3572 y=-0.3041 z=0.0311
2026-04-15 15:57:26,004 INFO     [IK] compute_pick_joints called — task_pos=[ 0.3572 -0.3041  0.0311] label_zone=None max_attempts=10 check_collisions=False arm_number=None
2026-04-15 15:57:26,020 INFO     [IK] Arm? compute_pick_joints attempt 1/10 OK — target=([ 0.3572 -0.3041  0.0311]) pre=[-0.3049  0.0872 -0.3936 -2.5019  0.0629  2.5816  0.0349] final=[-0.5703  0.3567 -0.1128 -2.4804  0.1296  2.8326 -0.0142] (FK err pre=0.0000 m final=0.0000 m)
2026-04-15 15:57:26,021 INFO     [FetchInput] IK pre_joints:   [-0.3049  0.0872 -0.3936 -2.5019  0.0629  2.5816  0.0349]
2026-04-15 15:57:26,022 INFO     [FetchInput] IK final_joints: [-0.5703  0.3567 -0.1128 -2.4804  0.1296  2.8326 -0.0142]
2026-04-15 15:57:26,022 INFO     [FetchInput] Moving to pre-pick
2026-04-15 15:57:29,440 INFO     [FetchInput] Descending to pick
2026-04-15 15:57:31,890 INFO     [Service] /orio/pnp_cup/on → success=True msg='PnP Cup ON command sent'
2026-04-15 15:57:32,891 INFO     [FetchInput] Retracting to pre-pick height
2026-04-15 15:57:35,335 INFO     [FetchInput] Exiting: succeeded (item_depth=0.0311)
2026-04-15 15:57:35,337 INFO     [DropToZone] Entering state (item_depth=0.0311)
2026-04-15 15:57:35,337 INFO     [DropToZone] Targeting zone A
2026-04-15 15:57:35,347 INFO     [IK] pose_to_joints 'L1_INTER' depth_offset=0.0311 → joints=[-0.3194 -0.4794 -0.3622 -2.603  -0.1955  2.1417  0.2482]
2026-04-15 15:57:35,362 INFO     [IK] pose_to_joints 'LABEL_ZONE_1' depth_offset=0.0411 → joints=[-0.2381  1.1964 -0.1681 -0.8604  0.176   2.0456  0.4042]
2026-04-15 15:57:35,363 INFO     [DropToZone] place_joints for LABEL_ZONE_1: [-0.2381  1.1964 -0.1681 -0.8604  0.176   2.0456  0.4042]
2026-04-15 15:57:35,723 INFO     [Service] /orio/lbl_cup/on → success=True msg='Labelling Cup ON command sent'
2026-04-15 15:57:39,206 INFO     [IK] pose_to_joints 'LABELLING_SAFE' depth_offset=0.0000 → joints=[-0.065  -1.2718  0.0356 -2.707   0.0343  1.4354  0.7355]
2026-04-15 15:57:42,244 INFO     [Service] /orio/pnp_cup/off → success=True msg='PnP Cup OFF command sent'
2026-04-15 15:57:42,410 INFO     [GetLabel] Exiting: succeeded
2026-04-15 15:57:42,413 INFO     [ApplyLabel] Entering state (zones: {'A': 'EMPTY', 'B': 'EMPTY'}  busy: {'A': True, 'B': False})
2026-04-15 15:57:42,413 DEBUG    [ApplyLabel] No zone needs label → wait
2026-04-15 15:57:42,916 INFO     [ApplyLabel] Entering state (zones: {'A': 'EMPTY', 'B': 'EMPTY'}  busy: {'A': True, 'B': False})
2026-04-15 15:57:42,916 DEBUG    [ApplyLabel] No zone needs label → wait
2026-04-15 15:57:43,419 INFO     [ApplyLabel] Entering state (zones: {'A': 'EMPTY', 'B': 'EMPTY'}  busy: {'A': True, 'B': False})
2026-04-15 15:57:43,419 DEBUG    [ApplyLabel] No zone needs label → wait
2026-04-15 15:57:43,921 INFO     [ApplyLabel] Entering state (zones: {'A': 'EMPTY', 'B': 'EMPTY'}  busy: {'A': True, 'B': False})
2026-04-15 15:57:43,921 DEBUG    [ApplyLabel] No zone needs label → wait
2026-04-15 15:57:44,424 INFO     [ApplyLabel] Entering state (zones: {'A': 'EMPTY', 'B': 'EMPTY'}  busy: {'A': True, 'B': False})
2026-04-15 15:57:44,424 DEBUG    [ApplyLabel] No zone needs label → wait
2026-04-15 15:57:44,925 INFO     [ApplyLabel] Entering state (zones: {'A': 'EMPTY', 'B': 'EMPTY'}  busy: {'A': True, 'B': False})
2026-04-15 15:57:44,925 DEBUG    [ApplyLabel] No zone needs label → wait
2026-04-15 15:57:45,428 INFO     [ApplyLabel] Entering state (zones: {'A': 'EMPTY', 'B': 'EMPTY'}  busy: {'A': True, 'B': False})
2026-04-15 15:57:45,428 DEBUG    [ApplyLabel] No zone needs label → wait
2026-04-15 15:57:45,721 INFO     [ZoneManager] Zone A: EMPTY → NEEDS_LABEL
2026-04-15 15:57:45,721 INFO     [DropToZone] Exiting: dropped (zone A)
2026-04-15 15:57:45,723 DEBUG    [TaskSelector] Evaluating zone states: {'A': 'NEEDS_LABEL', 'B': 'EMPTY'}  busy: {'A': False, 'B': False}
2026-04-15 15:57:45,723 INFO     [TaskSelector] → do_load (zone B empty)
2026-04-15 15:57:45,723 INFO     [FetchInput] Entering state
2026-04-15 15:57:45,931 INFO     [ApplyLabel] Entering state (zones: {'A': 'NEEDS_LABEL', 'B': 'EMPTY'}  busy: {'A': False, 'B': False})
2026-04-15 15:57:45,931 INFO     [ApplyLabel] Applying label to zone A (zone_number=1, depth=0.0311)
2026-04-15 15:57:45,931 INFO     [compute_label_joints] Requesting label pose for zone 1, item_depth=0.0336
2026-04-15 15:57:46,364 INFO     [Service] /compute_grasps → success=True msg='Published 2 PnP poses.'
2026-04-15 15:57:46,364 INFO     [FetchInput] Grasp pose received: x=0.3536 y=-0.3163 z=0.0312
2026-04-15 15:57:46,364 INFO     [IK] compute_pick_joints called — task_pos=[ 0.3536 -0.3163  0.0312] label_zone=None max_attempts=10 check_collisions=False arm_number=None
2026-04-15 15:57:46,379 INFO     [IK] Arm? compute_pick_joints attempt 1/10 OK — target=([ 0.3536 -0.3163  0.0312]) pre=[-3.0630e-01  1.0150e-01 -4.1570e-01 -2.4844e+00  7.6400e-02  2.5759e+00
  8.0000e-04] final=[-0.5768  0.3662 -0.1285 -2.4628  0.147   2.823  -0.0512] (FK err pre=0.0000 m final=0.0000 m)
2026-04-15 15:57:46,380 INFO     [FetchInput] IK pre_joints:   [-3.0630e-01  1.0150e-01 -4.1570e-01 -2.4844e+00  7.6400e-02  2.5759e+00
  8.0000e-04]
2026-04-15 15:57:46,380 INFO     [FetchInput] IK final_joints: [-0.5768  0.3662 -0.1285 -2.4628  0.147   2.823  -0.0512]
2026-04-15 15:57:46,380 INFO     [FetchInput] Moving to pre-pick
2026-04-15 15:57:46,442 INFO     [Service] /compute_grasps_labelling → success=False msg='GroundingDINO found 0 objects.'
2026-04-15 15:57:49,759 INFO     [FetchInput] Descending to pick
2026-04-15 15:57:51,194 WARNING  [Main] Shutting down: turning off both vacuums
2026-04-15 15:57:51,194 INFO     [Main] Total items placed at output: 0
2026-04-15 15:57:51,197 INFO     [Service] /orio/pnp_cup/off → success=True msg='PnP Cup OFF command sent'
2026-04-15 15:57:51,202 INFO     [Service] /orio/lbl_cup/off → success=True msg='Labelling Cup OFF command sent'
