2026-04-15 21:09:54,257 INFO     [Logger] File log started: /home/ros_ws/src/devel_packages/orio/logs/orio_run_20260415_210954.log
2026-04-15 21:09:54,257 INFO     [Main] Node started. Log file: /home/ros_ws/src/devel_packages/orio/logs/orio_run_20260415_210954.log
2026-04-15 21:10:02,161 INFO     [Main] Operator input — item='ff'  expiry='ff'
2026-04-15 21:10:02,161 INFO     [Hardware] Initializing Robot Hardware...
2026-04-15 21:10:02,685 INFO     [Hardware] Resetting both arms to home joints
2026-04-15 21:10:09,250 INFO     [Hardware] Poses loaded from joint_angles.json
2026-04-15 21:10:09,266 INFO     [Hardware] Initialization complete
2026-04-15 21:10:09,272 INFO     [Main] Starting state machine execution
2026-04-15 21:10:09,275 DEBUG    [TaskSelector] Evaluating zone states: {'A': 'EMPTY', 'B': 'EMPTY'}  busy: {'A': False, 'B': False}
2026-04-15 21:10:09,275 INFO     [TaskSelector] → do_load (zone A empty)
2026-04-15 21:10:09,275 INFO     [GetLabel] Entering state
2026-04-15 21:10:09,278 INFO     [FetchInput] Entering state
2026-04-15 21:10:09,933 INFO     [Service] /compute_grasps → success=True msg='Published 3 PnP poses.'
2026-04-15 21:10:09,934 INFO     [FetchInput] Grasp pose received: x=0.3517 y=-0.3045 z=0.0302
2026-04-15 21:10:09,935 INFO     [IK] compute_pick_joints called — task_pos=[ 0.3517 -0.3045  0.0302] label_zone=None max_attempts=10 check_collisions=False arm_number=None
2026-04-15 21:10:09,961 INFO     [IK] Arm? compute_pick_joints attempt 1/10 OK — target=([ 0.3517 -0.3045  0.0302]) pre=[-0.3047  0.0798 -0.4021 -2.5153  0.0594  2.5879  0.0292] final=[-0.5733  0.3531 -0.1164 -2.4926  0.136   2.8409 -0.0272] (FK err pre=0.0000 m final=0.0000 m)
2026-04-15 21:10:09,962 INFO     [FetchInput] IK pre_joints:   [-0.3047  0.0798 -0.4021 -2.5153  0.0594  2.5879  0.0292]
2026-04-15 21:10:09,963 INFO     [FetchInput] IK final_joints: [-0.5733  0.3531 -0.1164 -2.4926  0.136   2.8409 -0.0272]
2026-04-15 21:10:09,963 INFO     [FetchInput] Moving to pre-pick
2026-04-15 21:10:13,437 INFO     [FetchInput] Descending to pick
2026-04-15 21:10:15,879 INFO     [Service] /orio/pnp_cup/on → success=True msg='PnP Cup ON command sent'
2026-04-15 21:10:16,880 INFO     [FetchInput] Retracting to pre-pick height
2026-04-15 21:10:19,499 INFO     [Service] /orio/lbl_cup/on → success=True msg='Labelling Cup ON command sent'
2026-04-15 21:10:20,800 ERROR    [FETCH_INPUT] Unhandled exception: PNP vacuum failed to pick up item (expected=True, actual=False)
2026-04-15 21:10:20,802 WARNING  [ARM1 Recovery] Showing GUI — both arms paused
2026-04-15 21:10:22,957 INFO     [IK] pose_to_joints 'LABELLING_SAFE' depth_offset=0.0000 → joints=[-0.065  -1.2718  0.0356 -2.707   0.0343  1.4354  0.7355]
2026-04-15 21:10:26,462 INFO     [GetLabel] Exiting: succeeded
2026-04-15 21:11:32,543 WARNING  [Main] Shutting down: turning off both vacuums
2026-04-15 21:11:32,543 INFO     [Main] Total items placed at output: 0
2026-04-15 21:11:32,547 INFO     [Service] /orio/pnp_cup/off → success=True msg='PnP Cup OFF command sent'
2026-04-15 21:11:32,549 INFO     [Service] /orio/lbl_cup/off → success=True msg='Labelling Cup OFF command sent'
