2026-04-15 14:51:13,170 INFO     [Logger] File log started: /home/ros_ws/src/devel_packages/orio/logs/orio_run_20260415_145113.log
2026-04-15 14:51:13,170 INFO     [Main] Node started. Log file: /home/ros_ws/src/devel_packages/orio/logs/orio_run_20260415_145113.log
2026-04-15 14:51:13,170 INFO     [Hardware] Initializing Robot Hardware...
2026-04-15 14:51:13,636 INFO     [Hardware] Resetting both arms to home joints
2026-04-15 14:51:24,002 INFO     [Hardware] Poses loaded from joint_angles.json
2026-04-15 14:51:24,007 INFO     [Hardware] Initialization complete
2026-04-15 14:51:24,012 INFO     [Main] Starting state machine execution
2026-04-15 14:51:24,013 INFO     [GetLabel] Entering state
2026-04-15 14:51:24,014 DEBUG    [TaskSelector] Evaluating zone states: {'A': 'EMPTY', 'B': 'EMPTY'}  busy: {'A': False, 'B': False}
2026-04-15 14:51:24,015 INFO     [TaskSelector] → do_load (zone A empty)
2026-04-15 14:51:24,016 INFO     [FetchInput] Entering state
2026-04-15 14:51:24,644 INFO     [Service] /compute_grasps → success=True msg='Published 3 PnP poses.'
2026-04-15 14:51:24,645 INFO     [FetchInput] Grasp pose received: x=0.0419 y=-0.6057 z=0.0221
2026-04-15 14:51:24,645 INFO     [IK] compute_pick_joints called — task_pos=[ 0.0419 -0.6057  0.0221] label_zone=None max_attempts=10 check_collisions=False arm_number=None
2026-04-15 14:51:24,676 INFO     [IK] Arm? compute_pick_joints attempt 1/10 OK — target=([ 0.0419 -0.6057  0.0221]) pre=[-0.8634  0.5352 -0.6709 -1.9839  0.4679  2.362  -1.022 ] final=[-1.0794  0.6905 -0.4163 -1.9574  0.4803  2.5504 -1.0308] (FK err pre=0.0000 m final=0.0000 m)
2026-04-15 14:51:24,676 INFO     [FetchInput] IK pre_joints:   [-0.8634  0.5352 -0.6709 -1.9839  0.4679  2.362  -1.022 ]
2026-04-15 14:51:24,677 INFO     [FetchInput] IK final_joints: [-1.0794  0.6905 -0.4163 -1.9574  0.4803  2.5504 -1.0308]
2026-04-15 14:51:24,677 INFO     [FetchInput] Moving to pre-pick
2026-04-15 14:51:28,068 INFO     [FetchInput] Descending to pick
2026-04-15 14:51:30,276 INFO     [Service] /orio/pnp_cup/on → success=True msg='PnP Cup ON command sent'
2026-04-15 14:51:31,277 INFO     [FetchInput] Retracting to pre-pick height
2026-04-15 14:51:33,482 INFO     [FetchInput] Exiting: succeeded (item_depth=0.0221)
2026-04-15 14:51:33,483 INFO     [DropToZone] Entering state (item_depth=0.0221)
2026-04-15 14:51:33,483 INFO     [DropToZone] Targeting zone A
2026-04-15 14:51:33,496 INFO     [IK] pose_to_joints 'L1_INTER' depth_offset=0.0221 → joints=[-0.2977 -0.3237 -0.3139 -2.5047 -0.1211  2.1924  0.2599]
2026-04-15 14:51:33,509 INFO     [IK] pose_to_joints 'LABEL_ZONE_1' depth_offset=0.0321 → joints=[-0.2397  1.216  -0.1667 -0.8477  0.1765  2.0527  0.4048]
2026-04-15 14:51:33,510 INFO     [DropToZone] place_joints for LABEL_ZONE_1: [-0.2397  1.216  -0.1667 -0.8477  0.1765  2.0527  0.4048]
2026-04-15 14:51:34,226 INFO     [Service] /orio/lbl_cup/on → success=True msg='Labelling Cup ON command sent'
2026-04-15 14:51:37,724 INFO     [IK] pose_to_joints 'LABELLING_SAFE' depth_offset=0.0000 → joints=[-0.065  -1.2718  0.0356 -2.707   0.0343  1.4354  0.7355]
2026-04-15 14:51:40,070 INFO     [Service] /orio/pnp_cup/off → success=True msg='PnP Cup OFF command sent'
2026-04-15 14:51:40,930 INFO     [GetLabel] Exiting: succeeded
2026-04-15 14:51:40,931 INFO     [ApplyLabel] Entering state (zones: {'A': 'EMPTY', 'B': 'EMPTY'}  busy: {'A': True, 'B': False})
2026-04-15 14:51:40,931 DEBUG    [ApplyLabel] No zone needs label → wait
2026-04-15 14:51:41,434 INFO     [ApplyLabel] Entering state (zones: {'A': 'EMPTY', 'B': 'EMPTY'}  busy: {'A': True, 'B': False})
2026-04-15 14:51:41,435 DEBUG    [ApplyLabel] No zone needs label → wait
2026-04-15 14:51:41,937 INFO     [ApplyLabel] Entering state (zones: {'A': 'EMPTY', 'B': 'EMPTY'}  busy: {'A': True, 'B': False})
2026-04-15 14:51:41,937 DEBUG    [ApplyLabel] No zone needs label → wait
2026-04-15 14:51:42,444 INFO     [ApplyLabel] Entering state (zones: {'A': 'EMPTY', 'B': 'EMPTY'}  busy: {'A': True, 'B': False})
2026-04-15 14:51:42,444 DEBUG    [ApplyLabel] No zone needs label → wait
2026-04-15 14:51:42,946 INFO     [ApplyLabel] Entering state (zones: {'A': 'EMPTY', 'B': 'EMPTY'}  busy: {'A': True, 'B': False})
2026-04-15 14:51:42,946 DEBUG    [ApplyLabel] No zone needs label → wait
2026-04-15 14:51:43,450 INFO     [ApplyLabel] Entering state (zones: {'A': 'EMPTY', 'B': 'EMPTY'}  busy: {'A': True, 'B': False})
2026-04-15 14:51:43,450 DEBUG    [ApplyLabel] No zone needs label → wait
2026-04-15 14:51:43,556 INFO     [ZoneManager] Zone A: EMPTY → NEEDS_LABEL
2026-04-15 14:51:43,556 INFO     [DropToZone] Exiting: dropped (zone A)
2026-04-15 14:51:43,557 DEBUG    [TaskSelector] Evaluating zone states: {'A': 'NEEDS_LABEL', 'B': 'EMPTY'}  busy: {'A': False, 'B': False}
2026-04-15 14:51:43,557 INFO     [TaskSelector] → do_load (zone B empty)
2026-04-15 14:51:43,558 INFO     [FetchInput] Entering state
2026-04-15 14:51:43,952 INFO     [ApplyLabel] Entering state (zones: {'A': 'NEEDS_LABEL', 'B': 'EMPTY'}  busy: {'A': False, 'B': False})
2026-04-15 14:51:43,952 INFO     [ApplyLabel] Applying label to zone A (zone_number=1, depth=0.0221)
2026-04-15 14:51:43,952 INFO     [compute_label_joints] Requesting label pose for zone 1, item_depth=0.0246
2026-04-15 14:51:44,170 INFO     [Service] /compute_grasps → success=True msg='Published 1 PnP poses.'
2026-04-15 14:51:44,171 INFO     [FetchInput] Grasp pose received: x=0.3395 y=-0.6110 z=0.0276
2026-04-15 14:51:44,172 INFO     [IK] compute_pick_joints called — task_pos=[ 0.3395 -0.611   0.0276] label_zone=None max_attempts=10 check_collisions=False arm_number=None
2026-04-15 14:51:44,204 INFO     [IK] Arm? compute_pick_joints attempt 1/10 OK — target=([ 0.3395 -0.611   0.0276]) pre=[-0.5361  0.7914 -0.6642 -1.5574  0.5531  2.154  -0.5814] final=[-0.6998  0.9057 -0.4386 -1.5393  0.4817  2.3359 -0.5436] (FK err pre=0.0000 m final=0.0000 m)
2026-04-15 14:51:44,204 INFO     [FetchInput] IK pre_joints:   [-0.5361  0.7914 -0.6642 -1.5574  0.5531  2.154  -0.5814]
2026-04-15 14:51:44,205 INFO     [FetchInput] IK final_joints: [-0.6998  0.9057 -0.4386 -1.5393  0.4817  2.3359 -0.5436]
2026-04-15 14:51:44,205 INFO     [FetchInput] Moving to pre-pick
2026-04-15 14:51:45,653 INFO     [Service] /compute_grasps_labelling → success=True msg='Zone1=OK, Zone2=FAIL'
2026-04-15 14:51:45,654 INFO     item_depth=0.0246  X=-0.3142 Y=-0.0900 Z=0.9754  pos(world)=[0.55   0.3332 0.0046]  task_pos=[0.55   0.3332 0.0246]  task_ori=[0.7038 0.7104 0.     0.    ]
2026-04-15 14:51:45,659 INFO     [compute_label_joints] Zone 1 received pose: x=0.5500 y=0.3332 z=0.0246  RPY r=180.00 p=0.00 y=90.53 deg
2026-04-15 14:51:45,660 INFO     [IK] compute_pick_joints called — task_pos=[0.55   0.3332 0.0246] label_zone=1 max_attempts=10 check_collisions=True arm_number=2
2026-04-15 14:51:45,687 INFO     Arm2: cached 8 obstacles from '/home/ros_ws/src/devel_packages/orio/obstacles_files/obs_arm2_free.p'
2026-04-15 14:51:45,694 INFO     [IK] Arm2 compute_pick_joints attempt 1/10 OK — target=([0.55   0.3332 0.0246]) pre=[ 0.3672  0.5199  0.1923 -1.8497 -0.1348  2.3571  1.4157] final=[ 0.5703  0.7043 -0.0264 -1.8274  0.0298  2.5313  1.3111] (FK err pre=0.0000 m final=0.0000 m)
2026-04-15 14:51:45,695 INFO     [ApplyLabel] IK pre_joints=[ 0.3672  0.5199  0.1923 -1.8497 -0.1348  2.3571  1.4157]  final_joints=[ 0.5703  0.7043 -0.0264 -1.8274  0.0298  2.5313  1.3111]
2026-04-15 14:51:47,607 INFO     [FetchInput] Descending to pick
2026-04-15 14:51:49,814 INFO     [Service] /orio/pnp_cup/on → success=True msg='PnP Cup ON command sent'
2026-04-15 14:51:50,816 INFO     [FetchInput] Retracting to pre-pick height
2026-04-15 14:51:53,021 INFO     [FetchInput] Exiting: succeeded (item_depth=0.0276)
2026-04-15 14:51:53,024 INFO     [DropToZone] Entering state (item_depth=0.0276)
2026-04-15 14:51:53,024 INFO     [DropToZone] Targeting zone B
2026-04-15 14:51:53,039 INFO     [IK] pose_to_joints 'L1_INTER' depth_offset=0.0276 → joints=[-0.2947 -0.3317 -0.3152 -2.4965 -0.1231  2.1765  0.2619]
2026-04-15 14:51:53,051 INFO     [IK] pose_to_joints 'L2_INTER' depth_offset=0.0276 → joints=[ 0.1356 -0.3533  0.4682 -2.4944  0.19    2.168   1.2563]
2026-04-15 14:51:53,062 INFO     [IK] pose_to_joints 'LABEL_ZONE_2' depth_offset=0.0376 → joints=[ 0.3523  1.1977 -0.0614 -0.8578  0.0646  2.054   1.0853]
2026-04-15 14:51:53,063 INFO     [DropToZone] place_joints for LABEL_ZONE_2: [ 0.3523  1.1977 -0.0614 -0.8578  0.0646  2.054   1.0853]
2026-04-15 14:51:55,806 INFO     [Service] /orio/lbl_cup/off → success=True msg='Labelling Cup OFF command sent'
2026-04-15 14:51:58,921 INFO     [IK] pose_to_joints 'LABELLING_SAFE' depth_offset=0.0000 → joints=[-0.065  -1.2718  0.0356 -2.707   0.0343  1.4354  0.7355]
2026-04-15 14:52:01,500 INFO     [Service] /orio/pnp_cup/off → success=True msg='PnP Cup OFF command sent'
2026-04-15 14:52:02,370 INFO     [ZoneManager] Zone A: NEEDS_LABEL → READY_FOR_PICKUP
2026-04-15 14:52:02,370 INFO     [ApplyLabel] Exiting: labeled (zone A)
2026-04-15 14:52:02,371 INFO     [GetLabel] Entering state
2026-04-15 14:52:04,980 INFO     [ZoneManager] Zone B: EMPTY → NEEDS_LABEL
2026-04-15 14:52:04,980 INFO     [DropToZone] Exiting: dropped (zone B)
2026-04-15 14:52:04,981 DEBUG    [TaskSelector] Evaluating zone states: {'A': 'READY_FOR_PICKUP', 'B': 'NEEDS_LABEL'}  busy: {'A': False, 'B': False}
2026-04-15 14:52:04,981 INFO     [TaskSelector] → do_unload (zone A ready)
2026-04-15 14:52:04,983 INFO     [RetrieveFromZone] Entering state
2026-04-15 14:52:04,983 INFO     [RetrieveFromZone] Picking from zone A (depth=0.0221)
2026-04-15 14:52:04,993 INFO     [IK] pose_to_joints 'L1_INTER' depth_offset=0.0221 → joints=[-0.2977 -0.3237 -0.3139 -2.5047 -0.1211  2.1924  0.2599]
2026-04-15 14:52:05,002 INFO     [IK] pose_to_joints 'LABEL_ZONE_1' depth_offset=0.1221 → joints=[-0.2311  1.0621 -0.1776 -0.8967  0.1667  1.9472  0.4053]
2026-04-15 14:52:05,012 INFO     [IK] pose_to_joints 'LABEL_ZONE_1' depth_offset=0.0121 → joints=[-0.2441  1.2635 -0.1634 -0.8117  0.1771  2.0646  0.4068]
2026-04-15 14:52:05,012 INFO     [RetrieveFromZone] A pre_pick=[-0.2311  1.0621 -0.1776 -0.8967  0.1667  1.9472  0.4053] pick=[-0.2441  1.2635 -0.1634 -0.8117  0.1771  2.0646  0.4068]
2026-04-15 14:52:12,582 INFO     [Service] /orio/lbl_cup/on → success=True msg='Labelling Cup ON command sent'
2026-04-15 14:52:14,051 INFO     [Service] /orio/pnp_cup/on → success=True msg='PnP Cup ON command sent'
2026-04-15 14:52:15,052 INFO     [RetrieveFromZone] Retracting to pre-pick height
2026-04-15 14:52:15,901 INFO     [IK] pose_to_joints 'LABELLING_SAFE' depth_offset=0.0000 → joints=[-0.065  -1.2718  0.0356 -2.707   0.0343  1.4354  0.7355]
2026-04-15 14:52:19,196 INFO     [GetLabel] Exiting: succeeded
2026-04-15 14:52:19,198 INFO     [ApplyLabel] Entering state (zones: {'A': 'READY_FOR_PICKUP', 'B': 'NEEDS_LABEL'}  busy: {'A': True, 'B': False})
2026-04-15 14:52:19,198 INFO     [ApplyLabel] Applying label to zone B (zone_number=2, depth=0.0276)
2026-04-15 14:52:19,198 INFO     [compute_label_joints] Requesting label pose for zone 2, item_depth=0.0301
2026-04-15 14:52:19,966 INFO     [ZoneManager] Zone A: READY_FOR_PICKUP → EMPTY
2026-04-15 14:52:19,967 INFO     [RetrieveFromZone] Exiting: picked (zone A)
2026-04-15 14:52:19,968 INFO     [PlaceOutput] Entering state (retrieved_depth=0.0221)
2026-04-15 14:52:19,980 INFO     [IK] pose_to_joints 'OUTPUT1' depth_offset=0.1721 → joints=[-1.3761 -0.8431  2.6227 -0.939   0.3827  1.7015  2.1355]
2026-04-15 14:52:19,992 INFO     [IK] pose_to_joints 'L2_INTER' depth_offset=0.0221 → joints=[ 0.1385 -0.3447  0.4679 -2.5027  0.1874  2.1842  1.259 ]
2026-04-15 14:52:19,992 INFO     [PlaceOutput] drop_joints: [-1.3761 -0.8431  2.6227 -0.939   0.3827  1.7015  2.1355]
2026-04-15 14:52:20,833 INFO     [Service] /compute_grasps_labelling → success=True msg='Zone1=FAIL, Zone2=OK'
2026-04-15 14:52:20,834 INFO     item_depth=0.0301  X=0.3133 Y=-0.0445 Z=0.9699  pos(world)=[ 0.5045 -0.2943  0.0101]  task_pos=[ 0.5045 -0.2943  0.0301]  task_ori=[0.0051 1.     0.     0.    ]
2026-04-15 14:52:20,834 INFO     [compute_label_joints] Zone 2 received pose: x=0.5045 y=-0.2943 z=0.0301  RPY r=180.00 p=0.00 y=179.41 deg
2026-04-15 14:52:20,834 INFO     [IK] compute_pick_joints called — task_pos=[ 0.5045 -0.2943  0.0301] label_zone=2 max_attempts=10 check_collisions=True arm_number=2
2026-04-15 14:52:20,858 INFO     [IK] Arm2 compute_pick_joints attempt 1/10 OK — target=([ 0.5045 -0.2943  0.0301]) pre=[-0.2649  0.3671 -0.2674 -2.0911  0.1476  2.4408  0.157 ] final=[-0.4836  0.5665 -0.042  -2.0738  0.0468  2.6394  0.2253] (FK err pre=0.0000 m final=0.0000 m)
2026-04-15 14:52:20,859 INFO     [ApplyLabel] IK pre_joints=[-0.2649  0.3671 -0.2674 -2.0911  0.1476  2.4408  0.157 ]  final_joints=[-0.4836  0.5665 -0.042  -2.0738  0.0468  2.6394  0.2253]
2026-04-15 14:52:26,608 INFO     [Service] /orio/pnp_cup/off → success=True msg='PnP Cup OFF command sent'
2026-04-15 14:52:30,079 INFO     [PlaceOutput] Exiting: succeeded (total items placed: 1)
2026-04-15 14:52:30,080 DEBUG    [TaskSelector] Evaluating zone states: {'A': 'EMPTY', 'B': 'NEEDS_LABEL'}  busy: {'A': False, 'B': True}
2026-04-15 14:52:30,080 INFO     [TaskSelector] → do_load (zone A empty)
2026-04-15 14:52:30,081 INFO     [FetchInput] Entering state
2026-04-15 14:52:30,659 INFO     [Service] /compute_grasps → success=True msg='Published 1 PnP poses.'
2026-04-15 14:52:30,660 INFO     [FetchInput] Grasp pose received: x=0.3713 y=-0.3035 z=0.0339
2026-04-15 14:52:30,661 INFO     [IK] compute_pick_joints called — task_pos=[ 0.3713 -0.3035  0.0339] label_zone=None max_attempts=10 check_collisions=False arm_number=None
2026-04-15 14:52:30,680 INFO     [IK] Arm? compute_pick_joints attempt 1/10 OK — target=([ 0.3713 -0.3035  0.0339]) pre=[-0.3043  0.1061 -0.3743 -2.4665  0.071   2.5641  0.0492] final=[-0.5623  0.366  -0.1044 -2.448   0.1148  2.8102  0.0169] (FK err pre=0.0000 m final=0.0000 m)
2026-04-15 14:52:30,681 INFO     [FetchInput] IK pre_joints:   [-0.3043  0.1061 -0.3743 -2.4665  0.071   2.5641  0.0492]
2026-04-15 14:52:30,681 INFO     [FetchInput] IK final_joints: [-0.5623  0.366  -0.1044 -2.448   0.1148  2.8102  0.0169]
2026-04-15 14:52:30,682 INFO     [FetchInput] Moving to pre-pick
2026-04-15 14:52:30,971 INFO     [Service] /orio/lbl_cup/off → success=True msg='Labelling Cup OFF command sent'
2026-04-15 14:52:34,127 INFO     [FetchInput] Descending to pick
2026-04-15 14:52:34,375 INFO     [IK] pose_to_joints 'LABELLING_SAFE' depth_offset=0.0000 → joints=[-0.065  -1.2718  0.0356 -2.707   0.0343  1.4354  0.7355]
2026-04-15 14:52:36,577 INFO     [Service] /orio/pnp_cup/on → success=True msg='PnP Cup ON command sent'
2026-04-15 14:52:37,577 INFO     [FetchInput] Retracting to pre-pick height
2026-04-15 14:52:37,827 INFO     [ZoneManager] Zone B: NEEDS_LABEL → READY_FOR_PICKUP
2026-04-15 14:52:37,828 INFO     [ApplyLabel] Exiting: labeled (zone B)
2026-04-15 14:52:37,832 INFO     [GetLabel] Entering state
2026-04-15 14:52:40,028 INFO     [FetchInput] Exiting: succeeded (item_depth=0.0339)
2026-04-15 14:52:40,030 INFO     [DropToZone] Entering state (item_depth=0.0339)
2026-04-15 14:52:40,030 INFO     [DropToZone] Targeting zone A
2026-04-15 14:52:40,044 INFO     [IK] pose_to_joints 'L1_INTER' depth_offset=0.0339 → joints=[-0.2918 -0.3405 -0.3162 -2.4869 -0.1251  2.1584  0.2641]
2026-04-15 14:52:40,059 INFO     [IK] pose_to_joints 'LABEL_ZONE_1' depth_offset=0.0439 → joints=[-0.2376  1.1907 -0.1685 -0.8638  0.1758  2.0433  0.4041]
2026-04-15 14:52:40,061 INFO     [DropToZone] place_joints for LABEL_ZONE_1: [-0.2376  1.1907 -0.1685 -0.8638  0.1758  2.0433  0.4041]
2026-04-15 14:52:46,640 INFO     [Service] /orio/pnp_cup/off → success=True msg='PnP Cup OFF command sent'
2026-04-15 14:52:48,053 INFO     [Service] /orio/lbl_cup/on → success=True msg='Labelling Cup ON command sent'
2026-04-15 14:52:50,118 INFO     [ZoneManager] Zone A: EMPTY → NEEDS_LABEL
2026-04-15 14:52:50,119 INFO     [DropToZone] Exiting: dropped (zone A)
2026-04-15 14:52:50,121 DEBUG    [TaskSelector] Evaluating zone states: {'A': 'NEEDS_LABEL', 'B': 'READY_FOR_PICKUP'}  busy: {'A': False, 'B': False}
2026-04-15 14:52:50,122 INFO     [TaskSelector] → do_unload (zone B ready)
2026-04-15 14:52:50,123 INFO     [RetrieveFromZone] Entering state
2026-04-15 14:52:50,123 INFO     [RetrieveFromZone] Picking from zone B (depth=0.0276)
2026-04-15 14:52:50,133 INFO     [IK] pose_to_joints 'L2_INTER' depth_offset=0.0276 → joints=[ 0.1356 -0.3533  0.4682 -2.4944  0.19    2.168   1.2563]
2026-04-15 14:52:50,143 INFO     [IK] pose_to_joints 'LABEL_ZONE_2' depth_offset=0.1276 → joints=[ 0.3173  1.0477  0.0087 -0.8968 -0.0081  1.9445  1.11  ]
2026-04-15 14:52:50,155 INFO     [IK] pose_to_joints 'LABEL_ZONE_2' depth_offset=0.0176 → joints=[ 0.3594  1.2444 -0.0779 -0.8248  0.0839  2.0667  1.0797]
2026-04-15 14:52:50,155 INFO     [RetrieveFromZone] B pre_pick=[ 0.3173  1.0477  0.0087 -0.8968 -0.0081  1.9445  1.11  ] pick=[ 0.3594  1.2444 -0.0779 -0.8248  0.0839  2.0667  1.0797]
2026-04-15 14:52:51,459 INFO     [IK] pose_to_joints 'LABELLING_SAFE' depth_offset=0.0000 → joints=[-0.065  -1.2718  0.0356 -2.707   0.0343  1.4354  0.7355]
2026-04-15 14:52:54,667 INFO     [GetLabel] Exiting: succeeded
2026-04-15 14:52:54,668 INFO     [ApplyLabel] Entering state (zones: {'A': 'NEEDS_LABEL', 'B': 'READY_FOR_PICKUP'}  busy: {'A': False, 'B': True})
2026-04-15 14:52:54,668 INFO     [ApplyLabel] Applying label to zone A (zone_number=1, depth=0.0339)
2026-04-15 14:52:54,668 INFO     [compute_label_joints] Requesting label pose for zone 1, item_depth=0.0364
2026-04-15 14:52:56,386 INFO     [Service] /compute_grasps_labelling → success=True msg='Zone1=OK, Zone2=OK'
2026-04-15 14:52:56,386 INFO     item_depth=0.0364  X=-0.2083 Y=-0.0557 Z=0.9636  pos(world)=[0.5157 0.2273 0.0164]  task_pos=[0.5157 0.2273 0.0364]  task_ori=[0.0024 1.     0.     0.    ]
2026-04-15 14:52:56,387 INFO     [compute_label_joints] Zone 1 received pose: x=0.5157 y=0.2273 z=0.0364  RPY r=180.00 p=0.00 y=179.73 deg
2026-04-15 14:52:56,388 INFO     [IK] compute_pick_joints called — task_pos=[0.5157 0.2273 0.0364] label_zone=1 max_attempts=10 check_collisions=True arm_number=2
2026-04-15 14:52:56,413 INFO     [IK] Arm2 compute_pick_joints attempt 1/10 OK — target=([0.5157 0.2273 0.0364]) pre=[ 0.2404  0.2973  0.1753 -2.1691 -0.0813  2.4605  1.2567] final=[ 0.4546  0.511  -0.0365 -2.1552  0.039   2.6656  1.1735] (FK err pre=0.0000 m final=0.0000 m)
2026-04-15 14:52:56,414 INFO     [ApplyLabel] IK pre_joints=[ 0.2404  0.2973  0.1753 -2.1691 -0.0813  2.4605  1.2567]  final_joints=[ 0.4546  0.511  -0.0365 -2.1552  0.039   2.6656  1.1735]
2026-04-15 14:52:59,190 INFO     [Service] /orio/pnp_cup/on → success=True msg='PnP Cup ON command sent'
2026-04-15 14:53:00,191 INFO     [RetrieveFromZone] Retracting to pre-pick height
2026-04-15 14:53:05,105 INFO     [ZoneManager] Zone B: READY_FOR_PICKUP → EMPTY
2026-04-15 14:53:05,106 INFO     [RetrieveFromZone] Exiting: picked (zone B)
2026-04-15 14:53:05,107 INFO     [PlaceOutput] Entering state (retrieved_depth=0.0276)
2026-04-15 14:53:05,124 INFO     [IK] pose_to_joints 'OUTPUT2' depth_offset=0.1776 → joints=[-1.3522 -0.8993  2.4647 -0.8845  0.5143  1.6487  2.0672]
2026-04-15 14:53:05,141 INFO     [IK] pose_to_joints 'L2_INTER' depth_offset=0.0276 → joints=[ 0.1356 -0.3533  0.4682 -2.4944  0.19    2.168   1.2563]
2026-04-15 14:53:05,142 INFO     [PlaceOutput] drop_joints: [-1.3522 -0.8993  2.4647 -0.8845  0.5143  1.6487  2.0672]
2026-04-15 14:53:06,528 INFO     [Service] /orio/lbl_cup/off → success=True msg='Labelling Cup OFF command sent'
2026-04-15 14:53:09,927 INFO     [IK] pose_to_joints 'LABELLING_SAFE' depth_offset=0.0000 → joints=[-0.065  -1.2718  0.0356 -2.707   0.0343  1.4354  0.7355]
2026-04-15 14:53:10,890 INFO     [Service] /orio/pnp_cup/off → success=True msg='PnP Cup OFF command sent'
2026-04-15 14:53:13,380 INFO     [ZoneManager] Zone A: NEEDS_LABEL → READY_FOR_PICKUP
2026-04-15 14:53:13,380 INFO     [ApplyLabel] Exiting: labeled (zone A)
2026-04-15 14:53:13,382 INFO     [GetLabel] Entering state
2026-04-15 14:53:14,360 INFO     [PlaceOutput] Exiting: succeeded (total items placed: 2)
2026-04-15 14:53:14,362 DEBUG    [TaskSelector] Evaluating zone states: {'A': 'READY_FOR_PICKUP', 'B': 'EMPTY'}  busy: {'A': False, 'B': False}
2026-04-15 14:53:14,362 INFO     [TaskSelector] → do_unload (zone A ready)
2026-04-15 14:53:14,363 INFO     [RetrieveFromZone] Entering state
2026-04-15 14:53:14,363 INFO     [RetrieveFromZone] Picking from zone A (depth=0.0339)
2026-04-15 14:53:14,371 INFO     [IK] pose_to_joints 'L1_INTER' depth_offset=0.0339 → joints=[-0.2918 -0.3405 -0.3162 -2.4869 -0.1251  2.1584  0.2641]
2026-04-15 14:53:14,383 INFO     [IK] pose_to_joints 'LABEL_ZONE_1' depth_offset=0.1339 → joints=[-0.2315  1.0481 -0.178  -0.8916  0.1645  1.9283  0.4063]
2026-04-15 14:53:14,402 INFO     [IK] pose_to_joints 'LABEL_ZONE_1' depth_offset=0.0239 → joints=[-0.2414  1.2347 -0.1655 -0.8343  0.1769  2.0582  0.4055]
2026-04-15 14:53:14,403 INFO     [RetrieveFromZone] A pre_pick=[-0.2315  1.0481 -0.178  -0.8916  0.1645  1.9283  0.4063] pick=[-0.2414  1.2347 -0.1655 -0.8343  0.1769  2.0582  0.4055]
2026-04-15 14:53:23,409 INFO     [Service] /orio/pnp_cup/on → success=True msg='PnP Cup ON command sent'
2026-04-15 14:53:23,595 INFO     [Service] /orio/lbl_cup/on → success=True msg='Labelling Cup ON command sent'
2026-04-15 14:53:24,410 INFO     [RetrieveFromZone] Retracting to pre-pick height
2026-04-15 14:53:27,022 INFO     [IK] pose_to_joints 'LABELLING_SAFE' depth_offset=0.0000 → joints=[-0.065  -1.2718  0.0356 -2.707   0.0343  1.4354  0.7355]
2026-04-15 14:53:29,325 INFO     [ZoneManager] Zone A: READY_FOR_PICKUP → EMPTY
2026-04-15 14:53:29,325 INFO     [RetrieveFromZone] Exiting: picked (zone A)
2026-04-15 14:53:29,326 INFO     [PlaceOutput] Entering state (retrieved_depth=0.0339)
2026-04-15 14:53:29,342 INFO     [IK] pose_to_joints 'OUTPUT1' depth_offset=0.1839 → joints=[-1.4035 -0.8387  2.6613 -0.9019  0.3528  1.6739  2.1505]
2026-04-15 14:53:29,356 INFO     [IK] pose_to_joints 'L2_INTER' depth_offset=0.0339 → joints=[ 0.1322 -0.3627  0.4686 -2.4847  0.1926  2.1496  1.2534]
2026-04-15 14:53:29,358 INFO     [PlaceOutput] drop_joints: [-1.4035 -0.8387  2.6613 -0.9019  0.3528  1.6739  2.1505]
2026-04-15 14:53:30,229 INFO     [GetLabel] Exiting: succeeded
2026-04-15 14:53:30,231 INFO     [ApplyLabel] Entering state (zones: {'A': 'EMPTY', 'B': 'EMPTY'}  busy: {'A': False, 'B': False})
2026-04-15 14:53:30,231 DEBUG    [ApplyLabel] No zone needs label → wait
2026-04-15 14:53:30,732 INFO     [ApplyLabel] Entering state (zones: {'A': 'EMPTY', 'B': 'EMPTY'}  busy: {'A': False, 'B': False})
2026-04-15 14:53:30,732 DEBUG    [ApplyLabel] No zone needs label → wait
2026-04-15 14:53:31,235 INFO     [ApplyLabel] Entering state (zones: {'A': 'EMPTY', 'B': 'EMPTY'}  busy: {'A': False, 'B': False})
2026-04-15 14:53:31,235 DEBUG    [ApplyLabel] No zone needs label → wait
2026-04-15 14:53:31,737 INFO     [ApplyLabel] Entering state (zones: {'A': 'EMPTY', 'B': 'EMPTY'}  busy: {'A': False, 'B': False})
2026-04-15 14:53:31,737 DEBUG    [ApplyLabel] No zone needs label → wait
2026-04-15 14:53:32,240 INFO     [ApplyLabel] Entering state (zones: {'A': 'EMPTY', 'B': 'EMPTY'}  busy: {'A': False, 'B': False})
2026-04-15 14:53:32,240 DEBUG    [ApplyLabel] No zone needs label → wait
2026-04-15 14:53:32,742 INFO     [ApplyLabel] Entering state (zones: {'A': 'EMPTY', 'B': 'EMPTY'}  busy: {'A': False, 'B': False})
2026-04-15 14:53:32,742 DEBUG    [ApplyLabel] No zone needs label → wait
2026-04-15 14:53:33,245 INFO     [ApplyLabel] Entering state (zones: {'A': 'EMPTY', 'B': 'EMPTY'}  busy: {'A': False, 'B': False})
2026-04-15 14:53:33,245 DEBUG    [ApplyLabel] No zone needs label → wait
2026-04-15 14:53:33,747 INFO     [ApplyLabel] Entering state (zones: {'A': 'EMPTY', 'B': 'EMPTY'}  busy: {'A': False, 'B': False})
2026-04-15 14:53:33,747 DEBUG    [ApplyLabel] No zone needs label → wait
2026-04-15 14:53:34,251 INFO     [ApplyLabel] Entering state (zones: {'A': 'EMPTY', 'B': 'EMPTY'}  busy: {'A': False, 'B': False})
2026-04-15 14:53:34,251 DEBUG    [ApplyLabel] No zone needs label → wait
2026-04-15 14:53:34,752 INFO     [ApplyLabel] Entering state (zones: {'A': 'EMPTY', 'B': 'EMPTY'}  busy: {'A': False, 'B': False})
2026-04-15 14:53:34,753 DEBUG    [ApplyLabel] No zone needs label → wait
2026-04-15 14:53:35,256 INFO     [ApplyLabel] Entering state (zones: {'A': 'EMPTY', 'B': 'EMPTY'}  busy: {'A': False, 'B': False})
2026-04-15 14:53:35,257 DEBUG    [ApplyLabel] No zone needs label → wait
2026-04-15 14:53:35,759 INFO     [ApplyLabel] Entering state (zones: {'A': 'EMPTY', 'B': 'EMPTY'}  busy: {'A': False, 'B': False})
2026-04-15 14:53:35,759 DEBUG    [ApplyLabel] No zone needs label → wait
2026-04-15 14:53:35,975 INFO     [Service] /orio/pnp_cup/off → success=True msg='PnP Cup OFF command sent'
2026-04-15 14:53:36,262 INFO     [ApplyLabel] Entering state (zones: {'A': 'EMPTY', 'B': 'EMPTY'}  busy: {'A': False, 'B': False})
2026-04-15 14:53:36,262 DEBUG    [ApplyLabel] No zone needs label → wait
2026-04-15 14:53:36,765 INFO     [ApplyLabel] Entering state (zones: {'A': 'EMPTY', 'B': 'EMPTY'}  busy: {'A': False, 'B': False})
2026-04-15 14:53:36,765 DEBUG    [ApplyLabel] No zone needs label → wait
2026-04-15 14:53:37,268 INFO     [ApplyLabel] Entering state (zones: {'A': 'EMPTY', 'B': 'EMPTY'}  busy: {'A': False, 'B': False})
2026-04-15 14:53:37,269 DEBUG    [ApplyLabel] No zone needs label → wait
2026-04-15 14:53:37,770 INFO     [ApplyLabel] Entering state (zones: {'A': 'EMPTY', 'B': 'EMPTY'}  busy: {'A': False, 'B': False})
2026-04-15 14:53:37,770 DEBUG    [ApplyLabel] No zone needs label → wait
2026-04-15 14:53:38,273 INFO     [ApplyLabel] Entering state (zones: {'A': 'EMPTY', 'B': 'EMPTY'}  busy: {'A': False, 'B': False})
2026-04-15 14:53:38,273 DEBUG    [ApplyLabel] No zone needs label → wait
2026-04-15 14:53:38,775 INFO     [ApplyLabel] Entering state (zones: {'A': 'EMPTY', 'B': 'EMPTY'}  busy: {'A': False, 'B': False})
2026-04-15 14:53:38,775 DEBUG    [ApplyLabel] No zone needs label → wait
2026-04-15 14:53:39,279 INFO     [ApplyLabel] Entering state (zones: {'A': 'EMPTY', 'B': 'EMPTY'}  busy: {'A': False, 'B': False})
2026-04-15 14:53:39,280 DEBUG    [ApplyLabel] No zone needs label → wait
2026-04-15 14:53:39,447 INFO     [PlaceOutput] Exiting: succeeded (total items placed: 3)
2026-04-15 14:53:39,449 DEBUG    [TaskSelector] Evaluating zone states: {'A': 'EMPTY', 'B': 'EMPTY'}  busy: {'A': False, 'B': False}
2026-04-15 14:53:39,449 INFO     [TaskSelector] → do_load (zone A empty)
2026-04-15 14:53:39,450 INFO     [FetchInput] Entering state
2026-04-15 14:53:39,782 INFO     [ApplyLabel] Entering state (zones: {'A': 'EMPTY', 'B': 'EMPTY'}  busy: {'A': False, 'B': False})
2026-04-15 14:53:39,783 DEBUG    [ApplyLabel] No zone needs label → wait
2026-04-15 14:53:40,023 INFO     [Service] /compute_grasps → success=True msg='Published 3 PnP poses.'
2026-04-15 14:53:40,024 INFO     [FetchInput] Grasp pose received: x=0.3477 y=-0.3140 z=0.0768
2026-04-15 14:53:40,024 INFO     [IK] compute_pick_joints called — task_pos=[ 0.3477 -0.314   0.0768] label_zone=None max_attempts=10 check_collisions=False arm_number=None
2026-04-15 14:53:40,042 INFO     [IK] Arm? compute_pick_joints attempt 1/10 OK — target=([ 0.3477 -0.314   0.0768]) pre=[-0.2889 -0.0292 -0.4467 -2.4851 -0.02    2.4587  0.0655] final=[-0.2968  0.2436 -0.4035 -2.4995  0.2305  2.7142 -0.1146] (FK err pre=0.0000 m final=0.0000 m)
2026-04-15 14:53:40,042 INFO     [FetchInput] IK pre_joints:   [-0.2889 -0.0292 -0.4467 -2.4851 -0.02    2.4587  0.0655]
2026-04-15 14:53:40,042 INFO     [FetchInput] IK final_joints: [-0.2968  0.2436 -0.4035 -2.4995  0.2305  2.7142 -0.1146]
2026-04-15 14:53:40,043 INFO     [FetchInput] Moving to pre-pick
2026-04-15 14:53:40,286 INFO     [ApplyLabel] Entering state (zones: {'A': 'EMPTY', 'B': 'EMPTY'}  busy: {'A': False, 'B': False})
2026-04-15 14:53:40,287 DEBUG    [ApplyLabel] No zone needs label → wait
2026-04-15 14:53:40,788 INFO     [ApplyLabel] Entering state (zones: {'A': 'EMPTY', 'B': 'EMPTY'}  busy: {'A': False, 'B': False})
2026-04-15 14:53:40,789 DEBUG    [ApplyLabel] No zone needs label → wait
2026-04-15 14:53:41,293 INFO     [ApplyLabel] Entering state (zones: {'A': 'EMPTY', 'B': 'EMPTY'}  busy: {'A': False, 'B': False})
2026-04-15 14:53:41,293 DEBUG    [ApplyLabel] No zone needs label → wait
2026-04-15 14:53:41,796 INFO     [ApplyLabel] Entering state (zones: {'A': 'EMPTY', 'B': 'EMPTY'}  busy: {'A': False, 'B': False})
2026-04-15 14:53:41,796 DEBUG    [ApplyLabel] No zone needs label → wait
2026-04-15 14:53:42,301 INFO     [ApplyLabel] Entering state (zones: {'A': 'EMPTY', 'B': 'EMPTY'}  busy: {'A': False, 'B': False})
2026-04-15 14:53:42,301 DEBUG    [ApplyLabel] No zone needs label → wait
2026-04-15 14:53:42,802 INFO     [ApplyLabel] Entering state (zones: {'A': 'EMPTY', 'B': 'EMPTY'}  busy: {'A': False, 'B': False})
2026-04-15 14:53:42,802 DEBUG    [ApplyLabel] No zone needs label → wait
2026-04-15 14:53:43,307 INFO     [ApplyLabel] Entering state (zones: {'A': 'EMPTY', 'B': 'EMPTY'}  busy: {'A': False, 'B': False})
2026-04-15 14:53:43,307 DEBUG    [ApplyLabel] No zone needs label → wait
2026-04-15 14:53:43,492 INFO     [FetchInput] Descending to pick
2026-04-15 14:53:43,809 INFO     [ApplyLabel] Entering state (zones: {'A': 'EMPTY', 'B': 'EMPTY'}  busy: {'A': False, 'B': False})
2026-04-15 14:53:43,809 DEBUG    [ApplyLabel] No zone needs label → wait
2026-04-15 14:53:44,312 INFO     [ApplyLabel] Entering state (zones: {'A': 'EMPTY', 'B': 'EMPTY'}  busy: {'A': False, 'B': False})
2026-04-15 14:53:44,312 DEBUG    [ApplyLabel] No zone needs label → wait
2026-04-15 14:53:44,815 INFO     [ApplyLabel] Entering state (zones: {'A': 'EMPTY', 'B': 'EMPTY'}  busy: {'A': False, 'B': False})
2026-04-15 14:53:44,815 DEBUG    [ApplyLabel] No zone needs label → wait
2026-04-15 14:53:45,317 INFO     [ApplyLabel] Entering state (zones: {'A': 'EMPTY', 'B': 'EMPTY'}  busy: {'A': False, 'B': False})
2026-04-15 14:53:45,318 DEBUG    [ApplyLabel] No zone needs label → wait
2026-04-15 14:53:45,819 INFO     [ApplyLabel] Entering state (zones: {'A': 'EMPTY', 'B': 'EMPTY'}  busy: {'A': False, 'B': False})
2026-04-15 14:53:45,819 DEBUG    [ApplyLabel] No zone needs label → wait
2026-04-15 14:53:45,951 INFO     [Service] /orio/pnp_cup/on → success=True msg='PnP Cup ON command sent'
2026-04-15 14:53:46,322 INFO     [ApplyLabel] Entering state (zones: {'A': 'EMPTY', 'B': 'EMPTY'}  busy: {'A': False, 'B': False})
2026-04-15 14:53:46,322 DEBUG    [ApplyLabel] No zone needs label → wait
2026-04-15 14:53:46,824 INFO     [ApplyLabel] Entering state (zones: {'A': 'EMPTY', 'B': 'EMPTY'}  busy: {'A': False, 'B': False})
2026-04-15 14:53:46,824 DEBUG    [ApplyLabel] No zone needs label → wait
2026-04-15 14:53:46,952 INFO     [FetchInput] Retracting to pre-pick height
2026-04-15 14:53:47,327 INFO     [ApplyLabel] Entering state (zones: {'A': 'EMPTY', 'B': 'EMPTY'}  busy: {'A': False, 'B': False})
2026-04-15 14:53:47,327 DEBUG    [ApplyLabel] No zone needs label → wait
2026-04-15 14:53:47,828 INFO     [ApplyLabel] Entering state (zones: {'A': 'EMPTY', 'B': 'EMPTY'}  busy: {'A': False, 'B': False})
2026-04-15 14:53:47,829 DEBUG    [ApplyLabel] No zone needs label → wait
2026-04-15 14:53:48,332 INFO     [ApplyLabel] Entering state (zones: {'A': 'EMPTY', 'B': 'EMPTY'}  busy: {'A': False, 'B': False})
2026-04-15 14:53:48,332 DEBUG    [ApplyLabel] No zone needs label → wait
2026-04-15 14:53:48,834 INFO     [ApplyLabel] Entering state (zones: {'A': 'EMPTY', 'B': 'EMPTY'}  busy: {'A': False, 'B': False})
2026-04-15 14:53:48,834 DEBUG    [ApplyLabel] No zone needs label → wait
2026-04-15 14:53:49,335 INFO     [ApplyLabel] Entering state (zones: {'A': 'EMPTY', 'B': 'EMPTY'}  busy: {'A': False, 'B': False})
2026-04-15 14:53:49,335 DEBUG    [ApplyLabel] No zone needs label → wait
2026-04-15 14:53:49,395 INFO     [FetchInput] Exiting: succeeded (item_depth=0.0768)
2026-04-15 14:53:49,396 INFO     [DropToZone] Entering state (item_depth=0.0768)
2026-04-15 14:53:49,396 INFO     [DropToZone] Targeting zone A
2026-04-15 14:53:49,405 INFO     [IK] pose_to_joints 'L1_INTER' depth_offset=0.0768 → joints=[-0.2753 -0.3894 -0.3179 -2.4131 -0.1333  2.0378  0.2749]
2026-04-15 14:53:49,416 INFO     [IK] pose_to_joints 'LABEL_ZONE_1' depth_offset=0.0868 → joints=[-0.2323  1.1124 -0.1747 -0.8965  0.1721  1.9971  0.4034]
2026-04-15 14:53:49,417 INFO     [DropToZone] place_joints for LABEL_ZONE_1: [-0.2323  1.1124 -0.1747 -0.8965  0.1721  1.9971  0.4034]
2026-04-15 14:53:49,836 INFO     [ApplyLabel] Entering state (zones: {'A': 'EMPTY', 'B': 'EMPTY'}  busy: {'A': True, 'B': False})
2026-04-15 14:53:49,836 DEBUG    [ApplyLabel] No zone needs label → wait
2026-04-15 14:53:50,339 INFO     [ApplyLabel] Entering state (zones: {'A': 'EMPTY', 'B': 'EMPTY'}  busy: {'A': True, 'B': False})
2026-04-15 14:53:50,339 DEBUG    [ApplyLabel] No zone needs label → wait
2026-04-15 14:53:50,842 INFO     [ApplyLabel] Entering state (zones: {'A': 'EMPTY', 'B': 'EMPTY'}  busy: {'A': True, 'B': False})
2026-04-15 14:53:50,842 DEBUG    [ApplyLabel] No zone needs label → wait
2026-04-15 14:53:51,345 INFO     [ApplyLabel] Entering state (zones: {'A': 'EMPTY', 'B': 'EMPTY'}  busy: {'A': True, 'B': False})
2026-04-15 14:53:51,345 DEBUG    [ApplyLabel] No zone needs label → wait
2026-04-15 14:53:51,847 INFO     [ApplyLabel] Entering state (zones: {'A': 'EMPTY', 'B': 'EMPTY'}  busy: {'A': True, 'B': False})
2026-04-15 14:53:51,848 DEBUG    [ApplyLabel] No zone needs label → wait
2026-04-15 14:53:52,351 INFO     [ApplyLabel] Entering state (zones: {'A': 'EMPTY', 'B': 'EMPTY'}  busy: {'A': True, 'B': False})
2026-04-15 14:53:52,351 DEBUG    [ApplyLabel] No zone needs label → wait
2026-04-15 14:53:52,853 INFO     [ApplyLabel] Entering state (zones: {'A': 'EMPTY', 'B': 'EMPTY'}  busy: {'A': True, 'B': False})
2026-04-15 14:53:52,853 DEBUG    [ApplyLabel] No zone needs label → wait
2026-04-15 14:53:53,357 INFO     [ApplyLabel] Entering state (zones: {'A': 'EMPTY', 'B': 'EMPTY'}  busy: {'A': True, 'B': False})
2026-04-15 14:53:53,357 DEBUG    [ApplyLabel] No zone needs label → wait
2026-04-15 14:53:53,859 INFO     [ApplyLabel] Entering state (zones: {'A': 'EMPTY', 'B': 'EMPTY'}  busy: {'A': True, 'B': False})
2026-04-15 14:53:53,859 DEBUG    [ApplyLabel] No zone needs label → wait
2026-04-15 14:53:54,361 INFO     [ApplyLabel] Entering state (zones: {'A': 'EMPTY', 'B': 'EMPTY'}  busy: {'A': True, 'B': False})
2026-04-15 14:53:54,362 DEBUG    [ApplyLabel] No zone needs label → wait
2026-04-15 14:53:54,863 INFO     [ApplyLabel] Entering state (zones: {'A': 'EMPTY', 'B': 'EMPTY'}  busy: {'A': True, 'B': False})
2026-04-15 14:53:54,863 DEBUG    [ApplyLabel] No zone needs label → wait
2026-04-15 14:53:55,366 INFO     [ApplyLabel] Entering state (zones: {'A': 'EMPTY', 'B': 'EMPTY'}  busy: {'A': True, 'B': False})
2026-04-15 14:53:55,366 DEBUG    [ApplyLabel] No zone needs label → wait
2026-04-15 14:53:55,868 INFO     [ApplyLabel] Entering state (zones: {'A': 'EMPTY', 'B': 'EMPTY'}  busy: {'A': True, 'B': False})
2026-04-15 14:53:55,868 DEBUG    [ApplyLabel] No zone needs label → wait
2026-04-15 14:53:56,007 INFO     [Service] /orio/pnp_cup/off → success=True msg='PnP Cup OFF command sent'
2026-04-15 14:53:56,370 INFO     [ApplyLabel] Entering state (zones: {'A': 'EMPTY', 'B': 'EMPTY'}  busy: {'A': True, 'B': False})
2026-04-15 14:53:56,370 DEBUG    [ApplyLabel] No zone needs label → wait
2026-04-15 14:53:56,871 INFO     [ApplyLabel] Entering state (zones: {'A': 'EMPTY', 'B': 'EMPTY'}  busy: {'A': True, 'B': False})
2026-04-15 14:53:56,871 DEBUG    [ApplyLabel] No zone needs label → wait
2026-04-15 14:53:57,373 INFO     [ApplyLabel] Entering state (zones: {'A': 'EMPTY', 'B': 'EMPTY'}  busy: {'A': True, 'B': False})
2026-04-15 14:53:57,373 DEBUG    [ApplyLabel] No zone needs label → wait
2026-04-15 14:53:57,874 INFO     [ApplyLabel] Entering state (zones: {'A': 'EMPTY', 'B': 'EMPTY'}  busy: {'A': True, 'B': False})
2026-04-15 14:53:57,874 DEBUG    [ApplyLabel] No zone needs label → wait
2026-04-15 14:53:58,376 INFO     [ApplyLabel] Entering state (zones: {'A': 'EMPTY', 'B': 'EMPTY'}  busy: {'A': True, 'B': False})
2026-04-15 14:53:58,376 DEBUG    [ApplyLabel] No zone needs label → wait
2026-04-15 14:53:58,878 INFO     [ApplyLabel] Entering state (zones: {'A': 'EMPTY', 'B': 'EMPTY'}  busy: {'A': True, 'B': False})
2026-04-15 14:53:58,878 DEBUG    [ApplyLabel] No zone needs label → wait
2026-04-15 14:53:59,379 INFO     [ApplyLabel] Entering state (zones: {'A': 'EMPTY', 'B': 'EMPTY'}  busy: {'A': True, 'B': False})
2026-04-15 14:53:59,379 DEBUG    [ApplyLabel] No zone needs label → wait
2026-04-15 14:53:59,484 INFO     [ZoneManager] Zone A: EMPTY → NEEDS_LABEL
2026-04-15 14:53:59,484 INFO     [DropToZone] Exiting: dropped (zone A)
2026-04-15 14:53:59,485 DEBUG    [TaskSelector] Evaluating zone states: {'A': 'NEEDS_LABEL', 'B': 'EMPTY'}  busy: {'A': False, 'B': False}
2026-04-15 14:53:59,485 INFO     [TaskSelector] → do_load (zone B empty)
2026-04-15 14:53:59,486 INFO     [FetchInput] Entering state
2026-04-15 14:53:59,882 INFO     [ApplyLabel] Entering state (zones: {'A': 'NEEDS_LABEL', 'B': 'EMPTY'}  busy: {'A': False, 'B': False})
2026-04-15 14:53:59,883 INFO     [ApplyLabel] Applying label to zone A (zone_number=1, depth=0.0768)
2026-04-15 14:53:59,883 INFO     [compute_label_joints] Requesting label pose for zone 1, item_depth=0.0793
2026-04-15 14:54:00,047 INFO     [Service] /compute_grasps → success=True msg='Published 2 PnP poses.'
2026-04-15 14:54:00,047 INFO     [FetchInput] Grasp pose received: x=0.3522 y=-0.5941 z=0.0682
2026-04-15 14:54:00,047 INFO     [IK] compute_pick_joints called — task_pos=[ 0.3522 -0.5941  0.0682] label_zone=None max_attempts=10 check_collisions=False arm_number=None
2026-04-15 14:54:00,071 INFO     [IK] Arm? compute_pick_joints attempt 1/10 OK — target=([ 0.3522 -0.5941  0.0682]) pre=[-0.4435  0.7286 -0.7435 -1.5863  0.548   2.0962 -0.5566] final=[-0.5885  0.8304 -0.5357 -1.6001  0.5216  2.284  -0.5436] (FK err pre=0.0000 m final=0.0000 m)
2026-04-15 14:54:00,074 INFO     [FetchInput] IK pre_joints:   [-0.4435  0.7286 -0.7435 -1.5863  0.548   2.0962 -0.5566]
2026-04-15 14:54:00,075 INFO     [FetchInput] IK final_joints: [-0.5885  0.8304 -0.5357 -1.6001  0.5216  2.284  -0.5436]
2026-04-15 14:54:00,075 INFO     [FetchInput] Moving to pre-pick
2026-04-15 14:54:01,768 INFO     [Service] /compute_grasps_labelling → success=True msg='Zone1=OK, Zone2=FAIL'
2026-04-15 14:54:01,768 INFO     item_depth=0.0793  X=-0.1771 Y=0.0383 Z=0.9207  pos(world)=[0.4217 0.1961 0.0593]  task_pos=[0.4217 0.1961 0.0793]  task_ori=[0.6898 0.724  0.     0.    ]
2026-04-15 14:54:01,769 INFO     [compute_label_joints] Zone 1 received pose: x=0.4217 y=0.1961 z=0.0793  RPY r=180.00 p=0.00 y=92.77 deg
2026-04-15 14:54:01,769 INFO     [IK] compute_pick_joints called — task_pos=[0.4217 0.1961 0.0793] label_zone=1 max_attempts=10 check_collisions=True arm_number=2
2026-04-15 14:54:01,793 INFO     [IK] Arm2 compute_pick_joints attempt 1/10 OK — target=([0.4217 0.1961 0.0793]) pre=[ 0.1571 -0.0422  0.2791 -2.4945  0.0183  2.4539  1.2072] final=[ 0.0077  0.2275  0.3957 -2.512  -0.2112  2.714   1.3723] (FK err pre=0.0000 m final=0.0000 m)
2026-04-15 14:54:01,794 INFO     [ApplyLabel] IK pre_joints=[ 0.1571 -0.0422  0.2791 -2.4945  0.0183  2.4539  1.2072]  final_joints=[ 0.0077  0.2275  0.3957 -2.512  -0.2112  2.714   1.3723]
2026-04-15 14:54:03,527 INFO     [FetchInput] Descending to pick
2026-04-15 14:54:05,733 INFO     [Service] /orio/pnp_cup/on → success=True msg='PnP Cup ON command sent'
2026-04-15 14:54:06,735 INFO     [FetchInput] Retracting to pre-pick height
2026-04-15 14:54:08,940 INFO     [FetchInput] Exiting: succeeded (item_depth=0.0682)
2026-04-15 14:54:08,941 INFO     [DropToZone] Entering state (item_depth=0.0682)
2026-04-15 14:54:08,941 INFO     [DropToZone] Targeting zone B
2026-04-15 14:54:08,949 INFO     [IK] pose_to_joints 'L1_INTER' depth_offset=0.0682 → joints=[-0.2784 -0.3812 -0.3179 -2.4289 -0.1322  2.0615  0.2731]
2026-04-15 14:54:08,959 INFO     [IK] pose_to_joints 'L2_INTER' depth_offset=0.0682 → joints=[ 0.1108 -0.4074  0.4716 -2.4263  0.2044  2.0506  1.2388]
2026-04-15 14:54:08,969 INFO     [IK] pose_to_joints 'LABEL_ZONE_2' depth_offset=0.0782 → joints=[ 0.3316  1.1189 -0.0192 -0.8953  0.0191  2.014   1.1004]
2026-04-15 14:54:08,969 INFO     [DropToZone] place_joints for LABEL_ZONE_2: [ 0.3316  1.1189 -0.0192 -0.8953  0.0191  2.014   1.1004]
2026-04-15 14:54:12,009 INFO     [Service] /orio/lbl_cup/off → success=True msg='Labelling Cup OFF command sent'
2026-04-15 14:54:15,464 INFO     [IK] pose_to_joints 'LABELLING_SAFE' depth_offset=0.0000 → joints=[-0.065  -1.2718  0.0356 -2.707   0.0343  1.4354  0.7355]
2026-04-15 14:54:15,570 INFO     [ZoneManager] Zone A: NEEDS_LABEL → READY_FOR_PICKUP
2026-04-15 14:54:15,571 INFO     [ApplyLabel] Exiting: labeled (zone A)
2026-04-15 14:54:15,572 INFO     [GetLabel] Entering state
2026-04-15 14:54:17,298 INFO     [Service] /orio/pnp_cup/off → success=True msg='PnP Cup OFF command sent'
2026-04-15 14:54:20,778 INFO     [ZoneManager] Zone B: EMPTY → NEEDS_LABEL
2026-04-15 14:54:20,778 INFO     [DropToZone] Exiting: dropped (zone B)
2026-04-15 14:54:20,780 DEBUG    [TaskSelector] Evaluating zone states: {'A': 'READY_FOR_PICKUP', 'B': 'NEEDS_LABEL'}  busy: {'A': False, 'B': False}
2026-04-15 14:54:20,780 INFO     [TaskSelector] → do_unload (zone A ready)
2026-04-15 14:54:20,781 INFO     [RetrieveFromZone] Entering state
2026-04-15 14:54:20,781 INFO     [RetrieveFromZone] Picking from zone A (depth=0.0768)
2026-04-15 14:54:20,789 INFO     [IK] pose_to_joints 'L1_INTER' depth_offset=0.0768 → joints=[-0.2753 -0.3894 -0.3179 -2.4131 -0.1333  2.0378  0.2749]
2026-04-15 14:54:20,804 INFO     [IK] pose_to_joints 'LABEL_ZONE_1' depth_offset=0.1768 → joints=[-0.2358  1.0104 -0.1772 -0.8487  0.1559  1.8487  0.4116]
2026-04-15 14:54:20,815 INFO     [IK] pose_to_joints 'LABEL_ZONE_1' depth_offset=0.0668 → joints=[-0.2344  1.1464 -0.1719 -0.8859  0.1739  2.0207  0.4034]
2026-04-15 14:54:20,816 INFO     [RetrieveFromZone] A pre_pick=[-0.2358  1.0104 -0.1772 -0.8487  0.1559  1.8487  0.4116] pick=[-0.2344  1.1464 -0.1719 -0.8859  0.1739  2.0207  0.4034]
2026-04-15 14:54:29,610 INFO     [Service] /orio/pnp_cup/on → success=True msg='PnP Cup ON command sent'
2026-04-15 14:54:30,611 INFO     [RetrieveFromZone] Retracting to pre-pick height
2026-04-15 14:54:35,234 INFO     [ZoneManager] Zone A: READY_FOR_PICKUP → EMPTY
2026-04-15 14:54:35,235 INFO     [RetrieveFromZone] Exiting: picked (zone A)
2026-04-15 14:54:35,237 INFO     [PlaceOutput] Entering state (retrieved_depth=0.0768)
2026-04-15 14:54:35,250 INFO     [IK] pose_to_joints 'OUTPUT2' depth_offset=0.2268 → joints=[-1.5165 -0.928   2.6849 -0.6114  0.3619  1.4922  2.1538]
2026-04-15 14:54:35,258 INFO     [IK] pose_to_joints 'L2_INTER' depth_offset=0.0768 → joints=[ 0.1047 -0.4168  0.4727 -2.4105  0.2067  2.0265  1.2355]
2026-04-15 14:54:35,258 INFO     [PlaceOutput] drop_joints: [-1.5165 -0.928   2.6849 -0.6114  0.3619  1.4922  2.1538]
2026-04-15 14:54:41,864 INFO     [Service] /orio/pnp_cup/off → success=True msg='PnP Cup OFF command sent'
2026-04-15 14:54:45,331 INFO     [PlaceOutput] Exiting: succeeded (total items placed: 4)
2026-04-15 14:54:45,333 DEBUG    [TaskSelector] Evaluating zone states: {'A': 'EMPTY', 'B': 'NEEDS_LABEL'}  busy: {'A': False, 'B': False}
2026-04-15 14:54:45,333 INFO     [TaskSelector] → do_load (zone A empty)
2026-04-15 14:54:45,335 INFO     [FetchInput] Entering state
2026-04-15 14:54:45,902 INFO     [Service] /compute_grasps → success=True msg='Published 2 PnP poses.'
2026-04-15 14:54:45,902 INFO     [FetchInput] Grasp pose received: x=0.3490 y=-0.5729 z=0.0287
2026-04-15 14:54:45,902 INFO     [IK] compute_pick_joints called — task_pos=[ 0.349  -0.5729  0.0287] label_zone=None max_attempts=10 check_collisions=False arm_number=None
2026-04-15 14:54:45,917 INFO     [IK] Arm? compute_pick_joints attempt 1/10 OK — target=([ 0.349  -0.5729  0.0287]) pre=[-0.5289  0.6698 -0.5753 -1.7065  0.4461  2.2423 -0.503 ] final=[-0.7153  0.8023 -0.3421 -1.6899  0.3767  2.4265 -0.4628] (FK err pre=0.0000 m final=0.0000 m)
2026-04-15 14:54:45,918 INFO     [FetchInput] IK pre_joints:   [-0.5289  0.6698 -0.5753 -1.7065  0.4461  2.2423 -0.503 ]
2026-04-15 14:54:45,918 INFO     [FetchInput] IK final_joints: [-0.7153  0.8023 -0.3421 -1.6899  0.3767  2.4265 -0.4628]
2026-04-15 14:54:45,919 INFO     [FetchInput] Moving to pre-pick
2026-04-15 14:54:49,392 INFO     [FetchInput] Descending to pick
2026-04-15 14:54:51,599 INFO     [Service] /orio/pnp_cup/on → success=True msg='PnP Cup ON command sent'
2026-04-15 14:54:52,599 INFO     [FetchInput] Retracting to pre-pick height
2026-04-15 14:54:54,803 INFO     [FetchInput] Exiting: succeeded (item_depth=0.0287)
2026-04-15 14:54:54,808 INFO     [DropToZone] Entering state (item_depth=0.0287)
2026-04-15 14:54:54,808 INFO     [DropToZone] Targeting zone A
2026-04-15 14:54:54,821 INFO     [IK] pose_to_joints 'L1_INTER' depth_offset=0.0287 → joints=[-0.2942 -0.3333 -0.3154 -2.4948 -0.1235  2.1733  0.2623]
2026-04-15 14:54:54,830 INFO     [IK] pose_to_joints 'LABEL_ZONE_1' depth_offset=0.0387 → joints=[-0.2386  1.2016 -0.1677 -0.8572  0.1761  2.0476  0.4044]
2026-04-15 14:54:54,831 INFO     [DropToZone] place_joints for LABEL_ZONE_1: [-0.2386  1.2016 -0.1677 -0.8572  0.1761  2.0476  0.4044]
2026-04-15 14:55:01,675 INFO     [Service] /orio/pnp_cup/off → success=True msg='PnP Cup OFF command sent'
2026-04-15 14:55:05,153 INFO     [ZoneManager] Zone A: EMPTY → NEEDS_LABEL
2026-04-15 14:55:05,153 INFO     [DropToZone] Exiting: dropped (zone A)
2026-04-15 14:55:05,156 DEBUG    [TaskSelector] Evaluating zone states: {'A': 'NEEDS_LABEL', 'B': 'NEEDS_LABEL'}  busy: {'A': False, 'B': False}
2026-04-15 14:55:05,157 DEBUG    [TaskSelector] → wait (no actionable zones)
2026-04-15 14:55:05,660 DEBUG    [TaskSelector] Evaluating zone states: {'A': 'NEEDS_LABEL', 'B': 'NEEDS_LABEL'}  busy: {'A': False, 'B': False}
2026-04-15 14:55:05,660 DEBUG    [TaskSelector] → wait (no actionable zones)
2026-04-15 14:55:06,163 DEBUG    [TaskSelector] Evaluating zone states: {'A': 'NEEDS_LABEL', 'B': 'NEEDS_LABEL'}  busy: {'A': False, 'B': False}
2026-04-15 14:55:06,163 DEBUG    [TaskSelector] → wait (no actionable zones)
2026-04-15 14:55:06,666 DEBUG    [TaskSelector] Evaluating zone states: {'A': 'NEEDS_LABEL', 'B': 'NEEDS_LABEL'}  busy: {'A': False, 'B': False}
2026-04-15 14:55:06,666 DEBUG    [TaskSelector] → wait (no actionable zones)
2026-04-15 14:55:07,169 DEBUG    [TaskSelector] Evaluating zone states: {'A': 'NEEDS_LABEL', 'B': 'NEEDS_LABEL'}  busy: {'A': False, 'B': False}
2026-04-15 14:55:07,169 DEBUG    [TaskSelector] → wait (no actionable zones)
2026-04-15 14:55:07,672 DEBUG    [TaskSelector] Evaluating zone states: {'A': 'NEEDS_LABEL', 'B': 'NEEDS_LABEL'}  busy: {'A': False, 'B': False}
2026-04-15 14:55:07,672 DEBUG    [TaskSelector] → wait (no actionable zones)
2026-04-15 14:55:08,175 DEBUG    [TaskSelector] Evaluating zone states: {'A': 'NEEDS_LABEL', 'B': 'NEEDS_LABEL'}  busy: {'A': False, 'B': False}
2026-04-15 14:55:08,175 DEBUG    [TaskSelector] → wait (no actionable zones)
2026-04-15 14:55:08,678 DEBUG    [TaskSelector] Evaluating zone states: {'A': 'NEEDS_LABEL', 'B': 'NEEDS_LABEL'}  busy: {'A': False, 'B': False}
2026-04-15 14:55:08,678 DEBUG    [TaskSelector] → wait (no actionable zones)
2026-04-15 14:55:09,181 DEBUG    [TaskSelector] Evaluating zone states: {'A': 'NEEDS_LABEL', 'B': 'NEEDS_LABEL'}  busy: {'A': False, 'B': False}
2026-04-15 14:55:09,181 DEBUG    [TaskSelector] → wait (no actionable zones)
2026-04-15 14:55:09,684 DEBUG    [TaskSelector] Evaluating zone states: {'A': 'NEEDS_LABEL', 'B': 'NEEDS_LABEL'}  busy: {'A': False, 'B': False}
2026-04-15 14:55:09,684 DEBUG    [TaskSelector] → wait (no actionable zones)
2026-04-15 14:55:10,186 DEBUG    [TaskSelector] Evaluating zone states: {'A': 'NEEDS_LABEL', 'B': 'NEEDS_LABEL'}  busy: {'A': False, 'B': False}
2026-04-15 14:55:10,186 DEBUG    [TaskSelector] → wait (no actionable zones)
2026-04-15 14:55:10,690 DEBUG    [TaskSelector] Evaluating zone states: {'A': 'NEEDS_LABEL', 'B': 'NEEDS_LABEL'}  busy: {'A': False, 'B': False}
2026-04-15 14:55:10,690 DEBUG    [TaskSelector] → wait (no actionable zones)
2026-04-15 14:55:11,193 DEBUG    [TaskSelector] Evaluating zone states: {'A': 'NEEDS_LABEL', 'B': 'NEEDS_LABEL'}  busy: {'A': False, 'B': False}
2026-04-15 14:55:11,193 DEBUG    [TaskSelector] → wait (no actionable zones)
2026-04-15 14:55:11,696 DEBUG    [TaskSelector] Evaluating zone states: {'A': 'NEEDS_LABEL', 'B': 'NEEDS_LABEL'}  busy: {'A': False, 'B': False}
2026-04-15 14:55:11,696 DEBUG    [TaskSelector] → wait (no actionable zones)
2026-04-15 14:55:12,199 DEBUG    [TaskSelector] Evaluating zone states: {'A': 'NEEDS_LABEL', 'B': 'NEEDS_LABEL'}  busy: {'A': False, 'B': False}
2026-04-15 14:55:12,199 DEBUG    [TaskSelector] → wait (no actionable zones)
2026-04-15 14:55:12,702 DEBUG    [TaskSelector] Evaluating zone states: {'A': 'NEEDS_LABEL', 'B': 'NEEDS_LABEL'}  busy: {'A': False, 'B': False}
2026-04-15 14:55:12,702 DEBUG    [TaskSelector] → wait (no actionable zones)
2026-04-15 14:55:13,207 DEBUG    [TaskSelector] Evaluating zone states: {'A': 'NEEDS_LABEL', 'B': 'NEEDS_LABEL'}  busy: {'A': False, 'B': False}
2026-04-15 14:55:13,207 DEBUG    [TaskSelector] → wait (no actionable zones)
2026-04-15 14:55:13,710 DEBUG    [TaskSelector] Evaluating zone states: {'A': 'NEEDS_LABEL', 'B': 'NEEDS_LABEL'}  busy: {'A': False, 'B': False}
2026-04-15 14:55:13,711 DEBUG    [TaskSelector] → wait (no actionable zones)
2026-04-15 14:55:14,215 DEBUG    [TaskSelector] Evaluating zone states: {'A': 'NEEDS_LABEL', 'B': 'NEEDS_LABEL'}  busy: {'A': False, 'B': False}
2026-04-15 14:55:14,215 DEBUG    [TaskSelector] → wait (no actionable zones)
2026-04-15 14:55:14,719 DEBUG    [TaskSelector] Evaluating zone states: {'A': 'NEEDS_LABEL', 'B': 'NEEDS_LABEL'}  busy: {'A': False, 'B': False}
2026-04-15 14:55:14,719 DEBUG    [TaskSelector] → wait (no actionable zones)
2026-04-15 14:55:15,222 DEBUG    [TaskSelector] Evaluating zone states: {'A': 'NEEDS_LABEL', 'B': 'NEEDS_LABEL'}  busy: {'A': False, 'B': False}
2026-04-15 14:55:15,222 DEBUG    [TaskSelector] → wait (no actionable zones)
2026-04-15 14:55:15,726 DEBUG    [TaskSelector] Evaluating zone states: {'A': 'NEEDS_LABEL', 'B': 'NEEDS_LABEL'}  busy: {'A': False, 'B': False}
2026-04-15 14:55:15,726 DEBUG    [TaskSelector] → wait (no actionable zones)
2026-04-15 14:55:15,799 WARNING  [Main] Shutting down: turning off both vacuums
2026-04-15 14:55:15,800 INFO     [Main] Total items placed at output: 4
2026-04-15 14:55:15,806 INFO     [Service] /orio/pnp_cup/off → success=True msg='PnP Cup OFF command sent'
2026-04-15 14:55:15,810 INFO     [Service] /orio/lbl_cup/off → success=True msg='Labelling Cup OFF command sent'
