2026-04-15 16:45:34,734 INFO     [Logger] File log started: /home/ros_ws/src/devel_packages/orio/logs/orio_run_20260415_164534.log
2026-04-15 16:45:34,734 INFO     [Main] Node started. Log file: /home/ros_ws/src/devel_packages/orio/logs/orio_run_20260415_164534.log
2026-04-15 16:45:37,494 INFO     [Main] Operator input — item='dytd'  expiry='hcyuc'
2026-04-15 16:45:37,495 INFO     [Hardware] Initializing Robot Hardware...
2026-04-15 16:45:37,984 INFO     [Hardware] Resetting both arms to home joints
2026-04-15 16:45:44,545 INFO     [Hardware] Poses loaded from joint_angles.json
2026-04-15 16:45:44,551 INFO     [Hardware] Initialization complete
2026-04-15 16:45:44,557 INFO     [Main] Starting state machine execution
2026-04-15 16:45:44,560 DEBUG    [TaskSelector] Evaluating zone states: {'A': 'EMPTY', 'B': 'EMPTY'}  busy: {'A': False, 'B': False}
2026-04-15 16:45:44,560 INFO     [TaskSelector] → do_load (zone A empty)
2026-04-15 16:45:44,561 INFO     [GetLabel] Entering state
2026-04-15 16:45:44,562 INFO     [FetchInput] Entering state
2026-04-15 16:45:45,140 INFO     [Service] /compute_grasps → success=True msg='Published 2 PnP poses.'
2026-04-15 16:45:45,140 ERROR    [FetchInput] Grasp pose (x=-0.0118 y=-0.6620 z=0.0225) outside safe bounds {'x_min': 0.0, 'x_max': 0.55, 'y_min': -0.8, 'y_max': -0.1, 'z_min': 0.0, 'z_max': 0.5} — aborting
2026-04-15 16:45:45,142 DEBUG    [TaskSelector] Evaluating zone states: {'A': 'EMPTY', 'B': 'EMPTY'}  busy: {'A': False, 'B': False}
2026-04-15 16:45:45,142 INFO     [TaskSelector] → do_load (zone A empty)
2026-04-15 16:45:45,143 INFO     [FetchInput] Entering state
2026-04-15 16:45:45,747 INFO     [Service] /compute_grasps → success=True msg='Published 2 PnP poses.'
2026-04-15 16:45:45,747 ERROR    [FetchInput] Grasp pose (x=-0.0124 y=-0.6629 z=0.0225) outside safe bounds {'x_min': 0.0, 'x_max': 0.55, 'y_min': -0.8, 'y_max': -0.1, 'z_min': 0.0, 'z_max': 0.5} — aborting
2026-04-15 16:45:45,750 DEBUG    [TaskSelector] Evaluating zone states: {'A': 'EMPTY', 'B': 'EMPTY'}  busy: {'A': False, 'B': False}
2026-04-15 16:45:45,750 INFO     [TaskSelector] → do_load (zone A empty)
2026-04-15 16:45:45,751 INFO     [FetchInput] Entering state
2026-04-15 16:45:46,358 INFO     [Service] /compute_grasps → success=True msg='Published 2 PnP poses.'
2026-04-15 16:45:46,358 ERROR    [FetchInput] Grasp pose (x=-0.0124 y=-0.6628 z=0.0226) outside safe bounds {'x_min': 0.0, 'x_max': 0.55, 'y_min': -0.8, 'y_max': -0.1, 'z_min': 0.0, 'z_max': 0.5} — aborting
2026-04-15 16:45:46,360 DEBUG    [TaskSelector] Evaluating zone states: {'A': 'EMPTY', 'B': 'EMPTY'}  busy: {'A': False, 'B': False}
2026-04-15 16:45:46,360 INFO     [TaskSelector] → do_load (zone A empty)
2026-04-15 16:45:46,362 INFO     [FetchInput] Entering state
2026-04-15 16:45:46,946 INFO     [Service] /compute_grasps → success=True msg='Published 2 PnP poses.'
2026-04-15 16:45:46,946 ERROR    [FetchInput] Grasp pose (x=-0.0123 y=-0.6631 z=0.0226) outside safe bounds {'x_min': 0.0, 'x_max': 0.55, 'y_min': -0.8, 'y_max': -0.1, 'z_min': 0.0, 'z_max': 0.5} — aborting
2026-04-15 16:45:46,949 DEBUG    [TaskSelector] Evaluating zone states: {'A': 'EMPTY', 'B': 'EMPTY'}  busy: {'A': False, 'B': False}
2026-04-15 16:45:46,949 INFO     [TaskSelector] → do_load (zone A empty)
2026-04-15 16:45:46,950 INFO     [FetchInput] Entering state
2026-04-15 16:45:47,553 INFO     [Service] /compute_grasps → success=True msg='Published 2 PnP poses.'
2026-04-15 16:45:47,553 ERROR    [FetchInput] Grasp pose (x=-0.0122 y=-0.6631 z=0.0226) outside safe bounds {'x_min': 0.0, 'x_max': 0.55, 'y_min': -0.8, 'y_max': -0.1, 'z_min': 0.0, 'z_max': 0.5} — aborting
2026-04-15 16:45:47,554 DEBUG    [TaskSelector] Evaluating zone states: {'A': 'EMPTY', 'B': 'EMPTY'}  busy: {'A': False, 'B': False}
2026-04-15 16:45:47,554 INFO     [TaskSelector] → do_load (zone A empty)
2026-04-15 16:45:47,555 INFO     [FetchInput] Entering state
2026-04-15 16:45:48,169 INFO     [Service] /compute_grasps → success=True msg='Published 2 PnP poses.'
2026-04-15 16:45:48,170 ERROR    [FetchInput] Grasp pose (x=-0.0123 y=-0.6624 z=0.0224) outside safe bounds {'x_min': 0.0, 'x_max': 0.55, 'y_min': -0.8, 'y_max': -0.1, 'z_min': 0.0, 'z_max': 0.5} — aborting
2026-04-15 16:45:48,171 DEBUG    [TaskSelector] Evaluating zone states: {'A': 'EMPTY', 'B': 'EMPTY'}  busy: {'A': False, 'B': False}
2026-04-15 16:45:48,171 INFO     [TaskSelector] → do_load (zone A empty)
2026-04-15 16:45:48,172 INFO     [FetchInput] Entering state
2026-04-15 16:45:48,770 INFO     [Service] /compute_grasps → success=True msg='Published 2 PnP poses.'
2026-04-15 16:45:48,770 ERROR    [FetchInput] Grasp pose (x=-0.0119 y=-0.6620 z=0.0225) outside safe bounds {'x_min': 0.0, 'x_max': 0.55, 'y_min': -0.8, 'y_max': -0.1, 'z_min': 0.0, 'z_max': 0.5} — aborting
2026-04-15 16:45:48,771 DEBUG    [TaskSelector] Evaluating zone states: {'A': 'EMPTY', 'B': 'EMPTY'}  busy: {'A': False, 'B': False}
2026-04-15 16:45:48,772 INFO     [TaskSelector] → do_load (zone A empty)
2026-04-15 16:45:48,773 INFO     [FetchInput] Entering state
2026-04-15 16:45:49,373 INFO     [Service] /compute_grasps → success=True msg='Published 2 PnP poses.'
2026-04-15 16:45:49,374 ERROR    [FetchInput] Grasp pose (x=-0.0126 y=-0.6626 z=0.0225) outside safe bounds {'x_min': 0.0, 'x_max': 0.55, 'y_min': -0.8, 'y_max': -0.1, 'z_min': 0.0, 'z_max': 0.5} — aborting
2026-04-15 16:45:49,375 DEBUG    [TaskSelector] Evaluating zone states: {'A': 'EMPTY', 'B': 'EMPTY'}  busy: {'A': False, 'B': False}
2026-04-15 16:45:49,375 INFO     [TaskSelector] → do_load (zone A empty)
2026-04-15 16:45:49,376 INFO     [FetchInput] Entering state
2026-04-15 16:45:49,965 INFO     [Service] /compute_grasps → success=True msg='Published 2 PnP poses.'
2026-04-15 16:45:49,966 ERROR    [FetchInput] Grasp pose (x=-0.0126 y=-0.6630 z=0.0225) outside safe bounds {'x_min': 0.0, 'x_max': 0.55, 'y_min': -0.8, 'y_max': -0.1, 'z_min': 0.0, 'z_max': 0.5} — aborting
2026-04-15 16:45:49,967 DEBUG    [TaskSelector] Evaluating zone states: {'A': 'EMPTY', 'B': 'EMPTY'}  busy: {'A': False, 'B': False}
2026-04-15 16:45:49,967 INFO     [TaskSelector] → do_load (zone A empty)
2026-04-15 16:45:49,969 INFO     [FetchInput] Entering state
2026-04-15 16:45:50,572 INFO     [Service] /compute_grasps → success=True msg='Published 2 PnP poses.'
2026-04-15 16:45:50,572 ERROR    [FetchInput] Grasp pose (x=-0.0122 y=-0.6621 z=0.0224) outside safe bounds {'x_min': 0.0, 'x_max': 0.55, 'y_min': -0.8, 'y_max': -0.1, 'z_min': 0.0, 'z_max': 0.5} — aborting
2026-04-15 16:45:50,573 DEBUG    [TaskSelector] Evaluating zone states: {'A': 'EMPTY', 'B': 'EMPTY'}  busy: {'A': False, 'B': False}
2026-04-15 16:45:50,573 INFO     [TaskSelector] → do_load (zone A empty)
2026-04-15 16:45:50,575 INFO     [FetchInput] Entering state
2026-04-15 16:45:51,185 INFO     [Service] /compute_grasps → success=True msg='Published 2 PnP poses.'
2026-04-15 16:45:51,185 ERROR    [FetchInput] Grasp pose (x=-0.0117 y=-0.6618 z=0.0225) outside safe bounds {'x_min': 0.0, 'x_max': 0.55, 'y_min': -0.8, 'y_max': -0.1, 'z_min': 0.0, 'z_max': 0.5} — aborting
2026-04-15 16:45:51,187 DEBUG    [TaskSelector] Evaluating zone states: {'A': 'EMPTY', 'B': 'EMPTY'}  busy: {'A': False, 'B': False}
2026-04-15 16:45:51,187 INFO     [TaskSelector] → do_load (zone A empty)
2026-04-15 16:45:51,188 INFO     [FetchInput] Entering state
2026-04-15 16:45:51,788 INFO     [Service] /compute_grasps → success=True msg='Published 2 PnP poses.'
2026-04-15 16:45:51,788 ERROR    [FetchInput] Grasp pose (x=-0.0125 y=-0.6627 z=0.0225) outside safe bounds {'x_min': 0.0, 'x_max': 0.55, 'y_min': -0.8, 'y_max': -0.1, 'z_min': 0.0, 'z_max': 0.5} — aborting
2026-04-15 16:45:51,790 DEBUG    [TaskSelector] Evaluating zone states: {'A': 'EMPTY', 'B': 'EMPTY'}  busy: {'A': False, 'B': False}
2026-04-15 16:45:51,790 INFO     [TaskSelector] → do_load (zone A empty)
2026-04-15 16:45:51,790 INFO     [FetchInput] Entering state
2026-04-15 16:45:52,392 INFO     [Service] /compute_grasps → success=True msg='Published 2 PnP poses.'
2026-04-15 16:45:52,392 ERROR    [FetchInput] Grasp pose (x=-0.0121 y=-0.6622 z=0.0224) outside safe bounds {'x_min': 0.0, 'x_max': 0.55, 'y_min': -0.8, 'y_max': -0.1, 'z_min': 0.0, 'z_max': 0.5} — aborting
2026-04-15 16:45:52,395 DEBUG    [TaskSelector] Evaluating zone states: {'A': 'EMPTY', 'B': 'EMPTY'}  busy: {'A': False, 'B': False}
2026-04-15 16:45:52,395 INFO     [TaskSelector] → do_load (zone A empty)
2026-04-15 16:45:52,397 INFO     [FetchInput] Entering state
2026-04-15 16:45:52,986 INFO     [Service] /compute_grasps → success=True msg='Published 2 PnP poses.'
2026-04-15 16:45:52,986 ERROR    [FetchInput] Grasp pose (x=-0.0125 y=-0.6631 z=0.0225) outside safe bounds {'x_min': 0.0, 'x_max': 0.55, 'y_min': -0.8, 'y_max': -0.1, 'z_min': 0.0, 'z_max': 0.5} — aborting
2026-04-15 16:45:52,988 DEBUG    [TaskSelector] Evaluating zone states: {'A': 'EMPTY', 'B': 'EMPTY'}  busy: {'A': False, 'B': False}
2026-04-15 16:45:52,988 INFO     [TaskSelector] → do_load (zone A empty)
2026-04-15 16:45:52,989 INFO     [FetchInput] Entering state
2026-04-15 16:45:53,587 INFO     [Service] /compute_grasps → success=True msg='Published 2 PnP poses.'
2026-04-15 16:45:53,587 ERROR    [FetchInput] Grasp pose (x=-0.0124 y=-0.6630 z=0.0226) outside safe bounds {'x_min': 0.0, 'x_max': 0.55, 'y_min': -0.8, 'y_max': -0.1, 'z_min': 0.0, 'z_max': 0.5} — aborting
2026-04-15 16:45:53,589 DEBUG    [TaskSelector] Evaluating zone states: {'A': 'EMPTY', 'B': 'EMPTY'}  busy: {'A': False, 'B': False}
2026-04-15 16:45:53,589 INFO     [TaskSelector] → do_load (zone A empty)
2026-04-15 16:45:53,590 INFO     [FetchInput] Entering state
2026-04-15 16:45:54,204 INFO     [Service] /compute_grasps → success=True msg='Published 2 PnP poses.'
2026-04-15 16:45:54,204 ERROR    [FetchInput] Grasp pose (x=-0.0119 y=-0.6619 z=0.0225) outside safe bounds {'x_min': 0.0, 'x_max': 0.55, 'y_min': -0.8, 'y_max': -0.1, 'z_min': 0.0, 'z_max': 0.5} — aborting
2026-04-15 16:45:54,205 DEBUG    [TaskSelector] Evaluating zone states: {'A': 'EMPTY', 'B': 'EMPTY'}  busy: {'A': False, 'B': False}
2026-04-15 16:45:54,206 INFO     [TaskSelector] → do_load (zone A empty)
2026-04-15 16:45:54,206 INFO     [FetchInput] Entering state
2026-04-15 16:45:54,774 INFO     [Service] /orio/lbl_cup/on → success=True msg='Labelling Cup ON command sent'
2026-04-15 16:45:54,803 INFO     [Service] /compute_grasps → success=True msg='Published 2 PnP poses.'
2026-04-15 16:45:54,804 ERROR    [FetchInput] Grasp pose (x=-0.0117 y=-0.6619 z=0.0225) outside safe bounds {'x_min': 0.0, 'x_max': 0.55, 'y_min': -0.8, 'y_max': -0.1, 'z_min': 0.0, 'z_max': 0.5} — aborting
2026-04-15 16:45:54,806 DEBUG    [TaskSelector] Evaluating zone states: {'A': 'EMPTY', 'B': 'EMPTY'}  busy: {'A': False, 'B': False}
2026-04-15 16:45:54,806 INFO     [TaskSelector] → do_load (zone A empty)
2026-04-15 16:45:54,807 INFO     [FetchInput] Entering state
2026-04-15 16:45:55,535 INFO     [Service] /compute_grasps → success=True msg='Published 2 PnP poses.'
2026-04-15 16:45:55,536 ERROR    [FetchInput] Grasp pose (x=-0.0118 y=-0.6620 z=0.0225) outside safe bounds {'x_min': 0.0, 'x_max': 0.55, 'y_min': -0.8, 'y_max': -0.1, 'z_min': 0.0, 'z_max': 0.5} — aborting
2026-04-15 16:45:55,537 DEBUG    [TaskSelector] Evaluating zone states: {'A': 'EMPTY', 'B': 'EMPTY'}  busy: {'A': False, 'B': False}
2026-04-15 16:45:55,537 INFO     [TaskSelector] → do_load (zone A empty)
2026-04-15 16:45:55,537 INFO     [FetchInput] Entering state
2026-04-15 16:45:56,087 WARNING  [Main] Shutting down: turning off both vacuums
2026-04-15 16:45:56,087 INFO     [Main] Total items placed at output: 0
2026-04-15 16:45:56,093 INFO     [Service] /orio/pnp_cup/off → success=True msg='PnP Cup OFF command sent'
2026-04-15 16:45:56,098 INFO     [Service] /orio/lbl_cup/off → success=True msg='Labelling Cup OFF command sent'
2026-04-15 16:45:56,122 ERROR    [Service] Call failed for /compute_grasps: service [/compute_grasps] returned no response
2026-04-15 16:45:56,122 ERROR    [FetchInput] /compute_grasps service failed → exiting: failed
