2026-04-16 00:45:24,896 INFO     [Logger] File log started: /home/ros_ws/src/devel_packages/orio/logs/orio_run_20260416_004524.log
2026-04-16 00:45:24,897 INFO     [Main] Node started. Log file: /home/ros_ws/src/devel_packages/orio/logs/orio_run_20260416_004524.log
2026-04-16 00:45:30,634 INFO     [Main] Operator input — item='bgf'  expiry='1234-56-78'
2026-04-16 00:45:30,635 INFO     [Hardware] Initializing Robot Hardware...
2026-04-16 00:45:31,109 INFO     [Hardware] Resetting both arms to home joints
2026-04-16 00:45:40,373 INFO     [Hardware] Poses loaded from joint_angles.json
2026-04-16 00:45:40,391 INFO     [Hardware] Initialization complete
2026-04-16 00:45:40,402 INFO     [Main] Starting state machine execution
2026-04-16 00:45:40,405 INFO     [GetLabel] Entering state
2026-04-16 00:45:40,406 DEBUG    [TaskSelector] Evaluating zone states: {'A': 'EMPTY', 'B': 'EMPTY'}  busy: {'A': False, 'B': False}
2026-04-16 00:45:40,406 INFO     [TaskSelector] → do_load (zone A empty)
2026-04-16 00:45:40,408 INFO     [FetchInput] Entering state
2026-04-16 00:45:41,159 INFO     [Service] /compute_grasps → success=True msg='Published 1 PnP poses.'
2026-04-16 00:45:41,159 INFO     [FetchInput] Grasp pose received: x=0.3672 y=-0.2878 z=0.0774
2026-04-16 00:45:41,159 INFO     [IK] compute_pick_joints called — task_pos=[ 0.3672 -0.2878  0.0774] label_zone=None max_attempts=10 check_collisions=False arm_number=None
2026-04-16 00:45:41,188 INFO     [IK] Arm? compute_pick_joints attempt 1/10 OK — target=([ 0.3672 -0.2878  0.0774]) pre=[-0.2903 -0.0352 -0.3756 -2.4911 -0.0204  2.4583  0.1355] final=[-0.2926  0.2312 -0.3436 -2.5077  0.1894  2.7191 -0.0154] (FK err pre=0.0000 m final=0.0000 m)
2026-04-16 00:45:41,189 INFO     [FetchInput] IK pre_joints:   [-0.2903 -0.0352 -0.3756 -2.4911 -0.0204  2.4583  0.1355]
2026-04-16 00:45:41,190 INFO     [FetchInput] IK final_joints: [-0.2926  0.2312 -0.3436 -2.5077  0.1894  2.7191 -0.0154]
2026-04-16 00:45:41,191 INFO     [FetchInput] Moving to pre-pick
2026-04-16 00:45:44,626 INFO     [FetchInput] Descending to pick
2026-04-16 00:45:47,069 INFO     [Service] /orio/pnp_cup/on → success=True msg='PnP Cup ON command sent'
2026-04-16 00:45:48,070 INFO     [FetchInput] Retracting to pre-pick height
2026-04-16 00:45:50,621 INFO     [Service] /orio/lbl_cup/on → success=True msg='Labelling Cup ON command sent'
2026-04-16 00:45:50,919 INFO     [FetchInput] Exiting: succeeded (item_depth=0.0774)
2026-04-16 00:45:50,924 INFO     [DropToZone] Entering state (item_depth=0.0774)
2026-04-16 00:45:50,924 INFO     [DropToZone] Targeting zone A
2026-04-16 00:45:50,936 INFO     [IK] pose_to_joints 'L1_INTER' depth_offset=0.0774 → joints=[-0.3119 -0.5315 -0.3462 -2.5195 -0.1909  2.0073  0.2535]
2026-04-16 00:45:50,945 INFO     [IK] pose_to_joints 'LABEL_ZONE_1' depth_offset=0.0874 → joints=[-0.2322  1.1114 -0.1748 -0.8967  0.172   1.9963  0.4035]
2026-04-16 00:45:50,945 INFO     [DropToZone] place_joints for LABEL_ZONE_1: [-0.2322  1.1114 -0.1748 -0.8967  0.172   1.9963  0.4035]
2026-04-16 00:45:54,090 INFO     [IK] pose_to_joints 'LABELLING_SAFE' depth_offset=0.0000 → joints=[-0.065  -1.2718  0.0356 -2.707   0.0343  1.4354  0.7355]
2026-04-16 00:45:57,538 INFO     [Service] /orio/pnp_cup/off → success=True msg='PnP Cup OFF command sent'
2026-04-16 00:45:57,595 INFO     [GetLabel] Exiting: succeeded
2026-04-16 00:45:57,599 INFO     [ApplyLabel] Entering state (zones: {'A': 'EMPTY', 'B': 'EMPTY'}  busy: {'A': True, 'B': False})
2026-04-16 00:45:57,599 DEBUG    [ApplyLabel] No zone needs label → wait
2026-04-16 00:45:58,103 INFO     [ApplyLabel] Entering state (zones: {'A': 'EMPTY', 'B': 'EMPTY'}  busy: {'A': True, 'B': False})
2026-04-16 00:45:58,103 DEBUG    [ApplyLabel] No zone needs label → wait
2026-04-16 00:45:58,607 INFO     [ApplyLabel] Entering state (zones: {'A': 'EMPTY', 'B': 'EMPTY'}  busy: {'A': True, 'B': False})
2026-04-16 00:45:58,607 DEBUG    [ApplyLabel] No zone needs label → wait
2026-04-16 00:45:59,110 INFO     [ApplyLabel] Entering state (zones: {'A': 'EMPTY', 'B': 'EMPTY'}  busy: {'A': True, 'B': False})
2026-04-16 00:45:59,110 DEBUG    [ApplyLabel] No zone needs label → wait
2026-04-16 00:45:59,612 INFO     [ApplyLabel] Entering state (zones: {'A': 'EMPTY', 'B': 'EMPTY'}  busy: {'A': True, 'B': False})
2026-04-16 00:45:59,613 DEBUG    [ApplyLabel] No zone needs label → wait
2026-04-16 00:46:00,117 INFO     [ApplyLabel] Entering state (zones: {'A': 'EMPTY', 'B': 'EMPTY'}  busy: {'A': True, 'B': False})
2026-04-16 00:46:00,118 DEBUG    [ApplyLabel] No zone needs label → wait
2026-04-16 00:46:00,619 INFO     [ApplyLabel] Entering state (zones: {'A': 'EMPTY', 'B': 'EMPTY'}  busy: {'A': True, 'B': False})
2026-04-16 00:46:00,620 DEBUG    [ApplyLabel] No zone needs label → wait
2026-04-16 00:46:01,122 INFO     [ApplyLabel] Entering state (zones: {'A': 'EMPTY', 'B': 'EMPTY'}  busy: {'A': True, 'B': False})
2026-04-16 00:46:01,122 DEBUG    [ApplyLabel] No zone needs label → wait
2026-04-16 00:46:01,318 INFO     [ZoneManager] Zone A: EMPTY → NEEDS_LABEL
2026-04-16 00:46:01,318 INFO     [DropToZone] Exiting: dropped (zone A)
2026-04-16 00:46:01,321 DEBUG    [TaskSelector] Evaluating zone states: {'A': 'NEEDS_LABEL', 'B': 'EMPTY'}  busy: {'A': False, 'B': False}
2026-04-16 00:46:01,321 INFO     [TaskSelector] → do_load (zone B empty)
2026-04-16 00:46:01,322 INFO     [FetchInput] Entering state
2026-04-16 00:46:01,625 INFO     [ApplyLabel] Entering state (zones: {'A': 'NEEDS_LABEL', 'B': 'EMPTY'}  busy: {'A': False, 'B': False})
2026-04-16 00:46:01,625 INFO     [ApplyLabel] Applying label to zone A (zone_number=1, depth=0.0774)
2026-04-16 00:46:01,625 INFO     [compute_label_joints] Requesting label pose for zone 1, item_depth=0.0774
2026-04-16 00:46:02,386 INFO     [Service] /compute_grasps → success=True msg='Published 2 PnP poses.'
2026-04-16 00:46:02,387 INFO     [FetchInput] Grasp pose received: x=0.0956 y=-0.4290 z=0.0711
2026-04-16 00:46:02,387 INFO     [IK] compute_pick_joints called — task_pos=[ 0.0956 -0.429   0.0711] label_zone=None max_attempts=10 check_collisions=False arm_number=None
2026-04-16 00:46:02,428 INFO     [IK] Arm? compute_pick_joints attempt 1/10 OK — target=([ 0.0956 -0.429   0.0711]) pre=[-0.427  -0.1516 -0.9431 -2.5789 -0.2003  2.4796 -0.4204] final=[-0.4349  0.2876 -0.8265 -2.5725  0.5316  2.7173 -0.947 ] (FK err pre=0.0000 m final=0.0000 m)
2026-04-16 00:46:02,431 INFO     [FetchInput] IK pre_joints:   [-0.427  -0.1516 -0.9431 -2.5789 -0.2003  2.4796 -0.4204]
2026-04-16 00:46:02,431 INFO     [FetchInput] IK final_joints: [-0.4349  0.2876 -0.8265 -2.5725  0.5316  2.7173 -0.947 ]
2026-04-16 00:46:02,432 INFO     [FetchInput] Moving to pre-pick
2026-04-16 00:46:03,981 INFO     [Service] /compute_grasps_labelling → success=True msg='Zone1=OK, Zone2=FAIL'
2026-04-16 00:46:03,983 INFO     item_depth=0.0774  X=-0.1805 Y=0.0377 Z=0.9226  pos(world)=[0.4223 0.1995 0.0574]  task_pos=[0.4223 0.1995 0.0774]  task_ori=[0.7004 0.7138 0.     0.    ]
2026-04-16 00:46:03,984 INFO     [compute_label_joints] Zone 1 received pose: x=0.4223 y=0.1995 z=0.0774  RPY r=180.00 p=0.00 y=91.09 deg
2026-04-16 00:46:03,984 INFO     [IK] compute_pick_joints called — task_pos=[0.4223 0.1995 0.0774] label_zone=1 max_attempts=10 check_collisions=True arm_number=2
2026-04-16 00:46:04,020 INFO     Arm2: cached 8 obstacles from '/home/ros_ws/src/devel_packages/orio/obstacles_files/obs_arm2_free.p'
2026-04-16 00:46:04,043 INFO     [IK] Arm2 compute_pick_joints attempt 1/10 OK — target=([0.4223 0.1995 0.0774]) pre=[ 0.2179 -0.0321  0.2241 -2.4894  0.0113  2.458  -0.3713] final=[ 0.0407  0.2349  0.3698 -2.5054 -0.2056  2.717  -0.2153] (FK err pre=0.0000 m final=0.0000 m)
2026-04-16 00:46:04,047 INFO     [ApplyLabel] IK pre_joints=[ 0.2179 -0.0321  0.2241 -2.4894  0.0113  2.458  -0.3713]  final_joints=[ 0.0407  0.2349  0.3698 -2.5054 -0.2056  2.717  -0.2153]
2026-04-16 00:46:04,049 INFO     [ApplyLabel] Registering label — item='bgf' expiry='1234-56-78'
2026-04-16 00:46:05,639 INFO     [FetchInput] Descending to pick
2026-04-16 00:46:07,924 INFO     [RFID] Registered label — item='bgf' expiry='1234-56-78' msg='Item added successfully.'
2026-04-16 00:46:08,058 INFO     [Service] /orio/pnp_cup/on → success=True msg='PnP Cup ON command sent'
2026-04-16 00:46:09,058 INFO     [FetchInput] Retracting to pre-pick height
2026-04-16 00:46:13,436 INFO     [FetchInput] Exiting: succeeded (item_depth=0.0711)
2026-04-16 00:46:13,438 INFO     [DropToZone] Entering state (item_depth=0.0711)
2026-04-16 00:46:13,438 INFO     [DropToZone] Targeting zone B
2026-04-16 00:46:13,450 INFO     [IK] pose_to_joints 'L1_INTER' depth_offset=0.0711 → joints=[-0.3165 -0.5252 -0.3452 -2.5319 -0.19    2.0254  0.2515]
2026-04-16 00:46:13,462 INFO     [IK] pose_to_joints 'L2_INTER' depth_offset=0.0711 → joints=[ 0.1147 -0.5726  0.5243 -2.5258  0.3028  1.999   1.2236]
2026-04-16 00:46:13,484 INFO     [IK] pose_to_joints 'LABEL_ZONE_2' depth_offset=0.0811 → joints=[ 0.3312  1.1141 -0.0183 -0.8966  0.0181  2.0105  1.1008]
2026-04-16 00:46:13,486 INFO     [DropToZone] place_joints for LABEL_ZONE_2: [ 0.3312  1.1141 -0.0183 -0.8966  0.0181  2.0105  1.1008]
2026-04-16 00:46:18,141 INFO     [Service] /orio/lbl_cup/off → success=True msg='Labelling Cup OFF command sent'
2026-04-16 00:46:21,636 INFO     [IK] pose_to_joints 'LABELLING_SAFE' depth_offset=0.0000 → joints=[-0.065  -1.2718  0.0356 -2.707   0.0343  1.4354  0.7355]
2026-04-16 00:46:21,835 INFO     [Service] /orio/pnp_cup/off → success=True msg='PnP Cup OFF command sent'
2026-04-16 00:46:25,377 INFO     [ZoneManager] Zone A: NEEDS_LABEL → READY_FOR_PICKUP
2026-04-16 00:46:25,377 INFO     [ApplyLabel] Exiting: labeled (zone A)
2026-04-16 00:46:25,378 INFO     [GetLabel] Entering state
2026-04-16 00:46:25,608 INFO     [ZoneManager] Zone B: EMPTY → NEEDS_LABEL
2026-04-16 00:46:25,609 INFO     [DropToZone] Exiting: dropped (zone B)
2026-04-16 00:46:25,612 DEBUG    [TaskSelector] Evaluating zone states: {'A': 'READY_FOR_PICKUP', 'B': 'NEEDS_LABEL'}  busy: {'A': False, 'B': False}
2026-04-16 00:46:25,612 INFO     [TaskSelector] → do_unload (zone A ready)
2026-04-16 00:46:25,616 INFO     [RetrieveFromZone] Entering state
2026-04-16 00:46:25,616 INFO     [RetrieveFromZone] Picking from zone A (depth=0.0774)
2026-04-16 00:46:25,643 INFO     [IK] pose_to_joints 'L1_INTER' depth_offset=0.0774 → joints=[-0.3119 -0.5315 -0.3462 -2.5195 -0.1909  2.0073  0.2535]
2026-04-16 00:46:25,658 INFO     [IK] pose_to_joints 'LABEL_ZONE_1' depth_offset=0.1774 → joints=[-0.2359  1.01   -0.1772 -0.8478  0.1558  1.8475  0.4116]
2026-04-16 00:46:25,670 INFO     [IK] pose_to_joints 'LABEL_ZONE_1' depth_offset=0.0674 → joints=[-0.2343  1.1453 -0.1719 -0.8864  0.1739  2.0201  0.4034]
2026-04-16 00:46:25,672 INFO     [RetrieveFromZone] A pre_pick=[-0.2359  1.01   -0.1772 -0.8478  0.1558  1.8475  0.4116] pick=[-0.2343  1.1453 -0.1719 -0.8864  0.1739  2.0201  0.4034]
2026-04-16 00:46:34,434 INFO     [Service] /orio/pnp_cup/on → success=True msg='PnP Cup ON command sent'
2026-04-16 00:46:35,434 INFO     [RetrieveFromZone] Retracting to pre-pick height
2026-04-16 00:46:35,591 INFO     [Service] /orio/lbl_cup/on → success=True msg='Labelling Cup ON command sent'
2026-04-16 00:46:38,925 INFO     [IK] pose_to_joints 'LABELLING_SAFE' depth_offset=0.0000 → joints=[-0.065  -1.2718  0.0356 -2.707   0.0343  1.4354  0.7355]
2026-04-16 00:46:42,511 INFO     [ZoneManager] Zone A: READY_FOR_PICKUP → EMPTY
2026-04-16 00:46:42,512 INFO     [RetrieveFromZone] Exiting: picked (zone A)
2026-04-16 00:46:42,515 INFO     [PlaceOutput] Entering state (retrieved_depth=0.0774)
2026-04-16 00:46:42,534 INFO     [IK] pose_to_joints 'OUTPUT1' depth_offset=0.2274 → joints=[-1.4869 -0.8947  2.7131 -0.6658  0.3305  1.5169  2.1802]
2026-04-16 00:46:42,544 INFO     [IK] pose_to_joints 'L2_INTER' depth_offset=0.0774 → joints=[ 0.1283 -0.574   0.5076 -2.5142  0.2923  1.9837  1.2305]
2026-04-16 00:46:42,545 INFO     [PlaceOutput] drop_joints: [-1.4869 -0.8947  2.7131 -0.6658  0.3305  1.5169  2.1802]
2026-04-16 00:46:43,517 ERROR    [GET_LABEL] Unhandled exception: LBL vacuum failed to pick up item (expected=True, actual=False)
2026-04-16 00:46:43,522 WARNING  [ARM2 Recovery] Pausing ARM2 — showing GUI (ARM1 continues)
2026-04-16 00:46:49,202 INFO     [Service] /orio/pnp_cup/off → success=True msg='PnP Cup OFF command sent'
2026-04-16 00:46:53,971 INFO     [PlaceOutput] Exiting: succeeded (total items placed: 1)
2026-04-16 00:46:55,686 INFO     [Service] /orio/lbl_cup/off → success=True msg='Labelling Cup OFF command sent'
2026-04-16 00:46:56,765 INFO     [Service] /orio/lbl_cup/on → success=True msg='Labelling Cup ON command sent'
2026-04-16 00:47:01,531 INFO     [Service] /orio/lbl_cup/off → success=True msg='Labelling Cup OFF command sent'
2026-04-16 00:47:09,761 INFO     [Recovery] Zones updated: {'A': 'EMPTY', 'B': 'NEEDS_LABEL'}  busy: {'A': False, 'B': False}
2026-04-16 00:47:09,772 INFO     [ARM2 Recovery] choice=GET_LABEL
2026-04-16 00:47:09,773 INFO     [ARM2 Recovery] resuming
2026-04-16 00:47:09,777 INFO     [GetLabel] Entering state
2026-04-16 00:47:09,793 DEBUG    [TaskSelector] Evaluating zone states: {'A': 'EMPTY', 'B': 'NEEDS_LABEL'}  busy: {'A': False, 'B': False}
2026-04-16 00:47:09,793 INFO     [TaskSelector] → do_load (zone A empty)
2026-04-16 00:47:09,794 INFO     [FetchInput] Entering state
2026-04-16 00:47:10,524 INFO     [Service] /compute_grasps → success=True msg='Published 2 PnP poses.'
2026-04-16 00:47:10,525 INFO     [FetchInput] Grasp pose received: x=0.0231 y=-0.6397 z=0.0209
2026-04-16 00:47:10,525 INFO     [IK] compute_pick_joints called — task_pos=[ 0.0231 -0.6397  0.0209] label_zone=None max_attempts=10 check_collisions=False arm_number=None
2026-04-16 00:47:10,558 INFO     [IK] Arm? compute_pick_joints attempt 1/10 OK — target=([ 0.0231 -0.6397  0.0209]) pre=[-0.9368  0.6276 -0.6596 -1.843   0.5025  2.2977 -1.0621] final=[-1.135   0.7665 -0.4173 -1.8181  0.4776  2.4835 -1.0474] (FK err pre=0.0000 m final=0.0000 m)
2026-04-16 00:47:10,561 INFO     [FetchInput] IK pre_joints:   [-0.9368  0.6276 -0.6596 -1.843   0.5025  2.2977 -1.0621]
2026-04-16 00:47:10,562 INFO     [FetchInput] IK final_joints: [-1.135   0.7665 -0.4173 -1.8181  0.4776  2.4835 -1.0474]
2026-04-16 00:47:10,563 INFO     [FetchInput] Moving to pre-pick
2026-04-16 00:47:14,030 INFO     [FetchInput] Descending to pick
2026-04-16 00:47:16,243 INFO     [Service] /orio/pnp_cup/on → success=True msg='PnP Cup ON command sent'
2026-04-16 00:47:17,244 INFO     [FetchInput] Retracting to pre-pick height
2026-04-16 00:47:19,992 INFO     [Service] /orio/lbl_cup/on → success=True msg='Labelling Cup ON command sent'
2026-04-16 00:47:20,291 INFO     [FetchInput] Exiting: succeeded (item_depth=0.0209)
2026-04-16 00:47:20,294 INFO     [DropToZone] Entering state (item_depth=0.0209)
2026-04-16 00:47:20,295 INFO     [DropToZone] Targeting zone A
2026-04-16 00:47:20,309 INFO     [IK] pose_to_joints 'L1_INTER' depth_offset=0.0209 → joints=[-0.3196 -0.4647 -0.3669 -2.6193 -0.1963  2.1726  0.2469]
2026-04-16 00:47:20,320 INFO     [IK] pose_to_joints 'LABEL_ZONE_1' depth_offset=0.0309 → joints=[-0.24    1.2186 -0.1666 -0.8459  0.1766  2.0535  0.4049]
2026-04-16 00:47:20,320 INFO     [DropToZone] place_joints for LABEL_ZONE_1: [-0.24    1.2186 -0.1666 -0.8459  0.1766  2.0535  0.4049]
2026-04-16 00:47:23,471 INFO     [IK] pose_to_joints 'LABELLING_SAFE' depth_offset=0.0000 → joints=[-0.065  -1.2718  0.0356 -2.707   0.0343  1.4354  0.7355]
2026-04-16 00:47:27,277 INFO     [Service] /orio/pnp_cup/off → success=True msg='PnP Cup OFF command sent'
2026-04-16 00:47:27,985 ERROR    [GET_LABEL] Unhandled exception: LBL vacuum failed to pick up item (expected=True, actual=False)
2026-04-16 00:47:27,990 WARNING  [ARM2 Recovery] Pausing ARM2 — showing GUI (ARM1 continues)
2026-04-16 00:47:31,042 INFO     [ZoneManager] Zone A: EMPTY → NEEDS_LABEL
2026-04-16 00:47:31,042 INFO     [DropToZone] Exiting: dropped (zone A)
2026-04-16 00:47:56,364 INFO     [Recovery] Zones updated: {'A': 'NEEDS_LABEL', 'B': 'READY_FOR_PICKUP'}  busy: {'A': False, 'B': False}
2026-04-16 00:48:05,991 INFO     [Recovery] Zones updated: {'A': 'NEEDS_LABEL', 'B': 'READY_FOR_PICKUP'}  busy: {'A': False, 'B': False}
2026-04-16 00:48:09,158 INFO     [Recovery] Zones updated: {'A': 'NEEDS_LABEL', 'B': 'READY_FOR_PICKUP'}  busy: {'A': False, 'B': False}
2026-04-16 00:48:09,162 INFO     [ARM2 Recovery] choice=GET_LABEL
2026-04-16 00:48:09,163 INFO     [ARM2 Recovery] resuming
2026-04-16 00:48:09,165 INFO     [GetLabel] Entering state
2026-04-16 00:48:09,290 DEBUG    [TaskSelector] Evaluating zone states: {'A': 'NEEDS_LABEL', 'B': 'READY_FOR_PICKUP'}  busy: {'A': False, 'B': False}
2026-04-16 00:48:09,290 INFO     [TaskSelector] → do_unload (zone B ready)
2026-04-16 00:48:09,293 INFO     [RetrieveFromZone] Entering state
2026-04-16 00:48:09,293 INFO     [RetrieveFromZone] Picking from zone B (depth=0.0711)
2026-04-16 00:48:09,306 INFO     [IK] pose_to_joints 'L2_INTER' depth_offset=0.0711 → joints=[ 0.1147 -0.5726  0.5243 -2.5258  0.3028  1.999   1.2236]
2026-04-16 00:48:09,320 INFO     [IK] pose_to_joints 'LABEL_ZONE_2' depth_offset=0.1711 → joints=[ 0.3052  1.0071  0.0336 -0.8588 -0.0297  1.8655  1.1172]
2026-04-16 00:48:09,341 INFO     [IK] pose_to_joints 'LABEL_ZONE_2' depth_offset=0.0611 → joints=[ 0.3421  1.1498 -0.0398 -0.8838  0.0406  2.0329  1.0931]
2026-04-16 00:48:09,342 INFO     [RetrieveFromZone] B pre_pick=[ 0.3052  1.0071  0.0336 -0.8588 -0.0297  1.8655  1.1172] pick=[ 0.3421  1.1498 -0.0398 -0.8838  0.0406  2.0329  1.0931]
2026-04-16 00:48:18,089 INFO     [Service] /orio/pnp_cup/on → success=True msg='PnP Cup ON command sent'
2026-04-16 00:48:19,090 INFO     [RetrieveFromZone] Retracting to pre-pick height
2026-04-16 00:48:19,481 INFO     [Service] /orio/lbl_cup/on → success=True msg='Labelling Cup ON command sent'
2026-04-16 00:48:22,941 INFO     [IK] pose_to_joints 'LABELLING_SAFE' depth_offset=0.0000 → joints=[-0.065  -1.2718  0.0356 -2.707   0.0343  1.4354  0.7355]
2026-04-16 00:48:26,451 INFO     [ZoneManager] Zone B: READY_FOR_PICKUP → EMPTY
2026-04-16 00:48:26,451 INFO     [RetrieveFromZone] Exiting: picked (zone B)
2026-04-16 00:48:26,455 INFO     [PlaceOutput] Entering state (retrieved_depth=0.0711)
2026-04-16 00:48:26,554 INFO     [IK] pose_to_joints 'OUTPUT2' depth_offset=0.2211 → joints=[ 1.2352e+00  1.0032e+00  3.0000e-04 -4.6700e-01 -3.0000e-04  1.4742e+00
  2.0207e+00]
2026-04-16 00:48:26,566 INFO     [IK] pose_to_joints 'L2_INTER' depth_offset=0.0711 → joints=[ 0.1147 -0.5726  0.5243 -2.5258  0.3028  1.999   1.2236]
2026-04-16 00:48:26,567 INFO     [PlaceOutput] drop_joints: [ 1.2352e+00  1.0032e+00  3.0000e-04 -4.6700e-01 -3.0000e-04  1.4742e+00
  2.0207e+00]
2026-04-16 00:48:27,458 ERROR    [GET_LABEL] Unhandled exception: LBL vacuum failed to pick up item (expected=True, actual=False)
2026-04-16 00:48:27,466 WARNING  [ARM2 Recovery] Pausing ARM2 — showing GUI (ARM1 continues)
2026-04-16 00:48:32,377 INFO     [Service] /orio/pnp_cup/off → success=True msg='PnP Cup OFF command sent'
2026-04-16 00:48:37,143 INFO     [PlaceOutput] Exiting: succeeded (total items placed: 2)
2026-04-16 00:49:04,294 INFO     [ARM2 Recovery] choice=shutdown
2026-04-16 00:49:04,295 INFO     [ARM2 Recovery] resuming
2026-04-16 00:49:04,379 DEBUG    [TaskSelector] Evaluating zone states: {'A': 'NEEDS_LABEL', 'B': 'EMPTY'}  busy: {'A': False, 'B': False}
2026-04-16 00:49:04,379 INFO     [TaskSelector] → do_load (zone B empty)
2026-04-16 00:49:04,381 INFO     [FetchInput] Entering state
2026-04-16 00:49:05,069 INFO     [Service] /compute_grasps → success=True msg='Published 1 PnP poses.'
2026-04-16 00:49:05,069 INFO     [FetchInput] Grasp pose received: x=0.3628 y=-0.5814 z=0.0235
2026-04-16 00:49:05,070 INFO     [IK] compute_pick_joints called — task_pos=[ 0.3628 -0.5814  0.0235] label_zone=None max_attempts=10 check_collisions=False arm_number=None
2026-04-16 00:49:05,093 INFO     [IK] Arm? compute_pick_joints attempt 1/10 OK — target=([ 0.3628 -0.5814  0.0235]) pre=[-0.5048  0.7363 -0.6124 -1.6324  0.5005  2.2069 -0.5135] final=[-0.682   0.861  -0.3815 -1.6115  0.4259  2.389  -0.472 ] (FK err pre=0.0000 m final=0.0000 m)
2026-04-16 00:49:05,095 INFO     [FetchInput] IK pre_joints:   [-0.5048  0.7363 -0.6124 -1.6324  0.5005  2.2069 -0.5135]
2026-04-16 00:49:05,095 INFO     [FetchInput] IK final_joints: [-0.682   0.861  -0.3815 -1.6115  0.4259  2.389  -0.472 ]
2026-04-16 00:49:05,096 INFO     [FetchInput] Moving to pre-pick
2026-04-16 00:49:08,403 INFO     [FetchInput] Descending to pick
2026-04-16 00:49:10,066 WARNING  [Main] Shutting down: turning off both vacuums
2026-04-16 00:49:10,066 INFO     [Main] Total items placed at output: 2
2026-04-16 00:49:10,068 INFO     [Service] /orio/pnp_cup/off → success=True msg='PnP Cup OFF command sent'
2026-04-16 00:49:10,070 INFO     [Service] /orio/lbl_cup/off → success=True msg='Labelling Cup OFF command sent'
2026-04-16 00:49:10,557 ERROR    [FETCH_INPUT] Unhandled exception: service [/get_current_franka_interface_status_server_node_1/get_current_franka_interface_status_server] returned no response
