2026-04-23 09:17:37,341 INFO     [Logger] File log started: /home/ros_ws/src/devel_packages/orio/logs/orio_run_20260423_091737.log
2026-04-23 09:17:37,342 INFO     [Main] Node started. Log file: /home/ros_ws/src/devel_packages/orio/logs/orio_run_20260423_091737.log
2026-04-23 09:17:58,469 INFO     [Main] Operator input — item='fasdfh'  expiry='1111-11-11'
2026-04-23 09:17:58,469 INFO     [Hardware] Initializing Robot Hardware...
2026-04-23 09:17:58,997 INFO     [Hardware] Resetting both arms to home joints
2026-04-23 09:18:09,365 INFO     [Hardware] Poses loaded from joint_angles.json
2026-04-23 09:18:09,373 INFO     [Hardware] Initialization complete
2026-04-23 09:18:09,378 INFO     [Main] Starting state machine execution
2026-04-23 09:18:09,381 INFO     [GetLabel] Entering state
2026-04-23 09:18:09,382 DEBUG    [TaskSelector] Evaluating zone states: {'A': 'EMPTY', 'B': 'EMPTY'}  busy: {'A': False, 'B': False}
2026-04-23 09:18:09,383 INFO     [TaskSelector] → do_load (empty zone available)
2026-04-23 09:18:09,388 INFO     [FetchInput] Entering state
2026-04-23 09:18:09,953 INFO     [Service] /compute_grasps → success=True msg='Published 2 PnP poses.'
2026-04-23 09:18:09,954 INFO     [FetchInput] Grasp pose received: x=0.0255 y=-0.5129 z=0.1759
2026-04-23 09:18:09,954 INFO     [IK] compute_pick_joints called — task_pos=[ 0.0255 -0.5129  0.1759] label_zone=None max_attempts=10 check_collisions=False arm_number=None
2026-04-23 09:18:09,973 INFO     [IK] Arm? compute_pick_joints attempt 1/10 OK — target=([ 0.0255 -0.5129  0.1759]) pre=[-0.4359 -0.1324 -1.0636 -2.234  -0.1397  2.1648 -0.6319] final=[-0.3805  0.2257 -1.1407 -2.3248  0.3048  2.3968 -0.9533] (FK err pre=0.0000 m final=0.0000 m)
2026-04-23 09:18:09,975 INFO     [FetchInput] IK pre_joints:   [-0.4359 -0.1324 -1.0636 -2.234  -0.1397  2.1648 -0.6319]
2026-04-23 09:18:09,975 INFO     [FetchInput] IK final_joints: [-0.3805  0.2257 -1.1407 -2.3248  0.3048  2.3968 -0.9533]
2026-04-23 09:18:09,975 INFO     [FetchInput] Moving to pre-pick
2026-04-23 09:18:13,181 INFO     [FetchInput] Descending to pick
2026-04-23 09:18:15,622 INFO     [Service] /orio/pnp_cup/on → success=True msg='PnP Cup ON command sent'
2026-04-23 09:18:16,623 INFO     [FetchInput] Retracting to pre-pick height
2026-04-23 09:18:19,093 INFO     [IK] pose_to_joints 'FETCH_SAFE' depth_offset=0.1759 → joints=[-0.1033 -0.834   0.0714 -2.4924  0.0531  1.6595  0.7254]
2026-04-23 09:18:19,602 INFO     [Service] /orio/lbl_cup/on → success=True msg='Labelling Cup ON command sent'
2026-04-23 09:18:21,236 WARNING  [Main] Shutting down: turning off both vacuums
2026-04-23 09:18:21,236 INFO     [Main] Total items placed at output: 0
2026-04-23 09:18:21,238 INFO     [Service] /orio/pnp_cup/off → success=True msg='PnP Cup OFF command sent'
2026-04-23 09:18:21,240 INFO     [Service] /orio/lbl_cup/off → success=True msg='Labelling Cup OFF command sent'
2026-04-23 09:18:21,319 INFO     [IK] pose_to_joints 'LABELLING_SAFE' depth_offset=0.0000 → joints=[-0.065  -1.2718  0.0356 -2.707   0.0343  1.4354  0.7355]
2026-04-23 09:18:21,457 ERROR    [GET_LABEL] Unhandled exception: service [/get_current_franka_interface_status_server_node_2/get_current_franka_interface_status_server] returned no response
2026-04-23 09:18:21,466 ERROR    [FETCH_INPUT] Unhandled exception: service [/get_current_franka_interface_status_server_node_1/get_current_franka_interface_status_server] returned no response
