2026-04-15 13:44:09,185 INFO     [Logger] File log started: /home/ros_ws/src/devel_packages/orio/logs/orio_run_20260415_134409.log
2026-04-15 13:44:09,185 INFO     [Main] Node started. Log file: /home/ros_ws/src/devel_packages/orio/logs/orio_run_20260415_134409.log
2026-04-15 13:44:09,185 INFO     [Hardware] Initializing Robot Hardware...
2026-04-15 13:44:09,731 INFO     [Hardware] Resetting both arms to home joints
2026-04-15 13:44:16,112 INFO     [Hardware] Poses loaded from joint_angles.json
2026-04-15 13:44:16,121 INFO     [Hardware] Initialization complete
2026-04-15 13:44:16,129 INFO     [Main] Starting state machine execution
2026-04-15 13:44:16,132 DEBUG    [TaskSelector] Evaluating zone states: {'A': 'EMPTY', 'B': 'EMPTY'}  busy: {'A': False, 'B': False}
2026-04-15 13:44:16,132 INFO     [TaskSelector] → do_load (zone A empty)
2026-04-15 13:44:16,132 INFO     [GetLabel] Entering state
2026-04-15 13:44:16,133 INFO     [FetchInput] Entering state
2026-04-15 13:44:16,699 INFO     [Service] /compute_grasps → success=True msg='Published 3 PnP poses.'
2026-04-15 13:44:16,699 INFO     [FetchInput] Grasp pose received: x=0.0259 y=-0.5011 z=0.0248
2026-04-15 13:44:16,699 INFO     [IK] compute_pick_joints called — task_pos=[ 0.0259 -0.5011  0.0248] label_zone=None max_attempts=10 check_collisions=False arm_number=None
2026-04-15 13:44:16,726 INFO     [IK] Arm? compute_pick_joints attempt 1/10 OK — target=([ 0.0259 -0.5011  0.0248]) pre=[-0.4224 -0.0555 -1.0934 -2.3352 -0.0666  2.3086 -0.685 ] final=[-0.8106  0.5463 -0.62   -2.3219  0.7321  2.6729 -1.2488] (FK err pre=0.0000 m final=0.0000 m)
2026-04-15 13:44:16,727 INFO     [FetchInput] IK pre_joints:   [-0.4224 -0.0555 -1.0934 -2.3352 -0.0666  2.3086 -0.685 ]
2026-04-15 13:44:16,727 INFO     [FetchInput] IK final_joints: [-0.8106  0.5463 -0.62   -2.3219  0.7321  2.6729 -1.2488]
2026-04-15 13:44:16,728 INFO     [FetchInput] Moving to pre-pick
2026-04-15 13:44:19,833 INFO     [FetchInput] Descending to pick
2026-04-15 13:44:22,285 INFO     [Service] /orio/pnp_cup/on → success=True msg='PnP Cup ON command sent'
2026-04-15 13:44:23,286 INFO     [FetchInput] Retracting to pre-pick height
2026-04-15 13:44:24,788 INFO     [FetchInput] Exiting: succeeded (item_depth=0.0248)
2026-04-15 13:44:24,789 INFO     [DropToZone] Entering state (item_depth=0.0248)
2026-04-15 13:44:24,789 INFO     [DropToZone] Targeting zone A
2026-04-15 13:44:24,800 INFO     [IK] pose_to_joints 'L1_INTER' depth_offset=0.0248 → joints=[-0.1982 -0.3865 -0.173  -2.5649 -0.0793  2.1822  0.4723]
2026-04-15 13:44:24,811 INFO     [IK] pose_to_joints 'LABEL_ZONE_1' depth_offset=0.0348 → joints=[-0.2392  1.21   -0.1671 -0.8518  0.1763  2.0506  0.4046]
2026-04-15 13:44:24,811 INFO     [DropToZone] place_joints for LABEL_ZONE_1: [-0.2392  1.21   -0.1671 -0.8518  0.1763  2.0506  0.4046]
2026-04-15 13:44:26,344 INFO     [Service] /orio/lbl_cup/on → success=True msg='Labelling Cup ON command sent'
2026-04-15 13:44:29,766 INFO     [IK] pose_to_joints 'LABELLING_SAFE' depth_offset=0.0000 → joints=[-0.065  -1.2718  0.0356 -2.707   0.0343  1.4354  0.7355]
2026-04-15 13:44:31,419 INFO     [Service] /orio/pnp_cup/off → success=True msg='PnP Cup OFF command sent'
2026-04-15 13:44:32,972 INFO     [GetLabel] Exiting: succeeded
2026-04-15 13:44:32,973 INFO     [ApplyLabel] Entering state (zones: {'A': 'EMPTY', 'B': 'EMPTY'}  busy: {'A': True, 'B': False})
2026-04-15 13:44:32,973 DEBUG    [ApplyLabel] No zone needs label → wait
2026-04-15 13:44:33,474 INFO     [ApplyLabel] Entering state (zones: {'A': 'EMPTY', 'B': 'EMPTY'}  busy: {'A': True, 'B': False})
2026-04-15 13:44:33,475 DEBUG    [ApplyLabel] No zone needs label → wait
2026-04-15 13:44:33,976 INFO     [ApplyLabel] Entering state (zones: {'A': 'EMPTY', 'B': 'EMPTY'}  busy: {'A': True, 'B': False})
2026-04-15 13:44:33,976 DEBUG    [ApplyLabel] No zone needs label → wait
2026-04-15 13:44:34,478 INFO     [ApplyLabel] Entering state (zones: {'A': 'EMPTY', 'B': 'EMPTY'}  busy: {'A': True, 'B': False})
2026-04-15 13:44:34,478 DEBUG    [ApplyLabel] No zone needs label → wait
2026-04-15 13:44:34,896 INFO     [ZoneManager] Zone A: EMPTY → NEEDS_LABEL
2026-04-15 13:44:34,897 INFO     [DropToZone] Exiting: dropped (zone A)
2026-04-15 13:44:34,899 DEBUG    [TaskSelector] Evaluating zone states: {'A': 'NEEDS_LABEL', 'B': 'EMPTY'}  busy: {'A': False, 'B': False}
2026-04-15 13:44:34,899 INFO     [TaskSelector] → do_load (zone B empty)
2026-04-15 13:44:34,901 INFO     [FetchInput] Entering state
2026-04-15 13:44:34,981 INFO     [ApplyLabel] Entering state (zones: {'A': 'NEEDS_LABEL', 'B': 'EMPTY'}  busy: {'A': False, 'B': False})
2026-04-15 13:44:34,981 INFO     [ApplyLabel] Applying label to zone A (zone_number=1, depth=0.0248)
2026-04-15 13:44:34,981 INFO     [compute_label_joints] Requesting label pose for zone 1, item_depth=0.0248
2026-04-15 13:44:35,665 INFO     [Service] /compute_grasps → success=True msg='Published 2 PnP poses.'
2026-04-15 13:44:35,665 INFO     [FetchInput] Grasp pose received: x=0.3158 y=-0.5772 z=0.0643
2026-04-15 13:44:35,665 INFO     [IK] compute_pick_joints called — task_pos=[ 0.3158 -0.5772  0.0643] label_zone=None max_attempts=10 check_collisions=False arm_number=None
2026-04-15 13:44:35,679 INFO     [IK] Arm? compute_pick_joints attempt 1/10 OK — target=([ 0.3158 -0.5772  0.0643]) pre=[-0.3968  0.4998 -0.8055 -1.6683  0.3898  1.9996 -0.521 ] final=[-0.6545  0.7251 -0.4581 -1.7626  0.441   2.3841 -0.553 ] (FK err pre=0.0000 m final=0.0000 m)
2026-04-15 13:44:35,679 INFO     [FetchInput] IK pre_joints:   [-0.3968  0.4998 -0.8055 -1.6683  0.3898  1.9996 -0.521 ]
2026-04-15 13:44:35,680 INFO     [FetchInput] IK final_joints: [-0.6545  0.7251 -0.4581 -1.7626  0.441   2.3841 -0.553 ]
2026-04-15 13:44:35,680 INFO     [FetchInput] Moving to pre-pick
2026-04-15 13:44:36,899 INFO     [Service] /compute_grasps_labelling → success=True msg='Zone1=OK, Zone2=FAIL'
2026-04-15 13:44:36,899 ERROR    [compute_label_joints] Zone 1 pose (x=0.8211, y=0.6416) is outside bounds {'x_min': 0.2, 'x_max': 0.55, 'y_min': -0.6, 'y_max': 0.6}
2026-04-15 13:44:39,061 INFO     [FetchInput] Descending to pick
2026-04-15 13:44:41,269 INFO     [Service] /orio/pnp_cup/on → success=True msg='PnP Cup ON command sent'
2026-04-15 13:44:42,270 INFO     [FetchInput] Retracting to pre-pick height
2026-04-15 13:44:43,760 INFO     [FetchInput] Exiting: succeeded (item_depth=0.0643)
2026-04-15 13:44:43,764 INFO     [DropToZone] Entering state (item_depth=0.0643)
2026-04-15 13:44:43,764 INFO     [DropToZone] Targeting zone B
2026-04-15 13:44:43,772 INFO     [IK] pose_to_joints 'L1_INTER' depth_offset=0.0643 → joints=[-0.1959 -0.4335 -0.1675 -2.4985 -0.0798  2.069   0.4754]
2026-04-15 13:44:43,780 INFO     [IK] pose_to_joints 'L2_INTER' depth_offset=0.0643 → joints=[ 0.1328 -0.3082  0.4224 -2.3625  0.1426  2.0756  1.2536]
2026-04-15 13:44:43,788 INFO     [IK] pose_to_joints 'LABEL_ZONE_2' depth_offset=0.0743 → joints=[ 0.3342  1.1257 -0.0243 -0.8931  0.0244  2.0186  1.0986]
2026-04-15 13:44:43,789 INFO     [DropToZone] place_joints for LABEL_ZONE_2: [ 0.3342  1.1257 -0.0243 -0.8931  0.0244  2.0186  1.0986]
2026-04-15 13:44:44,116 WARNING  [Main] Shutting down: turning off both vacuums
2026-04-15 13:44:44,116 INFO     [Main] Total items placed at output: 0
2026-04-15 13:44:44,118 INFO     [Service] /orio/pnp_cup/off → success=True msg='PnP Cup OFF command sent'
2026-04-15 13:44:44,120 INFO     [Service] /orio/lbl_cup/off → success=True msg='Labelling Cup OFF command sent'
