2026-04-22 22:04:52,903 INFO     [Logger] File log started: /home/ros_ws/src/devel_packages/orio/logs/orio_run_20260422_220452.log
2026-04-22 22:04:52,903 INFO     [Main] Node started. Log file: /home/ros_ws/src/devel_packages/orio/logs/orio_run_20260422_220452.log
2026-04-22 22:05:06,681 INFO     [Main] Operator input — item=',kpl'  expiry='1234-12-12'
2026-04-22 22:05:06,681 INFO     [Hardware] Initializing Robot Hardware...
2026-04-22 22:05:07,230 INFO     [Hardware] Resetting both arms to home joints
2026-04-22 22:05:16,435 INFO     [Hardware] Poses loaded from joint_angles.json
2026-04-22 22:05:16,445 INFO     [Hardware] Initialization complete
2026-04-22 22:05:16,451 INFO     [Main] Starting state machine execution
2026-04-22 22:05:16,454 INFO     [GetLabel] Entering state
2026-04-22 22:05:16,456 DEBUG    [TaskSelector] Evaluating zone states: {'A': 'EMPTY', 'B': 'EMPTY'}  busy: {'A': False, 'B': False}
2026-04-22 22:05:16,457 INFO     [TaskSelector] → do_load (empty zone available)
2026-04-22 22:05:16,461 INFO     [FetchInput] Entering state
2026-04-22 22:05:18,108 INFO     [Service] /compute_grasps → success=True msg='Published 1 PnP poses.'
2026-04-22 22:05:18,109 INFO     [FetchInput] Grasp pose received: x=0.1006 y=-0.4833 z=0.0595
2026-04-22 22:05:18,109 INFO     [IK] compute_pick_joints called — task_pos=[ 0.1006 -0.4833  0.0595] label_zone=None max_attempts=10 check_collisions=False arm_number=None
2026-04-22 22:05:18,127 INFO     [IK] Arm? compute_pick_joints attempt 1/10 OK — target=([ 0.1006 -0.4833  0.0595]) pre=[-0.4725  0.1204 -0.8856 -2.4081  0.1518  2.479  -0.6892] final=[-0.8598  0.3611 -0.4574 -2.4015  0.3746  2.7011 -0.8475] (FK err pre=0.0000 m final=0.0000 m)
2026-04-22 22:05:18,128 INFO     [FetchInput] IK pre_joints:   [-0.4725  0.1204 -0.8856 -2.4081  0.1518  2.479  -0.6892]
2026-04-22 22:05:18,129 INFO     [FetchInput] IK final_joints: [-0.8598  0.3611 -0.4574 -2.4015  0.3746  2.7011 -0.8475]
2026-04-22 22:05:18,129 INFO     [FetchInput] Moving to pre-pick
2026-04-22 22:05:21,235 INFO     [FetchInput] Descending to pick
2026-04-22 22:05:23,709 INFO     [Service] /orio/pnp_cup/on → success=True msg='PnP Cup ON command sent'
2026-04-22 22:05:24,710 INFO     [FetchInput] Retracting to pre-pick height
2026-04-22 22:05:26,676 INFO     [Service] /orio/lbl_cup/on → success=True msg='Labelling Cup ON command sent'
2026-04-22 22:05:27,178 INFO     [IK] pose_to_joints 'FETCH_SAFE' depth_offset=0.0595 → joints=[-0.0957 -0.821   0.0875 -2.7827  0.0692  1.9628  0.7229]
2026-04-22 22:05:30,161 INFO     [IK] pose_to_joints 'LABELLING_SAFE' depth_offset=0.0000 → joints=[-0.065  -1.2718  0.0356 -2.707   0.0343  1.4354  0.7355]
2026-04-22 22:05:30,169 INFO     [Service] /get_depth_at_grasp → success=True msg='0.05952362451304083'
2026-04-22 22:05:30,169 INFO     [FetchInput] grasp_depth=0.0595 m  after_grasp_depth=0.0595 m  item_height=-0.0001 m
2026-04-22 22:05:30,670 INFO     [FetchInput] Exiting: succeeded (item_depth=-0.0001)
2026-04-22 22:05:30,671 INFO     [DropToZone] Entering state (item_depth=-0.0001)
2026-04-22 22:05:30,671 INFO     [DropToZone] Targeting zone A
2026-04-22 22:05:30,686 INFO     [IK] pose_to_joints 'L1_INTER' depth_offset=-0.0001 → joints=[-0.3202 -0.4302 -0.3759 -2.6503 -0.196   2.2375  0.243 ]
2026-04-22 22:05:30,711 INFO     [IK] pose_to_joints 'LABEL_ZONE_1' depth_offset=0.0099 → joints=[-0.2447  1.269  -0.1631 -0.807   0.177   2.0656  0.4071]
2026-04-22 22:05:30,712 INFO     [DropToZone] place_joints for LABEL_ZONE_1: [-0.2447  1.269  -0.1631 -0.807   0.177   2.0656  0.4071]
2026-04-22 22:05:33,371 INFO     [GetLabel] Exiting: succeeded
2026-04-22 22:05:33,376 INFO     [ApplyLabel] Entering state (zones: {'A': 'EMPTY', 'B': 'EMPTY'}  busy: {'A': True, 'B': False})
2026-04-22 22:05:33,377 DEBUG    [ApplyLabel] No zone needs label → wait
2026-04-22 22:05:33,878 INFO     [ApplyLabel] Entering state (zones: {'A': 'EMPTY', 'B': 'EMPTY'}  busy: {'A': True, 'B': False})
2026-04-22 22:05:33,878 DEBUG    [ApplyLabel] No zone needs label → wait
2026-04-22 22:05:34,382 INFO     [ApplyLabel] Entering state (zones: {'A': 'EMPTY', 'B': 'EMPTY'}  busy: {'A': True, 'B': False})
2026-04-22 22:05:34,382 DEBUG    [ApplyLabel] No zone needs label → wait
2026-04-22 22:05:34,884 INFO     [ApplyLabel] Entering state (zones: {'A': 'EMPTY', 'B': 'EMPTY'}  busy: {'A': True, 'B': False})
2026-04-22 22:05:34,884 DEBUG    [ApplyLabel] No zone needs label → wait
2026-04-22 22:05:35,387 INFO     [ApplyLabel] Entering state (zones: {'A': 'EMPTY', 'B': 'EMPTY'}  busy: {'A': True, 'B': False})
2026-04-22 22:05:35,387 DEBUG    [ApplyLabel] No zone needs label → wait
2026-04-22 22:05:35,889 INFO     [ApplyLabel] Entering state (zones: {'A': 'EMPTY', 'B': 'EMPTY'}  busy: {'A': True, 'B': False})
2026-04-22 22:05:35,889 DEBUG    [ApplyLabel] No zone needs label → wait
2026-04-22 22:05:36,392 INFO     [ApplyLabel] Entering state (zones: {'A': 'EMPTY', 'B': 'EMPTY'}  busy: {'A': True, 'B': False})
2026-04-22 22:05:36,392 DEBUG    [ApplyLabel] No zone needs label → wait
2026-04-22 22:05:36,894 INFO     [ApplyLabel] Entering state (zones: {'A': 'EMPTY', 'B': 'EMPTY'}  busy: {'A': True, 'B': False})
2026-04-22 22:05:36,894 DEBUG    [ApplyLabel] No zone needs label → wait
2026-04-22 22:05:37,252 INFO     [Service] /orio/pnp_cup/off → success=True msg='PnP Cup OFF command sent'
2026-04-22 22:05:37,397 INFO     [ApplyLabel] Entering state (zones: {'A': 'EMPTY', 'B': 'EMPTY'}  busy: {'A': True, 'B': False})
2026-04-22 22:05:37,397 DEBUG    [ApplyLabel] No zone needs label → wait
2026-04-22 22:05:37,898 INFO     [ApplyLabel] Entering state (zones: {'A': 'EMPTY', 'B': 'EMPTY'}  busy: {'A': True, 'B': False})
2026-04-22 22:05:37,898 DEBUG    [ApplyLabel] No zone needs label → wait
2026-04-22 22:05:38,402 INFO     [ApplyLabel] Entering state (zones: {'A': 'EMPTY', 'B': 'EMPTY'}  busy: {'A': True, 'B': False})
2026-04-22 22:05:38,402 DEBUG    [ApplyLabel] No zone needs label → wait
2026-04-22 22:05:38,904 INFO     [ApplyLabel] Entering state (zones: {'A': 'EMPTY', 'B': 'EMPTY'}  busy: {'A': True, 'B': False})
2026-04-22 22:05:38,904 DEBUG    [ApplyLabel] No zone needs label → wait
2026-04-22 22:05:39,408 INFO     [ApplyLabel] Entering state (zones: {'A': 'EMPTY', 'B': 'EMPTY'}  busy: {'A': True, 'B': False})
2026-04-22 22:05:39,409 DEBUG    [ApplyLabel] No zone needs label → wait
2026-04-22 22:05:39,910 INFO     [ApplyLabel] Entering state (zones: {'A': 'EMPTY', 'B': 'EMPTY'}  busy: {'A': True, 'B': False})
2026-04-22 22:05:39,911 DEBUG    [ApplyLabel] No zone needs label → wait
2026-04-22 22:05:40,413 INFO     [ApplyLabel] Entering state (zones: {'A': 'EMPTY', 'B': 'EMPTY'}  busy: {'A': True, 'B': False})
2026-04-22 22:05:40,413 DEBUG    [ApplyLabel] No zone needs label → wait
2026-04-22 22:05:40,726 INFO     [ZoneManager] Zone A: EMPTY → NEEDS_LABEL
2026-04-22 22:05:40,726 INFO     [DropToZone] Exiting: dropped (zone A)
2026-04-22 22:05:40,727 DEBUG    [TaskSelector] Evaluating zone states: {'A': 'NEEDS_LABEL', 'B': 'EMPTY'}  busy: {'A': False, 'B': False}
2026-04-22 22:05:40,727 INFO     [TaskSelector] → do_load (empty zone available)
2026-04-22 22:05:40,728 INFO     [FetchInput] Entering state
2026-04-22 22:05:40,916 INFO     [ApplyLabel] Entering state (zones: {'A': 'NEEDS_LABEL', 'B': 'EMPTY'}  busy: {'A': False, 'B': False})
2026-04-22 22:05:40,916 INFO     [ApplyLabel] Applying label to zone A (zone_number=1, depth=-0.0001)
2026-04-22 22:05:40,916 INFO     [compute_label_joints] Requesting label pose for zone 1, item_depth=-0.0001
2026-04-22 22:05:41,384 INFO     [Service] /compute_grasps → success=True msg='Published 1 PnP poses.'
2026-04-22 22:05:41,384 INFO     [FetchInput] Grasp pose received: x=0.1006 y=-0.4836 z=0.0592
2026-04-22 22:05:41,384 INFO     [IK] compute_pick_joints called — task_pos=[ 0.1006 -0.4836  0.0592] label_zone=None max_attempts=10 check_collisions=False arm_number=None
2026-04-22 22:05:41,409 INFO     [IK] Arm? compute_pick_joints attempt 1/10 OK — target=([ 0.1006 -0.4836  0.0592]) pre=[-0.473   0.1223 -0.8853 -2.4073  0.1542  2.4792 -0.6911] final=[-0.8592  0.3626 -0.458  -2.4003  0.3765  2.7009 -0.8491] (FK err pre=0.0000 m final=0.0000 m)
2026-04-22 22:05:41,410 INFO     [FetchInput] IK pre_joints:   [-0.473   0.1223 -0.8853 -2.4073  0.1542  2.4792 -0.6911]
2026-04-22 22:05:41,411 INFO     [FetchInput] IK final_joints: [-0.8592  0.3626 -0.458  -2.4003  0.3765  2.7009 -0.8491]
2026-04-22 22:05:41,411 INFO     [FetchInput] Moving to pre-pick
2026-04-22 22:05:41,652 INFO     [Service] /compute_grasps_labelling → success=False msg='GroundingDINO found 0 objects.'
2026-04-22 22:05:41,653 ERROR    [APPLY_LABEL] Unhandled exception: Service /compute_grasps_labelling failed
2026-04-22 22:05:41,654 WARNING  [ARM2 Recovery] Pausing ARM2 — showing GUI (ARM1 continues)
2026-04-22 22:05:44,520 INFO     [FetchInput] Descending to pick
2026-04-22 22:05:46,961 INFO     [Service] /orio/pnp_cup/on → success=True msg='PnP Cup ON command sent'
2026-04-22 22:05:47,962 INFO     [FetchInput] Retracting to pre-pick height
2026-04-22 22:05:50,429 INFO     [IK] pose_to_joints 'FETCH_SAFE' depth_offset=0.0592 → joints=[-0.0956 -0.8208  0.0875 -2.7832  0.0692  1.9635  0.723 ]
2026-04-22 22:05:52,912 INFO     [Service] /get_depth_at_grasp → success=True msg='0.005107748235706311'
2026-04-22 22:05:52,912 INFO     [FetchInput] grasp_depth=0.0592 m  after_grasp_depth=0.0051 m  item_height=0.0541 m
2026-04-22 22:05:53,412 INFO     [FetchInput] Exiting: succeeded (item_depth=0.0541)
2026-04-22 22:05:53,414 INFO     [DropToZone] Entering state (item_depth=0.0541)
2026-04-22 22:05:53,414 INFO     [DropToZone] Targeting zone B
2026-04-22 22:05:53,425 INFO     [IK] pose_to_joints 'L2_INTER' depth_offset=0.0541 → joints=[ 0.085  -0.565   0.5645 -2.5561  0.3273  2.042   1.2086]
2026-04-22 22:05:53,442 INFO     [IK] pose_to_joints 'LABEL_ZONE_2' depth_offset=0.0641 → joints=[ 0.3405  1.1441 -0.0366 -0.8862  0.0372  2.0298  1.0942]
2026-04-22 22:05:53,443 INFO     [DropToZone] place_joints for LABEL_ZONE_2: [ 0.3405  1.1441 -0.0366 -0.8862  0.0372  2.0298  1.0942]
2026-04-22 22:05:59,343 INFO     [Service] /orio/pnp_cup/off → success=True msg='PnP Cup OFF command sent'
2026-04-22 22:06:02,814 INFO     [ZoneManager] Zone B: EMPTY → NEEDS_LABEL
2026-04-22 22:06:02,815 INFO     [DropToZone] Exiting: dropped (zone B)
2026-04-22 22:06:15,198 INFO     [Recovery] Zones updated: {'A': 'EMPTY', 'B': 'EMPTY'}  busy: {'A': False, 'B': False}
2026-04-22 22:06:15,201 INFO     [ARM2 Recovery] choice=GET_LABEL
2026-04-22 22:06:15,201 INFO     [ARM2 Recovery] resuming
2026-04-22 22:06:15,203 INFO     [GetLabel] Entering state
2026-04-22 22:06:15,232 DEBUG    [TaskSelector] Evaluating zone states: {'A': 'EMPTY', 'B': 'EMPTY'}  busy: {'A': False, 'B': False}
2026-04-22 22:06:15,233 INFO     [TaskSelector] → do_load (empty zone available)
2026-04-22 22:06:15,241 INFO     [FetchInput] Entering state
2026-04-22 22:06:15,904 INFO     [Service] /compute_grasps → success=True msg='Published 1 PnP poses.'
2026-04-22 22:06:15,904 INFO     [FetchInput] Grasp pose received: x=0.0757 y=-0.5931 z=0.0563
2026-04-22 22:06:15,905 INFO     [IK] compute_pick_joints called — task_pos=[ 0.0757 -0.5931  0.0563] label_zone=None max_attempts=10 check_collisions=False arm_number=None
2026-04-22 22:06:15,926 INFO     [IK] Arm? compute_pick_joints attempt 1/10 OK — target=([ 0.0757 -0.5931  0.0563]) pre=[-0.7286  0.4602 -0.7542 -2.0145  0.426   2.3145 -0.9409] final=[-0.9446  0.6102 -0.4981 -2.0117  0.4797  2.5065 -0.9751] (FK err pre=0.0000 m final=0.0000 m)
2026-04-22 22:06:15,927 INFO     [FetchInput] IK pre_joints:   [-0.7286  0.4602 -0.7542 -2.0145  0.426   2.3145 -0.9409]
2026-04-22 22:06:15,927 INFO     [FetchInput] IK final_joints: [-0.9446  0.6102 -0.4981 -2.0117  0.4797  2.5065 -0.9751]
2026-04-22 22:06:15,927 INFO     [FetchInput] Moving to pre-pick
2026-04-22 22:06:19,396 INFO     [FetchInput] Descending to pick
2026-04-22 22:06:21,615 INFO     [Service] /orio/pnp_cup/on → success=True msg='PnP Cup ON command sent'
2026-04-22 22:06:22,616 INFO     [FetchInput] Retracting to pre-pick height
2026-04-22 22:06:24,838 INFO     [IK] pose_to_joints 'FETCH_SAFE' depth_offset=0.0563 → joints=[-0.0951 -0.8185  0.0876 -2.7895  0.0695  1.972   0.7231]
2026-04-22 22:06:25,517 INFO     [Service] /orio/lbl_cup/on → success=True msg='Labelling Cup ON command sent'
2026-04-22 22:06:29,001 INFO     [IK] pose_to_joints 'LABELLING_SAFE' depth_offset=0.0000 → joints=[-0.065  -1.2718  0.0356 -2.707   0.0343  1.4354  0.7355]
2026-04-22 22:06:29,004 INFO     [Service] /get_depth_at_grasp → success=True msg='0.0028735982331055676'
2026-04-22 22:06:29,004 INFO     [FetchInput] grasp_depth=0.0563 m  after_grasp_depth=0.0029 m  item_height=0.0535 m
2026-04-22 22:06:29,504 INFO     [FetchInput] Exiting: succeeded (item_depth=0.0535)
2026-04-22 22:06:29,507 INFO     [DropToZone] Entering state (item_depth=0.0535)
2026-04-22 22:06:29,507 INFO     [DropToZone] Targeting zone A
2026-04-22 22:06:29,530 INFO     [IK] pose_to_joints 'L1_INTER' depth_offset=0.0535 → joints=[-0.319  -0.5071 -0.3517 -2.5647 -0.1924  2.076   0.25  ]
2026-04-22 22:06:29,541 INFO     [IK] pose_to_joints 'LABEL_ZONE_1' depth_offset=0.0635 → joints=[-0.2348  1.1525 -0.1714 -0.8834  0.1743  2.0244  0.4034]
2026-04-22 22:06:29,541 INFO     [DropToZone] place_joints for LABEL_ZONE_1: [-0.2348  1.1525 -0.1714 -0.8834  0.1743  2.0244  0.4034]
2026-04-22 22:06:32,206 INFO     [GetLabel] Exiting: succeeded
2026-04-22 22:06:32,210 INFO     [ApplyLabel] Entering state (zones: {'A': 'EMPTY', 'B': 'EMPTY'}  busy: {'A': True, 'B': False})
2026-04-22 22:06:32,210 DEBUG    [ApplyLabel] No zone needs label → wait
2026-04-22 22:06:32,712 INFO     [ApplyLabel] Entering state (zones: {'A': 'EMPTY', 'B': 'EMPTY'}  busy: {'A': True, 'B': False})
2026-04-22 22:06:32,712 DEBUG    [ApplyLabel] No zone needs label → wait
2026-04-22 22:06:33,214 INFO     [ApplyLabel] Entering state (zones: {'A': 'EMPTY', 'B': 'EMPTY'}  busy: {'A': True, 'B': False})
2026-04-22 22:06:33,214 DEBUG    [ApplyLabel] No zone needs label → wait
2026-04-22 22:06:33,717 INFO     [ApplyLabel] Entering state (zones: {'A': 'EMPTY', 'B': 'EMPTY'}  busy: {'A': True, 'B': False})
2026-04-22 22:06:33,717 DEBUG    [ApplyLabel] No zone needs label → wait
2026-04-22 22:06:34,221 INFO     [ApplyLabel] Entering state (zones: {'A': 'EMPTY', 'B': 'EMPTY'}  busy: {'A': True, 'B': False})
2026-04-22 22:06:34,221 DEBUG    [ApplyLabel] No zone needs label → wait
2026-04-22 22:06:34,723 INFO     [ApplyLabel] Entering state (zones: {'A': 'EMPTY', 'B': 'EMPTY'}  busy: {'A': True, 'B': False})
2026-04-22 22:06:34,723 DEBUG    [ApplyLabel] No zone needs label → wait
2026-04-22 22:06:35,228 INFO     [ApplyLabel] Entering state (zones: {'A': 'EMPTY', 'B': 'EMPTY'}  busy: {'A': True, 'B': False})
2026-04-22 22:06:35,229 DEBUG    [ApplyLabel] No zone needs label → wait
2026-04-22 22:06:35,731 INFO     [ApplyLabel] Entering state (zones: {'A': 'EMPTY', 'B': 'EMPTY'}  busy: {'A': True, 'B': False})
2026-04-22 22:06:35,731 DEBUG    [ApplyLabel] No zone needs label → wait
2026-04-22 22:06:36,167 INFO     [Service] /orio/pnp_cup/off → success=True msg='PnP Cup OFF command sent'
2026-04-22 22:06:36,234 INFO     [ApplyLabel] Entering state (zones: {'A': 'EMPTY', 'B': 'EMPTY'}  busy: {'A': True, 'B': False})
2026-04-22 22:06:36,234 DEBUG    [ApplyLabel] No zone needs label → wait
2026-04-22 22:06:36,737 INFO     [ApplyLabel] Entering state (zones: {'A': 'EMPTY', 'B': 'EMPTY'}  busy: {'A': True, 'B': False})
2026-04-22 22:06:36,737 DEBUG    [ApplyLabel] No zone needs label → wait
2026-04-22 22:06:37,241 INFO     [ApplyLabel] Entering state (zones: {'A': 'EMPTY', 'B': 'EMPTY'}  busy: {'A': True, 'B': False})
2026-04-22 22:06:37,242 DEBUG    [ApplyLabel] No zone needs label → wait
2026-04-22 22:06:37,745 INFO     [ApplyLabel] Entering state (zones: {'A': 'EMPTY', 'B': 'EMPTY'}  busy: {'A': True, 'B': False})
2026-04-22 22:06:37,745 DEBUG    [ApplyLabel] No zone needs label → wait
2026-04-22 22:06:38,248 INFO     [ApplyLabel] Entering state (zones: {'A': 'EMPTY', 'B': 'EMPTY'}  busy: {'A': True, 'B': False})
2026-04-22 22:06:38,248 DEBUG    [ApplyLabel] No zone needs label → wait
2026-04-22 22:06:38,751 INFO     [ApplyLabel] Entering state (zones: {'A': 'EMPTY', 'B': 'EMPTY'}  busy: {'A': True, 'B': False})
2026-04-22 22:06:38,751 DEBUG    [ApplyLabel] No zone needs label → wait
2026-04-22 22:06:39,253 INFO     [ApplyLabel] Entering state (zones: {'A': 'EMPTY', 'B': 'EMPTY'}  busy: {'A': True, 'B': False})
2026-04-22 22:06:39,253 DEBUG    [ApplyLabel] No zone needs label → wait
2026-04-22 22:06:39,636 INFO     [ZoneManager] Zone A: EMPTY → NEEDS_LABEL
2026-04-22 22:06:39,636 INFO     [DropToZone] Exiting: dropped (zone A)
2026-04-22 22:06:39,638 DEBUG    [TaskSelector] Evaluating zone states: {'A': 'NEEDS_LABEL', 'B': 'EMPTY'}  busy: {'A': False, 'B': False}
2026-04-22 22:06:39,638 INFO     [TaskSelector] → do_load (empty zone available)
2026-04-22 22:06:39,639 INFO     [FetchInput] Entering state
2026-04-22 22:06:39,755 INFO     [ApplyLabel] Entering state (zones: {'A': 'NEEDS_LABEL', 'B': 'EMPTY'}  busy: {'A': False, 'B': False})
2026-04-22 22:06:39,755 INFO     [ApplyLabel] Applying label to zone A (zone_number=1, depth=0.0535)
2026-04-22 22:06:39,755 INFO     [compute_label_joints] Requesting label pose for zone 1, item_depth=0.0535
2026-04-22 22:06:39,946 INFO     [Service] /compute_grasps → success=False msg='GroundingDINO found 0 objects.'
2026-04-22 22:06:39,946 ERROR    [FETCH_INPUT] Unhandled exception: /compute_grasps service failed
2026-04-22 22:06:39,949 WARNING  [ARM1 Recovery] Pausing ARM1 — showing GUI (ARM2 continues)
2026-04-22 22:06:40,496 INFO     [Service] /compute_grasps_labelling → success=False msg='GroundingDINO found 0 objects.'
2026-04-22 22:06:40,496 ERROR    [APPLY_LABEL] Unhandled exception: Service /compute_grasps_labelling failed
2026-04-22 22:06:40,498 WARNING  [ARM2 Recovery] Pausing ARM2 — showing GUI (ARM1 continues)
2026-04-22 22:07:26,493 INFO     [ARM1 Recovery] choice=shutdown
2026-04-22 22:07:26,548 INFO     [ARM1 Recovery] resuming
2026-04-22 22:07:30,053 INFO     [ARM2 Recovery] choice=shutdown
2026-04-22 22:07:30,054 INFO     [ARM2 Recovery] resuming
2026-04-22 22:07:30,056 INFO     [Main] State machine finished with outcome: done
2026-04-22 22:07:30,057 WARNING  [Main] Shutting down: turning off both vacuums
2026-04-22 22:07:30,057 INFO     [Main] Total items placed at output: 0
2026-04-22 22:07:30,059 INFO     [Service] /orio/pnp_cup/off → success=True msg='PnP Cup OFF command sent'
2026-04-22 22:07:30,060 INFO     [Service] /orio/lbl_cup/off → success=True msg='Labelling Cup OFF command sent'
