2026-04-22 20:59:19,407 INFO     [Logger] File log started: /home/ros_ws/src/devel_packages/orio/logs/orio_run_20260422_205919.log
2026-04-22 20:59:19,407 INFO     [Main] Node started. Log file: /home/ros_ws/src/devel_packages/orio/logs/orio_run_20260422_205919.log
2026-04-22 20:59:27,052 INFO     [Main] Operator input — item='dfh'  expiry='1234-15-15'
2026-04-22 20:59:27,054 INFO     [Hardware] Initializing Robot Hardware...
2026-04-22 20:59:27,601 INFO     [Hardware] Resetting both arms to home joints
2026-04-22 20:59:37,899 INFO     [Hardware] Poses loaded from joint_angles.json
2026-04-22 20:59:37,912 INFO     [Hardware] Initialization complete
2026-04-22 20:59:37,922 INFO     [Main] Starting state machine execution
2026-04-22 20:59:37,927 INFO     [GetLabel] Entering state
2026-04-22 20:59:37,929 DEBUG    [TaskSelector] Evaluating zone states: {'A': 'EMPTY', 'B': 'EMPTY'}  busy: {'A': False, 'B': False}
2026-04-22 20:59:37,929 INFO     [TaskSelector] → do_load (empty zone available)
2026-04-22 20:59:37,932 INFO     [FetchInput] Entering state
2026-04-22 20:59:39,553 INFO     [Service] /compute_grasps → success=True msg='Published 1 PnP poses.'
2026-04-22 20:59:39,553 INFO     [FetchInput] Grasp pose received: x=0.3311 y=-0.3726 z=0.1814
2026-04-22 20:59:39,553 INFO     [IK] compute_pick_joints called — task_pos=[ 0.3311 -0.3726  0.1814] label_zone=None max_attempts=10 check_collisions=False arm_number=None
2026-04-22 20:59:39,584 INFO     [IK] Arm? compute_pick_joints attempt 1/10 OK — target=([ 0.3311 -0.3726  0.1814]) pre=[-0.0204 -0.1648 -0.8025 -2.2765 -0.1421  2.1568  0.0482] final=[ 0.1343  0.0775 -0.977  -2.3809  0.0975  2.422  -0.1293] (FK err pre=0.0000 m final=0.0000 m)
2026-04-22 20:59:39,585 INFO     [FetchInput] IK pre_joints:   [-0.0204 -0.1648 -0.8025 -2.2765 -0.1421  2.1568  0.0482]
2026-04-22 20:59:39,586 INFO     [FetchInput] IK final_joints: [ 0.1343  0.0775 -0.977  -2.3809  0.0975  2.422  -0.1293]
2026-04-22 20:59:39,587 INFO     [FetchInput] Moving to pre-pick
2026-04-22 20:59:42,799 INFO     [FetchInput] Descending to pick
2026-04-22 20:59:45,197 INFO     [Service] /orio/pnp_cup/on → success=True msg='PnP Cup ON command sent'
2026-04-22 20:59:46,198 INFO     [FetchInput] Retracting to pre-pick height
2026-04-22 20:59:48,142 INFO     [Service] /orio/lbl_cup/on → success=True msg='Labelling Cup ON command sent'
2026-04-22 20:59:48,663 INFO     [IK] pose_to_joints 'FETCH_SAFE' depth_offset=0.1814 → joints=[-0.1    -0.8314  0.0683 -2.477   0.0506  1.6466  0.7277]
2026-04-22 20:59:51,574 INFO     [IK] pose_to_joints 'LABELLING_SAFE' depth_offset=0.0000 → joints=[-0.065  -1.2718  0.0356 -2.707   0.0343  1.4354  0.7355]
2026-04-22 20:59:51,583 INFO     [Service] /get_depth_at_grasp → success=True msg='0.12582748470327387'
2026-04-22 20:59:51,584 INFO     [FetchInput] grasp_depth=0.1814 m  after_grasp_depth=0.1258 m  item_height=0.0556 m
2026-04-22 20:59:51,584 INFO     [FetchInput] Exiting: succeeded (item_depth=0.0556)
2026-04-22 20:59:51,586 INFO     [DropToZone] Entering state (item_depth=0.0556)
2026-04-22 20:59:51,586 INFO     [DropToZone] Targeting zone A
2026-04-22 20:59:51,604 INFO     [IK] pose_to_joints 'L1_INTER' depth_offset=0.0556 → joints=[-0.3189 -0.5094 -0.3507 -2.5608 -0.192   2.0699  0.2501]
2026-04-22 20:59:51,617 INFO     [IK] pose_to_joints 'LABEL_ZONE_1' depth_offset=0.0656 → joints=[-0.2345  1.1486 -0.1717 -0.885   0.1741  2.0221  0.4034]
2026-04-22 20:59:51,618 INFO     [DropToZone] place_joints for LABEL_ZONE_1: [-0.2345  1.1486 -0.1717 -0.885   0.1741  2.0221  0.4034]
2026-04-22 20:59:54,781 INFO     [GetLabel] Exiting: succeeded
2026-04-22 20:59:54,782 INFO     [ApplyLabel] Entering state (zones: {'A': 'EMPTY', 'B': 'EMPTY'}  busy: {'A': True, 'B': False})
2026-04-22 20:59:54,782 DEBUG    [ApplyLabel] No zone needs label → wait
2026-04-22 20:59:55,287 INFO     [ApplyLabel] Entering state (zones: {'A': 'EMPTY', 'B': 'EMPTY'}  busy: {'A': True, 'B': False})
2026-04-22 20:59:55,287 DEBUG    [ApplyLabel] No zone needs label → wait
2026-04-22 20:59:55,788 INFO     [ApplyLabel] Entering state (zones: {'A': 'EMPTY', 'B': 'EMPTY'}  busy: {'A': True, 'B': False})
2026-04-22 20:59:55,789 DEBUG    [ApplyLabel] No zone needs label → wait
2026-04-22 20:59:56,290 INFO     [ApplyLabel] Entering state (zones: {'A': 'EMPTY', 'B': 'EMPTY'}  busy: {'A': True, 'B': False})
2026-04-22 20:59:56,291 DEBUG    [ApplyLabel] No zone needs label → wait
2026-04-22 20:59:56,793 INFO     [ApplyLabel] Entering state (zones: {'A': 'EMPTY', 'B': 'EMPTY'}  busy: {'A': True, 'B': False})
2026-04-22 20:59:56,793 DEBUG    [ApplyLabel] No zone needs label → wait
2026-04-22 20:59:57,299 INFO     [ApplyLabel] Entering state (zones: {'A': 'EMPTY', 'B': 'EMPTY'}  busy: {'A': True, 'B': False})
2026-04-22 20:59:57,299 DEBUG    [ApplyLabel] No zone needs label → wait
2026-04-22 20:59:57,800 INFO     [ApplyLabel] Entering state (zones: {'A': 'EMPTY', 'B': 'EMPTY'}  busy: {'A': True, 'B': False})
2026-04-22 20:59:57,801 DEBUG    [ApplyLabel] No zone needs label → wait
2026-04-22 20:59:58,242 INFO     [Service] /orio/pnp_cup/off → success=True msg='PnP Cup OFF command sent'
2026-04-22 20:59:58,304 INFO     [ApplyLabel] Entering state (zones: {'A': 'EMPTY', 'B': 'EMPTY'}  busy: {'A': True, 'B': False})
2026-04-22 20:59:58,304 DEBUG    [ApplyLabel] No zone needs label → wait
2026-04-22 20:59:58,806 INFO     [ApplyLabel] Entering state (zones: {'A': 'EMPTY', 'B': 'EMPTY'}  busy: {'A': True, 'B': False})
2026-04-22 20:59:58,806 DEBUG    [ApplyLabel] No zone needs label → wait
2026-04-22 20:59:59,310 INFO     [ApplyLabel] Entering state (zones: {'A': 'EMPTY', 'B': 'EMPTY'}  busy: {'A': True, 'B': False})
2026-04-22 20:59:59,311 DEBUG    [ApplyLabel] No zone needs label → wait
2026-04-22 20:59:59,813 INFO     [ApplyLabel] Entering state (zones: {'A': 'EMPTY', 'B': 'EMPTY'}  busy: {'A': True, 'B': False})
2026-04-22 20:59:59,813 DEBUG    [ApplyLabel] No zone needs label → wait
2026-04-22 21:00:00,315 INFO     [ApplyLabel] Entering state (zones: {'A': 'EMPTY', 'B': 'EMPTY'}  busy: {'A': True, 'B': False})
2026-04-22 21:00:00,315 DEBUG    [ApplyLabel] No zone needs label → wait
2026-04-22 21:00:00,816 INFO     [ApplyLabel] Entering state (zones: {'A': 'EMPTY', 'B': 'EMPTY'}  busy: {'A': True, 'B': False})
2026-04-22 21:00:00,817 DEBUG    [ApplyLabel] No zone needs label → wait
2026-04-22 21:00:01,320 INFO     [ApplyLabel] Entering state (zones: {'A': 'EMPTY', 'B': 'EMPTY'}  busy: {'A': True, 'B': False})
2026-04-22 21:00:01,320 DEBUG    [ApplyLabel] No zone needs label → wait
2026-04-22 21:00:01,703 INFO     [ZoneManager] Zone A: EMPTY → NEEDS_LABEL
2026-04-22 21:00:01,703 INFO     [DropToZone] Exiting: dropped (zone A)
2026-04-22 21:00:01,704 DEBUG    [TaskSelector] Evaluating zone states: {'A': 'NEEDS_LABEL', 'B': 'EMPTY'}  busy: {'A': False, 'B': False}
2026-04-22 21:00:01,704 INFO     [TaskSelector] → do_load (empty zone available)
2026-04-22 21:00:01,706 INFO     [FetchInput] Entering state
2026-04-22 21:00:01,822 INFO     [ApplyLabel] Entering state (zones: {'A': 'NEEDS_LABEL', 'B': 'EMPTY'}  busy: {'A': False, 'B': False})
2026-04-22 21:00:01,822 INFO     [ApplyLabel] Applying label to zone A (zone_number=1, depth=0.0556)
2026-04-22 21:00:01,822 INFO     [compute_label_joints] Requesting label pose for zone 1, item_depth=0.0556
2026-04-22 21:00:02,434 INFO     [Service] /compute_grasps → success=True msg='Published 1 PnP poses.'
2026-04-22 21:00:02,435 INFO     [FetchInput] Grasp pose received: x=0.3320 y=-0.3868 z=0.1269
2026-04-22 21:00:02,435 INFO     [IK] compute_pick_joints called — task_pos=[ 0.332  -0.3868  0.1269] label_zone=None max_attempts=10 check_collisions=False arm_number=None
2026-04-22 21:00:02,454 INFO     [IK] Arm? compute_pick_joints attempt 1/10 OK — target=([ 0.332  -0.3868  0.1269]) pre=[-0.0184 -0.01   -0.8425 -2.3063 -0.01    2.2996 -0.0688] final=[-0.0596  0.2665 -0.7825 -2.3556  0.3253  2.5216 -0.3066] (FK err pre=0.0000 m final=0.0000 m)
2026-04-22 21:00:02,455 INFO     [FetchInput] IK pre_joints:   [-0.0184 -0.01   -0.8425 -2.3063 -0.01    2.2996 -0.0688]
2026-04-22 21:00:02,455 INFO     [FetchInput] IK final_joints: [-0.0596  0.2665 -0.7825 -2.3556  0.3253  2.5216 -0.3066]
2026-04-22 21:00:02,456 INFO     [FetchInput] Moving to pre-pick
2026-04-22 21:00:03,851 INFO     [Service] /compute_grasps_labelling → success=True msg='Zone1=OK, Zone2=FAIL'
2026-04-22 21:00:03,851 INFO     item_depth=0.0556  X=-0.2135 Y=-0.0077 Z=0.9444  pos(world)=[0.4677 0.2325 0.0356]  task_pos=[0.4677 0.2325 0.0556]  task_ori=[0.0134 0.9999 0.     0.    ]
2026-04-22 21:00:03,853 INFO     [compute_label_joints] Zone 1 received pose: x=0.4677 y=0.2325 z=0.0556  RPY r=180.00 p=0.00 y=178.47 deg
2026-04-22 21:00:03,853 INFO     [IK] compute_pick_joints called — task_pos=[0.4677 0.2325 0.0556] label_zone=1 max_attempts=10 check_collisions=True arm_number=2
2026-04-22 21:00:03,883 INFO     Arm2: cached 8 obstacles from '/home/ros_ws/src/devel_packages/orio/obstacles_files/obs_arm2_free.p'
2026-04-22 21:00:03,890 INFO     [IK] Arm2 compute_pick_joints attempt 1/10 OK — target=([0.4677 0.2325 0.0556]) pre=[-0.3722  0.231   0.8291 -2.3064 -0.2666  2.4463 -1.6792] final=[-0.0532  0.4374  0.4725 -2.2973 -0.4245  2.6544 -1.569 ] (FK err pre=0.0000 m final=0.0000 m)
2026-04-22 21:00:03,891 INFO     [ApplyLabel] IK pre_joints=[-0.3722  0.231   0.8291 -2.3064 -0.2666  2.4463 -1.6792]  final_joints=[-0.0532  0.4374  0.4725 -2.2973 -0.4245  2.6544 -1.569 ]
2026-04-22 21:00:03,891 INFO     [ApplyLabel] Registering label — item='dfh' expiry='1234-15-15'
2026-04-22 21:00:05,853 INFO     [FetchInput] Descending to pick
2026-04-22 21:00:08,313 INFO     [Service] /orio/pnp_cup/on → success=True msg='PnP Cup ON command sent'
2026-04-22 21:00:09,009 ERROR    [RFID] Service call failed for /inventory/add_item: timeout exceeded while waiting for service /inventory/add_item
2026-04-22 21:00:09,315 INFO     [FetchInput] Retracting to pre-pick height
2026-04-22 21:00:11,795 INFO     [IK] pose_to_joints 'FETCH_SAFE' depth_offset=0.1269 → joints=[-0.1222 -0.846   0.0941 -2.6228  0.072   1.7785  0.7108]
2026-04-22 21:00:19,225 INFO     [Service] /orio/lbl_cup/off → success=True msg='Labelling Cup OFF command sent'
2026-04-22 21:00:19,229 INFO     [Service] /get_depth_at_grasp → success=True msg='0.0668011854786037'
2026-04-22 21:00:19,229 INFO     [FetchInput] grasp_depth=0.1269 m  after_grasp_depth=0.0668 m  item_height=0.0601 m
2026-04-22 21:00:19,229 INFO     [FetchInput] Exiting: succeeded (item_depth=0.0601)
2026-04-22 21:00:19,232 INFO     [DropToZone] Entering state (item_depth=0.0601)
2026-04-22 21:00:19,232 INFO     [DropToZone] Targeting zone B
2026-04-22 21:00:19,246 INFO     [IK] pose_to_joints 'L2_INTER' depth_offset=0.0601 → joints=[ 0.0949 -0.5682  0.5506 -2.5456  0.3189  2.0265  1.2135]
2026-04-22 21:00:19,257 INFO     [IK] pose_to_joints 'LABEL_ZONE_2' depth_offset=0.0701 → joints=[ 0.3367  1.1331 -0.0292 -0.8906  0.0294  2.0233  1.0969]
2026-04-22 21:00:19,257 INFO     [DropToZone] place_joints for LABEL_ZONE_2: [ 0.3367  1.1331 -0.0292 -0.8906  0.0294  2.0233  1.0969]
2026-04-22 21:00:22,345 INFO     [IK] pose_to_joints 'LABELLING_SAFE' depth_offset=0.0000 → joints=[-0.065  -1.2718  0.0356 -2.707   0.0343  1.4354  0.7355]
2026-04-22 21:00:25,174 INFO     [Service] /orio/pnp_cup/off → success=True msg='PnP Cup OFF command sent'
2026-04-22 21:00:25,804 INFO     [ZoneManager] Zone A: NEEDS_LABEL → READY_FOR_PICKUP
2026-04-22 21:00:25,804 INFO     [ApplyLabel] Exiting: labeled (zone A)
2026-04-22 21:00:25,806 INFO     [GetLabel] Entering state
2026-04-22 21:00:30,912 INFO     [ZoneManager] Zone B: EMPTY → NEEDS_LABEL
2026-04-22 21:00:30,913 INFO     [DropToZone] Exiting: dropped (zone B)
2026-04-22 21:00:30,915 DEBUG    [TaskSelector] Evaluating zone states: {'A': 'READY_FOR_PICKUP', 'B': 'NEEDS_LABEL'}  busy: {'A': False, 'B': False}
2026-04-22 21:00:30,916 INFO     [TaskSelector] → do_unload (both zones occupied, ready zone exists)
2026-04-22 21:00:30,918 INFO     [RetrieveFromZone] Entering state
2026-04-22 21:00:30,918 INFO     [RetrieveFromZone] Picking from zone A (depth=0.0556)
2026-04-22 21:00:30,931 INFO     [IK] pose_to_joints 'L1_INTER' depth_offset=0.0556 → joints=[-0.3189 -0.5094 -0.3507 -2.5608 -0.192   2.0699  0.2501]
2026-04-22 21:00:30,945 INFO     [IK] pose_to_joints 'LABEL_ZONE_1' depth_offset=0.1556 → joints=[-0.233   1.0262 -0.1782 -0.875   0.1603  1.8902  0.4087]
2026-04-22 21:00:30,958 INFO     [IK] pose_to_joints 'LABEL_ZONE_1' depth_offset=0.0456 → joints=[-0.2373  1.1872 -0.1688 -0.8658  0.1757  2.0418  0.404 ]
2026-04-22 21:00:30,958 INFO     [RetrieveFromZone] A pre_pick=[-0.233   1.0262 -0.1782 -0.875   0.1603  1.8902  0.4087] pick=[-0.2373  1.1872 -0.1688 -0.8658  0.1757  2.0418  0.404 ]
2026-04-22 21:00:36,036 INFO     [Service] /orio/lbl_cup/on → success=True msg='Labelling Cup ON command sent'
2026-04-22 21:00:38,061 INFO     [Service] /orio/pnp_cup/on → success=True msg='PnP Cup ON command sent'
2026-04-22 21:00:39,062 INFO     [RetrieveFromZone] Retracting to pre-pick height
2026-04-22 21:00:39,448 INFO     [IK] pose_to_joints 'LABELLING_SAFE' depth_offset=0.0000 → joints=[-0.065  -1.2718  0.0356 -2.707   0.0343  1.4354  0.7355]
2026-04-22 21:00:42,654 INFO     [GetLabel] Exiting: succeeded
2026-04-22 21:00:42,655 INFO     [ApplyLabel] Entering state (zones: {'A': 'READY_FOR_PICKUP', 'B': 'NEEDS_LABEL'}  busy: {'A': True, 'B': False})
2026-04-22 21:00:42,655 INFO     [ApplyLabel] Applying label to zone B (zone_number=2, depth=0.0601)
2026-04-22 21:00:42,655 INFO     [compute_label_joints] Requesting label pose for zone 2, item_depth=0.0601
2026-04-22 21:00:43,973 INFO     [ZoneManager] Zone A: READY_FOR_PICKUP → EMPTY
2026-04-22 21:00:43,973 INFO     [RetrieveFromZone] Exiting: picked (zone A)
2026-04-22 21:00:43,975 INFO     [PlaceOutput] Entering state (retrieved_depth=0.0556)
2026-04-22 21:00:43,999 INFO     [IK] pose_to_joints 'OUTPUT1' depth_offset=0.2056 → joints=[-1.4856 -0.8395  2.7819 -0.8105  0.2654  1.6154  2.1832]
2026-04-22 21:00:44,009 INFO     [IK] pose_to_joints 'L2_INTER' depth_offset=0.0556 → joints=[ 0.0874 -0.5658  0.5611 -2.5535  0.3252  2.0382  1.2097]
2026-04-22 21:00:44,010 INFO     [PlaceOutput] drop_joints: [-1.4856 -0.8395  2.7819 -0.8105  0.2654  1.6154  2.1832]
2026-04-22 21:00:44,611 INFO     [Service] /compute_grasps_labelling → success=True msg='Zone1=FAIL, Zone2=OK'
2026-04-22 21:00:44,611 INFO     item_depth=0.0601  X=0.2445 Y=-0.0911 Z=0.9399  pos(world)=[ 0.5511 -0.2255  0.0401]  task_pos=[ 0.5511 -0.2255  0.0601]  task_ori=[-0.  1.  0.  0.]
2026-04-22 21:00:44,613 INFO     [compute_label_joints] Zone 2 received pose: x=0.5511 y=-0.2255 z=0.0601  RPY r=180.00 p=0.00 y=-180.00 deg
2026-04-22 21:00:44,613 INFO     [IK] compute_pick_joints called — task_pos=[ 0.5511 -0.2255  0.0601] label_zone=2 max_attempts=10 check_collisions=True arm_number=2
2026-04-22 21:00:44,645 INFO     [IK] Arm2 compute_pick_joints attempt 1/10 OK — target=([ 0.5511 -0.2255  0.0601]) pre=[-1.3739  0.6306  1.071  -1.9984 -0.6973  2.2044 -2.2934] final=[-1.1958  0.755   0.8312 -1.9901 -0.815   2.3723 -2.2271] (FK err pre=0.0000 m final=0.0000 m)
2026-04-22 21:00:44,648 INFO     [ApplyLabel] IK pre_joints=[-1.3739  0.6306  1.071  -1.9984 -0.6973  2.2044 -2.2934]  final_joints=[-1.1958  0.755   0.8312 -1.9901 -0.815   2.3723 -2.2271]
2026-04-22 21:00:44,649 INFO     [ApplyLabel] Registering label — item='dfh' expiry='1234-15-15'
2026-04-22 21:00:49,770 ERROR    [RFID] Service call failed for /inventory/add_item: timeout exceeded while waiting for service /inventory/add_item
2026-04-22 21:00:50,600 INFO     [Service] /orio/pnp_cup/off → success=True msg='PnP Cup OFF command sent'
2026-04-22 21:00:59,984 INFO     [PlaceOutput] Exiting: succeeded (total items placed: 1)
2026-04-22 21:00:59,985 INFO     [FetchInput] Entering state
2026-04-22 21:00:59,986 INFO     [Service] /orio/lbl_cup/off → success=True msg='Labelling Cup OFF command sent'
2026-04-22 21:01:00,581 INFO     [Service] /compute_grasps → success=True msg='Published 1 PnP poses.'
2026-04-22 21:01:00,581 INFO     [FetchInput] Grasp pose received: x=0.3398 y=-0.3760 z=0.0642
2026-04-22 21:01:00,581 INFO     [IK] compute_pick_joints called — task_pos=[ 0.3398 -0.376   0.0642] label_zone=None max_attempts=10 check_collisions=False arm_number=None
2026-04-22 21:01:00,597 INFO     [IK] Arm? compute_pick_joints attempt 1/10 OK — target=([ 0.3398 -0.376   0.0642]) pre=[-0.2169  0.1213 -0.6158 -2.3619  0.1109  2.458  -0.1299] final=[-0.5256  0.3471 -0.2844 -2.3664  0.221   2.691  -0.208 ] (FK err pre=0.0000 m final=0.0000 m)
2026-04-22 21:01:00,598 INFO     [FetchInput] IK pre_joints:   [-0.2169  0.1213 -0.6158 -2.3619  0.1109  2.458  -0.1299]
2026-04-22 21:01:00,598 INFO     [FetchInput] IK final_joints: [-0.5256  0.3471 -0.2844 -2.3664  0.221   2.691  -0.208 ]
2026-04-22 21:01:00,599 INFO     [FetchInput] Moving to pre-pick
2026-04-22 21:01:03,108 INFO     [IK] pose_to_joints 'LABELLING_SAFE' depth_offset=0.0000 → joints=[-0.065  -1.2718  0.0356 -2.707   0.0343  1.4354  0.7355]
2026-04-22 21:01:04,030 INFO     [FetchInput] Descending to pick
2026-04-22 21:01:06,242 INFO     [Service] /orio/pnp_cup/on → success=True msg='PnP Cup ON command sent'
2026-04-22 21:01:06,567 INFO     [ZoneManager] Zone B: NEEDS_LABEL → READY_FOR_PICKUP
2026-04-22 21:01:06,567 INFO     [ApplyLabel] Exiting: labeled (zone B)
2026-04-22 21:01:06,568 INFO     [GetLabel] Entering state
2026-04-22 21:01:07,243 INFO     [FetchInput] Retracting to pre-pick height
2026-04-22 21:01:09,465 INFO     [IK] pose_to_joints 'FETCH_SAFE' depth_offset=0.0642 → joints=[-0.0966 -0.8244  0.0872 -2.7723  0.0689  1.949   0.7226]
2026-04-22 21:01:16,784 INFO     [Service] /orio/lbl_cup/on → success=True msg='Labelling Cup ON command sent'
2026-04-22 21:01:16,790 INFO     [Service] /get_depth_at_grasp → success=True msg='0.010972184711497412'
2026-04-22 21:01:16,790 INFO     [FetchInput] grasp_depth=0.0642 m  after_grasp_depth=0.0110 m  item_height=0.0532 m
2026-04-22 21:01:16,790 INFO     [FetchInput] Exiting: succeeded (item_depth=0.0532)
2026-04-22 21:01:16,793 INFO     [DropToZone] Entering state (item_depth=0.0532)
2026-04-22 21:01:16,793 INFO     [DropToZone] Targeting zone A
2026-04-22 21:01:16,804 INFO     [IK] pose_to_joints 'L1_INTER' depth_offset=0.0532 → joints=[-0.319  -0.5068 -0.3518 -2.5651 -0.1924  2.0767  0.25  ]
2026-04-22 21:01:16,812 INFO     [IK] pose_to_joints 'LABEL_ZONE_1' depth_offset=0.0632 → joints=[-0.2348  1.1529 -0.1714 -0.8832  0.1743  2.0246  0.4034]
2026-04-22 21:01:16,813 INFO     [DropToZone] place_joints for LABEL_ZONE_1: [-0.2348  1.1529 -0.1714 -0.8832  0.1743  2.0246  0.4034]
2026-04-22 21:01:20,211 INFO     [IK] pose_to_joints 'LABELLING_SAFE' depth_offset=0.0000 → joints=[-0.065  -1.2718  0.0356 -2.707   0.0343  1.4354  0.7355]
2026-04-22 21:01:23,390 INFO     [Service] /orio/pnp_cup/off → success=True msg='PnP Cup OFF command sent'
2026-04-22 21:01:23,420 INFO     [GetLabel] Exiting: succeeded
2026-04-22 21:01:23,424 INFO     [ApplyLabel] Entering state (zones: {'A': 'EMPTY', 'B': 'READY_FOR_PICKUP'}  busy: {'A': True, 'B': False})
2026-04-22 21:01:23,424 DEBUG    [ApplyLabel] No zone needs label → wait
2026-04-22 21:01:23,927 INFO     [ApplyLabel] Entering state (zones: {'A': 'EMPTY', 'B': 'READY_FOR_PICKUP'}  busy: {'A': True, 'B': False})
2026-04-22 21:01:23,927 DEBUG    [ApplyLabel] No zone needs label → wait
2026-04-22 21:01:24,432 INFO     [ApplyLabel] Entering state (zones: {'A': 'EMPTY', 'B': 'READY_FOR_PICKUP'}  busy: {'A': True, 'B': False})
2026-04-22 21:01:24,432 DEBUG    [ApplyLabel] No zone needs label → wait
2026-04-22 21:01:24,934 INFO     [ApplyLabel] Entering state (zones: {'A': 'EMPTY', 'B': 'READY_FOR_PICKUP'}  busy: {'A': True, 'B': False})
2026-04-22 21:01:24,934 DEBUG    [ApplyLabel] No zone needs label → wait
2026-04-22 21:01:25,437 INFO     [ApplyLabel] Entering state (zones: {'A': 'EMPTY', 'B': 'READY_FOR_PICKUP'}  busy: {'A': True, 'B': False})
2026-04-22 21:01:25,437 DEBUG    [ApplyLabel] No zone needs label → wait
2026-04-22 21:01:25,940 INFO     [ApplyLabel] Entering state (zones: {'A': 'EMPTY', 'B': 'READY_FOR_PICKUP'}  busy: {'A': True, 'B': False})
2026-04-22 21:01:25,940 DEBUG    [ApplyLabel] No zone needs label → wait
2026-04-22 21:01:26,443 INFO     [ApplyLabel] Entering state (zones: {'A': 'EMPTY', 'B': 'READY_FOR_PICKUP'}  busy: {'A': True, 'B': False})
2026-04-22 21:01:26,444 DEBUG    [ApplyLabel] No zone needs label → wait
2026-04-22 21:01:26,876 INFO     [ZoneManager] Zone A: EMPTY → NEEDS_LABEL
2026-04-22 21:01:26,876 INFO     [DropToZone] Exiting: dropped (zone A)
2026-04-22 21:01:26,877 DEBUG    [TaskSelector] Evaluating zone states: {'A': 'NEEDS_LABEL', 'B': 'READY_FOR_PICKUP'}  busy: {'A': False, 'B': False}
2026-04-22 21:01:26,877 INFO     [TaskSelector] → do_unload (both zones occupied, ready zone exists)
2026-04-22 21:01:26,878 INFO     [RetrieveFromZone] Entering state
2026-04-22 21:01:26,878 INFO     [RetrieveFromZone] Picking from zone B (depth=0.0601)
2026-04-22 21:01:26,887 INFO     [IK] pose_to_joints 'L2_INTER' depth_offset=0.0601 → joints=[ 0.0949 -0.5682  0.5506 -2.5456  0.3189  2.0265  1.2135]
2026-04-22 21:01:26,898 INFO     [IK] pose_to_joints 'LABEL_ZONE_2' depth_offset=0.1601 → joints=[ 0.3089  1.0152  0.0257 -0.8723 -0.023   1.8872  1.115 ]
2026-04-22 21:01:26,914 INFO     [IK] pose_to_joints 'LABEL_ZONE_2' depth_offset=0.0501 → joints=[ 0.3472  1.1713 -0.0503 -0.8732  0.052   2.0435  1.0893]
2026-04-22 21:01:26,915 INFO     [RetrieveFromZone] B pre_pick=[ 0.3089  1.0152  0.0257 -0.8723 -0.023   1.8872  1.115 ] pick=[ 0.3472  1.1713 -0.0503 -0.8732  0.052   2.0435  1.0893]
2026-04-22 21:01:26,945 INFO     [ApplyLabel] Entering state (zones: {'A': 'NEEDS_LABEL', 'B': 'READY_FOR_PICKUP'}  busy: {'A': False, 'B': True})
2026-04-22 21:01:26,945 INFO     [ApplyLabel] Applying label to zone A (zone_number=1, depth=0.0532)
2026-04-22 21:01:26,945 INFO     [compute_label_joints] Requesting label pose for zone 1, item_depth=0.0532
2026-04-22 21:01:28,901 INFO     [Service] /compute_grasps_labelling → success=True msg='Zone1=OK, Zone2=OK'
2026-04-22 21:01:28,901 INFO     item_depth=0.0532  X=-0.2423 Y=-0.0679 Z=0.9468  pos(world)=[0.5279 0.2613 0.0332]  task_pos=[0.5279 0.2613 0.0532]  task_ori=[-0.  1.  0.  0.]
2026-04-22 21:01:28,902 INFO     [compute_label_joints] Zone 1 received pose: x=0.5279 y=0.2613 z=0.0532  RPY r=180.00 p=0.00 y=-180.00 deg
2026-04-22 21:01:28,902 INFO     [IK] compute_pick_joints called — task_pos=[0.5279 0.2613 0.0532] label_zone=1 max_attempts=10 check_collisions=True arm_number=2
2026-04-22 21:01:28,934 INFO     [IK] Arm2 compute_pick_joints attempt 1/10 OK — target=([0.5279 0.2613 0.0532]) pre=[-0.3575  0.4846  0.8575 -2.0451 -0.498   2.3122 -1.5652] final=[-0.1411  0.6331  0.5954 -2.0362 -0.5853  2.4974 -1.5101] (FK err pre=0.0000 m final=0.0000 m)
2026-04-22 21:01:28,935 INFO     [ApplyLabel] IK pre_joints=[-0.3575  0.4846  0.8575 -2.0451 -0.498   2.3122 -1.5652]  final_joints=[-0.1411  0.6331  0.5954 -2.0362 -0.5853  2.4974 -1.5101]
2026-04-22 21:01:28,935 INFO     [ApplyLabel] Registering label — item='dfh' expiry='1234-15-15'
2026-04-22 21:01:34,032 INFO     [Service] /orio/pnp_cup/on → success=True msg='PnP Cup ON command sent'
2026-04-22 21:01:34,061 ERROR    [RFID] Service call failed for /inventory/add_item: timeout exceeded while waiting for service /inventory/add_item
2026-04-22 21:01:35,032 INFO     [RetrieveFromZone] Retracting to pre-pick height
2026-04-22 21:01:44,271 INFO     [ZoneManager] Zone B: READY_FOR_PICKUP → EMPTY
2026-04-22 21:01:44,272 INFO     [RetrieveFromZone] Exiting: picked (zone B)
2026-04-22 21:01:44,273 INFO     [PlaceOutput] Entering state (retrieved_depth=0.0601)
2026-04-22 21:01:44,273 INFO     [Service] /orio/lbl_cup/off → success=True msg='Labelling Cup OFF command sent'
2026-04-22 21:01:44,361 INFO     [IK] pose_to_joints 'OUTPUT2' depth_offset=0.2101 → joints=[ 1.2351e+00  1.0171e+00  6.0000e-04 -4.6700e-01 -5.0000e-04  1.4877e+00
  2.0208e+00]
2026-04-22 21:01:44,370 INFO     [IK] pose_to_joints 'L2_INTER' depth_offset=0.0601 → joints=[ 0.0949 -0.5682  0.5506 -2.5456  0.3189  2.0265  1.2135]
2026-04-22 21:01:44,370 INFO     [PlaceOutput] drop_joints: [ 1.2351e+00  1.0171e+00  6.0000e-04 -4.6700e-01 -5.0000e-04  1.4877e+00
  2.0208e+00]
2026-04-22 21:01:47,494 INFO     [IK] pose_to_joints 'LABELLING_SAFE' depth_offset=0.0000 → joints=[-0.065  -1.2718  0.0356 -2.707   0.0343  1.4354  0.7355]
2026-04-22 21:01:47,817 INFO     [Service] /orio/pnp_cup/off → success=True msg='PnP Cup OFF command sent'
2026-04-22 21:01:50,929 INFO     [ZoneManager] Zone A: NEEDS_LABEL → READY_FOR_PICKUP
2026-04-22 21:01:50,929 INFO     [ApplyLabel] Exiting: labeled (zone A)
2026-04-22 21:01:50,931 INFO     [GetLabel] Entering state
2026-04-22 21:01:56,038 INFO     [PlaceOutput] Exiting: succeeded (total items placed: 2)
2026-04-22 21:01:56,041 INFO     [FetchInput] Entering state
2026-04-22 21:01:56,320 INFO     [Service] /compute_grasps → success=False msg='GroundingDINO found 0 objects.'
2026-04-22 21:01:56,320 ERROR    [FETCH_INPUT] Unhandled exception: /compute_grasps service failed
2026-04-22 21:01:56,321 WARNING  [ARM1 Recovery] Pausing ARM1 — showing GUI (ARM2 continues)
2026-04-22 21:02:01,147 INFO     [Service] /orio/lbl_cup/on → success=True msg='Labelling Cup ON command sent'
2026-04-22 21:02:04,571 INFO     [IK] pose_to_joints 'LABELLING_SAFE' depth_offset=0.0000 → joints=[-0.065  -1.2718  0.0356 -2.707   0.0343  1.4354  0.7355]
2026-04-22 21:02:07,775 INFO     [GetLabel] Exiting: succeeded
2026-04-22 21:02:12,072 INFO     [ARM1 Recovery] choice=shutdown
2026-04-22 21:02:12,072 INFO     [ARM1 Recovery] resuming
2026-04-22 21:02:12,183 INFO     [ApplyLabel] Entering state (zones: {'A': 'READY_FOR_PICKUP', 'B': 'EMPTY'}  busy: {'A': False, 'B': False})
2026-04-22 21:02:12,184 DEBUG    [ApplyLabel] No zone needs label → wait
2026-04-22 21:02:12,687 INFO     [Main] State machine finished with outcome: done
2026-04-22 21:02:12,687 WARNING  [Main] Shutting down: turning off both vacuums
2026-04-22 21:02:12,687 INFO     [Main] Total items placed at output: 2
2026-04-22 21:02:12,689 INFO     [Service] /orio/pnp_cup/off → success=True msg='PnP Cup OFF command sent'
2026-04-22 21:02:12,691 INFO     [Service] /orio/lbl_cup/off → success=True msg='Labelling Cup OFF command sent'
