2026-04-15 16:49:02,866 INFO     [Logger] File log started: /home/ros_ws/src/devel_packages/orio/logs/orio_run_20260415_164902.log
2026-04-15 16:49:02,866 INFO     [Main] Node started. Log file: /home/ros_ws/src/devel_packages/orio/logs/orio_run_20260415_164902.log
2026-04-15 16:49:05,111 INFO     [Main] Operator input — item='g'  expiry='g'
2026-04-15 16:49:05,111 INFO     [Hardware] Initializing Robot Hardware...
2026-04-15 16:49:05,634 INFO     [Hardware] Resetting both arms to home joints
2026-04-15 16:49:11,102 INFO     [Hardware] Poses loaded from joint_angles.json
2026-04-15 16:49:11,111 INFO     [Hardware] Initialization complete
2026-04-15 16:49:11,116 INFO     [Main] Starting state machine execution
2026-04-15 16:49:11,118 INFO     [GetLabel] Entering state
2026-04-15 16:49:11,120 DEBUG    [TaskSelector] Evaluating zone states: {'A': 'EMPTY', 'B': 'EMPTY'}  busy: {'A': False, 'B': False}
2026-04-15 16:49:11,120 INFO     [TaskSelector] → do_load (zone A empty)
2026-04-15 16:49:11,121 INFO     [FetchInput] Entering state
2026-04-15 16:49:11,742 INFO     [Service] /compute_grasps → success=True msg='Published 2 PnP poses.'
2026-04-15 16:49:11,742 INFO     [FetchInput] Grasp pose received: x=-0.0126 y=-0.6624 z=0.0225
2026-04-15 16:49:11,743 INFO     [IK] compute_pick_joints called — task_pos=[-0.0126 -0.6624  0.0225] label_zone=None max_attempts=10 check_collisions=False arm_number=None
2026-04-15 16:49:11,774 INFO     [IK] Arm? compute_pick_joints attempt 1/10 OK — target=([-0.0126 -0.6624  0.0225]) pre=[-1.0347  0.68   -0.6374 -1.7423  0.5032  2.2532 -1.1058] final=[-1.2227  0.8108 -0.4011 -1.72    0.4525  2.4377 -1.0765] (FK err pre=0.0000 m final=0.0000 m)
2026-04-15 16:49:11,776 INFO     [FetchInput] IK pre_joints:   [-1.0347  0.68   -0.6374 -1.7423  0.5032  2.2532 -1.1058]
2026-04-15 16:49:11,777 INFO     [FetchInput] IK final_joints: [-1.2227  0.8108 -0.4011 -1.72    0.4525  2.4377 -1.0765]
2026-04-15 16:49:11,778 INFO     [FetchInput] Moving to pre-pick
2026-04-15 16:49:15,216 INFO     [FetchInput] Descending to pick
2026-04-15 16:49:17,421 INFO     [Service] /orio/pnp_cup/on → success=True msg='PnP Cup ON command sent'
2026-04-15 16:49:18,423 INFO     [FetchInput] Retracting to pre-pick height
2026-04-15 16:49:20,628 INFO     [FetchInput] Exiting: succeeded (item_depth=0.0225)
2026-04-15 16:49:20,632 INFO     [DropToZone] Entering state (item_depth=0.0225)
2026-04-15 16:49:20,632 INFO     [DropToZone] Targeting zone A
2026-04-15 16:49:20,642 INFO     [IK] pose_to_joints 'L1_INTER' depth_offset=0.0225 → joints=[-0.3196 -0.4671 -0.3662 -2.6167 -0.1962  2.1677  0.2472]
2026-04-15 16:49:20,653 INFO     [IK] pose_to_joints 'LABEL_ZONE_1' depth_offset=0.0325 → joints=[-0.2397  1.215  -0.1668 -0.8484  0.1765  2.0524  0.4048]
2026-04-15 16:49:20,653 INFO     [DropToZone] place_joints for LABEL_ZONE_1: [-0.2397  1.215  -0.1668 -0.8484  0.1765  2.0524  0.4048]
2026-04-15 16:49:21,331 INFO     [Service] /orio/lbl_cup/on → success=True msg='Labelling Cup ON command sent'
2026-04-15 16:49:24,733 INFO     [IK] pose_to_joints 'LABELLING_SAFE' depth_offset=0.0000 → joints=[-0.065  -1.2718  0.0356 -2.707   0.0343  1.4354  0.7355]
2026-04-15 16:49:27,506 INFO     [Service] /orio/pnp_cup/off → success=True msg='PnP Cup OFF command sent'
2026-04-15 16:49:27,938 INFO     [GetLabel] Exiting: succeeded
2026-04-15 16:49:27,939 INFO     [ApplyLabel] Entering state (zones: {'A': 'EMPTY', 'B': 'EMPTY'}  busy: {'A': True, 'B': False})
2026-04-15 16:49:27,939 DEBUG    [ApplyLabel] No zone needs label → wait
2026-04-15 16:49:28,441 INFO     [ApplyLabel] Entering state (zones: {'A': 'EMPTY', 'B': 'EMPTY'}  busy: {'A': True, 'B': False})
2026-04-15 16:49:28,441 DEBUG    [ApplyLabel] No zone needs label → wait
2026-04-15 16:49:28,944 INFO     [ApplyLabel] Entering state (zones: {'A': 'EMPTY', 'B': 'EMPTY'}  busy: {'A': True, 'B': False})
2026-04-15 16:49:28,944 DEBUG    [ApplyLabel] No zone needs label → wait
2026-04-15 16:49:29,446 INFO     [ApplyLabel] Entering state (zones: {'A': 'EMPTY', 'B': 'EMPTY'}  busy: {'A': True, 'B': False})
2026-04-15 16:49:29,446 DEBUG    [ApplyLabel] No zone needs label → wait
2026-04-15 16:49:29,950 INFO     [ApplyLabel] Entering state (zones: {'A': 'EMPTY', 'B': 'EMPTY'}  busy: {'A': True, 'B': False})
2026-04-15 16:49:29,951 DEBUG    [ApplyLabel] No zone needs label → wait
2026-04-15 16:49:30,452 INFO     [ApplyLabel] Entering state (zones: {'A': 'EMPTY', 'B': 'EMPTY'}  busy: {'A': True, 'B': False})
2026-04-15 16:49:30,452 DEBUG    [ApplyLabel] No zone needs label → wait
2026-04-15 16:49:30,955 INFO     [ApplyLabel] Entering state (zones: {'A': 'EMPTY', 'B': 'EMPTY'}  busy: {'A': True, 'B': False})
2026-04-15 16:49:30,955 DEBUG    [ApplyLabel] No zone needs label → wait
2026-04-15 16:49:30,989 INFO     [ZoneManager] Zone A: EMPTY → NEEDS_LABEL
2026-04-15 16:49:30,989 INFO     [DropToZone] Exiting: dropped (zone A)
2026-04-15 16:49:30,990 DEBUG    [TaskSelector] Evaluating zone states: {'A': 'NEEDS_LABEL', 'B': 'EMPTY'}  busy: {'A': False, 'B': False}
2026-04-15 16:49:30,990 INFO     [TaskSelector] → do_load (zone B empty)
2026-04-15 16:49:30,991 INFO     [FetchInput] Entering state
2026-04-15 16:49:31,457 INFO     [ApplyLabel] Entering state (zones: {'A': 'NEEDS_LABEL', 'B': 'EMPTY'}  busy: {'A': False, 'B': False})
2026-04-15 16:49:31,457 INFO     [ApplyLabel] Applying label to zone A (zone_number=1, depth=0.0225)
2026-04-15 16:49:31,457 INFO     [compute_label_joints] Requesting label pose for zone 1, item_depth=0.0250
2026-04-15 16:49:31,590 INFO     [Service] /compute_grasps → success=True msg='Published 2 PnP poses.'
2026-04-15 16:49:31,591 INFO     [FetchInput] Grasp pose received: x=-0.0117 y=-0.6623 z=0.0224
2026-04-15 16:49:31,591 INFO     [IK] compute_pick_joints called — task_pos=[-0.0117 -0.6623  0.0224] label_zone=None max_attempts=10 check_collisions=False arm_number=None
2026-04-15 16:49:31,609 INFO     [IK] Arm? compute_pick_joints attempt 1/10 OK — target=([-0.0117 -0.6623  0.0224]) pre=[-1.0321  0.6805 -0.6388 -1.7428  0.5046  2.2532 -1.1054] final=[-1.2201  0.8111 -0.4025 -1.7205  0.4543  2.4378 -1.0763] (FK err pre=0.0000 m final=0.0000 m)
2026-04-15 16:49:31,610 INFO     [FetchInput] IK pre_joints:   [-1.0321  0.6805 -0.6388 -1.7428  0.5046  2.2532 -1.1054]
2026-04-15 16:49:31,610 INFO     [FetchInput] IK final_joints: [-1.2201  0.8111 -0.4025 -1.7205  0.4543  2.4378 -1.0763]
2026-04-15 16:49:31,610 INFO     [FetchInput] Moving to pre-pick
2026-04-15 16:49:32,872 INFO     [Service] /compute_grasps_labelling → success=True msg='Zone1=OK, Zone2=FAIL'
2026-04-15 16:49:32,873 INFO     item_depth=0.0250  X=-0.2947 Y=-0.1158 Z=0.9750  pos(world)=[0.5758 0.3137 0.005 ]  task_pos=[0.5758 0.3137 0.025 ]  task_ori=[0.7142 0.7    0.     0.    ]
2026-04-15 16:49:32,873 INFO     [compute_label_joints] Zone 1 received pose: x=0.5758 y=0.3137 z=0.0250  RPY r=180.00 p=0.00 y=88.85 deg
2026-04-15 16:49:32,874 INFO     [IK] compute_pick_joints called — task_pos=[0.5758 0.3137 0.025 ] label_zone=1 max_attempts=10 check_collisions=True arm_number=2
2026-04-15 16:49:32,892 INFO     Arm2: cached 8 obstacles from '/home/ros_ws/src/devel_packages/orio/obstacles_files/obs_arm2_free.p'
2026-04-15 16:49:32,900 INFO     [IK] Arm2 compute_pick_joints attempt 1/10 OK — target=([0.5758 0.3137 0.025 ]) pre=[ 0.3535  0.5501  0.1605 -1.7934 -0.116   2.3344  1.3565] final=[ 0.552   0.7337 -0.0562 -1.7705  0.0631  2.5024  1.245 ] (FK err pre=0.0000 m final=0.0000 m)
2026-04-15 16:49:32,902 INFO     [ApplyLabel] IK pre_joints=[ 0.3535  0.5501  0.1605 -1.7934 -0.116   2.3344  1.3565]  final_joints=[ 0.552   0.7337 -0.0562 -1.7705  0.0631  2.5024  1.245 ]
2026-04-15 16:49:32,903 INFO     [ApplyLabel] Registering label — item='g' expiry='g'
2026-04-15 16:49:35,052 INFO     [FetchInput] Descending to pick
2026-04-15 16:49:37,359 INFO     [Service] /orio/pnp_cup/on → success=True msg='PnP Cup ON command sent'
2026-04-15 16:49:38,020 ERROR    [RFID] Service call failed for /inventory/add_item: timeout exceeded while waiting for service /inventory/add_item
2026-04-15 16:49:38,360 INFO     [FetchInput] Retracting to pre-pick height
2026-04-15 16:49:40,564 INFO     [FetchInput] Exiting: succeeded (item_depth=0.0224)
2026-04-15 16:49:40,565 INFO     [DropToZone] Entering state (item_depth=0.0224)
2026-04-15 16:49:40,565 INFO     [DropToZone] Targeting zone B
2026-04-15 16:49:40,575 INFO     [IK] pose_to_joints 'L1_INTER' depth_offset=0.0224 → joints=[-0.3196 -0.4669 -0.3663 -2.6169 -0.1962  2.168   0.2471]
2026-04-15 16:49:40,585 INFO     [IK] pose_to_joints 'L2_INTER' depth_offset=0.0224 → joints=[ 0.0869 -0.5221  0.5892 -2.6095  0.3346  2.1372  1.213 ]
2026-04-15 16:49:40,597 INFO     [IK] pose_to_joints 'LABEL_ZONE_2' depth_offset=0.0324 → joints=[ 0.3543  1.2092 -0.0658 -0.8503  0.0697  2.0578  1.0838]
2026-04-15 16:49:40,598 INFO     [DropToZone] place_joints for LABEL_ZONE_2: [ 0.3543  1.2092 -0.0658 -0.8503  0.0697  2.0578  1.0838]
2026-04-15 16:49:48,231 INFO     [Service] /orio/lbl_cup/off → success=True msg='Labelling Cup OFF command sent'
2026-04-15 16:49:49,038 INFO     [Service] /orio/pnp_cup/off → success=True msg='PnP Cup OFF command sent'
2026-04-15 16:49:51,445 INFO     [IK] pose_to_joints 'LABELLING_SAFE' depth_offset=0.0000 → joints=[-0.065  -1.2718  0.0356 -2.707   0.0343  1.4354  0.7355]
2026-04-15 16:49:52,525 INFO     [ZoneManager] Zone B: EMPTY → NEEDS_LABEL
2026-04-15 16:49:52,525 INFO     [DropToZone] Exiting: dropped (zone B)
2026-04-15 16:49:52,527 DEBUG    [TaskSelector] Evaluating zone states: {'A': 'NEEDS_LABEL', 'B': 'NEEDS_LABEL'}  busy: {'A': True, 'B': False}
2026-04-15 16:49:52,527 DEBUG    [TaskSelector] → wait (no actionable zones)
2026-04-15 16:49:53,030 DEBUG    [TaskSelector] Evaluating zone states: {'A': 'NEEDS_LABEL', 'B': 'NEEDS_LABEL'}  busy: {'A': True, 'B': False}
2026-04-15 16:49:53,031 DEBUG    [TaskSelector] → wait (no actionable zones)
2026-04-15 16:49:53,532 DEBUG    [TaskSelector] Evaluating zone states: {'A': 'NEEDS_LABEL', 'B': 'NEEDS_LABEL'}  busy: {'A': True, 'B': False}
2026-04-15 16:49:53,532 DEBUG    [TaskSelector] → wait (no actionable zones)
2026-04-15 16:49:54,034 DEBUG    [TaskSelector] Evaluating zone states: {'A': 'NEEDS_LABEL', 'B': 'NEEDS_LABEL'}  busy: {'A': True, 'B': False}
2026-04-15 16:49:54,034 DEBUG    [TaskSelector] → wait (no actionable zones)
2026-04-15 16:49:54,535 DEBUG    [TaskSelector] Evaluating zone states: {'A': 'NEEDS_LABEL', 'B': 'NEEDS_LABEL'}  busy: {'A': True, 'B': False}
2026-04-15 16:49:54,536 DEBUG    [TaskSelector] → wait (no actionable zones)
2026-04-15 16:49:54,849 INFO     [ZoneManager] Zone A: NEEDS_LABEL → READY_FOR_PICKUP
2026-04-15 16:49:54,850 INFO     [ApplyLabel] Exiting: labeled (zone A)
2026-04-15 16:49:54,850 INFO     [GetLabel] Entering state
2026-04-15 16:49:55,037 DEBUG    [TaskSelector] Evaluating zone states: {'A': 'READY_FOR_PICKUP', 'B': 'NEEDS_LABEL'}  busy: {'A': False, 'B': False}
2026-04-15 16:49:55,038 INFO     [TaskSelector] → do_unload (zone A ready)
2026-04-15 16:49:55,039 INFO     [RetrieveFromZone] Entering state
2026-04-15 16:49:55,039 INFO     [RetrieveFromZone] Picking from zone A (depth=0.0225)
2026-04-15 16:49:55,049 INFO     [IK] pose_to_joints 'L1_INTER' depth_offset=0.0225 → joints=[-0.3196 -0.4671 -0.3662 -2.6167 -0.1962  2.1677  0.2472]
2026-04-15 16:49:55,059 INFO     [IK] pose_to_joints 'LABEL_ZONE_1' depth_offset=0.1225 → joints=[-0.2311  1.0615 -0.1776 -0.8966  0.1666  1.9465  0.4053]
2026-04-15 16:49:55,068 INFO     [IK] pose_to_joints 'LABEL_ZONE_1' depth_offset=0.0125 → joints=[-0.244   1.2624 -0.1635 -0.8126  0.1771  2.0644  0.4068]
2026-04-15 16:49:55,069 INFO     [RetrieveFromZone] A pre_pick=[-0.2311  1.0615 -0.1776 -0.8966  0.1666  1.9465  0.4053] pick=[-0.244   1.2624 -0.1635 -0.8126  0.1771  2.0644  0.4068]
2026-04-15 16:50:04,100 INFO     [Service] /orio/pnp_cup/on → success=True msg='PnP Cup ON command sent'
2026-04-15 16:50:04,967 INFO     [Service] /orio/lbl_cup/on → success=True msg='Labelling Cup ON command sent'
2026-04-15 16:50:05,100 INFO     [RetrieveFromZone] Retracting to pre-pick height
2026-04-15 16:50:08,375 INFO     [IK] pose_to_joints 'LABELLING_SAFE' depth_offset=0.0000 → joints=[-0.065  -1.2718  0.0356 -2.707   0.0343  1.4354  0.7355]
2026-04-15 16:50:10,014 INFO     [ZoneManager] Zone A: READY_FOR_PICKUP → EMPTY
2026-04-15 16:50:10,014 INFO     [RetrieveFromZone] Exiting: picked (zone A)
2026-04-15 16:50:10,015 INFO     [PlaceOutput] Entering state (retrieved_depth=0.0225)
2026-04-15 16:50:10,030 INFO     [IK] pose_to_joints 'OUTPUT1' depth_offset=0.1725 → joints=[-1.3806 -0.8475  2.6152 -0.9326  0.3894  1.6973  2.1275]
2026-04-15 16:50:10,039 INFO     [IK] pose_to_joints 'L2_INTER' depth_offset=0.0225 → joints=[ 0.0866 -0.5224  0.5894 -2.6093  0.3348  2.1367  1.2128]
2026-04-15 16:50:10,040 INFO     [PlaceOutput] drop_joints: [-1.3806 -0.8475  2.6152 -0.9326  0.3894  1.6973  2.1275]
2026-04-15 16:50:11,582 INFO     [GetLabel] Exiting: succeeded
2026-04-15 16:50:11,583 INFO     [ApplyLabel] Entering state (zones: {'A': 'EMPTY', 'B': 'NEEDS_LABEL'}  busy: {'A': False, 'B': False})
2026-04-15 16:50:11,583 INFO     [ApplyLabel] Applying label to zone B (zone_number=2, depth=0.0224)
2026-04-15 16:50:11,583 INFO     [compute_label_joints] Requesting label pose for zone 2, item_depth=0.0249
2026-04-15 16:50:12,870 INFO     [Service] /compute_grasps_labelling → success=True msg='Zone1=OK, Zone2=OK'
2026-04-15 16:50:12,870 INFO     item_depth=0.0249  X=0.2058 Y=-0.1403 Z=0.9751  pos(world)=[ 0.6003 -0.1868  0.0049]  task_pos=[ 0.6003 -0.1868  0.0249]  task_ori=[-0.  1.  0.  0.]
2026-04-15 16:50:12,872 INFO     [compute_label_joints] Zone 2 received pose: x=0.6003 y=-0.1868 z=0.0249  RPY r=180.00 p=0.00 y=-180.00 deg
2026-04-15 16:50:12,872 INFO     [IK] compute_pick_joints called — task_pos=[ 0.6003 -0.1868  0.0249] label_zone=2 max_attempts=10 check_collisions=True arm_number=2
2026-04-15 16:50:12,895 INFO     [IK] Arm2 compute_pick_joints attempt 1/10 OK — target=([ 0.6003 -0.1868  0.0249]) pre=[-0.1407  0.4804 -0.1709 -1.912   0.1145  2.3831  0.4095] final=[-0.3486  0.6719  0.0472 -1.8895 -0.0535  2.5603  0.5185] (FK err pre=0.0000 m final=0.0000 m)
2026-04-15 16:50:12,896 INFO     [ApplyLabel] IK pre_joints=[-0.1407  0.4804 -0.1709 -1.912   0.1145  2.3831  0.4095]  final_joints=[-0.3486  0.6719  0.0472 -1.8895 -0.0535  2.5603  0.5185]
2026-04-15 16:50:12,896 INFO     [ApplyLabel] Registering label — item='g' expiry='g'
2026-04-15 16:50:16,653 INFO     [Service] /orio/pnp_cup/off → success=True msg='PnP Cup OFF command sent'
2026-04-15 16:50:18,012 ERROR    [RFID] Service call failed for /inventory/add_item: timeout exceeded while waiting for service /inventory/add_item
2026-04-15 16:50:20,111 INFO     [PlaceOutput] Exiting: succeeded (total items placed: 1)
2026-04-15 16:50:20,113 DEBUG    [TaskSelector] Evaluating zone states: {'A': 'EMPTY', 'B': 'NEEDS_LABEL'}  busy: {'A': False, 'B': True}
2026-04-15 16:50:20,114 INFO     [TaskSelector] → do_load (zone A empty)
2026-04-15 16:50:20,115 INFO     [FetchInput] Entering state
2026-04-15 16:50:20,689 INFO     [Service] /compute_grasps → success=True msg='Published 2 PnP poses.'
2026-04-15 16:50:20,689 INFO     [FetchInput] Grasp pose received: x=0.3265 y=-0.5887 z=0.0266
2026-04-15 16:50:20,690 INFO     [IK] compute_pick_joints called — task_pos=[ 0.3265 -0.5887  0.0266] label_zone=None max_attempts=10 check_collisions=False arm_number=None
2026-04-15 16:50:20,715 INFO     [IK] Arm? compute_pick_joints attempt 1/10 OK — target=([ 0.3265 -0.5887  0.0266]) pre=[-0.5008  0.7149 -0.665  -1.689   0.5309  2.216  -0.5894] final=[-0.6792  0.838  -0.4334 -1.6698  0.4804  2.4    -0.5609] (FK err pre=0.0000 m final=0.0000 m)
2026-04-15 16:50:20,718 INFO     [FetchInput] IK pre_joints:   [-0.5008  0.7149 -0.665  -1.689   0.5309  2.216  -0.5894]
2026-04-15 16:50:20,719 INFO     [FetchInput] IK final_joints: [-0.6792  0.838  -0.4334 -1.6698  0.4804  2.4    -0.5609]
2026-04-15 16:50:20,720 INFO     [FetchInput] Moving to pre-pick
2026-04-15 16:50:24,173 INFO     [FetchInput] Descending to pick
2026-04-15 16:50:26,380 INFO     [Service] /orio/pnp_cup/on → success=True msg='PnP Cup ON command sent'
2026-04-15 16:50:27,380 INFO     [FetchInput] Retracting to pre-pick height
2026-04-15 16:50:28,223 INFO     [Service] /orio/lbl_cup/off → success=True msg='Labelling Cup OFF command sent'
2026-04-15 16:50:29,586 INFO     [FetchInput] Exiting: succeeded (item_depth=0.0266)
2026-04-15 16:50:29,588 INFO     [DropToZone] Entering state (item_depth=0.0266)
2026-04-15 16:50:29,588 INFO     [DropToZone] Targeting zone A
2026-04-15 16:50:29,598 INFO     [IK] pose_to_joints 'L1_INTER' depth_offset=0.0266 → joints=[-0.3195 -0.473  -0.3644 -2.6103 -0.1959  2.1554  0.2477]
2026-04-15 16:50:29,608 INFO     [IK] pose_to_joints 'LABEL_ZONE_1' depth_offset=0.0366 → joints=[-0.2389  1.2061 -0.1674 -0.8543  0.1762  2.0493  0.4045]
2026-04-15 16:50:29,609 INFO     [DropToZone] place_joints for LABEL_ZONE_1: [-0.2389  1.2061 -0.1674 -0.8543  0.1762  2.0493  0.4045]
2026-04-15 16:50:31,341 INFO     [IK] pose_to_joints 'LABELLING_SAFE' depth_offset=0.0000 → joints=[-0.065  -1.2718  0.0356 -2.707   0.0343  1.4354  0.7355]
2026-04-15 16:50:34,785 INFO     [ZoneManager] Zone B: NEEDS_LABEL → READY_FOR_PICKUP
2026-04-15 16:50:34,785 INFO     [ApplyLabel] Exiting: labeled (zone B)
2026-04-15 16:50:34,787 INFO     [GetLabel] Entering state
2026-04-15 16:50:36,467 INFO     [Service] /orio/pnp_cup/off → success=True msg='PnP Cup OFF command sent'
2026-04-15 16:50:39,950 INFO     [ZoneManager] Zone A: EMPTY → NEEDS_LABEL
2026-04-15 16:50:39,950 INFO     [DropToZone] Exiting: dropped (zone A)
2026-04-15 16:50:39,952 DEBUG    [TaskSelector] Evaluating zone states: {'A': 'NEEDS_LABEL', 'B': 'READY_FOR_PICKUP'}  busy: {'A': False, 'B': False}
2026-04-15 16:50:39,952 INFO     [TaskSelector] → do_unload (zone B ready)
2026-04-15 16:50:39,953 INFO     [RetrieveFromZone] Entering state
2026-04-15 16:50:39,953 INFO     [RetrieveFromZone] Picking from zone B (depth=0.0224)
2026-04-15 16:50:39,961 INFO     [IK] pose_to_joints 'L2_INTER' depth_offset=0.0224 → joints=[ 0.0869 -0.5221  0.5892 -2.6095  0.3346  2.1372  1.213 ]
2026-04-15 16:50:39,975 INFO     [IK] pose_to_joints 'LABEL_ZONE_2' depth_offset=0.1224 → joints=[ 0.319   1.054   0.0054 -0.8988 -0.0051  1.9528  1.1089]
2026-04-15 16:50:39,990 INFO     [IK] pose_to_joints 'LABEL_ZONE_2' depth_offset=0.0124 → joints=[ 0.36    1.2574 -0.0801 -0.8143  0.0868  2.0692  1.0791]
2026-04-15 16:50:39,991 INFO     [RetrieveFromZone] B pre_pick=[ 0.319   1.054   0.0054 -0.8988 -0.0051  1.9528  1.1089] pick=[ 0.36    1.2574 -0.0801 -0.8143  0.0868  2.0692  1.0791]
2026-04-15 16:50:45,001 INFO     [Service] /orio/lbl_cup/on → success=True msg='Labelling Cup ON command sent'
2026-04-15 16:50:48,423 INFO     [IK] pose_to_joints 'LABELLING_SAFE' depth_offset=0.0000 → joints=[-0.065  -1.2718  0.0356 -2.707   0.0343  1.4354  0.7355]
2026-04-15 16:50:49,016 INFO     [Service] /orio/pnp_cup/on → success=True msg='PnP Cup ON command sent'
2026-04-15 16:50:50,016 INFO     [RetrieveFromZone] Retracting to pre-pick height
2026-04-15 16:50:51,632 INFO     [GetLabel] Exiting: succeeded
2026-04-15 16:50:51,633 INFO     [ApplyLabel] Entering state (zones: {'A': 'NEEDS_LABEL', 'B': 'READY_FOR_PICKUP'}  busy: {'A': False, 'B': True})
2026-04-15 16:50:51,633 INFO     [ApplyLabel] Applying label to zone A (zone_number=1, depth=0.0266)
2026-04-15 16:50:51,633 INFO     [compute_label_joints] Requesting label pose for zone 1, item_depth=0.0291
2026-04-15 16:50:53,051 INFO     [Service] /compute_grasps_labelling → success=True msg='Zone1=OK, Zone2=OK'
2026-04-15 16:50:53,052 INFO     item_depth=0.0291  X=-0.2716 Y=-0.1249 Z=0.9709  pos(world)=[0.5849 0.2906 0.0091]  task_pos=[0.5849 0.2906 0.0291]  task_ori=[0.0041 1.     0.     0.    ]
2026-04-15 16:50:53,053 INFO     [compute_label_joints] Zone 1 received pose: x=0.5849 y=0.2906 z=0.0291  RPY r=180.00 p=0.00 y=179.53 deg
2026-04-15 16:50:53,053 INFO     [IK] compute_pick_joints called — task_pos=[0.5849 0.2906 0.0291] label_zone=1 max_attempts=10 check_collisions=True arm_number=2
2026-04-15 16:50:53,080 INFO     [IK] Arm2 compute_pick_joints attempt 1/10 OK — target=([0.5849 0.2906 0.0291]) pre=[ 0.3292  0.5354  0.1453 -1.8045 -0.1023  2.3326  1.3105] final=[ 0.5272  0.7198 -0.0697 -1.7844  0.0769  2.5016  1.1984] (FK err pre=0.0000 m final=0.0000 m)
2026-04-15 16:50:53,081 INFO     [ApplyLabel] IK pre_joints=[ 0.3292  0.5354  0.1453 -1.8045 -0.1023  2.3326  1.3105]  final_joints=[ 0.5272  0.7198 -0.0697 -1.7844  0.0769  2.5016  1.1984]
2026-04-15 16:50:53,081 INFO     [ApplyLabel] Registering label — item='g' expiry='g'
2026-04-15 16:50:54,939 INFO     [ZoneManager] Zone B: READY_FOR_PICKUP → EMPTY
2026-04-15 16:50:54,940 INFO     [RetrieveFromZone] Exiting: picked (zone B)
2026-04-15 16:50:54,942 INFO     [PlaceOutput] Entering state (retrieved_depth=0.0224)
2026-04-15 16:50:55,044 INFO     [IK] pose_to_joints 'OUTPUT2' depth_offset=0.1724 → joints=[ 1.2352e+00  1.0658e+00  4.0000e-04 -4.6700e-01 -3.0000e-04  1.5352e+00
  2.0208e+00]
2026-04-15 16:50:55,053 INFO     [IK] pose_to_joints 'L2_INTER' depth_offset=0.0224 → joints=[ 0.0869 -0.5221  0.5892 -2.6095  0.3346  2.1372  1.213 ]
2026-04-15 16:50:55,053 INFO     [PlaceOutput] drop_joints: [ 1.2352e+00  1.0658e+00  4.0000e-04 -4.6700e-01 -3.0000e-04  1.5352e+00
  2.0208e+00]
2026-04-15 16:50:58,196 ERROR    [RFID] Service call failed for /inventory/add_item: timeout exceeded while waiting for service /inventory/add_item
2026-04-15 16:51:00,766 INFO     [Service] /orio/pnp_cup/off → success=True msg='PnP Cup OFF command sent'
2026-04-15 16:51:04,345 INFO     [PlaceOutput] Exiting: succeeded (total items placed: 2)
2026-04-15 16:51:04,347 DEBUG    [TaskSelector] Evaluating zone states: {'A': 'NEEDS_LABEL', 'B': 'EMPTY'}  busy: {'A': True, 'B': False}
2026-04-15 16:51:04,347 INFO     [TaskSelector] → do_load (zone B empty)
2026-04-15 16:51:04,349 INFO     [FetchInput] Entering state
2026-04-15 16:51:04,612 INFO     [Service] /compute_grasps → success=False msg='GroundingDINO found 0 objects.'
2026-04-15 16:51:04,612 ERROR    [FetchInput] /compute_grasps service failed → exiting: failed
2026-04-15 16:51:04,613 DEBUG    [TaskSelector] Evaluating zone states: {'A': 'NEEDS_LABEL', 'B': 'EMPTY'}  busy: {'A': True, 'B': False}
2026-04-15 16:51:04,613 INFO     [TaskSelector] → do_load (zone B empty)
2026-04-15 16:51:04,615 INFO     [FetchInput] Entering state
2026-04-15 16:51:04,810 INFO     [Service] /orio/lbl_cup/off → success=True msg='Labelling Cup OFF command sent'
2026-04-15 16:51:04,857 INFO     [Service] /compute_grasps → success=False msg='GroundingDINO found 0 objects.'
2026-04-15 16:51:04,857 ERROR    [FetchInput] /compute_grasps service failed → exiting: failed
2026-04-15 16:51:04,859 DEBUG    [TaskSelector] Evaluating zone states: {'A': 'NEEDS_LABEL', 'B': 'EMPTY'}  busy: {'A': True, 'B': False}
2026-04-15 16:51:04,859 INFO     [TaskSelector] → do_load (zone B empty)
2026-04-15 16:51:04,860 INFO     [FetchInput] Entering state
2026-04-15 16:51:05,127 INFO     [Service] /compute_grasps → success=False msg='GroundingDINO found 0 objects.'
2026-04-15 16:51:05,128 ERROR    [FetchInput] /compute_grasps service failed → exiting: failed
2026-04-15 16:51:05,132 DEBUG    [TaskSelector] Evaluating zone states: {'A': 'NEEDS_LABEL', 'B': 'EMPTY'}  busy: {'A': True, 'B': False}
2026-04-15 16:51:05,132 INFO     [TaskSelector] → do_load (zone B empty)
2026-04-15 16:51:05,134 INFO     [FetchInput] Entering state
2026-04-15 16:51:05,394 INFO     [Service] /compute_grasps → success=False msg='GroundingDINO found 0 objects.'
2026-04-15 16:51:05,394 ERROR    [FetchInput] /compute_grasps service failed → exiting: failed
2026-04-15 16:51:05,397 DEBUG    [TaskSelector] Evaluating zone states: {'A': 'NEEDS_LABEL', 'B': 'EMPTY'}  busy: {'A': True, 'B': False}
2026-04-15 16:51:05,397 INFO     [TaskSelector] → do_load (zone B empty)
2026-04-15 16:51:05,398 INFO     [FetchInput] Entering state
2026-04-15 16:51:05,657 INFO     [Service] /compute_grasps → success=False msg='GroundingDINO found 0 objects.'
2026-04-15 16:51:05,658 ERROR    [FetchInput] /compute_grasps service failed → exiting: failed
2026-04-15 16:51:05,660 DEBUG    [TaskSelector] Evaluating zone states: {'A': 'NEEDS_LABEL', 'B': 'EMPTY'}  busy: {'A': True, 'B': False}
2026-04-15 16:51:05,660 INFO     [TaskSelector] → do_load (zone B empty)
2026-04-15 16:51:05,662 INFO     [FetchInput] Entering state
2026-04-15 16:51:05,910 INFO     [Service] /compute_grasps → success=False msg='GroundingDINO found 0 objects.'
2026-04-15 16:51:05,910 ERROR    [FetchInput] /compute_grasps service failed → exiting: failed
2026-04-15 16:51:05,912 DEBUG    [TaskSelector] Evaluating zone states: {'A': 'NEEDS_LABEL', 'B': 'EMPTY'}  busy: {'A': True, 'B': False}
2026-04-15 16:51:05,912 INFO     [TaskSelector] → do_load (zone B empty)
2026-04-15 16:51:05,913 INFO     [FetchInput] Entering state
2026-04-15 16:51:06,171 INFO     [Service] /compute_grasps → success=False msg='GroundingDINO found 0 objects.'
2026-04-15 16:51:06,171 ERROR    [FetchInput] /compute_grasps service failed → exiting: failed
2026-04-15 16:51:06,172 DEBUG    [TaskSelector] Evaluating zone states: {'A': 'NEEDS_LABEL', 'B': 'EMPTY'}  busy: {'A': True, 'B': False}
2026-04-15 16:51:06,172 INFO     [TaskSelector] → do_load (zone B empty)
2026-04-15 16:51:06,173 INFO     [FetchInput] Entering state
2026-04-15 16:51:06,435 INFO     [Service] /compute_grasps → success=False msg='GroundingDINO found 0 objects.'
2026-04-15 16:51:06,435 ERROR    [FetchInput] /compute_grasps service failed → exiting: failed
2026-04-15 16:51:06,436 DEBUG    [TaskSelector] Evaluating zone states: {'A': 'NEEDS_LABEL', 'B': 'EMPTY'}  busy: {'A': True, 'B': False}
2026-04-15 16:51:06,436 INFO     [TaskSelector] → do_load (zone B empty)
2026-04-15 16:51:06,437 INFO     [FetchInput] Entering state
2026-04-15 16:51:06,705 INFO     [Service] /compute_grasps → success=False msg='GroundingDINO found 0 objects.'
2026-04-15 16:51:06,705 ERROR    [FetchInput] /compute_grasps service failed → exiting: failed
2026-04-15 16:51:06,706 DEBUG    [TaskSelector] Evaluating zone states: {'A': 'NEEDS_LABEL', 'B': 'EMPTY'}  busy: {'A': True, 'B': False}
2026-04-15 16:51:06,707 INFO     [TaskSelector] → do_load (zone B empty)
2026-04-15 16:51:06,707 INFO     [FetchInput] Entering state
2026-04-15 16:51:06,981 INFO     [Service] /compute_grasps → success=False msg='GroundingDINO found 0 objects.'
2026-04-15 16:51:06,981 ERROR    [FetchInput] /compute_grasps service failed → exiting: failed
2026-04-15 16:51:06,982 DEBUG    [TaskSelector] Evaluating zone states: {'A': 'NEEDS_LABEL', 'B': 'EMPTY'}  busy: {'A': True, 'B': False}
2026-04-15 16:51:06,982 INFO     [TaskSelector] → do_load (zone B empty)
2026-04-15 16:51:06,983 INFO     [FetchInput] Entering state
2026-04-15 16:51:07,239 INFO     [Service] /compute_grasps → success=False msg='GroundingDINO found 0 objects.'
2026-04-15 16:51:07,239 ERROR    [FetchInput] /compute_grasps service failed → exiting: failed
2026-04-15 16:51:07,240 DEBUG    [TaskSelector] Evaluating zone states: {'A': 'NEEDS_LABEL', 'B': 'EMPTY'}  busy: {'A': True, 'B': False}
2026-04-15 16:51:07,241 INFO     [TaskSelector] → do_load (zone B empty)
2026-04-15 16:51:07,242 INFO     [FetchInput] Entering state
2026-04-15 16:51:07,487 INFO     [Service] /compute_grasps → success=False msg='GroundingDINO found 0 objects.'
2026-04-15 16:51:07,488 ERROR    [FetchInput] /compute_grasps service failed → exiting: failed
2026-04-15 16:51:07,489 DEBUG    [TaskSelector] Evaluating zone states: {'A': 'NEEDS_LABEL', 'B': 'EMPTY'}  busy: {'A': True, 'B': False}
2026-04-15 16:51:07,489 INFO     [TaskSelector] → do_load (zone B empty)
2026-04-15 16:51:07,490 INFO     [FetchInput] Entering state
2026-04-15 16:51:07,745 INFO     [Service] /compute_grasps → success=False msg='GroundingDINO found 0 objects.'
2026-04-15 16:51:07,746 ERROR    [FetchInput] /compute_grasps service failed → exiting: failed
2026-04-15 16:51:07,752 DEBUG    [TaskSelector] Evaluating zone states: {'A': 'NEEDS_LABEL', 'B': 'EMPTY'}  busy: {'A': True, 'B': False}
2026-04-15 16:51:07,752 INFO     [TaskSelector] → do_load (zone B empty)
2026-04-15 16:51:07,755 INFO     [FetchInput] Entering state
2026-04-15 16:51:08,025 INFO     [Service] /compute_grasps → success=False msg='GroundingDINO found 0 objects.'
2026-04-15 16:51:08,025 ERROR    [FetchInput] /compute_grasps service failed → exiting: failed
2026-04-15 16:51:08,030 DEBUG    [TaskSelector] Evaluating zone states: {'A': 'NEEDS_LABEL', 'B': 'EMPTY'}  busy: {'A': True, 'B': False}
2026-04-15 16:51:08,030 INFO     [TaskSelector] → do_load (zone B empty)
2026-04-15 16:51:08,033 INFO     [FetchInput] Entering state
2026-04-15 16:51:08,279 INFO     [Service] /compute_grasps → success=False msg='GroundingDINO found 0 objects.'
2026-04-15 16:51:08,279 ERROR    [FetchInput] /compute_grasps service failed → exiting: failed
2026-04-15 16:51:08,281 DEBUG    [TaskSelector] Evaluating zone states: {'A': 'NEEDS_LABEL', 'B': 'EMPTY'}  busy: {'A': True, 'B': False}
2026-04-15 16:51:08,282 INFO     [TaskSelector] → do_load (zone B empty)
2026-04-15 16:51:08,283 INFO     [FetchInput] Entering state
2026-04-15 16:51:08,552 INFO     [Service] /compute_grasps → success=False msg='GroundingDINO found 0 objects.'
2026-04-15 16:51:08,552 ERROR    [FetchInput] /compute_grasps service failed → exiting: failed
2026-04-15 16:51:08,555 DEBUG    [TaskSelector] Evaluating zone states: {'A': 'NEEDS_LABEL', 'B': 'EMPTY'}  busy: {'A': True, 'B': False}
2026-04-15 16:51:08,555 INFO     [TaskSelector] → do_load (zone B empty)
2026-04-15 16:51:08,557 INFO     [FetchInput] Entering state
2026-04-15 16:51:08,828 INFO     [Service] /compute_grasps → success=False msg='GroundingDINO found 0 objects.'
2026-04-15 16:51:08,829 ERROR    [FetchInput] /compute_grasps service failed → exiting: failed
2026-04-15 16:51:08,832 DEBUG    [TaskSelector] Evaluating zone states: {'A': 'NEEDS_LABEL', 'B': 'EMPTY'}  busy: {'A': True, 'B': False}
2026-04-15 16:51:08,832 INFO     [TaskSelector] → do_load (zone B empty)
2026-04-15 16:51:08,833 INFO     [FetchInput] Entering state
2026-04-15 16:51:09,085 INFO     [Service] /compute_grasps → success=False msg='GroundingDINO found 0 objects.'
2026-04-15 16:51:09,086 ERROR    [FetchInput] /compute_grasps service failed → exiting: failed
2026-04-15 16:51:09,089 DEBUG    [TaskSelector] Evaluating zone states: {'A': 'NEEDS_LABEL', 'B': 'EMPTY'}  busy: {'A': True, 'B': False}
2026-04-15 16:51:09,089 INFO     [TaskSelector] → do_load (zone B empty)
2026-04-15 16:51:09,090 INFO     [FetchInput] Entering state
2026-04-15 16:51:09,364 INFO     [Service] /compute_grasps → success=False msg='GroundingDINO found 0 objects.'
2026-04-15 16:51:09,364 ERROR    [FetchInput] /compute_grasps service failed → exiting: failed
2026-04-15 16:51:09,368 DEBUG    [TaskSelector] Evaluating zone states: {'A': 'NEEDS_LABEL', 'B': 'EMPTY'}  busy: {'A': True, 'B': False}
2026-04-15 16:51:09,368 INFO     [TaskSelector] → do_load (zone B empty)
2026-04-15 16:51:09,371 INFO     [FetchInput] Entering state
2026-04-15 16:51:09,619 INFO     [Service] /compute_grasps → success=False msg='GroundingDINO found 0 objects.'
2026-04-15 16:51:09,619 ERROR    [FetchInput] /compute_grasps service failed → exiting: failed
2026-04-15 16:51:09,620 DEBUG    [TaskSelector] Evaluating zone states: {'A': 'NEEDS_LABEL', 'B': 'EMPTY'}  busy: {'A': True, 'B': False}
2026-04-15 16:51:09,620 INFO     [TaskSelector] → do_load (zone B empty)
2026-04-15 16:51:09,621 INFO     [FetchInput] Entering state
2026-04-15 16:51:09,889 INFO     [Service] /compute_grasps → success=False msg='GroundingDINO found 0 objects.'
2026-04-15 16:51:09,889 ERROR    [FetchInput] /compute_grasps service failed → exiting: failed
2026-04-15 16:51:09,892 DEBUG    [TaskSelector] Evaluating zone states: {'A': 'NEEDS_LABEL', 'B': 'EMPTY'}  busy: {'A': True, 'B': False}
2026-04-15 16:51:09,892 INFO     [TaskSelector] → do_load (zone B empty)
2026-04-15 16:51:09,897 INFO     [FetchInput] Entering state
2026-04-15 16:51:10,156 INFO     [Service] /compute_grasps → success=False msg='GroundingDINO found 0 objects.'
2026-04-15 16:51:10,157 ERROR    [FetchInput] /compute_grasps service failed → exiting: failed
2026-04-15 16:51:10,159 DEBUG    [TaskSelector] Evaluating zone states: {'A': 'NEEDS_LABEL', 'B': 'EMPTY'}  busy: {'A': True, 'B': False}
2026-04-15 16:51:10,159 INFO     [TaskSelector] → do_load (zone B empty)
2026-04-15 16:51:10,160 INFO     [FetchInput] Entering state
2026-04-15 16:51:10,425 INFO     [IK] pose_to_joints 'LABELLING_SAFE' depth_offset=0.0000 → joints=[-0.065  -1.2718  0.0356 -2.707   0.0343  1.4354  0.7355]
2026-04-15 16:51:10,443 INFO     [Service] /compute_grasps → success=False msg='GroundingDINO found 0 objects.'
2026-04-15 16:51:10,443 ERROR    [FetchInput] /compute_grasps service failed → exiting: failed
2026-04-15 16:51:10,445 DEBUG    [TaskSelector] Evaluating zone states: {'A': 'NEEDS_LABEL', 'B': 'EMPTY'}  busy: {'A': True, 'B': False}
2026-04-15 16:51:10,445 INFO     [TaskSelector] → do_load (zone B empty)
2026-04-15 16:51:10,447 INFO     [FetchInput] Entering state
2026-04-15 16:51:10,697 INFO     [Service] /compute_grasps → success=False msg='GroundingDINO found 0 objects.'
2026-04-15 16:51:10,697 ERROR    [FetchInput] /compute_grasps service failed → exiting: failed
2026-04-15 16:51:10,701 DEBUG    [TaskSelector] Evaluating zone states: {'A': 'NEEDS_LABEL', 'B': 'EMPTY'}  busy: {'A': True, 'B': False}
2026-04-15 16:51:10,702 INFO     [TaskSelector] → do_load (zone B empty)
2026-04-15 16:51:10,704 INFO     [FetchInput] Entering state
2026-04-15 16:51:10,974 INFO     [Service] /compute_grasps → success=False msg='GroundingDINO found 0 objects.'
2026-04-15 16:51:10,974 ERROR    [FetchInput] /compute_grasps service failed → exiting: failed
2026-04-15 16:51:10,977 DEBUG    [TaskSelector] Evaluating zone states: {'A': 'NEEDS_LABEL', 'B': 'EMPTY'}  busy: {'A': True, 'B': False}
2026-04-15 16:51:10,977 INFO     [TaskSelector] → do_load (zone B empty)
2026-04-15 16:51:10,979 INFO     [FetchInput] Entering state
2026-04-15 16:51:11,239 INFO     [Service] /compute_grasps → success=False msg='GroundingDINO found 0 objects.'
2026-04-15 16:51:11,240 ERROR    [FetchInput] /compute_grasps service failed → exiting: failed
2026-04-15 16:51:11,243 DEBUG    [TaskSelector] Evaluating zone states: {'A': 'NEEDS_LABEL', 'B': 'EMPTY'}  busy: {'A': True, 'B': False}
2026-04-15 16:51:11,243 INFO     [TaskSelector] → do_load (zone B empty)
2026-04-15 16:51:11,245 INFO     [FetchInput] Entering state
2026-04-15 16:51:11,523 INFO     [Service] /compute_grasps → success=False msg='GroundingDINO found 0 objects.'
2026-04-15 16:51:11,524 ERROR    [FetchInput] /compute_grasps service failed → exiting: failed
2026-04-15 16:51:11,525 DEBUG    [TaskSelector] Evaluating zone states: {'A': 'NEEDS_LABEL', 'B': 'EMPTY'}  busy: {'A': True, 'B': False}
2026-04-15 16:51:11,525 INFO     [TaskSelector] → do_load (zone B empty)
2026-04-15 16:51:11,526 INFO     [FetchInput] Entering state
2026-04-15 16:51:11,788 INFO     [Service] /compute_grasps → success=False msg='GroundingDINO found 0 objects.'
2026-04-15 16:51:11,788 ERROR    [FetchInput] /compute_grasps service failed → exiting: failed
2026-04-15 16:51:11,789 DEBUG    [TaskSelector] Evaluating zone states: {'A': 'NEEDS_LABEL', 'B': 'EMPTY'}  busy: {'A': True, 'B': False}
2026-04-15 16:51:11,789 INFO     [TaskSelector] → do_load (zone B empty)
2026-04-15 16:51:11,790 INFO     [FetchInput] Entering state
2026-04-15 16:51:12,039 INFO     [Service] /compute_grasps → success=False msg='GroundingDINO found 0 objects.'
2026-04-15 16:51:12,039 ERROR    [FetchInput] /compute_grasps service failed → exiting: failed
2026-04-15 16:51:12,040 DEBUG    [TaskSelector] Evaluating zone states: {'A': 'NEEDS_LABEL', 'B': 'EMPTY'}  busy: {'A': True, 'B': False}
2026-04-15 16:51:12,041 INFO     [TaskSelector] → do_load (zone B empty)
2026-04-15 16:51:12,044 INFO     [FetchInput] Entering state
2026-04-15 16:51:12,311 INFO     [Service] /compute_grasps → success=False msg='GroundingDINO found 0 objects.'
2026-04-15 16:51:12,312 ERROR    [FetchInput] /compute_grasps service failed → exiting: failed
2026-04-15 16:51:12,314 DEBUG    [TaskSelector] Evaluating zone states: {'A': 'NEEDS_LABEL', 'B': 'EMPTY'}  busy: {'A': True, 'B': False}
2026-04-15 16:51:12,314 INFO     [TaskSelector] → do_load (zone B empty)
2026-04-15 16:51:12,316 INFO     [FetchInput] Entering state
2026-04-15 16:51:12,575 INFO     [Service] /compute_grasps → success=False msg='GroundingDINO found 0 objects.'
2026-04-15 16:51:12,575 ERROR    [FetchInput] /compute_grasps service failed → exiting: failed
2026-04-15 16:51:12,578 DEBUG    [TaskSelector] Evaluating zone states: {'A': 'NEEDS_LABEL', 'B': 'EMPTY'}  busy: {'A': True, 'B': False}
2026-04-15 16:51:12,579 INFO     [TaskSelector] → do_load (zone B empty)
2026-04-15 16:51:12,583 INFO     [FetchInput] Entering state
2026-04-15 16:51:12,679 WARNING  [Main] Shutting down: turning off both vacuums
2026-04-15 16:51:12,680 INFO     [Main] Total items placed at output: 2
2026-04-15 16:51:12,682 INFO     [Service] /orio/pnp_cup/off → success=True msg='PnP Cup OFF command sent'
2026-04-15 16:51:12,684 INFO     [Service] /orio/lbl_cup/off → success=True msg='Labelling Cup OFF command sent'
2026-04-15 16:51:12,854 ERROR    [Service] Call failed for /compute_grasps: service [/compute_grasps] returned no response
2026-04-15 16:51:12,854 ERROR    [FetchInput] /compute_grasps service failed → exiting: failed
