2026-04-15 17:06:11,752 INFO     [Logger] File log started: /home/ros_ws/src/devel_packages/orio/logs/orio_run_20260415_170611.log
2026-04-15 17:06:11,753 INFO     [Main] Node started. Log file: /home/ros_ws/src/devel_packages/orio/logs/orio_run_20260415_170611.log
2026-04-15 17:06:14,266 INFO     [Main] Operator input — item='j'  expiry='j'
2026-04-15 17:06:14,266 INFO     [Hardware] Initializing Robot Hardware...
2026-04-15 17:06:14,812 INFO     [Hardware] Resetting both arms to home joints
2026-04-15 17:06:25,073 INFO     [Hardware] Poses loaded from joint_angles.json
2026-04-15 17:06:25,079 INFO     [Hardware] Initialization complete
2026-04-15 17:06:25,086 INFO     [Main] Starting state machine execution
2026-04-15 17:06:25,090 DEBUG    [TaskSelector] Evaluating zone states: {'A': 'EMPTY', 'B': 'EMPTY'}  busy: {'A': False, 'B': False}
2026-04-15 17:06:25,091 INFO     [TaskSelector] → do_load (zone A empty)
2026-04-15 17:06:25,091 INFO     [GetLabel] Entering state
2026-04-15 17:06:25,093 INFO     [FetchInput] Entering state
2026-04-15 17:06:25,713 INFO     [Service] /compute_grasps → success=True msg='Published 2 PnP poses.'
2026-04-15 17:06:25,713 INFO     [FetchInput] Grasp pose received: x=0.0618 y=-0.5523 z=0.0230
2026-04-15 17:06:25,713 INFO     [IK] compute_pick_joints called — task_pos=[ 0.0618 -0.5523  0.023 ] label_zone=None max_attempts=10 check_collisions=False arm_number=None
2026-04-15 17:06:25,739 INFO     [IK] Arm? compute_pick_joints attempt 1/10 OK — target=([ 0.0618 -0.5523  0.023 ]) pre=[-0.6376  0.4442 -0.8231 -2.1789  0.502   2.4275 -1.0174] final=[-0.8939  0.6183 -0.5224 -2.1435  0.6114  2.6135 -1.0917] (FK err pre=0.0000 m final=0.0000 m)
2026-04-15 17:06:25,739 INFO     [FetchInput] IK pre_joints:   [-0.6376  0.4442 -0.8231 -2.1789  0.502   2.4275 -1.0174]
2026-04-15 17:06:25,740 INFO     [FetchInput] IK final_joints: [-0.8939  0.6183 -0.5224 -2.1435  0.6114  2.6135 -1.0917]
2026-04-15 17:06:25,740 INFO     [FetchInput] Moving to pre-pick
2026-04-15 17:06:29,221 INFO     [FetchInput] Descending to pick
2026-04-15 17:06:31,428 INFO     [Service] /orio/pnp_cup/on → success=True msg='PnP Cup ON command sent'
2026-04-15 17:06:32,428 INFO     [FetchInput] Retracting to pre-pick height
2026-04-15 17:06:34,633 INFO     [FetchInput] Exiting: succeeded (item_depth=0.0230)
2026-04-15 17:06:34,636 INFO     [DropToZone] Entering state (item_depth=0.0230)
2026-04-15 17:06:34,636 INFO     [DropToZone] Targeting zone A
2026-04-15 17:06:34,649 INFO     [IK] pose_to_joints 'L1_INTER' depth_offset=0.0230 → joints=[-0.3196 -0.4678 -0.366  -2.616  -0.1962  2.1662  0.2472]
2026-04-15 17:06:34,660 INFO     [IK] pose_to_joints 'LABEL_ZONE_1' depth_offset=0.0330 → joints=[-0.2396  1.214  -0.1669 -0.8491  0.1765  2.052   0.4047]
2026-04-15 17:06:34,661 INFO     [DropToZone] place_joints for LABEL_ZONE_1: [-0.2396  1.214  -0.1669 -0.8491  0.1765  2.052   0.4047]
2026-04-15 17:06:35,305 INFO     [Service] /orio/lbl_cup/on → success=True msg='Labelling Cup ON command sent'
2026-04-15 17:06:38,776 INFO     [IK] pose_to_joints 'LABELLING_SAFE' depth_offset=0.0000 → joints=[-0.065  -1.2718  0.0356 -2.707   0.0343  1.4354  0.7355]
2026-04-15 17:06:41,238 INFO     [Service] /orio/pnp_cup/off → success=True msg='PnP Cup OFF command sent'
2026-04-15 17:06:41,983 INFO     [GetLabel] Exiting: succeeded
2026-04-15 17:06:41,984 INFO     [ApplyLabel] Entering state (zones: {'A': 'EMPTY', 'B': 'EMPTY'}  busy: {'A': True, 'B': False})
2026-04-15 17:06:41,985 DEBUG    [ApplyLabel] No zone needs label → wait
2026-04-15 17:06:42,486 INFO     [ApplyLabel] Entering state (zones: {'A': 'EMPTY', 'B': 'EMPTY'}  busy: {'A': True, 'B': False})
2026-04-15 17:06:42,486 DEBUG    [ApplyLabel] No zone needs label → wait
2026-04-15 17:06:42,988 INFO     [ApplyLabel] Entering state (zones: {'A': 'EMPTY', 'B': 'EMPTY'}  busy: {'A': True, 'B': False})
2026-04-15 17:06:42,988 DEBUG    [ApplyLabel] No zone needs label → wait
2026-04-15 17:06:43,489 INFO     [ApplyLabel] Entering state (zones: {'A': 'EMPTY', 'B': 'EMPTY'}  busy: {'A': True, 'B': False})
2026-04-15 17:06:43,489 DEBUG    [ApplyLabel] No zone needs label → wait
2026-04-15 17:06:43,990 INFO     [ApplyLabel] Entering state (zones: {'A': 'EMPTY', 'B': 'EMPTY'}  busy: {'A': True, 'B': False})
2026-04-15 17:06:43,990 DEBUG    [ApplyLabel] No zone needs label → wait
2026-04-15 17:06:44,492 INFO     [ApplyLabel] Entering state (zones: {'A': 'EMPTY', 'B': 'EMPTY'}  busy: {'A': True, 'B': False})
2026-04-15 17:06:44,492 DEBUG    [ApplyLabel] No zone needs label → wait
2026-04-15 17:06:44,717 INFO     [ZoneManager] Zone A: EMPTY → NEEDS_LABEL
2026-04-15 17:06:44,717 INFO     [DropToZone] Exiting: dropped (zone A)
2026-04-15 17:06:44,718 DEBUG    [TaskSelector] Evaluating zone states: {'A': 'NEEDS_LABEL', 'B': 'EMPTY'}  busy: {'A': False, 'B': False}
2026-04-15 17:06:44,718 INFO     [TaskSelector] → do_load (zone B empty)
2026-04-15 17:06:44,719 INFO     [FetchInput] Entering state
2026-04-15 17:06:44,994 INFO     [ApplyLabel] Entering state (zones: {'A': 'NEEDS_LABEL', 'B': 'EMPTY'}  busy: {'A': False, 'B': False})
2026-04-15 17:06:44,994 INFO     [ApplyLabel] Applying label to zone A (zone_number=1, depth=0.0230)
2026-04-15 17:06:44,994 INFO     [compute_label_joints] Requesting label pose for zone 1, item_depth=0.0255
2026-04-15 17:06:45,393 INFO     [Service] /compute_grasps → success=True msg='Published 2 PnP poses.'
2026-04-15 17:06:45,394 INFO     [FetchInput] Grasp pose received: x=0.3622 y=-0.4856 z=0.0271
2026-04-15 17:06:45,394 INFO     [IK] compute_pick_joints called — task_pos=[ 0.3622 -0.4856  0.0271] label_zone=None max_attempts=10 check_collisions=False arm_number=None
2026-04-15 17:06:45,407 INFO     [IK] Arm? compute_pick_joints attempt 1/10 OK — target=([ 0.3622 -0.4856  0.0271]) pre=[-0.1856  0.5712 -0.789  -1.9811  0.5546  2.3252 -0.5044] final=[-0.3968  0.7144 -0.5314 -1.9556  0.5971  2.51   -0.5312] (FK err pre=0.0000 m final=0.0000 m)
2026-04-15 17:06:45,408 INFO     [FetchInput] IK pre_joints:   [-0.1856  0.5712 -0.789  -1.9811  0.5546  2.3252 -0.5044]
2026-04-15 17:06:45,408 INFO     [FetchInput] IK final_joints: [-0.3968  0.7144 -0.5314 -1.9556  0.5971  2.51   -0.5312]
2026-04-15 17:06:45,409 INFO     [FetchInput] Moving to pre-pick
2026-04-15 17:06:46,529 INFO     [Service] /compute_grasps_labelling → success=True msg='Zone1=OK, Zone2=FAIL'
2026-04-15 17:06:46,529 INFO     item_depth=0.0255  X=-0.3178 Y=-0.1641 Z=0.9745  pos(world)=[0.6241 0.3368 0.0055]  task_pos=[0.6241 0.3368 0.0255]  task_ori=[1.     0.0047 0.     0.    ]
2026-04-15 17:06:46,530 INFO     [compute_label_joints] Zone 1 received pose: x=0.6241 y=0.3368 z=0.0255  RPY r=180.00 p=0.00 y=0.53 deg
2026-04-15 17:06:46,531 INFO     [IK] compute_pick_joints called — task_pos=[0.6241 0.3368 0.0255] label_zone=1 max_attempts=10 check_collisions=True arm_number=2
2026-04-15 17:06:46,551 INFO     Arm2: cached 8 obstacles from '/home/ros_ws/src/devel_packages/orio/obstacles_files/obs_arm2_free.p'
2026-04-15 17:06:46,562 INFO     [IK] Arm2 compute_pick_joints attempt 1/10 OK — target=([0.6241 0.3368 0.0255]) pre=[ 0.3924  0.7023  0.1269 -1.5261 -0.1029  2.2219  1.3374] final=[ 0.5628  0.8752 -0.0823 -1.5001  0.0908  2.3716  1.2301] (FK err pre=0.0000 m final=0.0000 m)
2026-04-15 17:06:46,563 INFO     [ApplyLabel] IK pre_joints=[ 0.3924  0.7023  0.1269 -1.5261 -0.1029  2.2219  1.3374]  final_joints=[ 0.5628  0.8752 -0.0823 -1.5001  0.0908  2.3716  1.2301]
2026-04-15 17:06:46,564 INFO     [ApplyLabel] Registering label — item='j' expiry='j'
2026-04-15 17:06:48,867 INFO     [FetchInput] Descending to pick
2026-04-15 17:06:51,073 INFO     [Service] /orio/pnp_cup/on → success=True msg='PnP Cup ON command sent'
2026-04-15 17:06:51,680 ERROR    [RFID] Service call failed for /inventory/add_item: timeout exceeded while waiting for service /inventory/add_item
2026-04-15 17:06:52,074 INFO     [FetchInput] Retracting to pre-pick height
2026-04-15 17:06:54,280 INFO     [FetchInput] Exiting: succeeded (item_depth=0.0271)
2026-04-15 17:06:54,281 INFO     [DropToZone] Entering state (item_depth=0.0271)
2026-04-15 17:06:54,281 INFO     [DropToZone] Targeting zone B
2026-04-15 17:06:54,291 INFO     [IK] pose_to_joints 'L1_INTER' depth_offset=0.0271 → joints=[-0.3195 -0.4737 -0.3641 -2.6095 -0.1959  2.1538  0.2477]
2026-04-15 17:06:54,301 INFO     [IK] pose_to_joints 'L2_INTER' depth_offset=0.0271 → joints=[ 0.0753 -0.5331  0.5962 -2.6015  0.3413  2.1205  1.2061]
2026-04-15 17:06:54,313 INFO     [IK] pose_to_joints 'LABEL_ZONE_2' depth_offset=0.0371 → joints=[ 0.3525  1.1987 -0.0618 -0.8572  0.065   2.0544  1.0852]
2026-04-15 17:06:54,313 INFO     [DropToZone] place_joints for LABEL_ZONE_2: [ 0.3525  1.1987 -0.0618 -0.8572  0.065   2.0544  1.0852]
2026-04-15 17:07:00,391 WARNING  [Main] Shutting down: turning off both vacuums
2026-04-15 17:07:00,391 INFO     [Main] Total items placed at output: 0
2026-04-15 17:07:00,394 INFO     [Service] /orio/pnp_cup/off → success=True msg='PnP Cup OFF command sent'
2026-04-15 17:07:00,396 INFO     [Service] /orio/lbl_cup/off → success=True msg='Labelling Cup OFF command sent'
