2026-04-15 16:38:19,529 INFO     [Logger] File log started: /home/ros_ws/src/devel_packages/orio/logs/orio_run_20260415_163819.log
2026-04-15 16:38:19,529 INFO     [Main] Node started. Log file: /home/ros_ws/src/devel_packages/orio/logs/orio_run_20260415_163819.log
2026-04-15 16:38:22,262 INFO     [Main] Operator input — item='errzdfg'  expiry='dfgrdgz'
2026-04-15 16:38:22,263 INFO     [Hardware] Initializing Robot Hardware...
2026-04-15 16:38:22,728 INFO     [Hardware] Resetting both arms to home joints
2026-04-15 16:38:30,987 INFO     [Hardware] Poses loaded from joint_angles.json
2026-04-15 16:38:30,992 INFO     [Hardware] Initialization complete
2026-04-15 16:38:30,998 INFO     [Main] Starting state machine execution
2026-04-15 16:38:31,000 INFO     [GetLabel] Entering state
2026-04-15 16:38:31,001 DEBUG    [TaskSelector] Evaluating zone states: {'A': 'EMPTY', 'B': 'EMPTY'}  busy: {'A': False, 'B': False}
2026-04-15 16:38:31,001 INFO     [TaskSelector] → do_load (zone A empty)
2026-04-15 16:38:31,003 INFO     [FetchInput] Entering state
2026-04-15 16:38:32,417 INFO     [Service] /compute_grasps → success=True msg='Published 3 PnP poses.'
2026-04-15 16:38:32,417 INFO     [FetchInput] Grasp pose received: x=0.3524 y=-0.3123 z=0.0325
2026-04-15 16:38:32,418 INFO     [IK] compute_pick_joints called — task_pos=[ 0.3524 -0.3123  0.0325] label_zone=None max_attempts=10 check_collisions=False arm_number=None
2026-04-15 16:38:32,435 INFO     [IK] Arm? compute_pick_joints attempt 1/10 OK — target=([ 0.3524 -0.3123  0.0325]) pre=[-0.3054  0.0888 -0.4129 -2.4959  0.0665  2.5763  0.0125] final=[-0.5755  0.3563 -0.1257 -2.4753  0.1414  2.8261 -0.0425] (FK err pre=0.0000 m final=0.0000 m)
2026-04-15 16:38:32,437 INFO     [FetchInput] IK pre_joints:   [-0.3054  0.0888 -0.4129 -2.4959  0.0665  2.5763  0.0125]
2026-04-15 16:38:32,438 INFO     [FetchInput] IK final_joints: [-0.5755  0.3563 -0.1257 -2.4753  0.1414  2.8261 -0.0425]
2026-04-15 16:38:32,438 INFO     [FetchInput] Moving to pre-pick
2026-04-15 16:38:35,880 INFO     [FetchInput] Descending to pick
2026-04-15 16:38:38,339 INFO     [Service] /orio/pnp_cup/on → success=True msg='PnP Cup ON command sent'
2026-04-15 16:38:39,340 INFO     [FetchInput] Retracting to pre-pick height
2026-04-15 16:38:41,788 INFO     [FetchInput] Exiting: succeeded (item_depth=0.0325)
2026-04-15 16:38:41,789 INFO     [DropToZone] Entering state (item_depth=0.0325)
2026-04-15 16:38:41,789 INFO     [DropToZone] Targeting zone A
2026-04-15 16:38:41,798 INFO     [IK] pose_to_joints 'L1_INTER' depth_offset=0.0325 → joints=[-0.3194 -0.4812 -0.3616 -2.6007 -0.1954  2.1376  0.2484]
2026-04-15 16:38:41,807 INFO     [IK] pose_to_joints 'LABEL_ZONE_1' depth_offset=0.0425 → joints=[-0.2379  1.1936 -0.1683 -0.8621  0.1759  2.0444  0.4041]
2026-04-15 16:38:41,808 INFO     [DropToZone] place_joints for LABEL_ZONE_1: [-0.2379  1.1936 -0.1683 -0.8621  0.1759  2.0444  0.4041]
2026-04-15 16:38:43,115 INFO     [Service] /orio/lbl_cup/on → success=True msg='Labelling Cup ON command sent'
2026-04-15 16:38:46,565 INFO     [IK] pose_to_joints 'LABELLING_SAFE' depth_offset=0.0000 → joints=[-0.065  -1.2718  0.0356 -2.707   0.0343  1.4354  0.7355]
2026-04-15 16:38:48,691 INFO     [Service] /orio/pnp_cup/off → success=True msg='PnP Cup OFF command sent'
2026-04-15 16:38:49,769 INFO     [GetLabel] Exiting: succeeded
2026-04-15 16:38:49,770 INFO     [ApplyLabel] Entering state (zones: {'A': 'EMPTY', 'B': 'EMPTY'}  busy: {'A': True, 'B': False})
2026-04-15 16:38:49,770 DEBUG    [ApplyLabel] No zone needs label → wait
2026-04-15 16:38:50,272 INFO     [ApplyLabel] Entering state (zones: {'A': 'EMPTY', 'B': 'EMPTY'}  busy: {'A': True, 'B': False})
2026-04-15 16:38:50,272 DEBUG    [ApplyLabel] No zone needs label → wait
2026-04-15 16:38:50,773 INFO     [ApplyLabel] Entering state (zones: {'A': 'EMPTY', 'B': 'EMPTY'}  busy: {'A': True, 'B': False})
2026-04-15 16:38:50,773 DEBUG    [ApplyLabel] No zone needs label → wait
2026-04-15 16:38:51,275 INFO     [ApplyLabel] Entering state (zones: {'A': 'EMPTY', 'B': 'EMPTY'}  busy: {'A': True, 'B': False})
2026-04-15 16:38:51,275 DEBUG    [ApplyLabel] No zone needs label → wait
2026-04-15 16:38:51,776 INFO     [ApplyLabel] Entering state (zones: {'A': 'EMPTY', 'B': 'EMPTY'}  busy: {'A': True, 'B': False})
2026-04-15 16:38:51,776 DEBUG    [ApplyLabel] No zone needs label → wait
2026-04-15 16:38:52,177 INFO     [ZoneManager] Zone A: EMPTY → NEEDS_LABEL
2026-04-15 16:38:52,177 INFO     [DropToZone] Exiting: dropped (zone A)
2026-04-15 16:38:52,178 DEBUG    [TaskSelector] Evaluating zone states: {'A': 'NEEDS_LABEL', 'B': 'EMPTY'}  busy: {'A': False, 'B': False}
2026-04-15 16:38:52,178 INFO     [TaskSelector] → do_load (zone B empty)
2026-04-15 16:38:52,179 INFO     [FetchInput] Entering state
2026-04-15 16:38:52,279 INFO     [ApplyLabel] Entering state (zones: {'A': 'NEEDS_LABEL', 'B': 'EMPTY'}  busy: {'A': False, 'B': False})
2026-04-15 16:38:52,279 INFO     [ApplyLabel] Applying label to zone A (zone_number=1, depth=0.0325)
2026-04-15 16:38:52,279 INFO     [compute_label_joints] Requesting label pose for zone 1, item_depth=0.0350
2026-04-15 16:38:52,805 ERROR    [Service] Call failed for /compute_grasps: service [/compute_grasps] responded with an error: b'error processing request: An image must be set with .set_image(...) before mask prediction.'
2026-04-15 16:38:52,806 ERROR    [FetchInput] /compute_grasps service failed → exiting: failed
2026-04-15 16:38:52,807 DEBUG    [TaskSelector] Evaluating zone states: {'A': 'NEEDS_LABEL', 'B': 'EMPTY'}  busy: {'A': True, 'B': False}
2026-04-15 16:38:52,807 INFO     [TaskSelector] → do_load (zone B empty)
2026-04-15 16:38:52,808 INFO     [FetchInput] Entering state
2026-04-15 16:38:53,554 INFO     [Service] /compute_grasps → success=True msg='Published 2 PnP poses.'
2026-04-15 16:38:53,554 INFO     [FetchInput] Grasp pose received: x=0.0297 y=-0.6120 z=0.0221
2026-04-15 16:38:53,554 INFO     [IK] compute_pick_joints called — task_pos=[ 0.0297 -0.612   0.0221] label_zone=None max_attempts=10 check_collisions=False arm_number=None
2026-04-15 16:38:53,572 INFO     [IK] Arm? compute_pick_joints attempt 1/10 OK — target=([ 0.0297 -0.612   0.0221]) pre=[-0.8919  0.5497 -0.6673 -1.9609  0.4725  2.3515 -1.0434] final=[-1.1044  0.7022 -0.4157 -1.9349  0.4784  2.5393 -1.0479] (FK err pre=0.0000 m final=0.0000 m)
2026-04-15 16:38:53,572 INFO     [FetchInput] IK pre_joints:   [-0.8919  0.5497 -0.6673 -1.9609  0.4725  2.3515 -1.0434]
2026-04-15 16:38:53,573 INFO     [FetchInput] IK final_joints: [-1.1044  0.7022 -0.4157 -1.9349  0.4784  2.5393 -1.0479]
2026-04-15 16:38:53,573 INFO     [FetchInput] Moving to pre-pick
2026-04-15 16:38:53,913 INFO     [Service] /compute_grasps_labelling → success=True msg='Zone1=OK, Zone2=OK'
2026-04-15 16:38:53,914 INFO     item_depth=0.0350  X=-0.1038 Y=0.1654 Z=0.9650  pos(world)=[0.2946 0.1228 0.015 ]  task_pos=[0.2946 0.1228 0.035 ]  task_ori=[0.0052 1.     0.     0.    ]
2026-04-15 16:38:53,916 INFO     [compute_label_joints] Zone 1 received pose: x=0.2946 y=0.1228 z=0.0350  RPY r=180.00 p=0.00 y=179.41 deg
2026-04-15 16:38:53,916 INFO     [IK] compute_pick_joints called — task_pos=[0.2946 0.1228 0.035 ] label_zone=1 max_attempts=10 check_collisions=True arm_number=2
2026-04-15 16:38:53,939 INFO     Arm2: cached 8 obstacles from '/home/ros_ws/src/devel_packages/orio/obstacles_files/obs_arm2_free.p'
2026-04-15 16:38:53,946 INFO     [IK] Arm2 compute_pick_joints attempt 1/10 OK — target=([0.2946 0.1228 0.035 ]) pre=[ 0.1005 -0.3584  0.3637 -2.9683  0.2521  2.6178  1.0088] final=[-0.4719  0.1648  0.6639 -2.9009 -0.7448  2.9919  1.7099] (FK err pre=0.0000 m final=0.0000 m)
2026-04-15 16:38:53,947 INFO     [ApplyLabel] IK pre_joints=[ 0.1005 -0.3584  0.3637 -2.9683  0.2521  2.6178  1.0088]  final_joints=[-0.4719  0.1648  0.6639 -2.9009 -0.7448  2.9919  1.7099]
2026-04-15 16:38:53,947 INFO     [ApplyLabel] Registering label — item='errzdfg' expiry='dfgrdgz'
2026-04-15 16:38:57,037 INFO     [FetchInput] Descending to pick
2026-04-15 16:38:59,066 ERROR    [RFID] Service call failed for /inventory/add_item: timeout exceeded while waiting for service /inventory/add_item
2026-04-15 16:38:59,242 INFO     [Service] /orio/pnp_cup/on → success=True msg='PnP Cup ON command sent'
2026-04-15 16:39:00,243 INFO     [FetchInput] Retracting to pre-pick height
2026-04-15 16:39:02,449 INFO     [FetchInput] Exiting: succeeded (item_depth=0.0221)
2026-04-15 16:39:02,450 INFO     [DropToZone] Entering state (item_depth=0.0221)
2026-04-15 16:39:02,450 INFO     [DropToZone] Targeting zone B
2026-04-15 16:39:02,461 INFO     [IK] pose_to_joints 'L1_INTER' depth_offset=0.0221 → joints=[-0.3196 -0.4665 -0.3664 -2.6174 -0.1962  2.1689  0.2471]
2026-04-15 16:39:02,470 INFO     [IK] pose_to_joints 'L2_INTER' depth_offset=0.0221 → joints=[ 0.0876 -0.5215  0.5888 -2.61    0.3343  2.1381  1.2134]
2026-04-15 16:39:02,483 INFO     [IK] pose_to_joints 'LABEL_ZONE_2' depth_offset=0.0321 → joints=[ 0.3544  1.2098 -0.0661 -0.8499  0.0699  2.058   1.0837]
2026-04-15 16:39:02,484 INFO     [DropToZone] place_joints for LABEL_ZONE_2: [ 0.3544  1.2098 -0.0661 -0.8499  0.0699  2.058   1.0837]
2026-04-15 16:39:08,909 WARNING  [Main] Shutting down: turning off both vacuums
2026-04-15 16:39:08,909 INFO     [Main] Total items placed at output: 0
2026-04-15 16:39:08,912 INFO     [Service] /orio/pnp_cup/off → success=True msg='PnP Cup OFF command sent'
2026-04-15 16:39:08,914 INFO     [Service] /orio/lbl_cup/off → success=True msg='Labelling Cup OFF command sent'
