2026-04-15 20:05:42,497 INFO     [Logger] File log started: /home/ros_ws/src/devel_packages/orio/logs/orio_run_20260415_200542.log
2026-04-15 20:05:42,497 INFO     [Main] Node started. Log file: /home/ros_ws/src/devel_packages/orio/logs/orio_run_20260415_200542.log
2026-04-15 20:05:48,434 INFO     [Main] Operator input — item='gl'  expiry='6578\'
2026-04-15 20:05:48,435 INFO     [Hardware] Initializing Robot Hardware...
2026-04-15 20:05:48,921 INFO     [Hardware] Resetting both arms to home joints
2026-04-15 20:05:55,359 INFO     [Hardware] Poses loaded from joint_angles.json
2026-04-15 20:05:55,367 INFO     [Hardware] Initialization complete
2026-04-15 20:05:55,372 INFO     [Main] Starting state machine execution
2026-04-15 20:05:55,374 DEBUG    [TaskSelector] Evaluating zone states: {'A': 'EMPTY', 'B': 'EMPTY'}  busy: {'A': False, 'B': False}
2026-04-15 20:05:55,374 INFO     [TaskSelector] → do_load (zone A empty)
2026-04-15 20:05:55,375 INFO     [GetLabel] Entering state
2026-04-15 20:05:55,377 INFO     [FetchInput] Entering state
2026-04-15 20:05:56,191 INFO     [Service] /compute_grasps → success=True msg='Published 5 PnP poses.'
2026-04-15 20:05:56,191 INFO     [FetchInput] Grasp pose received: x=0.3374 y=-0.3357 z=0.0216
2026-04-15 20:05:56,191 INFO     [IK] compute_pick_joints called — task_pos=[ 0.3374 -0.3357  0.0216] label_zone=None max_attempts=10 check_collisions=False arm_number=None
2026-04-15 20:05:56,211 INFO     [IK] Arm? compute_pick_joints attempt 1/10 OK — target=([ 0.3374 -0.3357  0.0216]) pre=[-0.2998  0.1352 -0.4702 -2.4801  0.1183  2.5977 -0.0822] final=[-0.5867  0.4    -0.1608 -2.449   0.2101  2.8381 -0.1504] (FK err pre=0.0000 m final=0.0000 m)
2026-04-15 20:05:56,212 INFO     [FetchInput] IK pre_joints:   [-0.2998  0.1352 -0.4702 -2.4801  0.1183  2.5977 -0.0822]
2026-04-15 20:05:56,213 INFO     [FetchInput] IK final_joints: [-0.5867  0.4    -0.1608 -2.449   0.2101  2.8381 -0.1504]
2026-04-15 20:05:56,214 INFO     [FetchInput] Moving to pre-pick
2026-04-15 20:05:59,605 INFO     [FetchInput] Descending to pick
2026-04-15 20:06:02,069 INFO     [Service] /orio/pnp_cup/on → success=True msg='PnP Cup ON command sent'
2026-04-15 20:06:03,070 INFO     [FetchInput] Retracting to pre-pick height
2026-04-15 20:06:05,517 INFO     [FetchInput] Exiting: succeeded (item_depth=0.0216)
2026-04-15 20:06:05,519 INFO     [DropToZone] Entering state (item_depth=0.0216)
2026-04-15 20:06:05,519 INFO     [DropToZone] Targeting zone A
2026-04-15 20:06:05,529 INFO     [IK] pose_to_joints 'L1_INTER' depth_offset=0.0216 → joints=[-0.3196 -0.4657 -0.3666 -2.6182 -0.1962  2.1705  0.247 ]
2026-04-15 20:06:05,542 INFO     [IK] pose_to_joints 'LABEL_ZONE_1' depth_offset=0.0316 → joints=[-0.2398  1.2171 -0.1667 -0.847   0.1766  2.053   0.4048]
2026-04-15 20:06:05,543 INFO     [DropToZone] place_joints for LABEL_ZONE_1: [-0.2398  1.2171 -0.1667 -0.847   0.1766  2.053   0.4048]
2026-04-15 20:06:05,592 INFO     [Service] /orio/lbl_cup/on → success=True msg='Labelling Cup ON command sent'
2026-04-15 20:06:08,996 INFO     [IK] pose_to_joints 'LABELLING_SAFE' depth_offset=0.0000 → joints=[-0.065  -1.2718  0.0356 -2.707   0.0343  1.4354  0.7355]
2026-04-15 20:06:12,200 INFO     [GetLabel] Exiting: succeeded
2026-04-15 20:06:12,202 INFO     [ApplyLabel] Entering state (zones: {'A': 'EMPTY', 'B': 'EMPTY'}  busy: {'A': True, 'B': False})
2026-04-15 20:06:12,202 DEBUG    [ApplyLabel] No zone needs label → wait
2026-04-15 20:06:12,422 INFO     [Service] /orio/pnp_cup/off → success=True msg='PnP Cup OFF command sent'
2026-04-15 20:06:12,705 INFO     [ApplyLabel] Entering state (zones: {'A': 'EMPTY', 'B': 'EMPTY'}  busy: {'A': True, 'B': False})
2026-04-15 20:06:12,705 DEBUG    [ApplyLabel] No zone needs label → wait
2026-04-15 20:06:13,207 INFO     [ApplyLabel] Entering state (zones: {'A': 'EMPTY', 'B': 'EMPTY'}  busy: {'A': True, 'B': False})
2026-04-15 20:06:13,207 DEBUG    [ApplyLabel] No zone needs label → wait
2026-04-15 20:06:13,708 INFO     [ApplyLabel] Entering state (zones: {'A': 'EMPTY', 'B': 'EMPTY'}  busy: {'A': True, 'B': False})
2026-04-15 20:06:13,709 DEBUG    [ApplyLabel] No zone needs label → wait
2026-04-15 20:06:14,211 INFO     [ApplyLabel] Entering state (zones: {'A': 'EMPTY', 'B': 'EMPTY'}  busy: {'A': True, 'B': False})
2026-04-15 20:06:14,211 DEBUG    [ApplyLabel] No zone needs label → wait
2026-04-15 20:06:14,713 INFO     [ApplyLabel] Entering state (zones: {'A': 'EMPTY', 'B': 'EMPTY'}  busy: {'A': True, 'B': False})
2026-04-15 20:06:14,713 DEBUG    [ApplyLabel] No zone needs label → wait
2026-04-15 20:06:15,215 INFO     [ApplyLabel] Entering state (zones: {'A': 'EMPTY', 'B': 'EMPTY'}  busy: {'A': True, 'B': False})
2026-04-15 20:06:15,215 DEBUG    [ApplyLabel] No zone needs label → wait
2026-04-15 20:06:15,716 INFO     [ApplyLabel] Entering state (zones: {'A': 'EMPTY', 'B': 'EMPTY'}  busy: {'A': True, 'B': False})
2026-04-15 20:06:15,716 DEBUG    [ApplyLabel] No zone needs label → wait
2026-04-15 20:06:15,914 INFO     [ZoneManager] Zone A: EMPTY → NEEDS_LABEL
2026-04-15 20:06:15,914 INFO     [DropToZone] Exiting: dropped (zone A)
2026-04-15 20:06:15,915 DEBUG    [TaskSelector] Evaluating zone states: {'A': 'NEEDS_LABEL', 'B': 'EMPTY'}  busy: {'A': False, 'B': False}
2026-04-15 20:06:15,915 INFO     [TaskSelector] → do_load (zone B empty)
2026-04-15 20:06:15,916 INFO     [FetchInput] Entering state
2026-04-15 20:06:16,219 INFO     [ApplyLabel] Entering state (zones: {'A': 'NEEDS_LABEL', 'B': 'EMPTY'}  busy: {'A': False, 'B': False})
2026-04-15 20:06:16,219 INFO     [ApplyLabel] Applying label to zone A (zone_number=1, depth=0.0216)
2026-04-15 20:06:16,219 INFO     [compute_label_joints] Requesting label pose for zone 1, item_depth=0.0241
2026-04-15 20:06:16,585 INFO     [Service] /compute_grasps → success=True msg='Published 3 PnP poses.'
2026-04-15 20:06:16,585 INFO     [FetchInput] Grasp pose received: x=0.0756 y=-0.3719 z=0.0127
2026-04-15 20:06:16,586 INFO     [IK] compute_pick_joints called — task_pos=[ 0.0756 -0.3719  0.0127] label_zone=None max_attempts=10 check_collisions=False arm_number=None
2026-04-15 20:06:16,607 INFO     [IK] Arm? compute_pick_joints attempt 1/10 OK — target=([ 0.0756 -0.3719  0.0127]) pre=[-0.4038 -0.1526 -1.0316 -2.785  -0.3023  2.6882 -0.3715] final=[-0.5935  0.3767 -0.5724 -2.6726  0.9434  2.8929 -1.2763] (FK err pre=0.0000 m final=0.0000 m)
2026-04-15 20:06:16,610 INFO     [FetchInput] IK pre_joints:   [-0.4038 -0.1526 -1.0316 -2.785  -0.3023  2.6882 -0.3715]
2026-04-15 20:06:16,611 INFO     [FetchInput] IK final_joints: [-0.5935  0.3767 -0.5724 -2.6726  0.9434  2.8929 -1.2763]
2026-04-15 20:06:16,611 INFO     [FetchInput] Moving to pre-pick
2026-04-15 20:06:17,673 INFO     [Service] /compute_grasps_labelling → success=True msg='Zone1=OK, Zone2=FAIL'
2026-04-15 20:06:17,674 INFO     item_depth=0.0241  X=-0.2400 Y=-0.0868 Z=0.9759  pos(world)=[0.5468 0.259  0.0041]  task_pos=[0.5468 0.259  0.0241]  task_ori=[0.9996 0.0283 0.     0.    ]
2026-04-15 20:06:17,676 INFO     [compute_label_joints] Zone 1 received pose: x=0.5468 y=0.2590 z=0.0241  RPY r=180.00 p=0.00 y=3.25 deg
2026-04-15 20:06:17,676 INFO     [IK] compute_pick_joints called — task_pos=[0.5468 0.259  0.0241] label_zone=1 max_attempts=10 check_collisions=True arm_number=2
2026-04-15 20:06:17,702 INFO     Arm2: cached 8 obstacles from '/home/ros_ws/src/devel_packages/orio/obstacles_files/obs_arm2_free.p'
2026-04-15 20:06:19,816 INFO     [FetchInput] Descending to pick
2026-04-15 20:06:22,124 INFO     [Service] /orio/pnp_cup/on → success=True msg='PnP Cup ON command sent'
2026-04-15 20:06:23,124 INFO     [FetchInput] Retracting to pre-pick height
2026-04-15 20:06:25,523 INFO     [FetchInput] Exiting: succeeded (item_depth=0.0127)
2026-04-15 20:06:25,529 INFO     [DropToZone] Entering state (item_depth=0.0127)
2026-04-15 20:06:25,529 INFO     [DropToZone] Targeting zone B
2026-04-15 20:06:25,539 INFO     [IK] pose_to_joints 'L1_INTER' depth_offset=0.0127 → joints=[-0.3198 -0.4518 -0.3706 -2.6319 -0.1965  2.1979  0.2456]
2026-04-15 20:06:25,548 INFO     [IK] pose_to_joints 'L2_INTER' depth_offset=0.0127 → joints=[ 0.1075 -0.4999  0.5773 -2.6254  0.3227  2.1712  1.2255]
2026-04-15 20:06:25,558 INFO     [IK] pose_to_joints 'LABEL_ZONE_2' depth_offset=0.0227 → joints=[ 0.3577  1.232  -0.0738 -0.8342  0.0791  2.064   1.081 ]
2026-04-15 20:06:25,559 INFO     [DropToZone] place_joints for LABEL_ZONE_2: [ 0.3577  1.232  -0.0738 -0.8342  0.0791  2.064   1.081 ]
2026-04-15 20:06:33,936 INFO     [Service] /orio/pnp_cup/off → success=True msg='PnP Cup OFF command sent'
2026-04-15 20:06:37,403 INFO     [ZoneManager] Zone B: EMPTY → NEEDS_LABEL
2026-04-15 20:06:37,403 INFO     [DropToZone] Exiting: dropped (zone B)
2026-04-15 20:06:37,407 DEBUG    [TaskSelector] Evaluating zone states: {'A': 'NEEDS_LABEL', 'B': 'NEEDS_LABEL'}  busy: {'A': True, 'B': False}
2026-04-15 20:06:37,408 DEBUG    [TaskSelector] → wait (no actionable zones)
2026-04-15 20:06:37,911 DEBUG    [TaskSelector] Evaluating zone states: {'A': 'NEEDS_LABEL', 'B': 'NEEDS_LABEL'}  busy: {'A': True, 'B': False}
2026-04-15 20:06:37,911 DEBUG    [TaskSelector] → wait (no actionable zones)
2026-04-15 20:06:38,414 DEBUG    [TaskSelector] Evaluating zone states: {'A': 'NEEDS_LABEL', 'B': 'NEEDS_LABEL'}  busy: {'A': True, 'B': False}
2026-04-15 20:06:38,414 DEBUG    [TaskSelector] → wait (no actionable zones)
2026-04-15 20:06:38,916 DEBUG    [TaskSelector] Evaluating zone states: {'A': 'NEEDS_LABEL', 'B': 'NEEDS_LABEL'}  busy: {'A': True, 'B': False}
2026-04-15 20:06:38,916 DEBUG    [TaskSelector] → wait (no actionable zones)
2026-04-15 20:06:39,420 DEBUG    [TaskSelector] Evaluating zone states: {'A': 'NEEDS_LABEL', 'B': 'NEEDS_LABEL'}  busy: {'A': True, 'B': False}
2026-04-15 20:06:39,420 DEBUG    [TaskSelector] → wait (no actionable zones)
2026-04-15 20:06:39,922 DEBUG    [TaskSelector] Evaluating zone states: {'A': 'NEEDS_LABEL', 'B': 'NEEDS_LABEL'}  busy: {'A': True, 'B': False}
2026-04-15 20:06:39,923 DEBUG    [TaskSelector] → wait (no actionable zones)
2026-04-15 20:06:40,425 DEBUG    [TaskSelector] Evaluating zone states: {'A': 'NEEDS_LABEL', 'B': 'NEEDS_LABEL'}  busy: {'A': True, 'B': False}
2026-04-15 20:06:40,425 DEBUG    [TaskSelector] → wait (no actionable zones)
2026-04-15 20:06:40,929 DEBUG    [TaskSelector] Evaluating zone states: {'A': 'NEEDS_LABEL', 'B': 'NEEDS_LABEL'}  busy: {'A': True, 'B': False}
2026-04-15 20:06:40,929 DEBUG    [TaskSelector] → wait (no actionable zones)
2026-04-15 20:06:41,432 DEBUG    [TaskSelector] Evaluating zone states: {'A': 'NEEDS_LABEL', 'B': 'NEEDS_LABEL'}  busy: {'A': True, 'B': False}
2026-04-15 20:06:41,432 DEBUG    [TaskSelector] → wait (no actionable zones)
2026-04-15 20:06:41,935 DEBUG    [TaskSelector] Evaluating zone states: {'A': 'NEEDS_LABEL', 'B': 'NEEDS_LABEL'}  busy: {'A': True, 'B': False}
2026-04-15 20:06:41,935 DEBUG    [TaskSelector] → wait (no actionable zones)
2026-04-15 20:06:42,441 DEBUG    [TaskSelector] Evaluating zone states: {'A': 'NEEDS_LABEL', 'B': 'NEEDS_LABEL'}  busy: {'A': True, 'B': False}
2026-04-15 20:06:42,442 DEBUG    [TaskSelector] → wait (no actionable zones)
2026-04-15 20:06:42,946 DEBUG    [TaskSelector] Evaluating zone states: {'A': 'NEEDS_LABEL', 'B': 'NEEDS_LABEL'}  busy: {'A': True, 'B': False}
2026-04-15 20:06:42,946 DEBUG    [TaskSelector] → wait (no actionable zones)
2026-04-15 20:06:43,449 DEBUG    [TaskSelector] Evaluating zone states: {'A': 'NEEDS_LABEL', 'B': 'NEEDS_LABEL'}  busy: {'A': True, 'B': False}
2026-04-15 20:06:43,449 DEBUG    [TaskSelector] → wait (no actionable zones)
2026-04-15 20:06:43,953 DEBUG    [TaskSelector] Evaluating zone states: {'A': 'NEEDS_LABEL', 'B': 'NEEDS_LABEL'}  busy: {'A': True, 'B': False}
2026-04-15 20:06:43,953 DEBUG    [TaskSelector] → wait (no actionable zones)
2026-04-15 20:06:44,457 DEBUG    [TaskSelector] Evaluating zone states: {'A': 'NEEDS_LABEL', 'B': 'NEEDS_LABEL'}  busy: {'A': True, 'B': False}
2026-04-15 20:06:44,457 DEBUG    [TaskSelector] → wait (no actionable zones)
2026-04-15 20:06:44,960 DEBUG    [TaskSelector] Evaluating zone states: {'A': 'NEEDS_LABEL', 'B': 'NEEDS_LABEL'}  busy: {'A': True, 'B': False}
2026-04-15 20:06:44,961 DEBUG    [TaskSelector] → wait (no actionable zones)
2026-04-15 20:06:45,463 DEBUG    [TaskSelector] Evaluating zone states: {'A': 'NEEDS_LABEL', 'B': 'NEEDS_LABEL'}  busy: {'A': True, 'B': False}
2026-04-15 20:06:45,464 DEBUG    [TaskSelector] → wait (no actionable zones)
2026-04-15 20:06:45,966 DEBUG    [TaskSelector] Evaluating zone states: {'A': 'NEEDS_LABEL', 'B': 'NEEDS_LABEL'}  busy: {'A': True, 'B': False}
2026-04-15 20:06:45,966 DEBUG    [TaskSelector] → wait (no actionable zones)
2026-04-15 20:06:46,469 DEBUG    [TaskSelector] Evaluating zone states: {'A': 'NEEDS_LABEL', 'B': 'NEEDS_LABEL'}  busy: {'A': True, 'B': False}
2026-04-15 20:06:46,469 DEBUG    [TaskSelector] → wait (no actionable zones)
2026-04-15 20:06:46,973 DEBUG    [TaskSelector] Evaluating zone states: {'A': 'NEEDS_LABEL', 'B': 'NEEDS_LABEL'}  busy: {'A': True, 'B': False}
2026-04-15 20:06:46,973 DEBUG    [TaskSelector] → wait (no actionable zones)
2026-04-15 20:06:47,476 DEBUG    [TaskSelector] Evaluating zone states: {'A': 'NEEDS_LABEL', 'B': 'NEEDS_LABEL'}  busy: {'A': True, 'B': False}
2026-04-15 20:06:47,476 DEBUG    [TaskSelector] → wait (no actionable zones)
2026-04-15 20:06:47,979 DEBUG    [TaskSelector] Evaluating zone states: {'A': 'NEEDS_LABEL', 'B': 'NEEDS_LABEL'}  busy: {'A': True, 'B': False}
2026-04-15 20:06:47,979 DEBUG    [TaskSelector] → wait (no actionable zones)
2026-04-15 20:06:48,483 DEBUG    [TaskSelector] Evaluating zone states: {'A': 'NEEDS_LABEL', 'B': 'NEEDS_LABEL'}  busy: {'A': True, 'B': False}
2026-04-15 20:06:48,483 DEBUG    [TaskSelector] → wait (no actionable zones)
2026-04-15 20:06:48,986 DEBUG    [TaskSelector] Evaluating zone states: {'A': 'NEEDS_LABEL', 'B': 'NEEDS_LABEL'}  busy: {'A': True, 'B': False}
2026-04-15 20:06:48,986 DEBUG    [TaskSelector] → wait (no actionable zones)
2026-04-15 20:06:49,490 DEBUG    [TaskSelector] Evaluating zone states: {'A': 'NEEDS_LABEL', 'B': 'NEEDS_LABEL'}  busy: {'A': True, 'B': False}
2026-04-15 20:06:49,490 DEBUG    [TaskSelector] → wait (no actionable zones)
2026-04-15 20:06:49,996 DEBUG    [TaskSelector] Evaluating zone states: {'A': 'NEEDS_LABEL', 'B': 'NEEDS_LABEL'}  busy: {'A': True, 'B': False}
2026-04-15 20:06:49,996 DEBUG    [TaskSelector] → wait (no actionable zones)
2026-04-15 20:06:50,499 DEBUG    [TaskSelector] Evaluating zone states: {'A': 'NEEDS_LABEL', 'B': 'NEEDS_LABEL'}  busy: {'A': True, 'B': False}
2026-04-15 20:06:50,499 DEBUG    [TaskSelector] → wait (no actionable zones)
2026-04-15 20:06:51,004 DEBUG    [TaskSelector] Evaluating zone states: {'A': 'NEEDS_LABEL', 'B': 'NEEDS_LABEL'}  busy: {'A': True, 'B': False}
2026-04-15 20:06:51,004 DEBUG    [TaskSelector] → wait (no actionable zones)
2026-04-15 20:06:51,508 DEBUG    [TaskSelector] Evaluating zone states: {'A': 'NEEDS_LABEL', 'B': 'NEEDS_LABEL'}  busy: {'A': True, 'B': False}
2026-04-15 20:06:51,508 DEBUG    [TaskSelector] → wait (no actionable zones)
2026-04-15 20:06:52,013 DEBUG    [TaskSelector] Evaluating zone states: {'A': 'NEEDS_LABEL', 'B': 'NEEDS_LABEL'}  busy: {'A': True, 'B': False}
2026-04-15 20:06:52,013 DEBUG    [TaskSelector] → wait (no actionable zones)
2026-04-15 20:06:52,517 DEBUG    [TaskSelector] Evaluating zone states: {'A': 'NEEDS_LABEL', 'B': 'NEEDS_LABEL'}  busy: {'A': True, 'B': False}
2026-04-15 20:06:52,517 DEBUG    [TaskSelector] → wait (no actionable zones)
2026-04-15 20:06:53,024 DEBUG    [TaskSelector] Evaluating zone states: {'A': 'NEEDS_LABEL', 'B': 'NEEDS_LABEL'}  busy: {'A': True, 'B': False}
2026-04-15 20:06:53,024 DEBUG    [TaskSelector] → wait (no actionable zones)
2026-04-15 20:06:53,527 DEBUG    [TaskSelector] Evaluating zone states: {'A': 'NEEDS_LABEL', 'B': 'NEEDS_LABEL'}  busy: {'A': True, 'B': False}
2026-04-15 20:06:53,527 DEBUG    [TaskSelector] → wait (no actionable zones)
2026-04-15 20:06:54,032 DEBUG    [TaskSelector] Evaluating zone states: {'A': 'NEEDS_LABEL', 'B': 'NEEDS_LABEL'}  busy: {'A': True, 'B': False}
2026-04-15 20:06:54,032 DEBUG    [TaskSelector] → wait (no actionable zones)
2026-04-15 20:06:54,535 DEBUG    [TaskSelector] Evaluating zone states: {'A': 'NEEDS_LABEL', 'B': 'NEEDS_LABEL'}  busy: {'A': True, 'B': False}
2026-04-15 20:06:54,536 DEBUG    [TaskSelector] → wait (no actionable zones)
2026-04-15 20:06:55,041 DEBUG    [TaskSelector] Evaluating zone states: {'A': 'NEEDS_LABEL', 'B': 'NEEDS_LABEL'}  busy: {'A': True, 'B': False}
2026-04-15 20:06:55,041 DEBUG    [TaskSelector] → wait (no actionable zones)
2026-04-15 20:06:55,545 DEBUG    [TaskSelector] Evaluating zone states: {'A': 'NEEDS_LABEL', 'B': 'NEEDS_LABEL'}  busy: {'A': True, 'B': False}
2026-04-15 20:06:55,545 DEBUG    [TaskSelector] → wait (no actionable zones)
2026-04-15 20:06:56,052 DEBUG    [TaskSelector] Evaluating zone states: {'A': 'NEEDS_LABEL', 'B': 'NEEDS_LABEL'}  busy: {'A': True, 'B': False}
2026-04-15 20:06:56,052 DEBUG    [TaskSelector] → wait (no actionable zones)
2026-04-15 20:06:56,555 DEBUG    [TaskSelector] Evaluating zone states: {'A': 'NEEDS_LABEL', 'B': 'NEEDS_LABEL'}  busy: {'A': True, 'B': False}
2026-04-15 20:06:56,555 DEBUG    [TaskSelector] → wait (no actionable zones)
2026-04-15 20:06:57,058 DEBUG    [TaskSelector] Evaluating zone states: {'A': 'NEEDS_LABEL', 'B': 'NEEDS_LABEL'}  busy: {'A': True, 'B': False}
2026-04-15 20:06:57,058 DEBUG    [TaskSelector] → wait (no actionable zones)
2026-04-15 20:06:57,561 DEBUG    [TaskSelector] Evaluating zone states: {'A': 'NEEDS_LABEL', 'B': 'NEEDS_LABEL'}  busy: {'A': True, 'B': False}
2026-04-15 20:06:57,561 DEBUG    [TaskSelector] → wait (no actionable zones)
2026-04-15 20:06:58,064 DEBUG    [TaskSelector] Evaluating zone states: {'A': 'NEEDS_LABEL', 'B': 'NEEDS_LABEL'}  busy: {'A': True, 'B': False}
2026-04-15 20:06:58,064 DEBUG    [TaskSelector] → wait (no actionable zones)
2026-04-15 20:06:58,567 DEBUG    [TaskSelector] Evaluating zone states: {'A': 'NEEDS_LABEL', 'B': 'NEEDS_LABEL'}  busy: {'A': True, 'B': False}
2026-04-15 20:06:58,567 DEBUG    [TaskSelector] → wait (no actionable zones)
2026-04-15 20:06:59,070 DEBUG    [TaskSelector] Evaluating zone states: {'A': 'NEEDS_LABEL', 'B': 'NEEDS_LABEL'}  busy: {'A': True, 'B': False}
2026-04-15 20:06:59,071 DEBUG    [TaskSelector] → wait (no actionable zones)
2026-04-15 20:06:59,574 DEBUG    [TaskSelector] Evaluating zone states: {'A': 'NEEDS_LABEL', 'B': 'NEEDS_LABEL'}  busy: {'A': True, 'B': False}
2026-04-15 20:06:59,574 DEBUG    [TaskSelector] → wait (no actionable zones)
2026-04-15 20:07:00,077 DEBUG    [TaskSelector] Evaluating zone states: {'A': 'NEEDS_LABEL', 'B': 'NEEDS_LABEL'}  busy: {'A': True, 'B': False}
2026-04-15 20:07:00,077 DEBUG    [TaskSelector] → wait (no actionable zones)
2026-04-15 20:07:00,580 DEBUG    [TaskSelector] Evaluating zone states: {'A': 'NEEDS_LABEL', 'B': 'NEEDS_LABEL'}  busy: {'A': True, 'B': False}
2026-04-15 20:07:00,580 DEBUG    [TaskSelector] → wait (no actionable zones)
2026-04-15 20:07:01,085 DEBUG    [TaskSelector] Evaluating zone states: {'A': 'NEEDS_LABEL', 'B': 'NEEDS_LABEL'}  busy: {'A': True, 'B': False}
2026-04-15 20:07:01,085 DEBUG    [TaskSelector] → wait (no actionable zones)
2026-04-15 20:07:01,588 DEBUG    [TaskSelector] Evaluating zone states: {'A': 'NEEDS_LABEL', 'B': 'NEEDS_LABEL'}  busy: {'A': True, 'B': False}
2026-04-15 20:07:01,588 DEBUG    [TaskSelector] → wait (no actionable zones)
2026-04-15 20:07:02,091 DEBUG    [TaskSelector] Evaluating zone states: {'A': 'NEEDS_LABEL', 'B': 'NEEDS_LABEL'}  busy: {'A': True, 'B': False}
2026-04-15 20:07:02,091 DEBUG    [TaskSelector] → wait (no actionable zones)
2026-04-15 20:07:02,595 DEBUG    [TaskSelector] Evaluating zone states: {'A': 'NEEDS_LABEL', 'B': 'NEEDS_LABEL'}  busy: {'A': True, 'B': False}
2026-04-15 20:07:02,596 DEBUG    [TaskSelector] → wait (no actionable zones)
2026-04-15 20:07:03,098 DEBUG    [TaskSelector] Evaluating zone states: {'A': 'NEEDS_LABEL', 'B': 'NEEDS_LABEL'}  busy: {'A': True, 'B': False}
2026-04-15 20:07:03,098 DEBUG    [TaskSelector] → wait (no actionable zones)
2026-04-15 20:07:03,602 DEBUG    [TaskSelector] Evaluating zone states: {'A': 'NEEDS_LABEL', 'B': 'NEEDS_LABEL'}  busy: {'A': True, 'B': False}
2026-04-15 20:07:03,602 DEBUG    [TaskSelector] → wait (no actionable zones)
2026-04-15 20:07:04,105 DEBUG    [TaskSelector] Evaluating zone states: {'A': 'NEEDS_LABEL', 'B': 'NEEDS_LABEL'}  busy: {'A': True, 'B': False}
2026-04-15 20:07:04,105 DEBUG    [TaskSelector] → wait (no actionable zones)
2026-04-15 20:07:04,608 DEBUG    [TaskSelector] Evaluating zone states: {'A': 'NEEDS_LABEL', 'B': 'NEEDS_LABEL'}  busy: {'A': True, 'B': False}
2026-04-15 20:07:04,608 DEBUG    [TaskSelector] → wait (no actionable zones)
2026-04-15 20:07:05,111 DEBUG    [TaskSelector] Evaluating zone states: {'A': 'NEEDS_LABEL', 'B': 'NEEDS_LABEL'}  busy: {'A': True, 'B': False}
2026-04-15 20:07:05,111 DEBUG    [TaskSelector] → wait (no actionable zones)
2026-04-15 20:07:05,614 DEBUG    [TaskSelector] Evaluating zone states: {'A': 'NEEDS_LABEL', 'B': 'NEEDS_LABEL'}  busy: {'A': True, 'B': False}
2026-04-15 20:07:05,614 DEBUG    [TaskSelector] → wait (no actionable zones)
2026-04-15 20:07:06,117 DEBUG    [TaskSelector] Evaluating zone states: {'A': 'NEEDS_LABEL', 'B': 'NEEDS_LABEL'}  busy: {'A': True, 'B': False}
2026-04-15 20:07:06,117 DEBUG    [TaskSelector] → wait (no actionable zones)
2026-04-15 20:07:06,620 DEBUG    [TaskSelector] Evaluating zone states: {'A': 'NEEDS_LABEL', 'B': 'NEEDS_LABEL'}  busy: {'A': True, 'B': False}
2026-04-15 20:07:06,620 DEBUG    [TaskSelector] → wait (no actionable zones)
2026-04-15 20:07:07,123 DEBUG    [TaskSelector] Evaluating zone states: {'A': 'NEEDS_LABEL', 'B': 'NEEDS_LABEL'}  busy: {'A': True, 'B': False}
2026-04-15 20:07:07,123 DEBUG    [TaskSelector] → wait (no actionable zones)
2026-04-15 20:07:07,626 DEBUG    [TaskSelector] Evaluating zone states: {'A': 'NEEDS_LABEL', 'B': 'NEEDS_LABEL'}  busy: {'A': True, 'B': False}
2026-04-15 20:07:07,626 DEBUG    [TaskSelector] → wait (no actionable zones)
2026-04-15 20:07:08,129 DEBUG    [TaskSelector] Evaluating zone states: {'A': 'NEEDS_LABEL', 'B': 'NEEDS_LABEL'}  busy: {'A': True, 'B': False}
2026-04-15 20:07:08,129 DEBUG    [TaskSelector] → wait (no actionable zones)
2026-04-15 20:07:08,632 DEBUG    [TaskSelector] Evaluating zone states: {'A': 'NEEDS_LABEL', 'B': 'NEEDS_LABEL'}  busy: {'A': True, 'B': False}
2026-04-15 20:07:08,632 DEBUG    [TaskSelector] → wait (no actionable zones)
2026-04-15 20:07:09,136 DEBUG    [TaskSelector] Evaluating zone states: {'A': 'NEEDS_LABEL', 'B': 'NEEDS_LABEL'}  busy: {'A': True, 'B': False}
2026-04-15 20:07:09,136 DEBUG    [TaskSelector] → wait (no actionable zones)
2026-04-15 20:07:09,639 DEBUG    [TaskSelector] Evaluating zone states: {'A': 'NEEDS_LABEL', 'B': 'NEEDS_LABEL'}  busy: {'A': True, 'B': False}
2026-04-15 20:07:09,639 DEBUG    [TaskSelector] → wait (no actionable zones)
2026-04-15 20:07:10,142 DEBUG    [TaskSelector] Evaluating zone states: {'A': 'NEEDS_LABEL', 'B': 'NEEDS_LABEL'}  busy: {'A': True, 'B': False}
2026-04-15 20:07:10,142 DEBUG    [TaskSelector] → wait (no actionable zones)
2026-04-15 20:07:10,646 DEBUG    [TaskSelector] Evaluating zone states: {'A': 'NEEDS_LABEL', 'B': 'NEEDS_LABEL'}  busy: {'A': True, 'B': False}
2026-04-15 20:07:10,646 DEBUG    [TaskSelector] → wait (no actionable zones)
2026-04-15 20:07:11,154 DEBUG    [TaskSelector] Evaluating zone states: {'A': 'NEEDS_LABEL', 'B': 'NEEDS_LABEL'}  busy: {'A': True, 'B': False}
2026-04-15 20:07:11,154 DEBUG    [TaskSelector] → wait (no actionable zones)
2026-04-15 20:07:11,656 DEBUG    [TaskSelector] Evaluating zone states: {'A': 'NEEDS_LABEL', 'B': 'NEEDS_LABEL'}  busy: {'A': True, 'B': False}
2026-04-15 20:07:11,656 DEBUG    [TaskSelector] → wait (no actionable zones)
2026-04-15 20:07:12,159 DEBUG    [TaskSelector] Evaluating zone states: {'A': 'NEEDS_LABEL', 'B': 'NEEDS_LABEL'}  busy: {'A': True, 'B': False}
2026-04-15 20:07:12,159 DEBUG    [TaskSelector] → wait (no actionable zones)
2026-04-15 20:07:12,662 DEBUG    [TaskSelector] Evaluating zone states: {'A': 'NEEDS_LABEL', 'B': 'NEEDS_LABEL'}  busy: {'A': True, 'B': False}
2026-04-15 20:07:12,662 DEBUG    [TaskSelector] → wait (no actionable zones)
2026-04-15 20:07:13,165 DEBUG    [TaskSelector] Evaluating zone states: {'A': 'NEEDS_LABEL', 'B': 'NEEDS_LABEL'}  busy: {'A': True, 'B': False}
2026-04-15 20:07:13,165 DEBUG    [TaskSelector] → wait (no actionable zones)
2026-04-15 20:07:13,668 DEBUG    [TaskSelector] Evaluating zone states: {'A': 'NEEDS_LABEL', 'B': 'NEEDS_LABEL'}  busy: {'A': True, 'B': False}
2026-04-15 20:07:13,668 DEBUG    [TaskSelector] → wait (no actionable zones)
2026-04-15 20:07:14,171 DEBUG    [TaskSelector] Evaluating zone states: {'A': 'NEEDS_LABEL', 'B': 'NEEDS_LABEL'}  busy: {'A': True, 'B': False}
2026-04-15 20:07:14,171 DEBUG    [TaskSelector] → wait (no actionable zones)
2026-04-15 20:07:14,674 DEBUG    [TaskSelector] Evaluating zone states: {'A': 'NEEDS_LABEL', 'B': 'NEEDS_LABEL'}  busy: {'A': True, 'B': False}
2026-04-15 20:07:14,674 DEBUG    [TaskSelector] → wait (no actionable zones)
2026-04-15 20:07:15,178 DEBUG    [TaskSelector] Evaluating zone states: {'A': 'NEEDS_LABEL', 'B': 'NEEDS_LABEL'}  busy: {'A': True, 'B': False}
2026-04-15 20:07:15,178 DEBUG    [TaskSelector] → wait (no actionable zones)
2026-04-15 20:07:15,681 DEBUG    [TaskSelector] Evaluating zone states: {'A': 'NEEDS_LABEL', 'B': 'NEEDS_LABEL'}  busy: {'A': True, 'B': False}
2026-04-15 20:07:15,681 DEBUG    [TaskSelector] → wait (no actionable zones)
2026-04-15 20:07:16,185 DEBUG    [TaskSelector] Evaluating zone states: {'A': 'NEEDS_LABEL', 'B': 'NEEDS_LABEL'}  busy: {'A': True, 'B': False}
2026-04-15 20:07:16,185 DEBUG    [TaskSelector] → wait (no actionable zones)
2026-04-15 20:07:16,689 DEBUG    [TaskSelector] Evaluating zone states: {'A': 'NEEDS_LABEL', 'B': 'NEEDS_LABEL'}  busy: {'A': True, 'B': False}
2026-04-15 20:07:16,689 DEBUG    [TaskSelector] → wait (no actionable zones)
2026-04-15 20:07:17,193 DEBUG    [TaskSelector] Evaluating zone states: {'A': 'NEEDS_LABEL', 'B': 'NEEDS_LABEL'}  busy: {'A': True, 'B': False}
2026-04-15 20:07:17,193 DEBUG    [TaskSelector] → wait (no actionable zones)
2026-04-15 20:07:17,697 DEBUG    [TaskSelector] Evaluating zone states: {'A': 'NEEDS_LABEL', 'B': 'NEEDS_LABEL'}  busy: {'A': True, 'B': False}
2026-04-15 20:07:17,697 DEBUG    [TaskSelector] → wait (no actionable zones)
2026-04-15 20:07:18,199 DEBUG    [TaskSelector] Evaluating zone states: {'A': 'NEEDS_LABEL', 'B': 'NEEDS_LABEL'}  busy: {'A': True, 'B': False}
2026-04-15 20:07:18,200 DEBUG    [TaskSelector] → wait (no actionable zones)
2026-04-15 20:07:18,703 DEBUG    [TaskSelector] Evaluating zone states: {'A': 'NEEDS_LABEL', 'B': 'NEEDS_LABEL'}  busy: {'A': True, 'B': False}
2026-04-15 20:07:18,703 DEBUG    [TaskSelector] → wait (no actionable zones)
2026-04-15 20:07:19,206 DEBUG    [TaskSelector] Evaluating zone states: {'A': 'NEEDS_LABEL', 'B': 'NEEDS_LABEL'}  busy: {'A': True, 'B': False}
2026-04-15 20:07:19,206 DEBUG    [TaskSelector] → wait (no actionable zones)
2026-04-15 20:07:19,710 DEBUG    [TaskSelector] Evaluating zone states: {'A': 'NEEDS_LABEL', 'B': 'NEEDS_LABEL'}  busy: {'A': True, 'B': False}
2026-04-15 20:07:19,710 DEBUG    [TaskSelector] → wait (no actionable zones)
2026-04-15 20:07:20,213 DEBUG    [TaskSelector] Evaluating zone states: {'A': 'NEEDS_LABEL', 'B': 'NEEDS_LABEL'}  busy: {'A': True, 'B': False}
2026-04-15 20:07:20,213 DEBUG    [TaskSelector] → wait (no actionable zones)
2026-04-15 20:07:20,721 DEBUG    [TaskSelector] Evaluating zone states: {'A': 'NEEDS_LABEL', 'B': 'NEEDS_LABEL'}  busy: {'A': True, 'B': False}
2026-04-15 20:07:20,721 DEBUG    [TaskSelector] → wait (no actionable zones)
2026-04-15 20:07:21,224 DEBUG    [TaskSelector] Evaluating zone states: {'A': 'NEEDS_LABEL', 'B': 'NEEDS_LABEL'}  busy: {'A': True, 'B': False}
2026-04-15 20:07:21,224 DEBUG    [TaskSelector] → wait (no actionable zones)
2026-04-15 20:07:21,728 DEBUG    [TaskSelector] Evaluating zone states: {'A': 'NEEDS_LABEL', 'B': 'NEEDS_LABEL'}  busy: {'A': True, 'B': False}
2026-04-15 20:07:21,728 DEBUG    [TaskSelector] → wait (no actionable zones)
2026-04-15 20:07:22,231 DEBUG    [TaskSelector] Evaluating zone states: {'A': 'NEEDS_LABEL', 'B': 'NEEDS_LABEL'}  busy: {'A': True, 'B': False}
2026-04-15 20:07:22,231 DEBUG    [TaskSelector] → wait (no actionable zones)
2026-04-15 20:07:22,739 DEBUG    [TaskSelector] Evaluating zone states: {'A': 'NEEDS_LABEL', 'B': 'NEEDS_LABEL'}  busy: {'A': True, 'B': False}
2026-04-15 20:07:22,739 DEBUG    [TaskSelector] → wait (no actionable zones)
2026-04-15 20:07:23,241 DEBUG    [TaskSelector] Evaluating zone states: {'A': 'NEEDS_LABEL', 'B': 'NEEDS_LABEL'}  busy: {'A': True, 'B': False}
2026-04-15 20:07:23,242 DEBUG    [TaskSelector] → wait (no actionable zones)
2026-04-15 20:07:23,748 DEBUG    [TaskSelector] Evaluating zone states: {'A': 'NEEDS_LABEL', 'B': 'NEEDS_LABEL'}  busy: {'A': True, 'B': False}
2026-04-15 20:07:23,748 DEBUG    [TaskSelector] → wait (no actionable zones)
2026-04-15 20:07:24,251 DEBUG    [TaskSelector] Evaluating zone states: {'A': 'NEEDS_LABEL', 'B': 'NEEDS_LABEL'}  busy: {'A': True, 'B': False}
2026-04-15 20:07:24,251 DEBUG    [TaskSelector] → wait (no actionable zones)
2026-04-15 20:07:24,757 DEBUG    [TaskSelector] Evaluating zone states: {'A': 'NEEDS_LABEL', 'B': 'NEEDS_LABEL'}  busy: {'A': True, 'B': False}
2026-04-15 20:07:24,758 DEBUG    [TaskSelector] → wait (no actionable zones)
2026-04-15 20:07:25,261 DEBUG    [TaskSelector] Evaluating zone states: {'A': 'NEEDS_LABEL', 'B': 'NEEDS_LABEL'}  busy: {'A': True, 'B': False}
2026-04-15 20:07:25,261 DEBUG    [TaskSelector] → wait (no actionable zones)
2026-04-15 20:07:25,764 DEBUG    [TaskSelector] Evaluating zone states: {'A': 'NEEDS_LABEL', 'B': 'NEEDS_LABEL'}  busy: {'A': True, 'B': False}
2026-04-15 20:07:25,764 DEBUG    [TaskSelector] → wait (no actionable zones)
2026-04-15 20:07:26,268 DEBUG    [TaskSelector] Evaluating zone states: {'A': 'NEEDS_LABEL', 'B': 'NEEDS_LABEL'}  busy: {'A': True, 'B': False}
2026-04-15 20:07:26,269 DEBUG    [TaskSelector] → wait (no actionable zones)
2026-04-15 20:07:26,773 DEBUG    [TaskSelector] Evaluating zone states: {'A': 'NEEDS_LABEL', 'B': 'NEEDS_LABEL'}  busy: {'A': True, 'B': False}
2026-04-15 20:07:26,773 DEBUG    [TaskSelector] → wait (no actionable zones)
2026-04-15 20:07:27,276 DEBUG    [TaskSelector] Evaluating zone states: {'A': 'NEEDS_LABEL', 'B': 'NEEDS_LABEL'}  busy: {'A': True, 'B': False}
2026-04-15 20:07:27,276 DEBUG    [TaskSelector] → wait (no actionable zones)
2026-04-15 20:07:27,780 DEBUG    [TaskSelector] Evaluating zone states: {'A': 'NEEDS_LABEL', 'B': 'NEEDS_LABEL'}  busy: {'A': True, 'B': False}
2026-04-15 20:07:27,780 DEBUG    [TaskSelector] → wait (no actionable zones)
2026-04-15 20:07:28,283 DEBUG    [TaskSelector] Evaluating zone states: {'A': 'NEEDS_LABEL', 'B': 'NEEDS_LABEL'}  busy: {'A': True, 'B': False}
2026-04-15 20:07:28,283 DEBUG    [TaskSelector] → wait (no actionable zones)
2026-04-15 20:07:28,786 DEBUG    [TaskSelector] Evaluating zone states: {'A': 'NEEDS_LABEL', 'B': 'NEEDS_LABEL'}  busy: {'A': True, 'B': False}
2026-04-15 20:07:28,786 DEBUG    [TaskSelector] → wait (no actionable zones)
2026-04-15 20:07:29,288 DEBUG    [TaskSelector] Evaluating zone states: {'A': 'NEEDS_LABEL', 'B': 'NEEDS_LABEL'}  busy: {'A': True, 'B': False}
2026-04-15 20:07:29,288 DEBUG    [TaskSelector] → wait (no actionable zones)
2026-04-15 20:07:29,791 DEBUG    [TaskSelector] Evaluating zone states: {'A': 'NEEDS_LABEL', 'B': 'NEEDS_LABEL'}  busy: {'A': True, 'B': False}
2026-04-15 20:07:29,791 DEBUG    [TaskSelector] → wait (no actionable zones)
2026-04-15 20:07:30,295 DEBUG    [TaskSelector] Evaluating zone states: {'A': 'NEEDS_LABEL', 'B': 'NEEDS_LABEL'}  busy: {'A': True, 'B': False}
2026-04-15 20:07:30,295 DEBUG    [TaskSelector] → wait (no actionable zones)
2026-04-15 20:07:30,799 DEBUG    [TaskSelector] Evaluating zone states: {'A': 'NEEDS_LABEL', 'B': 'NEEDS_LABEL'}  busy: {'A': True, 'B': False}
2026-04-15 20:07:30,799 DEBUG    [TaskSelector] → wait (no actionable zones)
2026-04-15 20:07:31,302 DEBUG    [TaskSelector] Evaluating zone states: {'A': 'NEEDS_LABEL', 'B': 'NEEDS_LABEL'}  busy: {'A': True, 'B': False}
2026-04-15 20:07:31,302 DEBUG    [TaskSelector] → wait (no actionable zones)
2026-04-15 20:07:31,806 DEBUG    [TaskSelector] Evaluating zone states: {'A': 'NEEDS_LABEL', 'B': 'NEEDS_LABEL'}  busy: {'A': True, 'B': False}
2026-04-15 20:07:31,806 DEBUG    [TaskSelector] → wait (no actionable zones)
2026-04-15 20:07:32,309 DEBUG    [TaskSelector] Evaluating zone states: {'A': 'NEEDS_LABEL', 'B': 'NEEDS_LABEL'}  busy: {'A': True, 'B': False}
2026-04-15 20:07:32,309 DEBUG    [TaskSelector] → wait (no actionable zones)
2026-04-15 20:07:32,814 DEBUG    [TaskSelector] Evaluating zone states: {'A': 'NEEDS_LABEL', 'B': 'NEEDS_LABEL'}  busy: {'A': True, 'B': False}
2026-04-15 20:07:32,814 DEBUG    [TaskSelector] → wait (no actionable zones)
2026-04-15 20:07:33,317 DEBUG    [TaskSelector] Evaluating zone states: {'A': 'NEEDS_LABEL', 'B': 'NEEDS_LABEL'}  busy: {'A': True, 'B': False}
2026-04-15 20:07:33,317 DEBUG    [TaskSelector] → wait (no actionable zones)
2026-04-15 20:07:33,820 DEBUG    [TaskSelector] Evaluating zone states: {'A': 'NEEDS_LABEL', 'B': 'NEEDS_LABEL'}  busy: {'A': True, 'B': False}
2026-04-15 20:07:33,821 DEBUG    [TaskSelector] → wait (no actionable zones)
2026-04-15 20:07:34,323 DEBUG    [TaskSelector] Evaluating zone states: {'A': 'NEEDS_LABEL', 'B': 'NEEDS_LABEL'}  busy: {'A': True, 'B': False}
2026-04-15 20:07:34,323 DEBUG    [TaskSelector] → wait (no actionable zones)
2026-04-15 20:07:34,826 DEBUG    [TaskSelector] Evaluating zone states: {'A': 'NEEDS_LABEL', 'B': 'NEEDS_LABEL'}  busy: {'A': True, 'B': False}
2026-04-15 20:07:34,826 DEBUG    [TaskSelector] → wait (no actionable zones)
2026-04-15 20:07:35,330 DEBUG    [TaskSelector] Evaluating zone states: {'A': 'NEEDS_LABEL', 'B': 'NEEDS_LABEL'}  busy: {'A': True, 'B': False}
2026-04-15 20:07:35,330 DEBUG    [TaskSelector] → wait (no actionable zones)
2026-04-15 20:07:35,832 DEBUG    [TaskSelector] Evaluating zone states: {'A': 'NEEDS_LABEL', 'B': 'NEEDS_LABEL'}  busy: {'A': True, 'B': False}
2026-04-15 20:07:35,832 DEBUG    [TaskSelector] → wait (no actionable zones)
2026-04-15 20:07:36,337 DEBUG    [TaskSelector] Evaluating zone states: {'A': 'NEEDS_LABEL', 'B': 'NEEDS_LABEL'}  busy: {'A': True, 'B': False}
2026-04-15 20:07:36,338 DEBUG    [TaskSelector] → wait (no actionable zones)
2026-04-15 20:07:36,841 DEBUG    [TaskSelector] Evaluating zone states: {'A': 'NEEDS_LABEL', 'B': 'NEEDS_LABEL'}  busy: {'A': True, 'B': False}
2026-04-15 20:07:36,841 DEBUG    [TaskSelector] → wait (no actionable zones)
2026-04-15 20:07:37,345 DEBUG    [TaskSelector] Evaluating zone states: {'A': 'NEEDS_LABEL', 'B': 'NEEDS_LABEL'}  busy: {'A': True, 'B': False}
2026-04-15 20:07:37,345 DEBUG    [TaskSelector] → wait (no actionable zones)
2026-04-15 20:07:37,849 DEBUG    [TaskSelector] Evaluating zone states: {'A': 'NEEDS_LABEL', 'B': 'NEEDS_LABEL'}  busy: {'A': True, 'B': False}
2026-04-15 20:07:37,849 DEBUG    [TaskSelector] → wait (no actionable zones)
2026-04-15 20:07:38,352 DEBUG    [TaskSelector] Evaluating zone states: {'A': 'NEEDS_LABEL', 'B': 'NEEDS_LABEL'}  busy: {'A': True, 'B': False}
2026-04-15 20:07:38,352 DEBUG    [TaskSelector] → wait (no actionable zones)
2026-04-15 20:07:38,855 DEBUG    [TaskSelector] Evaluating zone states: {'A': 'NEEDS_LABEL', 'B': 'NEEDS_LABEL'}  busy: {'A': True, 'B': False}
2026-04-15 20:07:38,855 DEBUG    [TaskSelector] → wait (no actionable zones)
2026-04-15 20:07:39,358 DEBUG    [TaskSelector] Evaluating zone states: {'A': 'NEEDS_LABEL', 'B': 'NEEDS_LABEL'}  busy: {'A': True, 'B': False}
2026-04-15 20:07:39,358 DEBUG    [TaskSelector] → wait (no actionable zones)
2026-04-15 20:07:39,862 DEBUG    [TaskSelector] Evaluating zone states: {'A': 'NEEDS_LABEL', 'B': 'NEEDS_LABEL'}  busy: {'A': True, 'B': False}
2026-04-15 20:07:39,862 DEBUG    [TaskSelector] → wait (no actionable zones)
2026-04-15 20:07:40,365 DEBUG    [TaskSelector] Evaluating zone states: {'A': 'NEEDS_LABEL', 'B': 'NEEDS_LABEL'}  busy: {'A': True, 'B': False}
2026-04-15 20:07:40,365 DEBUG    [TaskSelector] → wait (no actionable zones)
2026-04-15 20:07:40,868 DEBUG    [TaskSelector] Evaluating zone states: {'A': 'NEEDS_LABEL', 'B': 'NEEDS_LABEL'}  busy: {'A': True, 'B': False}
2026-04-15 20:07:40,868 DEBUG    [TaskSelector] → wait (no actionable zones)
2026-04-15 20:07:41,371 DEBUG    [TaskSelector] Evaluating zone states: {'A': 'NEEDS_LABEL', 'B': 'NEEDS_LABEL'}  busy: {'A': True, 'B': False}
2026-04-15 20:07:41,371 DEBUG    [TaskSelector] → wait (no actionable zones)
2026-04-15 20:07:41,874 DEBUG    [TaskSelector] Evaluating zone states: {'A': 'NEEDS_LABEL', 'B': 'NEEDS_LABEL'}  busy: {'A': True, 'B': False}
2026-04-15 20:07:41,874 DEBUG    [TaskSelector] → wait (no actionable zones)
2026-04-15 20:07:42,377 DEBUG    [TaskSelector] Evaluating zone states: {'A': 'NEEDS_LABEL', 'B': 'NEEDS_LABEL'}  busy: {'A': True, 'B': False}
2026-04-15 20:07:42,377 DEBUG    [TaskSelector] → wait (no actionable zones)
2026-04-15 20:07:42,880 DEBUG    [TaskSelector] Evaluating zone states: {'A': 'NEEDS_LABEL', 'B': 'NEEDS_LABEL'}  busy: {'A': True, 'B': False}
2026-04-15 20:07:42,880 DEBUG    [TaskSelector] → wait (no actionable zones)
2026-04-15 20:07:43,384 DEBUG    [TaskSelector] Evaluating zone states: {'A': 'NEEDS_LABEL', 'B': 'NEEDS_LABEL'}  busy: {'A': True, 'B': False}
2026-04-15 20:07:43,384 DEBUG    [TaskSelector] → wait (no actionable zones)
2026-04-15 20:07:43,886 DEBUG    [TaskSelector] Evaluating zone states: {'A': 'NEEDS_LABEL', 'B': 'NEEDS_LABEL'}  busy: {'A': True, 'B': False}
2026-04-15 20:07:43,887 DEBUG    [TaskSelector] → wait (no actionable zones)
2026-04-15 20:07:44,390 DEBUG    [TaskSelector] Evaluating zone states: {'A': 'NEEDS_LABEL', 'B': 'NEEDS_LABEL'}  busy: {'A': True, 'B': False}
2026-04-15 20:07:44,390 DEBUG    [TaskSelector] → wait (no actionable zones)
2026-04-15 20:07:44,893 DEBUG    [TaskSelector] Evaluating zone states: {'A': 'NEEDS_LABEL', 'B': 'NEEDS_LABEL'}  busy: {'A': True, 'B': False}
2026-04-15 20:07:44,893 DEBUG    [TaskSelector] → wait (no actionable zones)
2026-04-15 20:07:45,396 DEBUG    [TaskSelector] Evaluating zone states: {'A': 'NEEDS_LABEL', 'B': 'NEEDS_LABEL'}  busy: {'A': True, 'B': False}
2026-04-15 20:07:45,397 DEBUG    [TaskSelector] → wait (no actionable zones)
2026-04-15 20:07:45,899 DEBUG    [TaskSelector] Evaluating zone states: {'A': 'NEEDS_LABEL', 'B': 'NEEDS_LABEL'}  busy: {'A': True, 'B': False}
2026-04-15 20:07:45,899 DEBUG    [TaskSelector] → wait (no actionable zones)
2026-04-15 20:07:46,000 WARNING  [Main] Shutting down: turning off both vacuums
2026-04-15 20:07:46,000 INFO     [Main] Total items placed at output: 0
2026-04-15 20:07:46,003 INFO     [Service] /orio/pnp_cup/off → success=True msg='PnP Cup OFF command sent'
2026-04-15 20:07:46,008 INFO     [Service] /orio/lbl_cup/off → success=True msg='Labelling Cup OFF command sent'
