2026-04-15 15:03:43,205 INFO     [Logger] File log started: /home/ros_ws/src/devel_packages/orio/logs/orio_run_20260415_150343.log
2026-04-15 15:03:43,205 INFO     [Main] Node started. Log file: /home/ros_ws/src/devel_packages/orio/logs/orio_run_20260415_150343.log
2026-04-15 15:03:43,205 INFO     [Hardware] Initializing Robot Hardware...
2026-04-15 15:03:43,752 INFO     [Hardware] Resetting both arms to home joints
2026-04-15 15:03:54,123 INFO     [Hardware] Poses loaded from joint_angles.json
2026-04-15 15:03:54,128 INFO     [Hardware] Initialization complete
2026-04-15 15:03:54,132 INFO     [Main] Starting state machine execution
2026-04-15 15:03:54,134 DEBUG    [TaskSelector] Evaluating zone states: {'A': 'EMPTY', 'B': 'EMPTY'}  busy: {'A': False, 'B': False}
2026-04-15 15:03:54,134 INFO     [TaskSelector] → do_load (zone A empty)
2026-04-15 15:03:54,135 INFO     [GetLabel] Entering state
2026-04-15 15:03:54,136 INFO     [FetchInput] Entering state
2026-04-15 15:03:54,773 INFO     [Service] /compute_grasps → success=True msg='Published 3 PnP poses.'
2026-04-15 15:03:54,774 INFO     [FetchInput] Grasp pose received: x=0.3915 y=-0.2975 z=0.0333
2026-04-15 15:03:54,774 INFO     [IK] compute_pick_joints called — task_pos=[ 0.3915 -0.2975  0.0333] label_zone=None max_attempts=10 check_collisions=False arm_number=None
2026-04-15 15:03:54,798 INFO     [IK] Arm? compute_pick_joints attempt 1/10 OK — target=([ 0.3915 -0.2975  0.0333]) pre=[-0.2997  0.1371 -0.3434 -2.4253  0.083   2.5529  0.0762] final=[-0.5489  0.388  -0.0865 -2.4072  0.0957  2.7924  0.0665] (FK err pre=0.0000 m final=0.0000 m)
2026-04-15 15:03:54,803 INFO     [FetchInput] IK pre_joints:   [-0.2997  0.1371 -0.3434 -2.4253  0.083   2.5529  0.0762]
2026-04-15 15:03:54,805 INFO     [FetchInput] IK final_joints: [-0.5489  0.388  -0.0865 -2.4072  0.0957  2.7924  0.0665]
2026-04-15 15:03:54,806 INFO     [FetchInput] Moving to pre-pick
2026-04-15 15:03:58,287 INFO     [FetchInput] Descending to pick
2026-04-15 15:04:00,744 INFO     [Service] /orio/pnp_cup/on → success=True msg='PnP Cup ON command sent'
2026-04-15 15:04:01,745 INFO     [FetchInput] Retracting to pre-pick height
2026-04-15 15:04:04,193 INFO     [FetchInput] Exiting: succeeded (item_depth=0.0333)
2026-04-15 15:04:04,194 INFO     [DropToZone] Entering state (item_depth=0.0333)
2026-04-15 15:04:04,194 INFO     [DropToZone] Targeting zone A
2026-04-15 15:04:04,203 INFO     [IK] pose_to_joints 'L1_INTER' depth_offset=0.0333 → joints=[-0.292  -0.3397 -0.3162 -2.4878 -0.1249  2.1601  0.2639]
2026-04-15 15:04:04,213 INFO     [IK] pose_to_joints 'LABEL_ZONE_1' depth_offset=0.0433 → joints=[-0.2377  1.1919 -0.1684 -0.8631  0.1759  2.0438  0.4041]
2026-04-15 15:04:04,214 INFO     [DropToZone] place_joints for LABEL_ZONE_1: [-0.2377  1.1919 -0.1684 -0.8631  0.1759  2.0438  0.4041]
2026-04-15 15:04:04,454 INFO     [Service] /orio/lbl_cup/on → success=True msg='Labelling Cup ON command sent'
2026-04-15 15:04:07,920 INFO     [IK] pose_to_joints 'LABELLING_SAFE' depth_offset=0.0000 → joints=[-0.065  -1.2718  0.0356 -2.707   0.0343  1.4354  0.7355]
2026-04-15 15:04:10,807 INFO     [Service] /orio/pnp_cup/off → success=True msg='PnP Cup OFF command sent'
2026-04-15 15:04:11,129 INFO     [GetLabel] Exiting: succeeded
2026-04-15 15:04:11,130 INFO     [ApplyLabel] Entering state (zones: {'A': 'EMPTY', 'B': 'EMPTY'}  busy: {'A': True, 'B': False})
2026-04-15 15:04:11,130 DEBUG    [ApplyLabel] No zone needs label → wait
2026-04-15 15:04:11,632 INFO     [ApplyLabel] Entering state (zones: {'A': 'EMPTY', 'B': 'EMPTY'}  busy: {'A': True, 'B': False})
2026-04-15 15:04:11,632 DEBUG    [ApplyLabel] No zone needs label → wait
2026-04-15 15:04:12,133 INFO     [ApplyLabel] Entering state (zones: {'A': 'EMPTY', 'B': 'EMPTY'}  busy: {'A': True, 'B': False})
2026-04-15 15:04:12,133 DEBUG    [ApplyLabel] No zone needs label → wait
2026-04-15 15:04:12,635 INFO     [ApplyLabel] Entering state (zones: {'A': 'EMPTY', 'B': 'EMPTY'}  busy: {'A': True, 'B': False})
2026-04-15 15:04:12,635 DEBUG    [ApplyLabel] No zone needs label → wait
2026-04-15 15:04:13,136 INFO     [ApplyLabel] Entering state (zones: {'A': 'EMPTY', 'B': 'EMPTY'}  busy: {'A': True, 'B': False})
2026-04-15 15:04:13,137 DEBUG    [ApplyLabel] No zone needs label → wait
2026-04-15 15:04:13,639 INFO     [ApplyLabel] Entering state (zones: {'A': 'EMPTY', 'B': 'EMPTY'}  busy: {'A': True, 'B': False})
2026-04-15 15:04:13,639 DEBUG    [ApplyLabel] No zone needs label → wait
2026-04-15 15:04:14,142 INFO     [ApplyLabel] Entering state (zones: {'A': 'EMPTY', 'B': 'EMPTY'}  busy: {'A': True, 'B': False})
2026-04-15 15:04:14,142 DEBUG    [ApplyLabel] No zone needs label → wait
2026-04-15 15:04:14,277 INFO     [ZoneManager] Zone A: EMPTY → NEEDS_LABEL
2026-04-15 15:04:14,277 INFO     [DropToZone] Exiting: dropped (zone A)
2026-04-15 15:04:14,278 DEBUG    [TaskSelector] Evaluating zone states: {'A': 'NEEDS_LABEL', 'B': 'EMPTY'}  busy: {'A': False, 'B': False}
2026-04-15 15:04:14,278 INFO     [TaskSelector] → do_load (zone B empty)
2026-04-15 15:04:14,279 INFO     [FetchInput] Entering state
2026-04-15 15:04:14,644 INFO     [ApplyLabel] Entering state (zones: {'A': 'NEEDS_LABEL', 'B': 'EMPTY'}  busy: {'A': False, 'B': False})
2026-04-15 15:04:14,644 INFO     [ApplyLabel] Applying label to zone A (zone_number=1, depth=0.0333)
2026-04-15 15:04:14,645 INFO     [compute_label_joints] Requesting label pose for zone 1, item_depth=0.0358
2026-04-15 15:04:14,900 INFO     [Service] /compute_grasps → success=True msg='Published 3 PnP poses.'
2026-04-15 15:04:14,900 INFO     [FetchInput] Grasp pose received: x=0.3827 y=-0.3115 z=0.0334
2026-04-15 15:04:14,901 INFO     [IK] compute_pick_joints called — task_pos=[ 0.3827 -0.3115  0.0334] label_zone=None max_attempts=10 check_collisions=False arm_number=None
2026-04-15 15:04:14,919 INFO     [IK] Arm? compute_pick_joints attempt 1/10 OK — target=([ 0.3827 -0.3115  0.0334]) pre=[-0.3069  0.1425 -0.3691 -2.4194  0.092   2.5504  0.0363] final=[-0.5612  0.3914 -0.1048 -2.4012  0.1157  2.7885  0.0187] (FK err pre=0.0000 m final=0.0000 m)
2026-04-15 15:04:14,919 INFO     [FetchInput] IK pre_joints:   [-0.3069  0.1425 -0.3691 -2.4194  0.092   2.5504  0.0363]
2026-04-15 15:04:14,919 INFO     [FetchInput] IK final_joints: [-0.5612  0.3914 -0.1048 -2.4012  0.1157  2.7885  0.0187]
2026-04-15 15:04:14,920 INFO     [FetchInput] Moving to pre-pick
2026-04-15 15:04:16,455 INFO     [Service] /compute_grasps_labelling → success=True msg='Zone1=OK, Zone2=FAIL'
2026-04-15 15:04:16,455 INFO     item_depth=0.0358  X=-0.2493 Y=-0.0711 Z=0.9642  pos(world)=[0.5311 0.2683 0.0158]  task_pos=[0.5311 0.2683 0.0358]  task_ori=[0.7189 0.6952 0.     0.    ]
2026-04-15 15:04:16,457 INFO     [compute_label_joints] Zone 1 received pose: x=0.5311 y=0.2683 z=0.0358  RPY r=180.00 p=0.00 y=88.08 deg
2026-04-15 15:04:16,457 INFO     [IK] compute_pick_joints called — task_pos=[0.5311 0.2683 0.0358] label_zone=1 max_attempts=10 check_collisions=True arm_number=2
2026-04-15 15:04:16,475 INFO     Arm2: cached 8 obstacles from '/home/ros_ws/src/devel_packages/orio/obstacles_files/obs_arm2_free.p'
2026-04-15 15:04:16,482 INFO     [IK] Arm2 compute_pick_joints attempt 1/10 OK — target=([0.5311 0.2683 0.0358]) pre=[ 0.2868  0.3765  0.186  -2.0481 -0.1027  2.4161  1.3223] final=[ 0.4972  0.5754 -0.0283 -2.0344  0.0303  2.6094  1.2327] (FK err pre=0.0000 m final=0.0000 m)
2026-04-15 15:04:16,483 INFO     [ApplyLabel] IK pre_joints=[ 0.2868  0.3765  0.186  -2.0481 -0.1027  2.4161  1.3223]  final_joints=[ 0.4972  0.5754 -0.0283 -2.0344  0.0303  2.6094  1.2327]
2026-04-15 15:04:18,024 INFO     [FetchInput] Descending to pick
2026-04-15 15:04:20,484 INFO     [Service] /orio/pnp_cup/on → success=True msg='PnP Cup ON command sent'
2026-04-15 15:04:21,484 INFO     [FetchInput] Retracting to pre-pick height
2026-04-15 15:04:23,933 INFO     [FetchInput] Exiting: succeeded (item_depth=0.0334)
2026-04-15 15:04:23,934 INFO     [DropToZone] Entering state (item_depth=0.0334)
2026-04-15 15:04:23,934 INFO     [DropToZone] Targeting zone B
2026-04-15 15:04:23,945 INFO     [IK] pose_to_joints 'L1_INTER' depth_offset=0.0334 → joints=[-0.292  -0.3399 -0.3162 -2.4876 -0.125   2.1597  0.2639]
2026-04-15 15:04:23,959 INFO     [IK] pose_to_joints 'L2_INTER' depth_offset=0.0334 → joints=[ 0.1324 -0.362   0.4686 -2.4854  0.1924  2.1509  1.2536]
2026-04-15 15:04:23,970 INFO     [IK] pose_to_joints 'LABEL_ZONE_2' depth_offset=0.0434 → joints=[ 0.35    1.1851 -0.0563 -0.8654  0.0588  2.0493  1.0871]
2026-04-15 15:04:23,971 INFO     [DropToZone] place_joints for LABEL_ZONE_2: [ 0.35    1.1851 -0.0563 -0.8654  0.0588  2.0493  1.0871]
2026-04-15 15:04:26,601 INFO     [Service] /orio/lbl_cup/off → success=True msg='Labelling Cup OFF command sent'
2026-04-15 15:04:29,981 INFO     [IK] pose_to_joints 'LABELLING_SAFE' depth_offset=0.0000 → joints=[-0.065  -1.2718  0.0356 -2.707   0.0343  1.4354  0.7355]
2026-04-15 15:04:32,320 INFO     [Service] /orio/pnp_cup/off → success=True msg='PnP Cup OFF command sent'
2026-04-15 15:04:33,429 INFO     [ZoneManager] Zone A: NEEDS_LABEL → READY_FOR_PICKUP
2026-04-15 15:04:33,429 INFO     [ApplyLabel] Exiting: labeled (zone A)
2026-04-15 15:04:33,430 INFO     [GetLabel] Entering state
2026-04-15 15:04:35,800 INFO     [ZoneManager] Zone B: EMPTY → NEEDS_LABEL
2026-04-15 15:04:35,800 INFO     [DropToZone] Exiting: dropped (zone B)
2026-04-15 15:04:35,801 DEBUG    [TaskSelector] Evaluating zone states: {'A': 'READY_FOR_PICKUP', 'B': 'NEEDS_LABEL'}  busy: {'A': False, 'B': False}
2026-04-15 15:04:35,801 INFO     [TaskSelector] → do_unload (zone A ready)
2026-04-15 15:04:35,802 INFO     [RetrieveFromZone] Entering state
2026-04-15 15:04:35,802 INFO     [RetrieveFromZone] Picking from zone A (depth=0.0333)
2026-04-15 15:04:35,813 INFO     [IK] pose_to_joints 'L1_INTER' depth_offset=0.0333 → joints=[-0.292  -0.3397 -0.3162 -2.4878 -0.1249  2.1601  0.2639]
2026-04-15 15:04:35,827 INFO     [IK] pose_to_joints 'LABEL_ZONE_1' depth_offset=0.1333 → joints=[-0.2314  1.0487 -0.178  -0.8919  0.1646  1.9293  0.4063]
2026-04-15 15:04:35,843 INFO     [IK] pose_to_joints 'LABEL_ZONE_1' depth_offset=0.0233 → joints=[-0.2415  1.2361 -0.1654 -0.8333  0.1769  2.0586  0.4055]
2026-04-15 15:04:35,843 INFO     [RetrieveFromZone] A pre_pick=[-0.2314  1.0487 -0.178  -0.8919  0.1646  1.9293  0.4063] pick=[-0.2415  1.2361 -0.1654 -0.8333  0.1769  2.0586  0.4055]
2026-04-15 15:04:43,746 INFO     [Service] /orio/lbl_cup/on → success=True msg='Labelling Cup ON command sent'
2026-04-15 15:04:44,874 INFO     [Service] /orio/pnp_cup/on → success=True msg='PnP Cup ON command sent'
2026-04-15 15:04:45,875 INFO     [RetrieveFromZone] Retracting to pre-pick height
2026-04-15 15:04:47,199 INFO     [IK] pose_to_joints 'LABELLING_SAFE' depth_offset=0.0000 → joints=[-0.065  -1.2718  0.0356 -2.707   0.0343  1.4354  0.7355]
2026-04-15 15:04:50,404 INFO     [GetLabel] Exiting: succeeded
2026-04-15 15:04:50,406 INFO     [ApplyLabel] Entering state (zones: {'A': 'READY_FOR_PICKUP', 'B': 'NEEDS_LABEL'}  busy: {'A': True, 'B': False})
2026-04-15 15:04:50,406 INFO     [ApplyLabel] Applying label to zone B (zone_number=2, depth=0.0334)
2026-04-15 15:04:50,406 INFO     [compute_label_joints] Requesting label pose for zone 2, item_depth=0.0359
2026-04-15 15:04:50,809 INFO     [ZoneManager] Zone A: READY_FOR_PICKUP → EMPTY
2026-04-15 15:04:50,809 INFO     [RetrieveFromZone] Exiting: picked (zone A)
2026-04-15 15:04:50,810 INFO     [PlaceOutput] Entering state (retrieved_depth=0.0333)
2026-04-15 15:04:50,823 INFO     [IK] pose_to_joints 'OUTPUT1' depth_offset=0.1833 → joints=[-1.4016 -0.839   2.6582 -0.9038  0.3551  1.6752  2.1495]
2026-04-15 15:04:50,833 INFO     [IK] pose_to_joints 'L2_INTER' depth_offset=0.0333 → joints=[ 0.1325 -0.3618  0.4686 -2.4856  0.1924  2.1513  1.2536]
2026-04-15 15:04:50,834 INFO     [PlaceOutput] drop_joints: [-1.4016 -0.839   2.6582 -0.9038  0.3551  1.6752  2.1495]
2026-04-15 15:04:52,068 INFO     [Service] /compute_grasps_labelling → success=True msg='Zone1=OK, Zone2=OK'
2026-04-15 15:04:52,068 INFO     item_depth=0.0359  X=0.1511 Y=-0.0430 Z=0.9641  pos(world)=[ 0.503  -0.1321  0.0159]  task_pos=[ 0.503  -0.1321  0.0359]  task_ori=[0.7101 0.7041 0.     0.    ]
2026-04-15 15:04:52,069 INFO     [compute_label_joints] Zone 2 received pose: x=0.5030 y=-0.1321 z=0.0359  RPY r=180.00 p=0.00 y=89.51 deg
2026-04-15 15:04:52,069 INFO     [IK] compute_pick_joints called — task_pos=[ 0.503  -0.1321  0.0359] label_zone=2 max_attempts=10 check_collisions=True arm_number=2
2026-04-15 15:04:52,091 INFO     [IK] Arm2 compute_pick_joints attempt 1/10 OK — target=([ 0.503  -0.1321  0.0359]) pre=[-0.123   0.1917 -0.1319 -2.3273  0.0429  2.517   0.4981] final=[-0.3363  0.4308  0.0702 -2.3118 -0.0752  2.7407  0.5821] (FK err pre=0.0000 m final=0.0000 m)
2026-04-15 15:04:52,092 INFO     [ApplyLabel] IK pre_joints=[-0.123   0.1917 -0.1319 -2.3273  0.0429  2.517   0.4981]  final_joints=[-0.3363  0.4308  0.0702 -2.3118 -0.0752  2.7407  0.5821]
2026-04-15 15:04:57,436 INFO     [Service] /orio/pnp_cup/off → success=True msg='PnP Cup OFF command sent'
2026-04-15 15:05:00,902 INFO     [PlaceOutput] Exiting: succeeded (total items placed: 1)
2026-04-15 15:05:00,906 DEBUG    [TaskSelector] Evaluating zone states: {'A': 'EMPTY', 'B': 'NEEDS_LABEL'}  busy: {'A': False, 'B': True}
2026-04-15 15:05:00,907 INFO     [TaskSelector] → do_load (zone A empty)
2026-04-15 15:05:00,908 INFO     [FetchInput] Entering state
2026-04-15 15:05:01,483 INFO     [Service] /compute_grasps → success=True msg='Published 2 PnP poses.'
2026-04-15 15:05:01,484 INFO     [FetchInput] Grasp pose received: x=0.3557 y=-0.6089 z=0.0270
2026-04-15 15:05:01,484 INFO     [IK] compute_pick_joints called — task_pos=[ 0.3557 -0.6089  0.027 ] label_zone=None max_attempts=10 check_collisions=False arm_number=None
2026-04-15 15:05:01,502 INFO     [IK] Arm? compute_pick_joints attempt 1/10 OK — target=([ 0.3557 -0.6089  0.027 ]) pre=[-0.5166  0.8166 -0.6749 -1.5231  0.5696  2.1362 -0.5629] final=[-0.6762  0.9281 -0.4503 -1.5043  0.4947  2.3176 -0.524 ] (FK err pre=0.0000 m final=0.0000 m)
2026-04-15 15:05:01,503 INFO     [FetchInput] IK pre_joints:   [-0.5166  0.8166 -0.6749 -1.5231  0.5696  2.1362 -0.5629]
2026-04-15 15:05:01,504 INFO     [FetchInput] IK final_joints: [-0.6762  0.9281 -0.4503 -1.5043  0.4947  2.3176 -0.524 ]
2026-04-15 15:05:01,505 INFO     [FetchInput] Moving to pre-pick
2026-04-15 15:05:02,305 INFO     [Service] /orio/lbl_cup/off → success=True msg='Labelling Cup OFF command sent'
2026-04-15 15:05:04,960 INFO     [FetchInput] Descending to pick
2026-04-15 15:05:05,779 INFO     [IK] pose_to_joints 'LABELLING_SAFE' depth_offset=0.0000 → joints=[-0.065  -1.2718  0.0356 -2.707   0.0343  1.4354  0.7355]
2026-04-15 15:05:07,168 INFO     [Service] /orio/pnp_cup/on → success=True msg='PnP Cup ON command sent'
2026-04-15 15:05:08,169 INFO     [FetchInput] Retracting to pre-pick height
2026-04-15 15:05:09,231 INFO     [ZoneManager] Zone B: NEEDS_LABEL → READY_FOR_PICKUP
2026-04-15 15:05:09,231 INFO     [ApplyLabel] Exiting: labeled (zone B)
2026-04-15 15:05:09,235 INFO     [GetLabel] Entering state
2026-04-15 15:05:10,373 INFO     [FetchInput] Exiting: succeeded (item_depth=0.0270)
2026-04-15 15:05:10,375 INFO     [DropToZone] Entering state (item_depth=0.0270)
2026-04-15 15:05:10,375 INFO     [DropToZone] Targeting zone A
2026-04-15 15:05:10,387 INFO     [IK] pose_to_joints 'L1_INTER' depth_offset=0.0270 → joints=[-0.295  -0.3308 -0.3151 -2.4975 -0.1229  2.1783  0.2617]
2026-04-15 15:05:10,398 INFO     [IK] pose_to_joints 'LABEL_ZONE_1' depth_offset=0.0370 → joints=[-0.2389  1.2053 -0.1674 -0.8548  0.1762  2.049   0.4045]
2026-04-15 15:05:10,398 INFO     [DropToZone] place_joints for LABEL_ZONE_1: [-0.2389  1.2053 -0.1674 -0.8548  0.1762  2.049   0.4045]
2026-04-15 15:05:17,246 INFO     [Service] /orio/pnp_cup/off → success=True msg='PnP Cup OFF command sent'
2026-04-15 15:05:19,448 INFO     [Service] /orio/lbl_cup/on → success=True msg='Labelling Cup ON command sent'
2026-04-15 15:05:20,723 INFO     [ZoneManager] Zone A: EMPTY → NEEDS_LABEL
2026-04-15 15:05:20,723 INFO     [DropToZone] Exiting: dropped (zone A)
2026-04-15 15:05:20,724 DEBUG    [TaskSelector] Evaluating zone states: {'A': 'NEEDS_LABEL', 'B': 'READY_FOR_PICKUP'}  busy: {'A': False, 'B': False}
2026-04-15 15:05:20,725 INFO     [TaskSelector] → do_unload (zone B ready)
2026-04-15 15:05:20,726 INFO     [RetrieveFromZone] Entering state
2026-04-15 15:05:20,726 INFO     [RetrieveFromZone] Picking from zone B (depth=0.0334)
2026-04-15 15:05:20,735 INFO     [IK] pose_to_joints 'L2_INTER' depth_offset=0.0334 → joints=[ 0.1324 -0.362   0.4686 -2.4854  0.1924  2.1509  1.2536]
2026-04-15 15:05:20,747 INFO     [IK] pose_to_joints 'LABEL_ZONE_2' depth_offset=0.1334 → joints=[ 0.3157  1.041   0.0119 -0.894  -0.011   1.935   1.111 ]
2026-04-15 15:05:20,763 INFO     [IK] pose_to_joints 'LABEL_ZONE_2' depth_offset=0.0234 → joints=[ 0.3575  1.2301 -0.0732 -0.8356  0.0784  2.0636  1.0813]
2026-04-15 15:05:20,763 INFO     [RetrieveFromZone] B pre_pick=[ 0.3157  1.041   0.0119 -0.894  -0.011   1.935   1.111 ] pick=[ 0.3575  1.2301 -0.0732 -0.8356  0.0784  2.0636  1.0813]
2026-04-15 15:05:22,871 INFO     [IK] pose_to_joints 'LABELLING_SAFE' depth_offset=0.0000 → joints=[-0.065  -1.2718  0.0356 -2.707   0.0343  1.4354  0.7355]
2026-04-15 15:05:26,077 INFO     [GetLabel] Exiting: succeeded
2026-04-15 15:05:26,078 INFO     [ApplyLabel] Entering state (zones: {'A': 'NEEDS_LABEL', 'B': 'READY_FOR_PICKUP'}  busy: {'A': False, 'B': True})
2026-04-15 15:05:26,078 INFO     [ApplyLabel] Applying label to zone A (zone_number=1, depth=0.0270)
2026-04-15 15:05:26,078 INFO     [compute_label_joints] Requesting label pose for zone 1, item_depth=0.0295
2026-04-15 15:05:27,745 INFO     [Service] /compute_grasps_labelling → success=True msg='Zone1=OK, Zone2=OK'
2026-04-15 15:05:27,746 INFO     item_depth=0.0295  X=-0.2355 Y=-0.0053 Z=0.9705  pos(world)=[0.4653 0.2545 0.0095]  task_pos=[0.4653 0.2545 0.0295]  task_ori=[0.0063 1.     0.     0.    ]
2026-04-15 15:05:27,747 INFO     [compute_label_joints] Zone 1 received pose: x=0.4653 y=0.2545 z=0.0295  RPY r=180.00 p=0.00 y=179.27 deg
2026-04-15 15:05:27,747 INFO     [IK] compute_pick_joints called — task_pos=[0.4653 0.2545 0.0295] label_zone=1 max_attempts=10 check_collisions=True arm_number=2
2026-04-15 15:05:27,775 INFO     [IK] Arm2 compute_pick_joints attempt 1/10 OK — target=([0.4653 0.2545 0.0295]) pre=[ 0.2595  0.235   0.2372 -2.2916 -0.0938  2.5181  1.3521] final=[ 0.4849  0.4651  0.0138 -2.2722 -0.0157  2.7372  1.2971] (FK err pre=0.0000 m final=0.0000 m)
2026-04-15 15:05:27,776 INFO     [ApplyLabel] IK pre_joints=[ 0.2595  0.235   0.2372 -2.2916 -0.0938  2.5181  1.3521]  final_joints=[ 0.4849  0.4651  0.0138 -2.2722 -0.0157  2.7372  1.2971]
2026-04-15 15:05:29,798 INFO     [Service] /orio/pnp_cup/on → success=True msg='PnP Cup ON command sent'
2026-04-15 15:05:30,798 INFO     [RetrieveFromZone] Retracting to pre-pick height
2026-04-15 15:05:35,711 INFO     [ZoneManager] Zone B: READY_FOR_PICKUP → EMPTY
2026-04-15 15:05:35,711 INFO     [RetrieveFromZone] Exiting: picked (zone B)
2026-04-15 15:05:35,713 INFO     [PlaceOutput] Entering state (retrieved_depth=0.0334)
2026-04-15 15:05:35,733 INFO     [IK] pose_to_joints 'OUTPUT2' depth_offset=0.1834 → joints=[-1.381  -0.8871  2.5189 -0.8664  0.4704  1.6417  2.0842]
2026-04-15 15:05:35,743 INFO     [IK] pose_to_joints 'L2_INTER' depth_offset=0.0334 → joints=[ 0.1324 -0.362   0.4686 -2.4854  0.1924  2.1509  1.2536]
2026-04-15 15:05:35,744 INFO     [PlaceOutput] drop_joints: [-1.381  -0.8871  2.5189 -0.8664  0.4704  1.6417  2.0842]
2026-04-15 15:05:37,988 INFO     [Service] /orio/lbl_cup/off → success=True msg='Labelling Cup OFF command sent'
2026-04-15 15:05:41,461 INFO     [IK] pose_to_joints 'LABELLING_SAFE' depth_offset=0.0000 → joints=[-0.065  -1.2718  0.0356 -2.707   0.0343  1.4354  0.7355]
2026-04-15 15:05:41,636 INFO     [Service] /orio/pnp_cup/off → success=True msg='PnP Cup OFF command sent'
2026-04-15 15:05:44,920 INFO     [ZoneManager] Zone A: NEEDS_LABEL → READY_FOR_PICKUP
2026-04-15 15:05:44,920 INFO     [ApplyLabel] Exiting: labeled (zone A)
2026-04-15 15:05:44,922 INFO     [GetLabel] Entering state
2026-04-15 15:05:45,108 INFO     [PlaceOutput] Exiting: succeeded (total items placed: 2)
2026-04-15 15:05:45,111 DEBUG    [TaskSelector] Evaluating zone states: {'A': 'READY_FOR_PICKUP', 'B': 'EMPTY'}  busy: {'A': False, 'B': False}
2026-04-15 15:05:45,111 INFO     [TaskSelector] → do_unload (zone A ready)
2026-04-15 15:05:45,112 INFO     [RetrieveFromZone] Entering state
2026-04-15 15:05:45,112 INFO     [RetrieveFromZone] Picking from zone A (depth=0.0270)
2026-04-15 15:05:45,130 INFO     [IK] pose_to_joints 'L1_INTER' depth_offset=0.0270 → joints=[-0.295  -0.3308 -0.3151 -2.4975 -0.1229  2.1783  0.2617]
2026-04-15 15:05:45,138 INFO     [IK] pose_to_joints 'LABEL_ZONE_1' depth_offset=0.1270 → joints=[-0.2312  1.0561 -0.1778 -0.8949  0.1658  1.9395  0.4057]
2026-04-15 15:05:45,149 INFO     [IK] pose_to_joints 'LABEL_ZONE_1' depth_offset=0.0170 → joints=[-0.2429  1.2513 -0.1643 -0.8216  0.1771  2.0622  0.4062]
2026-04-15 15:05:45,149 INFO     [RetrieveFromZone] A pre_pick=[-0.2312  1.0561 -0.1778 -0.8949  0.1658  1.9395  0.4057] pick=[-0.2429  1.2513 -0.1643 -0.8216  0.1771  2.0622  0.4062]
2026-04-15 15:05:54,163 INFO     [Service] /orio/pnp_cup/on → success=True msg='PnP Cup ON command sent'
2026-04-15 15:05:55,134 INFO     [Service] /orio/lbl_cup/on → success=True msg='Labelling Cup ON command sent'
2026-04-15 15:05:55,164 INFO     [RetrieveFromZone] Retracting to pre-pick height
2026-04-15 15:05:58,561 INFO     [IK] pose_to_joints 'LABELLING_SAFE' depth_offset=0.0000 → joints=[-0.065  -1.2718  0.0356 -2.707   0.0343  1.4354  0.7355]
2026-04-15 15:06:00,084 INFO     [ZoneManager] Zone A: READY_FOR_PICKUP → EMPTY
2026-04-15 15:06:00,084 INFO     [RetrieveFromZone] Exiting: picked (zone A)
2026-04-15 15:06:00,087 INFO     [PlaceOutput] Entering state (retrieved_depth=0.0270)
2026-04-15 15:06:00,101 INFO     [IK] pose_to_joints 'OUTPUT1' depth_offset=0.1770 → joints=[-1.3849 -0.8419  2.6336 -0.9241  0.3741  1.6898  2.1404]
2026-04-15 15:06:00,112 INFO     [IK] pose_to_joints 'L2_INTER' depth_offset=0.0270 → joints=[ 0.136  -0.3523  0.4682 -2.4954  0.1897  2.1699  1.2566]
2026-04-15 15:06:00,112 INFO     [PlaceOutput] drop_joints: [-1.3849 -0.8419  2.6336 -0.9241  0.3741  1.6898  2.1404]
2026-04-15 15:06:01,766 INFO     [GetLabel] Exiting: succeeded
2026-04-15 15:06:01,768 INFO     [ApplyLabel] Entering state (zones: {'A': 'EMPTY', 'B': 'EMPTY'}  busy: {'A': False, 'B': False})
2026-04-15 15:06:01,768 DEBUG    [ApplyLabel] No zone needs label → wait
2026-04-15 15:06:02,269 INFO     [ApplyLabel] Entering state (zones: {'A': 'EMPTY', 'B': 'EMPTY'}  busy: {'A': False, 'B': False})
2026-04-15 15:06:02,269 DEBUG    [ApplyLabel] No zone needs label → wait
2026-04-15 15:06:02,771 INFO     [ApplyLabel] Entering state (zones: {'A': 'EMPTY', 'B': 'EMPTY'}  busy: {'A': False, 'B': False})
2026-04-15 15:06:02,771 DEBUG    [ApplyLabel] No zone needs label → wait
2026-04-15 15:06:03,272 INFO     [ApplyLabel] Entering state (zones: {'A': 'EMPTY', 'B': 'EMPTY'}  busy: {'A': False, 'B': False})
2026-04-15 15:06:03,273 DEBUG    [ApplyLabel] No zone needs label → wait
2026-04-15 15:06:03,776 INFO     [ApplyLabel] Entering state (zones: {'A': 'EMPTY', 'B': 'EMPTY'}  busy: {'A': False, 'B': False})
2026-04-15 15:06:03,776 DEBUG    [ApplyLabel] No zone needs label → wait
2026-04-15 15:06:04,278 INFO     [ApplyLabel] Entering state (zones: {'A': 'EMPTY', 'B': 'EMPTY'}  busy: {'A': False, 'B': False})
2026-04-15 15:06:04,278 DEBUG    [ApplyLabel] No zone needs label → wait
2026-04-15 15:06:04,781 INFO     [ApplyLabel] Entering state (zones: {'A': 'EMPTY', 'B': 'EMPTY'}  busy: {'A': False, 'B': False})
2026-04-15 15:06:04,781 DEBUG    [ApplyLabel] No zone needs label → wait
2026-04-15 15:06:05,282 INFO     [ApplyLabel] Entering state (zones: {'A': 'EMPTY', 'B': 'EMPTY'}  busy: {'A': False, 'B': False})
2026-04-15 15:06:05,282 DEBUG    [ApplyLabel] No zone needs label → wait
2026-04-15 15:06:05,784 INFO     [ApplyLabel] Entering state (zones: {'A': 'EMPTY', 'B': 'EMPTY'}  busy: {'A': False, 'B': False})
2026-04-15 15:06:05,784 DEBUG    [ApplyLabel] No zone needs label → wait
2026-04-15 15:06:06,285 INFO     [ApplyLabel] Entering state (zones: {'A': 'EMPTY', 'B': 'EMPTY'}  busy: {'A': False, 'B': False})
2026-04-15 15:06:06,285 DEBUG    [ApplyLabel] No zone needs label → wait
2026-04-15 15:06:06,715 INFO     [Service] /orio/pnp_cup/off → success=True msg='PnP Cup OFF command sent'
2026-04-15 15:06:06,788 INFO     [ApplyLabel] Entering state (zones: {'A': 'EMPTY', 'B': 'EMPTY'}  busy: {'A': False, 'B': False})
2026-04-15 15:06:06,788 DEBUG    [ApplyLabel] No zone needs label → wait
2026-04-15 15:06:07,290 INFO     [ApplyLabel] Entering state (zones: {'A': 'EMPTY', 'B': 'EMPTY'}  busy: {'A': False, 'B': False})
2026-04-15 15:06:07,290 DEBUG    [ApplyLabel] No zone needs label → wait
2026-04-15 15:06:07,795 INFO     [ApplyLabel] Entering state (zones: {'A': 'EMPTY', 'B': 'EMPTY'}  busy: {'A': False, 'B': False})
2026-04-15 15:06:07,795 DEBUG    [ApplyLabel] No zone needs label → wait
2026-04-15 15:06:08,297 INFO     [ApplyLabel] Entering state (zones: {'A': 'EMPTY', 'B': 'EMPTY'}  busy: {'A': False, 'B': False})
2026-04-15 15:06:08,297 DEBUG    [ApplyLabel] No zone needs label → wait
2026-04-15 15:06:08,799 INFO     [ApplyLabel] Entering state (zones: {'A': 'EMPTY', 'B': 'EMPTY'}  busy: {'A': False, 'B': False})
2026-04-15 15:06:08,799 DEBUG    [ApplyLabel] No zone needs label → wait
2026-04-15 15:06:09,300 INFO     [ApplyLabel] Entering state (zones: {'A': 'EMPTY', 'B': 'EMPTY'}  busy: {'A': False, 'B': False})
2026-04-15 15:06:09,301 DEBUG    [ApplyLabel] No zone needs label → wait
2026-04-15 15:06:09,803 INFO     [ApplyLabel] Entering state (zones: {'A': 'EMPTY', 'B': 'EMPTY'}  busy: {'A': False, 'B': False})
2026-04-15 15:06:09,804 DEBUG    [ApplyLabel] No zone needs label → wait
2026-04-15 15:06:10,186 INFO     [PlaceOutput] Exiting: succeeded (total items placed: 3)
2026-04-15 15:06:10,187 DEBUG    [TaskSelector] Evaluating zone states: {'A': 'EMPTY', 'B': 'EMPTY'}  busy: {'A': False, 'B': False}
2026-04-15 15:06:10,187 INFO     [TaskSelector] → do_load (zone A empty)
2026-04-15 15:06:10,188 INFO     [FetchInput] Entering state
2026-04-15 15:06:10,307 INFO     [ApplyLabel] Entering state (zones: {'A': 'EMPTY', 'B': 'EMPTY'}  busy: {'A': False, 'B': False})
2026-04-15 15:06:10,307 DEBUG    [ApplyLabel] No zone needs label → wait
2026-04-15 15:06:10,760 INFO     [Service] /compute_grasps → success=True msg='Published 1 PnP poses.'
2026-04-15 15:06:10,761 INFO     [FetchInput] Grasp pose received: x=0.0151 y=-0.5815 z=0.1028
2026-04-15 15:06:10,761 INFO     [IK] compute_pick_joints called — task_pos=[ 0.0151 -0.5815  0.1028] label_zone=None max_attempts=10 check_collisions=False arm_number=None
2026-04-15 15:06:10,775 INFO     [IK] Arm? compute_pick_joints attempt 1/10 OK — target=([ 0.0151 -0.5815  0.1028]) pre=[-0.6059  0.3968 -0.9941 -2.0509  0.4225  2.2305 -1.0458] final=[-0.827   0.5367 -0.7285 -2.0789  0.5421  2.4211 -1.1208] (FK err pre=0.0000 m final=0.0000 m)
2026-04-15 15:06:10,775 INFO     [FetchInput] IK pre_joints:   [-0.6059  0.3968 -0.9941 -2.0509  0.4225  2.2305 -1.0458]
2026-04-15 15:06:10,776 INFO     [FetchInput] IK final_joints: [-0.827   0.5367 -0.7285 -2.0789  0.5421  2.4211 -1.1208]
2026-04-15 15:06:10,776 INFO     [FetchInput] Moving to pre-pick
2026-04-15 15:06:10,811 INFO     [ApplyLabel] Entering state (zones: {'A': 'EMPTY', 'B': 'EMPTY'}  busy: {'A': False, 'B': False})
2026-04-15 15:06:10,811 DEBUG    [ApplyLabel] No zone needs label → wait
2026-04-15 15:06:11,313 INFO     [ApplyLabel] Entering state (zones: {'A': 'EMPTY', 'B': 'EMPTY'}  busy: {'A': False, 'B': False})
2026-04-15 15:06:11,313 DEBUG    [ApplyLabel] No zone needs label → wait
2026-04-15 15:06:11,818 INFO     [ApplyLabel] Entering state (zones: {'A': 'EMPTY', 'B': 'EMPTY'}  busy: {'A': False, 'B': False})
2026-04-15 15:06:11,819 DEBUG    [ApplyLabel] No zone needs label → wait
2026-04-15 15:06:12,321 INFO     [ApplyLabel] Entering state (zones: {'A': 'EMPTY', 'B': 'EMPTY'}  busy: {'A': False, 'B': False})
2026-04-15 15:06:12,321 DEBUG    [ApplyLabel] No zone needs label → wait
2026-04-15 15:06:12,824 INFO     [ApplyLabel] Entering state (zones: {'A': 'EMPTY', 'B': 'EMPTY'}  busy: {'A': False, 'B': False})
2026-04-15 15:06:12,824 DEBUG    [ApplyLabel] No zone needs label → wait
2026-04-15 15:06:13,325 INFO     [ApplyLabel] Entering state (zones: {'A': 'EMPTY', 'B': 'EMPTY'}  busy: {'A': False, 'B': False})
2026-04-15 15:06:13,325 DEBUG    [ApplyLabel] No zone needs label → wait
2026-04-15 15:06:13,829 INFO     [ApplyLabel] Entering state (zones: {'A': 'EMPTY', 'B': 'EMPTY'}  busy: {'A': False, 'B': False})
2026-04-15 15:06:13,829 DEBUG    [ApplyLabel] No zone needs label → wait
2026-04-15 15:06:14,259 INFO     [FetchInput] Descending to pick
2026-04-15 15:06:14,331 INFO     [ApplyLabel] Entering state (zones: {'A': 'EMPTY', 'B': 'EMPTY'}  busy: {'A': False, 'B': False})
2026-04-15 15:06:14,331 DEBUG    [ApplyLabel] No zone needs label → wait
2026-04-15 15:06:14,834 INFO     [ApplyLabel] Entering state (zones: {'A': 'EMPTY', 'B': 'EMPTY'}  busy: {'A': False, 'B': False})
2026-04-15 15:06:14,834 DEBUG    [ApplyLabel] No zone needs label → wait
2026-04-15 15:06:15,336 INFO     [ApplyLabel] Entering state (zones: {'A': 'EMPTY', 'B': 'EMPTY'}  busy: {'A': False, 'B': False})
2026-04-15 15:06:15,336 DEBUG    [ApplyLabel] No zone needs label → wait
2026-04-15 15:06:15,838 INFO     [ApplyLabel] Entering state (zones: {'A': 'EMPTY', 'B': 'EMPTY'}  busy: {'A': False, 'B': False})
2026-04-15 15:06:15,839 DEBUG    [ApplyLabel] No zone needs label → wait
2026-04-15 15:06:16,342 INFO     [ApplyLabel] Entering state (zones: {'A': 'EMPTY', 'B': 'EMPTY'}  busy: {'A': False, 'B': False})
2026-04-15 15:06:16,342 DEBUG    [ApplyLabel] No zone needs label → wait
2026-04-15 15:06:16,466 INFO     [Service] /orio/pnp_cup/on → success=True msg='PnP Cup ON command sent'
2026-04-15 15:06:16,846 INFO     [ApplyLabel] Entering state (zones: {'A': 'EMPTY', 'B': 'EMPTY'}  busy: {'A': False, 'B': False})
2026-04-15 15:06:16,846 DEBUG    [ApplyLabel] No zone needs label → wait
2026-04-15 15:06:17,348 INFO     [ApplyLabel] Entering state (zones: {'A': 'EMPTY', 'B': 'EMPTY'}  busy: {'A': False, 'B': False})
2026-04-15 15:06:17,348 DEBUG    [ApplyLabel] No zone needs label → wait
2026-04-15 15:06:17,467 INFO     [FetchInput] Retracting to pre-pick height
2026-04-15 15:06:17,851 INFO     [ApplyLabel] Entering state (zones: {'A': 'EMPTY', 'B': 'EMPTY'}  busy: {'A': False, 'B': False})
2026-04-15 15:06:17,852 DEBUG    [ApplyLabel] No zone needs label → wait
2026-04-15 15:06:18,353 INFO     [ApplyLabel] Entering state (zones: {'A': 'EMPTY', 'B': 'EMPTY'}  busy: {'A': False, 'B': False})
2026-04-15 15:06:18,353 DEBUG    [ApplyLabel] No zone needs label → wait
2026-04-15 15:06:18,858 INFO     [ApplyLabel] Entering state (zones: {'A': 'EMPTY', 'B': 'EMPTY'}  busy: {'A': False, 'B': False})
2026-04-15 15:06:18,859 DEBUG    [ApplyLabel] No zone needs label → wait
2026-04-15 15:06:19,361 INFO     [ApplyLabel] Entering state (zones: {'A': 'EMPTY', 'B': 'EMPTY'}  busy: {'A': False, 'B': False})
2026-04-15 15:06:19,361 DEBUG    [ApplyLabel] No zone needs label → wait
2026-04-15 15:06:19,673 INFO     [FetchInput] Exiting: succeeded (item_depth=0.1028)
2026-04-15 15:06:19,676 INFO     [DropToZone] Entering state (item_depth=0.1028)
2026-04-15 15:06:19,676 INFO     [DropToZone] Targeting zone A
2026-04-15 15:06:19,683 INFO     [IK] pose_to_joints 'L1_INTER' depth_offset=0.1028 → joints=[-0.2661 -0.4102 -0.3173 -2.3623 -0.1353  1.9673  0.2793]
2026-04-15 15:06:19,692 INFO     [IK] pose_to_joints 'LABEL_ZONE_1' depth_offset=0.1128 → joints=[-0.2311  1.0742 -0.1771 -0.8989  0.1683  1.9614  0.4046]
2026-04-15 15:06:19,692 INFO     [DropToZone] place_joints for LABEL_ZONE_1: [-0.2311  1.0742 -0.1771 -0.8989  0.1683  1.9614  0.4046]
2026-04-15 15:06:19,862 INFO     [ApplyLabel] Entering state (zones: {'A': 'EMPTY', 'B': 'EMPTY'}  busy: {'A': True, 'B': False})
2026-04-15 15:06:19,862 DEBUG    [ApplyLabel] No zone needs label → wait
2026-04-15 15:06:20,364 INFO     [ApplyLabel] Entering state (zones: {'A': 'EMPTY', 'B': 'EMPTY'}  busy: {'A': True, 'B': False})
2026-04-15 15:06:20,364 DEBUG    [ApplyLabel] No zone needs label → wait
2026-04-15 15:06:20,865 INFO     [ApplyLabel] Entering state (zones: {'A': 'EMPTY', 'B': 'EMPTY'}  busy: {'A': True, 'B': False})
2026-04-15 15:06:20,865 DEBUG    [ApplyLabel] No zone needs label → wait
2026-04-15 15:06:21,366 INFO     [ApplyLabel] Entering state (zones: {'A': 'EMPTY', 'B': 'EMPTY'}  busy: {'A': True, 'B': False})
2026-04-15 15:06:21,367 DEBUG    [ApplyLabel] No zone needs label → wait
2026-04-15 15:06:21,869 INFO     [ApplyLabel] Entering state (zones: {'A': 'EMPTY', 'B': 'EMPTY'}  busy: {'A': True, 'B': False})
2026-04-15 15:06:21,869 DEBUG    [ApplyLabel] No zone needs label → wait
2026-04-15 15:06:22,370 INFO     [ApplyLabel] Entering state (zones: {'A': 'EMPTY', 'B': 'EMPTY'}  busy: {'A': True, 'B': False})
2026-04-15 15:06:22,371 DEBUG    [ApplyLabel] No zone needs label → wait
2026-04-15 15:06:22,873 INFO     [ApplyLabel] Entering state (zones: {'A': 'EMPTY', 'B': 'EMPTY'}  busy: {'A': True, 'B': False})
2026-04-15 15:06:22,873 DEBUG    [ApplyLabel] No zone needs label → wait
2026-04-15 15:06:23,375 INFO     [ApplyLabel] Entering state (zones: {'A': 'EMPTY', 'B': 'EMPTY'}  busy: {'A': True, 'B': False})
2026-04-15 15:06:23,375 DEBUG    [ApplyLabel] No zone needs label → wait
2026-04-15 15:06:23,878 INFO     [ApplyLabel] Entering state (zones: {'A': 'EMPTY', 'B': 'EMPTY'}  busy: {'A': True, 'B': False})
2026-04-15 15:06:23,878 DEBUG    [ApplyLabel] No zone needs label → wait
2026-04-15 15:06:24,380 INFO     [ApplyLabel] Entering state (zones: {'A': 'EMPTY', 'B': 'EMPTY'}  busy: {'A': True, 'B': False})
2026-04-15 15:06:24,380 DEBUG    [ApplyLabel] No zone needs label → wait
2026-04-15 15:06:24,882 INFO     [ApplyLabel] Entering state (zones: {'A': 'EMPTY', 'B': 'EMPTY'}  busy: {'A': True, 'B': False})
2026-04-15 15:06:24,882 DEBUG    [ApplyLabel] No zone needs label → wait
2026-04-15 15:06:25,383 INFO     [ApplyLabel] Entering state (zones: {'A': 'EMPTY', 'B': 'EMPTY'}  busy: {'A': True, 'B': False})
2026-04-15 15:06:25,383 DEBUG    [ApplyLabel] No zone needs label → wait
2026-04-15 15:06:25,885 INFO     [ApplyLabel] Entering state (zones: {'A': 'EMPTY', 'B': 'EMPTY'}  busy: {'A': True, 'B': False})
2026-04-15 15:06:25,885 DEBUG    [ApplyLabel] No zone needs label → wait
2026-04-15 15:06:26,129 INFO     [Service] /orio/pnp_cup/off → success=True msg='PnP Cup OFF command sent'
2026-04-15 15:06:26,387 INFO     [ApplyLabel] Entering state (zones: {'A': 'EMPTY', 'B': 'EMPTY'}  busy: {'A': True, 'B': False})
2026-04-15 15:06:26,387 DEBUG    [ApplyLabel] No zone needs label → wait
2026-04-15 15:06:26,889 INFO     [ApplyLabel] Entering state (zones: {'A': 'EMPTY', 'B': 'EMPTY'}  busy: {'A': True, 'B': False})
2026-04-15 15:06:26,889 DEBUG    [ApplyLabel] No zone needs label → wait
2026-04-15 15:06:27,391 INFO     [ApplyLabel] Entering state (zones: {'A': 'EMPTY', 'B': 'EMPTY'}  busy: {'A': True, 'B': False})
2026-04-15 15:06:27,391 DEBUG    [ApplyLabel] No zone needs label → wait
2026-04-15 15:06:27,893 INFO     [ApplyLabel] Entering state (zones: {'A': 'EMPTY', 'B': 'EMPTY'}  busy: {'A': True, 'B': False})
2026-04-15 15:06:27,893 DEBUG    [ApplyLabel] No zone needs label → wait
2026-04-15 15:06:28,394 INFO     [ApplyLabel] Entering state (zones: {'A': 'EMPTY', 'B': 'EMPTY'}  busy: {'A': True, 'B': False})
2026-04-15 15:06:28,394 DEBUG    [ApplyLabel] No zone needs label → wait
2026-04-15 15:06:28,896 INFO     [ApplyLabel] Entering state (zones: {'A': 'EMPTY', 'B': 'EMPTY'}  busy: {'A': True, 'B': False})
2026-04-15 15:06:28,896 DEBUG    [ApplyLabel] No zone needs label → wait
2026-04-15 15:06:29,398 INFO     [ApplyLabel] Entering state (zones: {'A': 'EMPTY', 'B': 'EMPTY'}  busy: {'A': True, 'B': False})
2026-04-15 15:06:29,398 DEBUG    [ApplyLabel] No zone needs label → wait
2026-04-15 15:06:29,899 INFO     [ApplyLabel] Entering state (zones: {'A': 'EMPTY', 'B': 'EMPTY'}  busy: {'A': True, 'B': False})
2026-04-15 15:06:29,899 DEBUG    [ApplyLabel] No zone needs label → wait
2026-04-15 15:06:30,401 INFO     [ApplyLabel] Entering state (zones: {'A': 'EMPTY', 'B': 'EMPTY'}  busy: {'A': True, 'B': False})
2026-04-15 15:06:30,401 DEBUG    [ApplyLabel] No zone needs label → wait
2026-04-15 15:06:30,903 INFO     [ApplyLabel] Entering state (zones: {'A': 'EMPTY', 'B': 'EMPTY'}  busy: {'A': True, 'B': False})
2026-04-15 15:06:30,904 DEBUG    [ApplyLabel] No zone needs label → wait
2026-04-15 15:06:31,408 INFO     [ApplyLabel] Entering state (zones: {'A': 'EMPTY', 'B': 'EMPTY'}  busy: {'A': True, 'B': False})
2026-04-15 15:06:31,408 DEBUG    [ApplyLabel] No zone needs label → wait
2026-04-15 15:06:31,910 INFO     [ApplyLabel] Entering state (zones: {'A': 'EMPTY', 'B': 'EMPTY'}  busy: {'A': True, 'B': False})
2026-04-15 15:06:31,910 DEBUG    [ApplyLabel] No zone needs label → wait
2026-04-15 15:06:32,413 INFO     [ApplyLabel] Entering state (zones: {'A': 'EMPTY', 'B': 'EMPTY'}  busy: {'A': True, 'B': False})
2026-04-15 15:06:32,414 DEBUG    [ApplyLabel] No zone needs label → wait
2026-04-15 15:06:32,916 INFO     [ApplyLabel] Entering state (zones: {'A': 'EMPTY', 'B': 'EMPTY'}  busy: {'A': True, 'B': False})
2026-04-15 15:06:32,916 DEBUG    [ApplyLabel] No zone needs label → wait
2026-04-15 15:06:33,418 INFO     [ApplyLabel] Entering state (zones: {'A': 'EMPTY', 'B': 'EMPTY'}  busy: {'A': True, 'B': False})
2026-04-15 15:06:33,419 DEBUG    [ApplyLabel] No zone needs label → wait
2026-04-15 15:06:33,920 INFO     [ApplyLabel] Entering state (zones: {'A': 'EMPTY', 'B': 'EMPTY'}  busy: {'A': True, 'B': False})
2026-04-15 15:06:33,921 DEBUG    [ApplyLabel] No zone needs label → wait
2026-04-15 15:06:34,424 INFO     [ApplyLabel] Entering state (zones: {'A': 'EMPTY', 'B': 'EMPTY'}  busy: {'A': True, 'B': False})
2026-04-15 15:06:34,425 DEBUG    [ApplyLabel] No zone needs label → wait
2026-04-15 15:06:34,927 INFO     [ApplyLabel] Entering state (zones: {'A': 'EMPTY', 'B': 'EMPTY'}  busy: {'A': True, 'B': False})
2026-04-15 15:06:34,927 DEBUG    [ApplyLabel] No zone needs label → wait
2026-04-15 15:06:35,430 INFO     [ApplyLabel] Entering state (zones: {'A': 'EMPTY', 'B': 'EMPTY'}  busy: {'A': True, 'B': False})
2026-04-15 15:06:35,430 DEBUG    [ApplyLabel] No zone needs label → wait
2026-04-15 15:06:35,932 INFO     [ApplyLabel] Entering state (zones: {'A': 'EMPTY', 'B': 'EMPTY'}  busy: {'A': True, 'B': False})
2026-04-15 15:06:35,932 DEBUG    [ApplyLabel] No zone needs label → wait
2026-04-15 15:06:36,436 INFO     [ApplyLabel] Entering state (zones: {'A': 'EMPTY', 'B': 'EMPTY'}  busy: {'A': True, 'B': False})
2026-04-15 15:06:36,436 DEBUG    [ApplyLabel] No zone needs label → wait
2026-04-15 15:06:36,937 INFO     [ApplyLabel] Entering state (zones: {'A': 'EMPTY', 'B': 'EMPTY'}  busy: {'A': True, 'B': False})
2026-04-15 15:06:36,937 DEBUG    [ApplyLabel] No zone needs label → wait
2026-04-15 15:06:37,445 INFO     [ApplyLabel] Entering state (zones: {'A': 'EMPTY', 'B': 'EMPTY'}  busy: {'A': True, 'B': False})
2026-04-15 15:06:37,445 DEBUG    [ApplyLabel] No zone needs label → wait
2026-04-15 15:06:37,948 INFO     [ApplyLabel] Entering state (zones: {'A': 'EMPTY', 'B': 'EMPTY'}  busy: {'A': True, 'B': False})
2026-04-15 15:06:37,948 DEBUG    [ApplyLabel] No zone needs label → wait
2026-04-15 15:06:38,454 INFO     [ApplyLabel] Entering state (zones: {'A': 'EMPTY', 'B': 'EMPTY'}  busy: {'A': True, 'B': False})
2026-04-15 15:06:38,454 DEBUG    [ApplyLabel] No zone needs label → wait
2026-04-15 15:06:38,958 INFO     [ApplyLabel] Entering state (zones: {'A': 'EMPTY', 'B': 'EMPTY'}  busy: {'A': True, 'B': False})
2026-04-15 15:06:38,958 DEBUG    [ApplyLabel] No zone needs label → wait
2026-04-15 15:06:39,464 INFO     [ApplyLabel] Entering state (zones: {'A': 'EMPTY', 'B': 'EMPTY'}  busy: {'A': True, 'B': False})
2026-04-15 15:06:39,465 DEBUG    [ApplyLabel] No zone needs label → wait
2026-04-15 15:06:39,968 INFO     [ApplyLabel] Entering state (zones: {'A': 'EMPTY', 'B': 'EMPTY'}  busy: {'A': True, 'B': False})
2026-04-15 15:06:39,968 DEBUG    [ApplyLabel] No zone needs label → wait
2026-04-15 15:06:40,471 INFO     [ApplyLabel] Entering state (zones: {'A': 'EMPTY', 'B': 'EMPTY'}  busy: {'A': True, 'B': False})
2026-04-15 15:06:40,471 DEBUG    [ApplyLabel] No zone needs label → wait
2026-04-15 15:06:40,974 INFO     [ApplyLabel] Entering state (zones: {'A': 'EMPTY', 'B': 'EMPTY'}  busy: {'A': True, 'B': False})
2026-04-15 15:06:40,974 DEBUG    [ApplyLabel] No zone needs label → wait
2026-04-15 15:06:41,478 INFO     [ApplyLabel] Entering state (zones: {'A': 'EMPTY', 'B': 'EMPTY'}  busy: {'A': True, 'B': False})
2026-04-15 15:06:41,478 DEBUG    [ApplyLabel] No zone needs label → wait
2026-04-15 15:06:41,981 INFO     [ApplyLabel] Entering state (zones: {'A': 'EMPTY', 'B': 'EMPTY'}  busy: {'A': True, 'B': False})
2026-04-15 15:06:41,981 DEBUG    [ApplyLabel] No zone needs label → wait
2026-04-15 15:06:42,484 INFO     [ApplyLabel] Entering state (zones: {'A': 'EMPTY', 'B': 'EMPTY'}  busy: {'A': True, 'B': False})
2026-04-15 15:06:42,484 DEBUG    [ApplyLabel] No zone needs label → wait
2026-04-15 15:06:42,987 INFO     [ApplyLabel] Entering state (zones: {'A': 'EMPTY', 'B': 'EMPTY'}  busy: {'A': True, 'B': False})
2026-04-15 15:06:42,987 DEBUG    [ApplyLabel] No zone needs label → wait
2026-04-15 15:06:43,491 INFO     [ApplyLabel] Entering state (zones: {'A': 'EMPTY', 'B': 'EMPTY'}  busy: {'A': True, 'B': False})
2026-04-15 15:06:43,491 DEBUG    [ApplyLabel] No zone needs label → wait
2026-04-15 15:06:43,994 INFO     [ApplyLabel] Entering state (zones: {'A': 'EMPTY', 'B': 'EMPTY'}  busy: {'A': True, 'B': False})
2026-04-15 15:06:43,994 DEBUG    [ApplyLabel] No zone needs label → wait
2026-04-15 15:06:44,496 INFO     [ApplyLabel] Entering state (zones: {'A': 'EMPTY', 'B': 'EMPTY'}  busy: {'A': True, 'B': False})
2026-04-15 15:06:44,496 DEBUG    [ApplyLabel] No zone needs label → wait
2026-04-15 15:06:45,000 INFO     [ApplyLabel] Entering state (zones: {'A': 'EMPTY', 'B': 'EMPTY'}  busy: {'A': True, 'B': False})
2026-04-15 15:06:45,000 DEBUG    [ApplyLabel] No zone needs label → wait
2026-04-15 15:06:45,503 INFO     [ApplyLabel] Entering state (zones: {'A': 'EMPTY', 'B': 'EMPTY'}  busy: {'A': True, 'B': False})
2026-04-15 15:06:45,503 DEBUG    [ApplyLabel] No zone needs label → wait
2026-04-15 15:06:46,009 INFO     [ApplyLabel] Entering state (zones: {'A': 'EMPTY', 'B': 'EMPTY'}  busy: {'A': True, 'B': False})
2026-04-15 15:06:46,009 DEBUG    [ApplyLabel] No zone needs label → wait
2026-04-15 15:06:46,512 INFO     [ApplyLabel] Entering state (zones: {'A': 'EMPTY', 'B': 'EMPTY'}  busy: {'A': True, 'B': False})
2026-04-15 15:06:46,512 DEBUG    [ApplyLabel] No zone needs label → wait
2026-04-15 15:06:47,015 INFO     [ApplyLabel] Entering state (zones: {'A': 'EMPTY', 'B': 'EMPTY'}  busy: {'A': True, 'B': False})
2026-04-15 15:06:47,015 DEBUG    [ApplyLabel] No zone needs label → wait
2026-04-15 15:06:47,518 INFO     [ApplyLabel] Entering state (zones: {'A': 'EMPTY', 'B': 'EMPTY'}  busy: {'A': True, 'B': False})
2026-04-15 15:06:47,518 DEBUG    [ApplyLabel] No zone needs label → wait
2026-04-15 15:06:48,020 INFO     [ApplyLabel] Entering state (zones: {'A': 'EMPTY', 'B': 'EMPTY'}  busy: {'A': True, 'B': False})
2026-04-15 15:06:48,020 DEBUG    [ApplyLabel] No zone needs label → wait
2026-04-15 15:06:48,167 WARNING  [Main] Shutting down: turning off both vacuums
2026-04-15 15:06:48,167 INFO     [Main] Total items placed at output: 3
2026-04-15 15:06:48,171 INFO     [Service] /orio/pnp_cup/off → success=True msg='PnP Cup OFF command sent'
2026-04-15 15:06:48,173 INFO     [Service] /orio/lbl_cup/off → success=True msg='Labelling Cup OFF command sent'
