2026-04-15 21:06:39,144 INFO     [Logger] File log started: /home/ros_ws/src/devel_packages/orio/logs/orio_run_20260415_210639.log
2026-04-15 21:06:39,144 INFO     [Main] Node started. Log file: /home/ros_ws/src/devel_packages/orio/logs/orio_run_20260415_210639.log
2026-04-15 21:06:45,105 INFO     [Main] Operator input — item='ghg'  expiry='gg'
2026-04-15 21:06:45,105 INFO     [Hardware] Initializing Robot Hardware...
2026-04-15 21:06:45,705 INFO     [Hardware] Resetting both arms to home joints
2026-04-15 21:06:51,977 INFO     [Hardware] Poses loaded from joint_angles.json
2026-04-15 21:06:51,990 INFO     [Hardware] Initialization complete
2026-04-15 21:06:51,994 INFO     [Main] Starting state machine execution
2026-04-15 21:06:52,000 DEBUG    [TaskSelector] Evaluating zone states: {'A': 'EMPTY', 'B': 'EMPTY'}  busy: {'A': False, 'B': False}
2026-04-15 21:06:52,000 INFO     [TaskSelector] → do_load (zone A empty)
2026-04-15 21:06:52,001 INFO     [GetLabel] Entering state
2026-04-15 21:06:52,002 INFO     [FetchInput] Entering state
2026-04-15 21:06:52,715 INFO     [Service] /compute_grasps → success=True msg='Published 3 PnP poses.'
2026-04-15 21:06:52,716 INFO     [FetchInput] Grasp pose received: x=0.3516 y=-0.3047 z=0.0311
2026-04-15 21:06:52,716 INFO     [IK] compute_pick_joints called — task_pos=[ 0.3516 -0.3047  0.0311] label_zone=None max_attempts=10 check_collisions=False arm_number=None
2026-04-15 21:06:52,734 INFO     [IK] Arm? compute_pick_joints attempt 1/10 OK — target=([ 0.3516 -0.3047  0.0311]) pre=[-0.3045  0.0777 -0.4031 -2.5149  0.0577  2.5856  0.0298] final=[-0.5731  0.3507 -0.1173 -2.4929  0.1352  2.8388 -0.0271] (FK err pre=0.0000 m final=0.0000 m)
2026-04-15 21:06:52,736 INFO     [FetchInput] IK pre_joints:   [-0.3045  0.0777 -0.4031 -2.5149  0.0577  2.5856  0.0298]
2026-04-15 21:06:52,736 INFO     [FetchInput] IK final_joints: [-0.5731  0.3507 -0.1173 -2.4929  0.1352  2.8388 -0.0271]
2026-04-15 21:06:52,737 INFO     [FetchInput] Moving to pre-pick
2026-04-15 21:06:56,045 INFO     [FetchInput] Descending to pick
2026-04-15 21:06:58,603 INFO     [Service] /orio/pnp_cup/on → success=True msg='PnP Cup ON command sent'
2026-04-15 21:07:00,607 ERROR    [FETCH_INPUT] Unhandled exception: PNP vacuum failed to pick up item (expected=True, actual=False)
2026-04-15 21:07:00,608 WARNING  [ARM1 Recovery] Showing GUI — both arms paused
2026-04-15 21:07:02,224 INFO     [Service] /orio/lbl_cup/on → success=True msg='Labelling Cup ON command sent'
2026-04-15 21:07:05,711 INFO     [IK] pose_to_joints 'LABELLING_SAFE' depth_offset=0.0000 → joints=[-0.065  -1.2718  0.0356 -2.707   0.0343  1.4354  0.7355]
2026-04-15 21:07:09,216 INFO     [GetLabel] Exiting: succeeded
2026-04-15 21:07:12,439 INFO     [ARM1 Recovery] choice=shutdown  ARM2 override=None
2026-04-15 21:07:12,621 INFO     [ApplyLabel] Entering state (zones: {'A': 'EMPTY', 'B': 'EMPTY'}  busy: {'A': False, 'B': False})
2026-04-15 21:07:12,621 DEBUG    [ApplyLabel] No zone needs label → wait
2026-04-15 21:07:13,130 INFO     [Main] State machine finished with outcome: done
2026-04-15 21:07:13,130 WARNING  [Main] Shutting down: turning off both vacuums
2026-04-15 21:07:13,130 INFO     [Main] Total items placed at output: 0
2026-04-15 21:07:13,138 INFO     [Service] /orio/pnp_cup/off → success=True msg='PnP Cup OFF command sent'
2026-04-15 21:07:13,141 INFO     [Service] /orio/lbl_cup/off → success=True msg='Labelling Cup OFF command sent'
