2026-04-15 14:41:07,182 INFO     [Logger] File log started: /home/ros_ws/src/devel_packages/orio/logs/orio_run_20260415_144107.log
2026-04-15 14:41:07,183 INFO     [Main] Node started. Log file: /home/ros_ws/src/devel_packages/orio/logs/orio_run_20260415_144107.log
2026-04-15 14:41:07,183 INFO     [Hardware] Initializing Robot Hardware...
2026-04-15 14:41:07,752 INFO     [Hardware] Resetting both arms to home joints
2026-04-15 14:41:18,188 INFO     [Hardware] Poses loaded from joint_angles.json
2026-04-15 14:41:18,194 INFO     [Hardware] Initialization complete
2026-04-15 14:41:18,200 INFO     [Main] Starting state machine execution
2026-04-15 14:41:18,201 DEBUG    [TaskSelector] Evaluating zone states: {'A': 'EMPTY', 'B': 'EMPTY'}  busy: {'A': False, 'B': False}
2026-04-15 14:41:18,202 INFO     [TaskSelector] → do_load (zone A empty)
2026-04-15 14:41:18,202 INFO     [GetLabel] Entering state
2026-04-15 14:41:18,204 INFO     [FetchInput] Entering state
2026-04-15 14:41:18,932 INFO     [Service] /compute_grasps → success=True msg='Published 2 PnP poses.'
2026-04-15 14:41:18,933 INFO     [FetchInput] Grasp pose received: x=0.0231 y=-0.6360 z=0.0215
2026-04-15 14:41:18,933 INFO     [IK] compute_pick_joints called — task_pos=[ 0.0231 -0.636   0.0215] label_zone=None max_attempts=10 check_collisions=False arm_number=None
2026-04-15 14:41:18,961 INFO     [IK] Arm? compute_pick_joints attempt 1/10 OK — target=([ 0.0231 -0.636   0.0215]) pre=[-0.7622  0.5162 -0.8836 -1.8092  0.4595  2.1056 -1.0382] final=[-1.0677  0.7799 -0.4876 -1.8282  0.5567  2.4683 -1.0956] (FK err pre=0.0000 m final=0.0000 m)
2026-04-15 14:41:18,963 INFO     [FetchInput] IK pre_joints:   [-0.7622  0.5162 -0.8836 -1.8092  0.4595  2.1056 -1.0382]
2026-04-15 14:41:18,963 INFO     [FetchInput] IK final_joints: [-1.0677  0.7799 -0.4876 -1.8282  0.5567  2.4683 -1.0956]
2026-04-15 14:41:18,964 INFO     [FetchInput] Moving to pre-pick
2026-04-15 14:41:22,376 INFO     [FetchInput] Descending to pick
2026-04-15 14:41:24,839 INFO     [Service] /orio/pnp_cup/on → success=True msg='PnP Cup ON command sent'
2026-04-15 14:41:25,840 INFO     [FetchInput] Retracting to pre-pick height
2026-04-15 14:41:28,297 INFO     [FetchInput] Exiting: succeeded (item_depth=0.0215)
2026-04-15 14:41:28,299 INFO     [DropToZone] Entering state (item_depth=0.0215)
2026-04-15 14:41:28,299 INFO     [DropToZone] Targeting zone A
2026-04-15 14:41:28,310 INFO     [IK] pose_to_joints 'L1_INTER' depth_offset=0.0215 → joints=[-0.298  -0.3227 -0.3138 -2.5056 -0.1209  2.1942  0.2596]
2026-04-15 14:41:28,321 INFO     [IK] pose_to_joints 'LABEL_ZONE_1' depth_offset=0.0315 → joints=[-0.2398  1.2173 -0.1666 -0.8468  0.1766  2.0531  0.4048]
2026-04-15 14:41:28,321 INFO     [DropToZone] place_joints for LABEL_ZONE_1: [-0.2398  1.2173 -0.1666 -0.8468  0.1766  2.0531  0.4048]
2026-04-15 14:41:28,422 INFO     [Service] /orio/lbl_cup/on → success=True msg='Labelling Cup ON command sent'
2026-04-15 14:41:31,886 INFO     [IK] pose_to_joints 'LABELLING_SAFE' depth_offset=0.0000 → joints=[-0.065  -1.2718  0.0356 -2.707   0.0343  1.4354  0.7355]
2026-04-15 14:41:34,594 INFO     [GetLabel] Exiting: succeeded
2026-04-15 14:41:34,596 INFO     [ApplyLabel] Entering state (zones: {'A': 'EMPTY', 'B': 'EMPTY'}  busy: {'A': True, 'B': False})
2026-04-15 14:41:34,596 DEBUG    [ApplyLabel] No zone needs label → wait
2026-04-15 14:41:34,937 INFO     [Service] /orio/pnp_cup/off → success=True msg='PnP Cup OFF command sent'
2026-04-15 14:41:35,098 INFO     [ApplyLabel] Entering state (zones: {'A': 'EMPTY', 'B': 'EMPTY'}  busy: {'A': True, 'B': False})
2026-04-15 14:41:35,098 DEBUG    [ApplyLabel] No zone needs label → wait
2026-04-15 14:41:35,602 INFO     [ApplyLabel] Entering state (zones: {'A': 'EMPTY', 'B': 'EMPTY'}  busy: {'A': True, 'B': False})
2026-04-15 14:41:35,602 DEBUG    [ApplyLabel] No zone needs label → wait
2026-04-15 14:41:36,103 INFO     [ApplyLabel] Entering state (zones: {'A': 'EMPTY', 'B': 'EMPTY'}  busy: {'A': True, 'B': False})
2026-04-15 14:41:36,103 DEBUG    [ApplyLabel] No zone needs label → wait
2026-04-15 14:41:36,605 INFO     [ApplyLabel] Entering state (zones: {'A': 'EMPTY', 'B': 'EMPTY'}  busy: {'A': True, 'B': False})
2026-04-15 14:41:36,605 DEBUG    [ApplyLabel] No zone needs label → wait
2026-04-15 14:41:37,107 INFO     [ApplyLabel] Entering state (zones: {'A': 'EMPTY', 'B': 'EMPTY'}  busy: {'A': True, 'B': False})
2026-04-15 14:41:37,108 DEBUG    [ApplyLabel] No zone needs label → wait
2026-04-15 14:41:37,611 INFO     [ApplyLabel] Entering state (zones: {'A': 'EMPTY', 'B': 'EMPTY'}  busy: {'A': True, 'B': False})
2026-04-15 14:41:37,612 DEBUG    [ApplyLabel] No zone needs label → wait
2026-04-15 14:41:38,113 INFO     [ApplyLabel] Entering state (zones: {'A': 'EMPTY', 'B': 'EMPTY'}  busy: {'A': True, 'B': False})
2026-04-15 14:41:38,113 DEBUG    [ApplyLabel] No zone needs label → wait
2026-04-15 14:41:38,415 INFO     [ZoneManager] Zone A: EMPTY → NEEDS_LABEL
2026-04-15 14:41:38,415 INFO     [DropToZone] Exiting: dropped (zone A)
2026-04-15 14:41:38,417 DEBUG    [TaskSelector] Evaluating zone states: {'A': 'NEEDS_LABEL', 'B': 'EMPTY'}  busy: {'A': False, 'B': False}
2026-04-15 14:41:38,417 INFO     [TaskSelector] → do_load (zone B empty)
2026-04-15 14:41:38,418 INFO     [FetchInput] Entering state
2026-04-15 14:41:38,618 INFO     [ApplyLabel] Entering state (zones: {'A': 'NEEDS_LABEL', 'B': 'EMPTY'}  busy: {'A': False, 'B': False})
2026-04-15 14:41:38,618 INFO     [ApplyLabel] Applying label to zone A (zone_number=1, depth=0.0215)
2026-04-15 14:41:38,618 INFO     [compute_label_joints] Requesting label pose for zone 1, item_depth=0.0265
2026-04-15 14:41:39,120 INFO     [Service] /compute_grasps → success=True msg='Published 1 PnP poses.'
2026-04-15 14:41:39,120 INFO     [FetchInput] Grasp pose received: x=0.3547 y=-0.6305 z=0.0260
2026-04-15 14:41:39,120 INFO     [IK] compute_pick_joints called — task_pos=[ 0.3547 -0.6305  0.026 ] label_zone=None max_attempts=10 check_collisions=False arm_number=None
2026-04-15 14:41:39,137 INFO     [IK] Arm? compute_pick_joints attempt 1/10 OK — target=([ 0.3547 -0.6305  0.026 ]) pre=[-0.4832  0.8057 -0.838  -1.3487  0.6011  1.8945 -0.5685] final=[-0.6751  1.0025 -0.5066 -1.394   0.5551  2.2534 -0.5528] (FK err pre=0.0000 m final=0.0000 m)
2026-04-15 14:41:39,138 INFO     [FetchInput] IK pre_joints:   [-0.4832  0.8057 -0.838  -1.3487  0.6011  1.8945 -0.5685]
2026-04-15 14:41:39,138 INFO     [FetchInput] IK final_joints: [-0.6751  1.0025 -0.5066 -1.394   0.5551  2.2534 -0.5528]
2026-04-15 14:41:39,139 INFO     [FetchInput] Moving to pre-pick
2026-04-15 14:41:40,535 INFO     [Service] /compute_grasps_labelling → success=True msg='Zone1=OK, Zone2=FAIL'
2026-04-15 14:41:40,536 INFO     item_depth=0.0265  X=-0.2614 Y=-0.0157 Z=0.9735  pos(world)=[0.4757 0.2804 0.0065]  task_pos=[0.4757 0.2804 0.0265]  task_ori=[-0.  1.  0.  0.]
2026-04-15 14:41:40,537 INFO     [compute_label_joints] Zone 1 received pose: x=0.4757 y=0.2804 z=0.0265  RPY r=180.00 p=0.00 y=-180.00 deg
2026-04-15 14:41:40,537 INFO     [IK] compute_pick_joints called — task_pos=[0.4757 0.2804 0.0265] label_zone=1 max_attempts=10 check_collisions=True arm_number=2
2026-04-15 14:41:40,559 INFO     Arm2: cached 8 obstacles from '/home/ros_ws/src/devel_packages/orio/obstacles_files/obs_arm2_free.p'
2026-04-15 14:41:40,570 INFO     [IK] Arm2 compute_pick_joints attempt 1/10 OK — target=([0.4757 0.2804 0.0265]) pre=[ 0.2171  0.1158  0.3208 -2.1573 -0.0475  2.2667  1.3517] final=[ 0.5082  0.5128  0.0221 -2.1919 -0.0256  2.7045  1.336 ] (FK err pre=0.0000 m final=0.0000 m)
2026-04-15 14:41:40,571 INFO     [ApplyLabel] IK pre_joints=[ 0.2171  0.1158  0.3208 -2.1573 -0.0475  2.2667  1.3517]  final_joints=[ 0.5082  0.5128  0.0221 -2.1919 -0.0256  2.7045  1.336 ]
2026-04-15 14:41:42,572 INFO     [FetchInput] Descending to pick
2026-04-15 14:41:44,786 INFO     [Service] /orio/pnp_cup/on → success=True msg='PnP Cup ON command sent'
2026-04-15 14:41:45,787 INFO     [FetchInput] Retracting to pre-pick height
2026-04-15 14:41:47,993 INFO     [FetchInput] Exiting: succeeded (item_depth=0.0260)
2026-04-15 14:41:47,996 INFO     [DropToZone] Entering state (item_depth=0.0260)
2026-04-15 14:41:47,996 INFO     [DropToZone] Targeting zone B
2026-04-15 14:41:48,006 INFO     [IK] pose_to_joints 'L1_INTER' depth_offset=0.0260 → joints=[-0.2955 -0.3294 -0.3149 -2.4989 -0.1226  2.181   0.2614]
2026-04-15 14:41:48,019 INFO     [IK] pose_to_joints 'L2_INTER' depth_offset=0.0260 → joints=[ 0.1365 -0.3508  0.4681 -2.4968  0.1893  2.1727  1.2571]
2026-04-15 14:41:48,030 INFO     [IK] pose_to_joints 'LABEL_ZONE_2' depth_offset=0.0360 → joints=[ 0.353   1.2011 -0.0627 -0.8556  0.0661  2.0552  1.0848]
2026-04-15 14:41:48,030 INFO     [DropToZone] place_joints for LABEL_ZONE_2: [ 0.353   1.2011 -0.0627 -0.8556  0.0661  2.0552  1.0848]
2026-04-15 14:41:50,784 INFO     [Service] /orio/lbl_cup/off → success=True msg='Labelling Cup OFF command sent'
2026-04-15 14:41:54,231 INFO     [IK] pose_to_joints 'LABELLING_SAFE' depth_offset=0.0000 → joints=[-0.065  -1.2718  0.0356 -2.707   0.0343  1.4354  0.7355]
2026-04-15 14:41:56,365 INFO     [Service] /orio/pnp_cup/off → success=True msg='PnP Cup OFF command sent'
2026-04-15 14:41:57,676 INFO     [ZoneManager] Zone A: NEEDS_LABEL → READY_FOR_PICKUP
2026-04-15 14:41:57,676 INFO     [ApplyLabel] Exiting: labeled (zone A)
2026-04-15 14:41:57,677 INFO     [GetLabel] Entering state
2026-04-15 14:41:59,845 INFO     [ZoneManager] Zone B: EMPTY → NEEDS_LABEL
2026-04-15 14:41:59,845 INFO     [DropToZone] Exiting: dropped (zone B)
2026-04-15 14:41:59,846 DEBUG    [TaskSelector] Evaluating zone states: {'A': 'READY_FOR_PICKUP', 'B': 'NEEDS_LABEL'}  busy: {'A': False, 'B': False}
2026-04-15 14:41:59,846 INFO     [TaskSelector] → do_unload (zone A ready)
2026-04-15 14:41:59,847 INFO     [RetrieveFromZone] Entering state
2026-04-15 14:41:59,847 INFO     [RetrieveFromZone] Picking from zone A (depth=0.0215)
2026-04-15 14:41:59,856 INFO     [IK] pose_to_joints 'L1_INTER' depth_offset=0.0215 → joints=[-0.298  -0.3227 -0.3138 -2.5056 -0.1209  2.1942  0.2596]
2026-04-15 14:41:59,871 INFO     [IK] pose_to_joints 'LABEL_ZONE_1' depth_offset=0.2215 → joints=[-0.2476  1.002  -0.171  -0.7481  0.146   1.7416  0.42  ]
2026-04-15 14:41:59,886 INFO     [IK] pose_to_joints 'LABEL_ZONE_1' depth_offset=0.0115 → joints=[-0.2443  1.265  -0.1633 -0.8104  0.1771  2.0649  0.4069]
2026-04-15 14:41:59,886 INFO     [RetrieveFromZone] A pre_pick=[-0.2476  1.002  -0.171  -0.7481  0.146   1.7416  0.42  ] pick=[-0.2443  1.265  -0.1633 -0.8104  0.1771  2.0649  0.4069]
2026-04-15 14:42:07,888 INFO     [Service] /orio/lbl_cup/on → success=True msg='Labelling Cup ON command sent'
2026-04-15 14:42:08,935 INFO     [Service] /orio/pnp_cup/on → success=True msg='PnP Cup ON command sent'
2026-04-15 14:42:09,936 INFO     [RetrieveFromZone] Retracting to pre-pick height
2026-04-15 14:42:11,322 INFO     [IK] pose_to_joints 'LABELLING_SAFE' depth_offset=0.0000 → joints=[-0.065  -1.2718  0.0356 -2.707   0.0343  1.4354  0.7355]
2026-04-15 14:42:14,529 INFO     [GetLabel] Exiting: succeeded
2026-04-15 14:42:14,530 INFO     [ApplyLabel] Entering state (zones: {'A': 'READY_FOR_PICKUP', 'B': 'NEEDS_LABEL'}  busy: {'A': True, 'B': False})
2026-04-15 14:42:14,530 INFO     [ApplyLabel] Applying label to zone B (zone_number=2, depth=0.0260)
2026-04-15 14:42:14,530 INFO     [compute_label_joints] Requesting label pose for zone 2, item_depth=0.0310
2026-04-15 14:42:14,871 INFO     [ZoneManager] Zone A: READY_FOR_PICKUP → EMPTY
2026-04-15 14:42:14,871 INFO     [RetrieveFromZone] Exiting: picked (zone A)
2026-04-15 14:42:14,872 INFO     [PlaceOutput] Entering state (retrieved_depth=0.0215)
2026-04-15 14:42:14,885 INFO     [IK] pose_to_joints 'OUTPUT' depth_offset=0.1215 → joints=[-1.3095 -0.88    2.5327 -1.05    0.4703  1.8042  2.0823]
2026-04-15 14:42:14,885 INFO     [PlaceOutput] drop_joints: [-1.3095 -0.88    2.5327 -1.05    0.4703  1.8042  2.0823]
2026-04-15 14:42:16,403 INFO     [Service] /compute_grasps_labelling → success=True msg='Zone1=OK, Zone2=OK'
2026-04-15 14:42:16,403 INFO     item_depth=0.0310  X=0.2790 Y=-0.0509 Z=0.9690  pos(world)=[ 0.5109 -0.26    0.011 ]  task_pos=[ 0.5109 -0.26    0.031 ]  task_ori=[0.6963 0.7178 0.     0.    ]
2026-04-15 14:42:16,404 INFO     [compute_label_joints] Zone 2 received pose: x=0.5109 y=-0.2600 z=0.0310  RPY r=180.00 p=0.00 y=91.74 deg
2026-04-15 14:42:16,404 INFO     [IK] compute_pick_joints called — task_pos=[ 0.5109 -0.26    0.031 ] label_zone=2 max_attempts=10 check_collisions=True arm_number=2
2026-04-15 14:42:16,429 INFO     [IK] Arm2 compute_pick_joints attempt 1/10 OK — target=([ 0.5109 -0.26    0.031 ]) pre=[-0.2264  0.1666 -0.2518 -2.0745  0.0525  2.2353  0.2781] final=[-0.4979  0.5424  0.0253 -2.116  -0.0281  2.6581  0.334 ] (FK err pre=0.0000 m final=0.0000 m)
2026-04-15 14:42:16,430 INFO     [ApplyLabel] IK pre_joints=[-0.2264  0.1666 -0.2518 -2.0745  0.0525  2.2353  0.2781]  final_joints=[-0.4979  0.5424  0.0253 -2.116  -0.0281  2.6581  0.334 ]
2026-04-15 14:42:20,090 INFO     [Service] /orio/pnp_cup/off → success=True msg='PnP Cup OFF command sent'
2026-04-15 14:42:20,101 INFO     [IK] pose_to_joints 'L2_INTER' depth_offset=0.0000 → joints=[ 0.1492 -0.3068  0.4663 -2.5336  0.1755  2.2502  1.271 ]
2026-04-15 14:42:21,641 INFO     [PlaceOutput] Exiting: succeeded (total items placed: 1)
2026-04-15 14:42:21,643 DEBUG    [TaskSelector] Evaluating zone states: {'A': 'EMPTY', 'B': 'NEEDS_LABEL'}  busy: {'A': False, 'B': True}
2026-04-15 14:42:21,643 INFO     [TaskSelector] → do_load (zone A empty)
2026-04-15 14:42:21,644 INFO     [FetchInput] Entering state
2026-04-15 14:42:22,237 INFO     [Service] /compute_grasps → success=True msg='Published 1 PnP poses.'
2026-04-15 14:42:22,237 INFO     [FetchInput] Grasp pose received: x=0.3692 y=-0.3253 z=0.0335
2026-04-15 14:42:22,237 INFO     [IK] compute_pick_joints called — task_pos=[ 0.3692 -0.3253  0.0335] label_zone=None max_attempts=10 check_collisions=False arm_number=None
2026-04-15 14:42:22,255 INFO     [IK] Arm? compute_pick_joints attempt 1/10 OK — target=([ 0.3692 -0.3253  0.0335]) pre=[-0.2699 -0.0737 -0.45   -2.3589 -0.0426  2.2921  0.0947] final=[-0.2994  0.4205 -0.3652 -2.3921  0.4021  2.7599 -0.2257] (FK err pre=0.0000 m final=0.0000 m)
2026-04-15 14:42:22,256 INFO     [FetchInput] IK pre_joints:   [-0.2699 -0.0737 -0.45   -2.3589 -0.0426  2.2921  0.0947]
2026-04-15 14:42:22,256 INFO     [FetchInput] IK final_joints: [-0.2994  0.4205 -0.3652 -2.3921  0.4021  2.7599 -0.2257]
2026-04-15 14:42:22,257 INFO     [FetchInput] Moving to pre-pick
2026-04-15 14:42:32,582 WARNING  [Main] Shutting down: turning off both vacuums
2026-04-15 14:42:32,582 INFO     [Main] Total items placed at output: 1
2026-04-15 14:42:32,584 INFO     [Service] /orio/pnp_cup/off → success=True msg='PnP Cup OFF command sent'
2026-04-15 14:42:32,585 INFO     [Service] /orio/lbl_cup/off → success=True msg='Labelling Cup OFF command sent'
