2026-04-15 21:34:29,115 INFO     [Logger] File log started: /home/ros_ws/src/devel_packages/orio/logs/orio_run_20260415_213429.log
2026-04-15 21:34:29,115 INFO     [Main] Node started. Log file: /home/ros_ws/src/devel_packages/orio/logs/orio_run_20260415_213429.log
2026-04-15 21:35:14,610 INFO     [Main] Operator input — item='dummy'  expiry='2014-44-44'
2026-04-15 21:35:14,610 INFO     [Hardware] Initializing Robot Hardware...
2026-04-15 21:35:15,176 INFO     [Hardware] Resetting both arms to home joints
2026-04-15 21:35:24,370 INFO     [Hardware] Poses loaded from joint_angles.json
2026-04-15 21:35:24,382 INFO     [Hardware] Initialization complete
2026-04-15 21:35:24,389 INFO     [Main] Starting state machine execution
2026-04-15 21:35:24,392 DEBUG    [TaskSelector] Evaluating zone states: {'A': 'EMPTY', 'B': 'EMPTY'}  busy: {'A': False, 'B': False}
2026-04-15 21:35:24,393 INFO     [TaskSelector] → do_load (zone A empty)
2026-04-15 21:35:24,394 INFO     [GetLabel] Entering state
2026-04-15 21:35:24,395 INFO     [FetchInput] Entering state
2026-04-15 21:35:25,058 INFO     [Service] /compute_grasps → success=True msg='Published 1 PnP poses.'
2026-04-15 21:35:25,059 INFO     [FetchInput] Grasp pose received: x=0.0297 y=-0.3578 z=0.0613
2026-04-15 21:35:25,059 INFO     [IK] compute_pick_joints called — task_pos=[ 0.0297 -0.3578  0.0613] label_zone=None max_attempts=10 check_collisions=False arm_number=None
2026-04-15 21:35:25,096 INFO     [IK] Arm? compute_pick_joints attempt 1/10 OK — target=([ 0.0297 -0.3578  0.0613]) pre=[-0.5587 -0.5196 -1.0435 -2.7987 -0.6833  2.3942 -0.215 ] final=[ 0.3136 -0.2207 -1.9707 -2.8053 -0.6956  2.8215 -0.2106] (FK err pre=0.0000 m final=0.0000 m)
2026-04-15 21:35:25,098 INFO     [FetchInput] IK pre_joints:   [-0.5587 -0.5196 -1.0435 -2.7987 -0.6833  2.3942 -0.215 ]
2026-04-15 21:35:25,099 INFO     [FetchInput] IK final_joints: [ 0.3136 -0.2207 -1.9707 -2.8053 -0.6956  2.8215 -0.2106]
2026-04-15 21:35:25,100 INFO     [FetchInput] Moving to pre-pick
2026-04-15 21:35:28,313 INFO     [FetchInput] Descending to pick
2026-04-15 21:35:30,726 INFO     [Service] /orio/pnp_cup/on → success=True msg='PnP Cup ON command sent'
2026-04-15 21:35:31,728 INFO     [FetchInput] Retracting to pre-pick height
2026-04-15 21:35:34,615 INFO     [Service] /orio/lbl_cup/on → success=True msg='Labelling Cup ON command sent'
2026-04-15 21:35:34,912 INFO     [FetchInput] Exiting: succeeded (item_depth=0.0613)
2026-04-15 21:35:34,914 INFO     [DropToZone] Entering state (item_depth=0.0613)
2026-04-15 21:35:34,914 INFO     [DropToZone] Targeting zone A
2026-04-15 21:35:34,922 INFO     [IK] pose_to_joints 'L1_INTER' depth_offset=0.0613 → joints=[-0.3188 -0.5155 -0.348  -2.5503 -0.1909  2.0533  0.2503]
2026-04-15 21:35:34,929 INFO     [IK] pose_to_joints 'LABEL_ZONE_1' depth_offset=0.0713 → joints=[-0.2338  1.1383 -0.1725 -0.889   0.1735  2.0157  0.4034]
2026-04-15 21:35:34,929 INFO     [DropToZone] place_joints for LABEL_ZONE_1: [-0.2338  1.1383 -0.1725 -0.889   0.1735  2.0157  0.4034]
2026-04-15 21:35:38,109 INFO     [IK] pose_to_joints 'LABELLING_SAFE' depth_offset=0.0000 → joints=[-0.065  -1.2718  0.0356 -2.707   0.0343  1.4354  0.7355]
2026-04-15 21:35:41,519 INFO     [Service] /orio/pnp_cup/off → success=True msg='PnP Cup OFF command sent'
2026-04-15 21:35:42,618 ERROR    [GET_LABEL] Unhandled exception: LBL vacuum failed to pick up item (expected=True, actual=False)
2026-04-15 21:35:42,619 WARNING  [ARM2 Recovery] Showing GUI — both arms paused
2026-04-15 21:35:45,290 INFO     [ZoneManager] Zone A: EMPTY → NEEDS_LABEL
2026-04-15 21:35:45,290 INFO     [DropToZone] Exiting: dropped (zone A)
2026-04-15 21:35:54,026 INFO     [Recovery] Zones updated: {'A': 'NEEDS_LABEL', 'B': 'EMPTY'}  busy: {'A': False, 'B': False}
2026-04-15 21:35:54,029 INFO     [ARM2 Recovery] choice=APPLY  ARM1 override=None
2026-04-15 21:35:54,030 INFO     [ApplyLabel] Entering state (zones: {'A': 'NEEDS_LABEL', 'B': 'EMPTY'}  busy: {'A': False, 'B': False})
2026-04-15 21:35:54,030 INFO     [ApplyLabel] Applying label to zone A (zone_number=1, depth=0.0613)
2026-04-15 21:35:54,030 INFO     [compute_label_joints] Requesting label pose for zone 1, item_depth=0.0638
2026-04-15 21:35:54,102 DEBUG    [TaskSelector] Evaluating zone states: {'A': 'NEEDS_LABEL', 'B': 'EMPTY'}  busy: {'A': True, 'B': False}
2026-04-15 21:35:54,102 INFO     [TaskSelector] → do_load (zone B empty)
2026-04-15 21:35:54,104 INFO     [FetchInput] Entering state
2026-04-15 21:35:55,107 INFO     [Service] /compute_grasps → success=True msg='Published 2 PnP poses.'
2026-04-15 21:35:55,108 INFO     [FetchInput] Grasp pose received: x=-0.1301 y=-0.3257 z=0.0113
2026-04-15 21:35:55,109 INFO     [IK] compute_pick_joints called — task_pos=[-0.1301 -0.3257  0.0113] label_zone=None max_attempts=10 check_collisions=False arm_number=None
2026-04-15 21:35:55,131 INFO     [IK] Arm? compute_pick_joints attempt 1/10 OK — target=([-0.1301 -0.3257  0.0113]) pre=[-0.6955 -0.7192 -1.4752 -2.7873 -1.1169  2.3237 -0.4031] final=[-0.1837 -0.6602 -2.0884 -2.6898 -1.4368  2.5738 -0.1814] (FK err pre=0.0000 m final=0.0000 m)
2026-04-15 21:35:55,132 INFO     [FetchInput] IK pre_joints:   [-0.6955 -0.7192 -1.4752 -2.7873 -1.1169  2.3237 -0.4031]
2026-04-15 21:35:55,133 INFO     [FetchInput] IK final_joints: [-0.1837 -0.6602 -2.0884 -2.6898 -1.4368  2.5738 -0.1814]
2026-04-15 21:35:55,133 INFO     [FetchInput] Moving to pre-pick
2026-04-15 21:35:55,789 INFO     [Service] /compute_grasps_labelling → success=True msg='Zone1=OK, Zone2=FAIL'
2026-04-15 21:35:55,790 INFO     item_depth=0.0638  X=-0.2532 Y=-0.0157 Z=0.9362  pos(world)=[0.4757 0.2722 0.0438]  task_pos=[0.4757 0.2722 0.0638]  task_ori=[0.6593 0.7519 0.     0.    ]
2026-04-15 21:35:55,791 INFO     [compute_label_joints] Zone 1 received pose: x=0.4757 y=0.2722 z=0.0638  RPY r=180.00 p=0.00 y=97.51 deg
2026-04-15 21:35:55,792 INFO     [IK] compute_pick_joints called — task_pos=[0.4757 0.2722 0.0638] label_zone=1 max_attempts=10 check_collisions=True arm_number=2
2026-04-15 21:35:55,813 INFO     Arm2: cached 8 obstacles from '/home/ros_ws/src/devel_packages/orio/obstacles_files/obs_arm2_free.p'
2026-04-15 21:35:55,819 INFO     [IK] Arm2 compute_pick_joints attempt 1/10 OK — target=([0.4757 0.2722 0.0638]) pre=[ 0.2006  0.2136  0.3211 -2.2162 -0.1011  2.4166 -0.3259] final=[ 0.4243  0.4164  0.0898 -2.2239 -0.0752  2.6376 -0.3441] (FK err pre=0.0000 m final=0.0000 m)
2026-04-15 21:35:55,820 INFO     [ApplyLabel] IK pre_joints=[ 0.2006  0.2136  0.3211 -2.2162 -0.1011  2.4166 -0.3259]  final_joints=[ 0.4243  0.4164  0.0898 -2.2239 -0.0752  2.6376 -0.3441]
2026-04-15 21:35:55,820 INFO     [ApplyLabel] Registering label — item='dummy' expiry='2014-44-44'
2026-04-15 21:35:58,038 INFO     [FetchInput] Descending to pick
2026-04-15 21:36:00,944 ERROR    [RFID] Service call failed for /inventory/add_item: timeout exceeded while waiting for service /inventory/add_item
2026-04-15 21:36:06,253 WARNING  [Main] Shutting down: turning off both vacuums
2026-04-15 21:36:06,254 INFO     [Main] Total items placed at output: 0
2026-04-15 21:36:06,256 INFO     [Service] /orio/pnp_cup/off → success=True msg='PnP Cup OFF command sent'
2026-04-15 21:36:06,260 INFO     [Service] /orio/lbl_cup/off → success=True msg='Labelling Cup OFF command sent'
2026-04-15 21:36:06,501 ERROR    [FETCH_INPUT] Unhandled exception: service [/get_current_franka_interface_status_server_node_1/get_current_franka_interface_status_server] returned no response
