2026-04-16 10:24:41,906 INFO     [Logger] File log started: /home/ros_ws/src/devel_packages/orio/logs/orio_run_20260416_102441.log
2026-04-16 10:24:41,907 INFO     [Main] Node started. Log file: /home/ros_ws/src/devel_packages/orio/logs/orio_run_20260416_102441.log
2026-04-16 10:25:28,837 INFO     [Main] Operator input — item='Stent'  expiry='2029-04-30'
2026-04-16 10:25:28,840 INFO     [Hardware] Initializing Robot Hardware...
2026-04-16 10:25:29,390 INFO     [Hardware] Resetting both arms to home joints
2026-04-16 10:25:35,676 INFO     [Hardware] Poses loaded from joint_angles.json
2026-04-16 10:25:35,694 INFO     [Hardware] Initialization complete
2026-04-16 10:25:35,706 INFO     [Main] Starting state machine execution
2026-04-16 10:25:35,712 INFO     [GetLabel] Entering state
2026-04-16 10:25:35,713 DEBUG    [TaskSelector] Evaluating zone states: {'A': 'EMPTY', 'B': 'EMPTY'}  busy: {'A': False, 'B': False}
2026-04-16 10:25:35,714 INFO     [TaskSelector] → do_load (zone A empty)
2026-04-16 10:25:35,715 INFO     [FetchInput] Entering state
2026-04-16 10:25:36,556 INFO     [Service] /compute_grasps → success=True msg='Published 2 PnP poses.'
2026-04-16 10:25:36,557 INFO     [FetchInput] Grasp pose received: x=0.3377 y=-0.5958 z=0.0230
2026-04-16 10:25:36,558 INFO     [IK] compute_pick_joints called — task_pos=[ 0.3377 -0.5958  0.023 ] label_zone=None max_attempts=10 check_collisions=False arm_number=None
2026-04-16 10:25:36,590 INFO     [IK] Arm? compute_pick_joints attempt 1/10 OK — target=([ 0.3377 -0.5958  0.023 ]) pre=[-0.5102  0.7545 -0.6599 -1.6317  0.5439  2.195  -0.5791] final=[-0.6846  0.8743 -0.4287 -1.61    0.4792  2.3779 -0.5434] (FK err pre=0.0000 m final=0.0000 m)
2026-04-16 10:25:36,591 INFO     [FetchInput] IK pre_joints:   [-0.5102  0.7545 -0.6599 -1.6317  0.5439  2.195  -0.5791]
2026-04-16 10:25:36,592 INFO     [FetchInput] IK final_joints: [-0.6846  0.8743 -0.4287 -1.61    0.4792  2.3779 -0.5434]
2026-04-16 10:25:36,592 INFO     [FetchInput] Moving to pre-pick
2026-04-16 10:25:40,023 INFO     [FetchInput] Descending to pick
2026-04-16 10:25:42,243 INFO     [Service] /orio/pnp_cup/on → success=True msg='PnP Cup ON command sent'
2026-04-16 10:25:43,244 INFO     [FetchInput] Retracting to pre-pick height
2026-04-16 10:25:45,925 INFO     [FetchInput] Exiting: succeeded (item_depth=0.0230)
2026-04-16 10:25:45,927 INFO     [DropToZone] Entering state (item_depth=0.0230)
2026-04-16 10:25:45,927 INFO     [DropToZone] Targeting zone A
2026-04-16 10:25:45,952 INFO     [Service] /orio/lbl_cup/on → success=True msg='Labelling Cup ON command sent'
2026-04-16 10:25:45,957 INFO     [IK] pose_to_joints 'L1_INTER' depth_offset=0.0230 → joints=[-0.3196 -0.4678 -0.366  -2.616  -0.1962  2.1662  0.2472]
2026-04-16 10:25:45,969 INFO     [IK] pose_to_joints 'LABEL_ZONE_1' depth_offset=0.0330 → joints=[-0.2396  1.2139 -0.1669 -0.8491  0.1765  2.052   0.4047]
2026-04-16 10:25:45,970 INFO     [DropToZone] place_joints for LABEL_ZONE_1: [-0.2396  1.2139 -0.1669 -0.8491  0.1765  2.052   0.4047]
2026-04-16 10:25:49,415 INFO     [IK] pose_to_joints 'LABELLING_SAFE' depth_offset=0.0000 → joints=[-0.065  -1.2718  0.0356 -2.707   0.0343  1.4354  0.7355]
2026-04-16 10:25:52,623 INFO     [GetLabel] Exiting: succeeded
2026-04-16 10:25:52,625 INFO     [ApplyLabel] Entering state (zones: {'A': 'EMPTY', 'B': 'EMPTY'}  busy: {'A': True, 'B': False})
2026-04-16 10:25:52,625 DEBUG    [ApplyLabel] No zone needs label → wait
2026-04-16 10:25:52,909 INFO     [Service] /orio/pnp_cup/off → success=True msg='PnP Cup OFF command sent'
2026-04-16 10:25:53,128 INFO     [ApplyLabel] Entering state (zones: {'A': 'EMPTY', 'B': 'EMPTY'}  busy: {'A': True, 'B': False})
2026-04-16 10:25:53,128 DEBUG    [ApplyLabel] No zone needs label → wait
2026-04-16 10:25:53,630 INFO     [ApplyLabel] Entering state (zones: {'A': 'EMPTY', 'B': 'EMPTY'}  busy: {'A': True, 'B': False})
2026-04-16 10:25:53,630 DEBUG    [ApplyLabel] No zone needs label → wait
2026-04-16 10:25:54,132 INFO     [ApplyLabel] Entering state (zones: {'A': 'EMPTY', 'B': 'EMPTY'}  busy: {'A': True, 'B': False})
2026-04-16 10:25:54,132 DEBUG    [ApplyLabel] No zone needs label → wait
2026-04-16 10:25:54,634 INFO     [ApplyLabel] Entering state (zones: {'A': 'EMPTY', 'B': 'EMPTY'}  busy: {'A': True, 'B': False})
2026-04-16 10:25:54,635 DEBUG    [ApplyLabel] No zone needs label → wait
2026-04-16 10:25:55,140 INFO     [ApplyLabel] Entering state (zones: {'A': 'EMPTY', 'B': 'EMPTY'}  busy: {'A': True, 'B': False})
2026-04-16 10:25:55,140 DEBUG    [ApplyLabel] No zone needs label → wait
2026-04-16 10:25:55,642 INFO     [ApplyLabel] Entering state (zones: {'A': 'EMPTY', 'B': 'EMPTY'}  busy: {'A': True, 'B': False})
2026-04-16 10:25:55,642 DEBUG    [ApplyLabel] No zone needs label → wait
2026-04-16 10:25:56,146 INFO     [ApplyLabel] Entering state (zones: {'A': 'EMPTY', 'B': 'EMPTY'}  busy: {'A': True, 'B': False})
2026-04-16 10:25:56,147 DEBUG    [ApplyLabel] No zone needs label → wait
2026-04-16 10:25:56,387 INFO     [ZoneManager] Zone A: EMPTY → NEEDS_LABEL
2026-04-16 10:25:56,388 INFO     [DropToZone] Exiting: dropped (zone A)
2026-04-16 10:25:56,390 DEBUG    [TaskSelector] Evaluating zone states: {'A': 'NEEDS_LABEL', 'B': 'EMPTY'}  busy: {'A': False, 'B': False}
2026-04-16 10:25:56,390 INFO     [TaskSelector] → do_load (zone B empty)
2026-04-16 10:25:56,391 INFO     [FetchInput] Entering state
2026-04-16 10:25:56,650 INFO     [ApplyLabel] Entering state (zones: {'A': 'NEEDS_LABEL', 'B': 'EMPTY'}  busy: {'A': False, 'B': False})
2026-04-16 10:25:56,650 INFO     [ApplyLabel] Applying label to zone A (zone_number=1, depth=0.0230)
2026-04-16 10:25:56,650 INFO     [compute_label_joints] Requesting label pose for zone 1, item_depth=0.0230
2026-04-16 10:25:57,127 INFO     [Service] /compute_grasps → success=True msg='Published 1 PnP poses.'
2026-04-16 10:25:57,128 INFO     [FetchInput] Grasp pose received: x=0.0087 y=-0.6119 z=0.0220
2026-04-16 10:25:57,128 INFO     [IK] compute_pick_joints called — task_pos=[ 0.0087 -0.6119  0.022 ] label_zone=None max_attempts=10 check_collisions=False arm_number=None
2026-04-16 10:25:57,166 INFO     [IK] Arm? compute_pick_joints attempt 1/10 OK — target=([ 0.0087 -0.6119  0.022 ]) pre=[-0.8524  0.583  -0.7494 -1.9581  0.5434  2.3302 -1.1216] final=[-1.0625  0.7269 -0.4943 -1.9302  0.5683  2.5157 -1.1376] (FK err pre=0.0000 m final=0.0000 m)
2026-04-16 10:25:57,167 INFO     [FetchInput] IK pre_joints:   [-0.8524  0.583  -0.7494 -1.9581  0.5434  2.3302 -1.1216]
2026-04-16 10:25:57,168 INFO     [FetchInput] IK final_joints: [-1.0625  0.7269 -0.4943 -1.9302  0.5683  2.5157 -1.1376]
2026-04-16 10:25:57,168 INFO     [FetchInput] Moving to pre-pick
2026-04-16 10:25:58,942 INFO     [Service] /compute_grasps_labelling → success=True msg='Zone1=OK, Zone2=FAIL'
2026-04-16 10:25:58,943 INFO     item_depth=0.0230  X=-0.2041 Y=-0.0254 Z=0.9770  pos(world)=[0.4854 0.2231 0.003 ]  task_pos=[0.4854 0.2231 0.023 ]  task_ori=[0.6968 0.7172 0.     0.    ]
2026-04-16 10:25:58,944 INFO     [compute_label_joints] Zone 1 received pose: x=0.4854 y=0.2231 z=0.0230  RPY r=180.00 p=0.00 y=91.65 deg
2026-04-16 10:25:58,944 INFO     [IK] compute_pick_joints called — task_pos=[0.4854 0.2231 0.023 ] label_zone=1 max_attempts=10 check_collisions=True arm_number=2
2026-04-16 10:25:58,965 INFO     Arm2: cached 8 obstacles from '/home/ros_ws/src/devel_packages/orio/obstacles_files/obs_arm2_free.p'
2026-04-16 10:25:58,979 INFO     [IK] Arm2 compute_pick_joints attempt 1/10 OK — target=([0.4854 0.2231 0.023 ]) pre=[ 0.2085  0.2572  0.2182 -2.2789 -0.0958  2.5281 -0.3161] final=[ 0.4363  0.4885 -0.0049 -2.2545  0.0059  2.743  -0.3877] (FK err pre=0.0000 m final=0.0000 m)
2026-04-16 10:25:58,981 INFO     [ApplyLabel] IK pre_joints=[ 0.2085  0.2572  0.2182 -2.2789 -0.0958  2.5281 -0.3161]  final_joints=[ 0.4363  0.4885 -0.0049 -2.2545  0.0059  2.743  -0.3877]
2026-04-16 10:25:58,982 INFO     [ApplyLabel] Registering label — item='Stent' expiry='2029-04-30'
2026-04-16 10:26:00,640 INFO     [FetchInput] Descending to pick
2026-04-16 10:26:02,848 INFO     [Service] /orio/pnp_cup/on → success=True msg='PnP Cup ON command sent'
2026-04-16 10:26:03,131 WARNING  [RFID] Registration failed — item='Stent' expiry='2029-04-30' msg='RFID already exists in database.'
2026-04-16 10:26:03,850 INFO     [FetchInput] Retracting to pre-pick height
2026-04-16 10:26:08,338 INFO     [FetchInput] Exiting: succeeded (item_depth=0.0220)
2026-04-16 10:26:08,340 INFO     [DropToZone] Entering state (item_depth=0.0220)
2026-04-16 10:26:08,341 INFO     [DropToZone] Targeting zone B
2026-04-16 10:26:08,354 INFO     [IK] pose_to_joints 'L1_INTER' depth_offset=0.0220 → joints=[-0.3196 -0.4662 -0.3665 -2.6176 -0.1962  2.1693  0.2471]
2026-04-16 10:26:08,373 INFO     [IK] pose_to_joints 'L2_INTER' depth_offset=0.0220 → joints=[ 0.0879 -0.5211  0.5886 -2.6102  0.3341  2.1387  1.2136]
2026-04-16 10:26:08,390 INFO     [IK] pose_to_joints 'LABEL_ZONE_2' depth_offset=0.0320 → joints=[ 0.3545  1.2102 -0.0662 -0.8497  0.0701  2.0581  1.0836]
2026-04-16 10:26:08,391 INFO     [DropToZone] place_joints for LABEL_ZONE_2: [ 0.3545  1.2102 -0.0662 -0.8497  0.0701  2.0581  1.0836]
2026-04-16 10:26:13,365 INFO     [Service] /orio/lbl_cup/off → success=True msg='Labelling Cup OFF command sent'
2026-04-16 10:26:16,760 INFO     [Service] /orio/pnp_cup/off → success=True msg='PnP Cup OFF command sent'
2026-04-16 10:26:16,832 INFO     [IK] pose_to_joints 'LABELLING_SAFE' depth_offset=0.0000 → joints=[-0.065  -1.2718  0.0356 -2.707   0.0343  1.4354  0.7355]
2026-04-16 10:26:20,282 INFO     [ZoneManager] Zone A: NEEDS_LABEL → READY_FOR_PICKUP
2026-04-16 10:26:20,283 INFO     [ApplyLabel] Exiting: labeled (zone A)
2026-04-16 10:26:20,286 INFO     [GetLabel] Entering state
2026-04-16 10:26:25,392 INFO     [ZoneManager] Zone B: EMPTY → NEEDS_LABEL
2026-04-16 10:26:25,393 INFO     [DropToZone] Exiting: dropped (zone B)
2026-04-16 10:26:25,396 DEBUG    [TaskSelector] Evaluating zone states: {'A': 'READY_FOR_PICKUP', 'B': 'NEEDS_LABEL'}  busy: {'A': False, 'B': False}
2026-04-16 10:26:25,397 INFO     [TaskSelector] → do_unload (zone A ready)
2026-04-16 10:26:25,399 INFO     [RetrieveFromZone] Entering state
2026-04-16 10:26:25,399 INFO     [RetrieveFromZone] Picking from zone A (depth=0.0230)
2026-04-16 10:26:25,426 INFO     [IK] pose_to_joints 'L1_INTER' depth_offset=0.0230 → joints=[-0.3196 -0.4678 -0.366  -2.616  -0.1962  2.1662  0.2472]
2026-04-16 10:26:25,439 INFO     [IK] pose_to_joints 'LABEL_ZONE_1' depth_offset=0.1230 → joints=[-0.2311  1.0609 -0.1776 -0.8964  0.1665  1.9458  0.4054]
2026-04-16 10:26:25,453 INFO     [IK] pose_to_joints 'LABEL_ZONE_1' depth_offset=0.0130 → joints=[-0.2439  1.2611 -0.1636 -0.8136  0.1771  2.0642  0.4067]
2026-04-16 10:26:25,454 INFO     [RetrieveFromZone] A pre_pick=[-0.2311  1.0609 -0.1776 -0.8964  0.1665  1.9458  0.4054] pick=[-0.2439  1.2611 -0.1636 -0.8136  0.1771  2.0642  0.4067]
2026-04-16 10:26:30,511 INFO     [Service] /orio/lbl_cup/on → success=True msg='Labelling Cup ON command sent'
2026-04-16 10:26:33,930 INFO     [IK] pose_to_joints 'LABELLING_SAFE' depth_offset=0.0000 → joints=[-0.065  -1.2718  0.0356 -2.707   0.0343  1.4354  0.7355]
2026-04-16 10:26:34,504 INFO     [Service] /orio/pnp_cup/on → success=True msg='PnP Cup ON command sent'
2026-04-16 10:26:35,505 INFO     [RetrieveFromZone] Retracting to pre-pick height
2026-04-16 10:26:38,148 ERROR    [GET_LABEL] Unhandled exception: LBL vacuum failed to pick up item (expected=True, actual=False)
2026-04-16 10:26:38,157 WARNING  [ARM2 Recovery] Pausing ARM2 — showing GUI (ARM1 continues)
2026-04-16 10:26:40,431 INFO     [ZoneManager] Zone A: READY_FOR_PICKUP → EMPTY
2026-04-16 10:26:40,431 INFO     [RetrieveFromZone] Exiting: picked (zone A)
2026-04-16 10:26:40,435 INFO     [PlaceOutput] Entering state (retrieved_depth=0.0230)
2026-04-16 10:26:40,456 INFO     [IK] pose_to_joints 'OUTPUT1' depth_offset=0.1730 → joints=[-1.3808 -0.8476  2.6149 -0.931   0.3896  1.696   2.1276]
2026-04-16 10:26:40,468 INFO     [IK] pose_to_joints 'L2_INTER' depth_offset=0.0230 → joints=[ 0.0855 -0.5236  0.5901 -2.6085  0.3355  2.135   1.2121]
2026-04-16 10:26:40,469 INFO     [PlaceOutput] drop_joints: [-1.3808 -0.8476  2.6149 -0.931   0.3896  1.696   2.1276]
2026-04-16 10:26:47,061 INFO     [Service] /orio/pnp_cup/off → success=True msg='PnP Cup OFF command sent'
2026-04-16 10:26:51,527 INFO     [PlaceOutput] Exiting: succeeded (total items placed: 1)
2026-04-16 10:27:10,452 INFO     [Recovery] Zones updated: {'A': 'EMPTY', 'B': 'NEEDS_LABEL'}  busy: {'A': False, 'B': False}
2026-04-16 10:27:11,546 INFO     [Recovery] Zones updated: {'A': 'EMPTY', 'B': 'NEEDS_LABEL'}  busy: {'A': False, 'B': False}
2026-04-16 10:27:11,551 INFO     [ARM2 Recovery] choice=GET_LABEL
2026-04-16 10:27:11,552 INFO     [ARM2 Recovery] resuming
2026-04-16 10:27:11,552 DEBUG    [TaskSelector] Evaluating zone states: {'A': 'EMPTY', 'B': 'NEEDS_LABEL'}  busy: {'A': False, 'B': False}
2026-04-16 10:27:11,553 INFO     [TaskSelector] → do_load (zone A empty)
2026-04-16 10:27:11,556 INFO     [GetLabel] Entering state
2026-04-16 10:27:11,560 INFO     [FetchInput] Entering state
2026-04-16 10:27:12,278 INFO     [Service] /compute_grasps → success=True msg='Published 1 PnP poses.'
2026-04-16 10:27:12,278 INFO     [FetchInput] Grasp pose received: x=0.3473 y=-0.3110 z=0.0657
2026-04-16 10:27:12,279 INFO     [IK] compute_pick_joints called — task_pos=[ 0.3473 -0.311   0.0657] label_zone=None max_attempts=10 check_collisions=False arm_number=None
2026-04-16 10:27:12,328 INFO     [IK] Arm? compute_pick_joints attempt 1/10 OK — target=([ 0.3473 -0.311   0.0657]) pre=[-0.294  -0.009  -0.4369 -2.499  -0.0063  2.4908  0.0596] final=[-0.3097  0.2707 -0.3802 -2.5025  0.2584  2.7428 -0.1309] (FK err pre=0.0000 m final=0.0000 m)
2026-04-16 10:27:12,330 INFO     [FetchInput] IK pre_joints:   [-0.294  -0.009  -0.4369 -2.499  -0.0063  2.4908  0.0596]
2026-04-16 10:27:12,330 INFO     [FetchInput] IK final_joints: [-0.3097  0.2707 -0.3802 -2.5025  0.2584  2.7428 -0.1309]
2026-04-16 10:27:12,331 INFO     [FetchInput] Moving to pre-pick
2026-04-16 10:27:15,780 INFO     [FetchInput] Descending to pick
2026-04-16 10:27:18,243 INFO     [Service] /orio/pnp_cup/on → success=True msg='PnP Cup ON command sent'
2026-04-16 10:27:19,244 INFO     [FetchInput] Retracting to pre-pick height
2026-04-16 10:27:21,873 INFO     [FetchInput] Exiting: succeeded (item_depth=0.0657)
2026-04-16 10:27:21,876 INFO     [DropToZone] Entering state (item_depth=0.0657)
2026-04-16 10:27:21,877 INFO     [DropToZone] Targeting zone A
2026-04-16 10:27:21,894 INFO     [IK] pose_to_joints 'L1_INTER' depth_offset=0.0657 → joints=[-0.3186 -0.5198 -0.346  -2.5421 -0.1901  2.0408  0.2505]
2026-04-16 10:27:21,900 INFO     [Service] /orio/lbl_cup/on → success=True msg='Labelling Cup ON command sent'
2026-04-16 10:27:21,907 INFO     [IK] pose_to_joints 'LABEL_ZONE_1' depth_offset=0.0757 → joints=[-0.2333  1.1307 -0.1732 -0.8916  0.1732  2.0106  0.4033]
2026-04-16 10:27:21,908 INFO     [DropToZone] place_joints for LABEL_ZONE_1: [-0.2333  1.1307 -0.1732 -0.8916  0.1732  2.0106  0.4033]
2026-04-16 10:27:25,365 INFO     [IK] pose_to_joints 'LABELLING_SAFE' depth_offset=0.0000 → joints=[-0.065  -1.2718  0.0356 -2.707   0.0343  1.4354  0.7355]
2026-04-16 10:27:28,496 INFO     [Service] /orio/pnp_cup/off → success=True msg='PnP Cup OFF command sent'
2026-04-16 10:27:28,573 INFO     [GetLabel] Exiting: succeeded
2026-04-16 10:27:28,576 INFO     [ApplyLabel] Entering state (zones: {'A': 'EMPTY', 'B': 'NEEDS_LABEL'}  busy: {'A': True, 'B': False})
2026-04-16 10:27:28,576 INFO     [ApplyLabel] Applying label to zone B (zone_number=2, depth=0.0220)
2026-04-16 10:27:28,576 INFO     [compute_label_joints] Requesting label pose for zone 2, item_depth=0.0220
2026-04-16 10:27:31,114 INFO     [Service] /compute_grasps_labelling → success=True msg='Zone1=FAIL, Zone2=OK'
2026-04-16 10:27:31,114 INFO     item_depth=0.0220  X=0.2557 Y=-0.0442 Z=0.9780  pos(world)=[ 0.5042 -0.2367  0.002 ]  task_pos=[ 0.5042 -0.2367  0.022 ]  task_ori=[0.6877 0.726  0.     0.    ]
2026-04-16 10:27:31,116 INFO     [compute_label_joints] Zone 2 received pose: x=0.5042 y=-0.2367 z=0.0220  RPY r=180.00 p=0.00 y=93.10 deg
2026-04-16 10:27:31,116 INFO     [IK] compute_pick_joints called — task_pos=[ 0.5042 -0.2367  0.022 ] label_zone=2 max_attempts=10 check_collisions=True arm_number=2
2026-04-16 10:27:31,152 INFO     [IK] Arm2 compute_pick_joints attempt 1/10 OK — target=([ 0.5042 -0.2367  0.022 ]) pre=[-0.2734  0.3102 -0.1642 -2.1962  0.0835  2.5008 -1.3364] final=[-0.4927  0.5336  0.0486 -2.1709 -0.0583  2.7033 -1.2376] (FK err pre=0.0000 m final=0.0000 m)
2026-04-16 10:27:31,153 INFO     [ApplyLabel] IK pre_joints=[-0.2734  0.3102 -0.1642 -2.1962  0.0835  2.5008 -1.3364]  final_joints=[-0.4927  0.5336  0.0486 -2.1709 -0.0583  2.7033 -1.2376]
2026-04-16 10:27:31,153 INFO     [ApplyLabel] Registering label — item='Stent' expiry='2029-04-30'
2026-04-16 10:27:31,989 INFO     [ZoneManager] Zone A: EMPTY → NEEDS_LABEL
2026-04-16 10:27:31,990 INFO     [DropToZone] Exiting: dropped (zone A)
2026-04-16 10:27:31,994 DEBUG    [TaskSelector] Evaluating zone states: {'A': 'NEEDS_LABEL', 'B': 'NEEDS_LABEL'}  busy: {'A': False, 'B': True}
2026-04-16 10:27:31,994 DEBUG    [TaskSelector] → wait (no actionable zones)
2026-04-16 10:27:32,496 DEBUG    [TaskSelector] Evaluating zone states: {'A': 'NEEDS_LABEL', 'B': 'NEEDS_LABEL'}  busy: {'A': False, 'B': True}
2026-04-16 10:27:32,496 DEBUG    [TaskSelector] → wait (no actionable zones)
2026-04-16 10:27:33,000 DEBUG    [TaskSelector] Evaluating zone states: {'A': 'NEEDS_LABEL', 'B': 'NEEDS_LABEL'}  busy: {'A': False, 'B': True}
2026-04-16 10:27:33,001 DEBUG    [TaskSelector] → wait (no actionable zones)
2026-04-16 10:27:33,503 DEBUG    [TaskSelector] Evaluating zone states: {'A': 'NEEDS_LABEL', 'B': 'NEEDS_LABEL'}  busy: {'A': False, 'B': True}
2026-04-16 10:27:33,503 DEBUG    [TaskSelector] → wait (no actionable zones)
2026-04-16 10:27:34,008 DEBUG    [TaskSelector] Evaluating zone states: {'A': 'NEEDS_LABEL', 'B': 'NEEDS_LABEL'}  busy: {'A': False, 'B': True}
2026-04-16 10:27:34,008 DEBUG    [TaskSelector] → wait (no actionable zones)
2026-04-16 10:27:34,510 DEBUG    [TaskSelector] Evaluating zone states: {'A': 'NEEDS_LABEL', 'B': 'NEEDS_LABEL'}  busy: {'A': False, 'B': True}
2026-04-16 10:27:34,510 DEBUG    [TaskSelector] → wait (no actionable zones)
2026-04-16 10:27:35,014 DEBUG    [TaskSelector] Evaluating zone states: {'A': 'NEEDS_LABEL', 'B': 'NEEDS_LABEL'}  busy: {'A': False, 'B': True}
2026-04-16 10:27:35,014 DEBUG    [TaskSelector] → wait (no actionable zones)
2026-04-16 10:27:35,516 DEBUG    [TaskSelector] Evaluating zone states: {'A': 'NEEDS_LABEL', 'B': 'NEEDS_LABEL'}  busy: {'A': False, 'B': True}
2026-04-16 10:27:35,516 DEBUG    [TaskSelector] → wait (no actionable zones)
2026-04-16 10:27:36,022 DEBUG    [TaskSelector] Evaluating zone states: {'A': 'NEEDS_LABEL', 'B': 'NEEDS_LABEL'}  busy: {'A': False, 'B': True}
2026-04-16 10:27:36,022 DEBUG    [TaskSelector] → wait (no actionable zones)
2026-04-16 10:27:36,524 DEBUG    [TaskSelector] Evaluating zone states: {'A': 'NEEDS_LABEL', 'B': 'NEEDS_LABEL'}  busy: {'A': False, 'B': True}
2026-04-16 10:27:36,524 DEBUG    [TaskSelector] → wait (no actionable zones)
2026-04-16 10:27:37,028 DEBUG    [TaskSelector] Evaluating zone states: {'A': 'NEEDS_LABEL', 'B': 'NEEDS_LABEL'}  busy: {'A': False, 'B': True}
2026-04-16 10:27:37,028 DEBUG    [TaskSelector] → wait (no actionable zones)
2026-04-16 10:27:37,208 INFO     [RFID] Registered label — item='Stent' expiry='2029-04-30' msg='Item added successfully.'
2026-04-16 10:27:37,529 DEBUG    [TaskSelector] Evaluating zone states: {'A': 'NEEDS_LABEL', 'B': 'NEEDS_LABEL'}  busy: {'A': False, 'B': True}
2026-04-16 10:27:37,529 DEBUG    [TaskSelector] → wait (no actionable zones)
2026-04-16 10:27:38,031 DEBUG    [TaskSelector] Evaluating zone states: {'A': 'NEEDS_LABEL', 'B': 'NEEDS_LABEL'}  busy: {'A': False, 'B': True}
2026-04-16 10:27:38,031 DEBUG    [TaskSelector] → wait (no actionable zones)
2026-04-16 10:27:38,534 DEBUG    [TaskSelector] Evaluating zone states: {'A': 'NEEDS_LABEL', 'B': 'NEEDS_LABEL'}  busy: {'A': False, 'B': True}
2026-04-16 10:27:38,535 DEBUG    [TaskSelector] → wait (no actionable zones)
2026-04-16 10:27:39,040 DEBUG    [TaskSelector] Evaluating zone states: {'A': 'NEEDS_LABEL', 'B': 'NEEDS_LABEL'}  busy: {'A': False, 'B': True}
2026-04-16 10:27:39,040 DEBUG    [TaskSelector] → wait (no actionable zones)
2026-04-16 10:27:39,543 DEBUG    [TaskSelector] Evaluating zone states: {'A': 'NEEDS_LABEL', 'B': 'NEEDS_LABEL'}  busy: {'A': False, 'B': True}
2026-04-16 10:27:39,544 DEBUG    [TaskSelector] → wait (no actionable zones)
2026-04-16 10:27:40,052 DEBUG    [TaskSelector] Evaluating zone states: {'A': 'NEEDS_LABEL', 'B': 'NEEDS_LABEL'}  busy: {'A': False, 'B': True}
2026-04-16 10:27:40,052 DEBUG    [TaskSelector] → wait (no actionable zones)
2026-04-16 10:27:40,556 DEBUG    [TaskSelector] Evaluating zone states: {'A': 'NEEDS_LABEL', 'B': 'NEEDS_LABEL'}  busy: {'A': False, 'B': True}
2026-04-16 10:27:40,556 DEBUG    [TaskSelector] → wait (no actionable zones)
2026-04-16 10:27:41,062 DEBUG    [TaskSelector] Evaluating zone states: {'A': 'NEEDS_LABEL', 'B': 'NEEDS_LABEL'}  busy: {'A': False, 'B': True}
2026-04-16 10:27:41,063 DEBUG    [TaskSelector] → wait (no actionable zones)
2026-04-16 10:27:41,565 DEBUG    [TaskSelector] Evaluating zone states: {'A': 'NEEDS_LABEL', 'B': 'NEEDS_LABEL'}  busy: {'A': False, 'B': True}
2026-04-16 10:27:41,565 DEBUG    [TaskSelector] → wait (no actionable zones)
2026-04-16 10:27:42,069 DEBUG    [TaskSelector] Evaluating zone states: {'A': 'NEEDS_LABEL', 'B': 'NEEDS_LABEL'}  busy: {'A': False, 'B': True}
2026-04-16 10:27:42,070 DEBUG    [TaskSelector] → wait (no actionable zones)
2026-04-16 10:27:42,573 DEBUG    [TaskSelector] Evaluating zone states: {'A': 'NEEDS_LABEL', 'B': 'NEEDS_LABEL'}  busy: {'A': False, 'B': True}
2026-04-16 10:27:42,573 DEBUG    [TaskSelector] → wait (no actionable zones)
2026-04-16 10:27:43,077 DEBUG    [TaskSelector] Evaluating zone states: {'A': 'NEEDS_LABEL', 'B': 'NEEDS_LABEL'}  busy: {'A': False, 'B': True}
2026-04-16 10:27:43,077 DEBUG    [TaskSelector] → wait (no actionable zones)
2026-04-16 10:27:43,580 DEBUG    [TaskSelector] Evaluating zone states: {'A': 'NEEDS_LABEL', 'B': 'NEEDS_LABEL'}  busy: {'A': False, 'B': True}
2026-04-16 10:27:43,580 DEBUG    [TaskSelector] → wait (no actionable zones)
2026-04-16 10:27:44,083 DEBUG    [TaskSelector] Evaluating zone states: {'A': 'NEEDS_LABEL', 'B': 'NEEDS_LABEL'}  busy: {'A': False, 'B': True}
2026-04-16 10:27:44,083 DEBUG    [TaskSelector] → wait (no actionable zones)
2026-04-16 10:27:44,587 DEBUG    [TaskSelector] Evaluating zone states: {'A': 'NEEDS_LABEL', 'B': 'NEEDS_LABEL'}  busy: {'A': False, 'B': True}
2026-04-16 10:27:44,587 DEBUG    [TaskSelector] → wait (no actionable zones)
2026-04-16 10:27:45,091 DEBUG    [TaskSelector] Evaluating zone states: {'A': 'NEEDS_LABEL', 'B': 'NEEDS_LABEL'}  busy: {'A': False, 'B': True}
2026-04-16 10:27:45,091 DEBUG    [TaskSelector] → wait (no actionable zones)
2026-04-16 10:27:45,595 DEBUG    [TaskSelector] Evaluating zone states: {'A': 'NEEDS_LABEL', 'B': 'NEEDS_LABEL'}  busy: {'A': False, 'B': True}
2026-04-16 10:27:45,595 DEBUG    [TaskSelector] → wait (no actionable zones)
2026-04-16 10:27:46,097 DEBUG    [TaskSelector] Evaluating zone states: {'A': 'NEEDS_LABEL', 'B': 'NEEDS_LABEL'}  busy: {'A': False, 'B': True}
2026-04-16 10:27:46,098 DEBUG    [TaskSelector] → wait (no actionable zones)
2026-04-16 10:27:46,604 DEBUG    [TaskSelector] Evaluating zone states: {'A': 'NEEDS_LABEL', 'B': 'NEEDS_LABEL'}  busy: {'A': False, 'B': True}
2026-04-16 10:27:46,604 DEBUG    [TaskSelector] → wait (no actionable zones)
2026-04-16 10:27:47,107 DEBUG    [TaskSelector] Evaluating zone states: {'A': 'NEEDS_LABEL', 'B': 'NEEDS_LABEL'}  busy: {'A': False, 'B': True}
2026-04-16 10:27:47,107 DEBUG    [TaskSelector] → wait (no actionable zones)
2026-04-16 10:27:47,425 INFO     [Service] /orio/lbl_cup/off → success=True msg='Labelling Cup OFF command sent'
2026-04-16 10:27:47,611 DEBUG    [TaskSelector] Evaluating zone states: {'A': 'NEEDS_LABEL', 'B': 'NEEDS_LABEL'}  busy: {'A': False, 'B': True}
2026-04-16 10:27:47,611 DEBUG    [TaskSelector] → wait (no actionable zones)
2026-04-16 10:27:48,113 DEBUG    [TaskSelector] Evaluating zone states: {'A': 'NEEDS_LABEL', 'B': 'NEEDS_LABEL'}  busy: {'A': False, 'B': True}
2026-04-16 10:27:48,113 DEBUG    [TaskSelector] → wait (no actionable zones)
2026-04-16 10:27:48,615 DEBUG    [TaskSelector] Evaluating zone states: {'A': 'NEEDS_LABEL', 'B': 'NEEDS_LABEL'}  busy: {'A': False, 'B': True}
2026-04-16 10:27:48,616 DEBUG    [TaskSelector] → wait (no actionable zones)
2026-04-16 10:27:49,120 DEBUG    [TaskSelector] Evaluating zone states: {'A': 'NEEDS_LABEL', 'B': 'NEEDS_LABEL'}  busy: {'A': False, 'B': True}
2026-04-16 10:27:49,120 DEBUG    [TaskSelector] → wait (no actionable zones)
2026-04-16 10:27:49,621 DEBUG    [TaskSelector] Evaluating zone states: {'A': 'NEEDS_LABEL', 'B': 'NEEDS_LABEL'}  busy: {'A': False, 'B': True}
2026-04-16 10:27:49,621 DEBUG    [TaskSelector] → wait (no actionable zones)
2026-04-16 10:27:50,125 DEBUG    [TaskSelector] Evaluating zone states: {'A': 'NEEDS_LABEL', 'B': 'NEEDS_LABEL'}  busy: {'A': False, 'B': True}
2026-04-16 10:27:50,125 DEBUG    [TaskSelector] → wait (no actionable zones)
2026-04-16 10:27:50,628 DEBUG    [TaskSelector] Evaluating zone states: {'A': 'NEEDS_LABEL', 'B': 'NEEDS_LABEL'}  busy: {'A': False, 'B': True}
2026-04-16 10:27:50,628 DEBUG    [TaskSelector] → wait (no actionable zones)
2026-04-16 10:27:50,803 INFO     [IK] pose_to_joints 'LABELLING_SAFE' depth_offset=0.0000 → joints=[-0.065  -1.2718  0.0356 -2.707   0.0343  1.4354  0.7355]
2026-04-16 10:27:51,130 DEBUG    [TaskSelector] Evaluating zone states: {'A': 'NEEDS_LABEL', 'B': 'NEEDS_LABEL'}  busy: {'A': False, 'B': True}
2026-04-16 10:27:51,130 DEBUG    [TaskSelector] → wait (no actionable zones)
2026-04-16 10:27:51,632 DEBUG    [TaskSelector] Evaluating zone states: {'A': 'NEEDS_LABEL', 'B': 'NEEDS_LABEL'}  busy: {'A': False, 'B': True}
2026-04-16 10:27:51,633 DEBUG    [TaskSelector] → wait (no actionable zones)
2026-04-16 10:27:52,137 DEBUG    [TaskSelector] Evaluating zone states: {'A': 'NEEDS_LABEL', 'B': 'NEEDS_LABEL'}  busy: {'A': False, 'B': True}
2026-04-16 10:27:52,137 DEBUG    [TaskSelector] → wait (no actionable zones)
2026-04-16 10:27:52,640 DEBUG    [TaskSelector] Evaluating zone states: {'A': 'NEEDS_LABEL', 'B': 'NEEDS_LABEL'}  busy: {'A': False, 'B': True}
2026-04-16 10:27:52,640 DEBUG    [TaskSelector] → wait (no actionable zones)
2026-04-16 10:27:53,143 DEBUG    [TaskSelector] Evaluating zone states: {'A': 'NEEDS_LABEL', 'B': 'NEEDS_LABEL'}  busy: {'A': False, 'B': True}
2026-04-16 10:27:53,143 DEBUG    [TaskSelector] → wait (no actionable zones)
2026-04-16 10:27:53,645 DEBUG    [TaskSelector] Evaluating zone states: {'A': 'NEEDS_LABEL', 'B': 'NEEDS_LABEL'}  busy: {'A': False, 'B': True}
2026-04-16 10:27:53,645 DEBUG    [TaskSelector] → wait (no actionable zones)
2026-04-16 10:27:54,147 DEBUG    [TaskSelector] Evaluating zone states: {'A': 'NEEDS_LABEL', 'B': 'NEEDS_LABEL'}  busy: {'A': False, 'B': True}
2026-04-16 10:27:54,147 DEBUG    [TaskSelector] → wait (no actionable zones)
2026-04-16 10:27:54,267 INFO     [ZoneManager] Zone B: NEEDS_LABEL → READY_FOR_PICKUP
2026-04-16 10:27:54,267 INFO     [ApplyLabel] Exiting: labeled (zone B)
2026-04-16 10:27:54,270 INFO     [GetLabel] Entering state
2026-04-16 10:27:54,652 DEBUG    [TaskSelector] Evaluating zone states: {'A': 'NEEDS_LABEL', 'B': 'READY_FOR_PICKUP'}  busy: {'A': False, 'B': False}
2026-04-16 10:27:54,652 INFO     [TaskSelector] → do_unload (zone B ready)
2026-04-16 10:27:54,655 INFO     [RetrieveFromZone] Entering state
2026-04-16 10:27:54,655 INFO     [RetrieveFromZone] Picking from zone B (depth=0.0220)
2026-04-16 10:27:54,677 INFO     [IK] pose_to_joints 'L2_INTER' depth_offset=0.0220 → joints=[ 0.0879 -0.5211  0.5886 -2.6102  0.3341  2.1387  1.2136]
2026-04-16 10:27:54,689 INFO     [IK] pose_to_joints 'LABEL_ZONE_2' depth_offset=0.1220 → joints=[ 0.3191  1.0545  0.0051 -0.899  -0.0048  1.9535  1.1088]
2026-04-16 10:27:54,705 INFO     [IK] pose_to_joints 'LABEL_ZONE_2' depth_offset=0.0120 → joints=[ 0.3601  1.2585 -0.0803 -0.8134  0.087   2.0694  1.0791]
2026-04-16 10:27:54,706 INFO     [RetrieveFromZone] B pre_pick=[ 0.3191  1.0545  0.0051 -0.899  -0.0048  1.9535  1.1088] pick=[ 0.3601  1.2585 -0.0803 -0.8134  0.087   2.0694  1.0791]
2026-04-16 10:28:03,759 INFO     [Service] /orio/pnp_cup/on → success=True msg='PnP Cup ON command sent'
2026-04-16 10:28:04,489 INFO     [Service] /orio/lbl_cup/on → success=True msg='Labelling Cup ON command sent'
2026-04-16 10:28:04,760 INFO     [RetrieveFromZone] Retracting to pre-pick height
2026-04-16 10:28:07,906 INFO     [IK] pose_to_joints 'LABELLING_SAFE' depth_offset=0.0000 → joints=[-0.065  -1.2718  0.0356 -2.707   0.0343  1.4354  0.7355]
2026-04-16 10:28:11,111 INFO     [GetLabel] Exiting: succeeded
2026-04-16 10:28:11,112 INFO     [ZoneManager] Zone B: READY_FOR_PICKUP → EMPTY
2026-04-16 10:28:11,112 INFO     [RetrieveFromZone] Exiting: picked (zone B)
2026-04-16 10:28:11,114 INFO     [ApplyLabel] Entering state (zones: {'A': 'NEEDS_LABEL', 'B': 'EMPTY'}  busy: {'A': False, 'B': False})
2026-04-16 10:28:11,114 INFO     [ApplyLabel] Applying label to zone A (zone_number=1, depth=0.0657)
2026-04-16 10:28:11,114 INFO     [compute_label_joints] Requesting label pose for zone 1, item_depth=0.0657
2026-04-16 10:28:11,115 INFO     [PlaceOutput] Entering state (retrieved_depth=0.0220)
2026-04-16 10:28:11,228 INFO     [IK] pose_to_joints 'OUTPUT2' depth_offset=0.1720 → joints=[ 1.2351e+00  1.0664e+00  7.0000e-04 -4.6700e-01 -6.0000e-04  1.5358e+00
  2.0208e+00]
2026-04-16 10:28:11,249 INFO     [IK] pose_to_joints 'L2_INTER' depth_offset=0.0220 → joints=[ 0.0879 -0.5211  0.5886 -2.6102  0.3341  2.1387  1.2136]
2026-04-16 10:28:11,250 INFO     [PlaceOutput] drop_joints: [ 1.2351e+00  1.0664e+00  7.0000e-04 -4.6700e-01 -6.0000e-04  1.5358e+00
  2.0208e+00]
2026-04-16 10:28:13,219 INFO     [Service] /compute_grasps_labelling → success=True msg='Zone1=OK, Zone2=FAIL'
2026-04-16 10:28:13,219 INFO     item_depth=0.0657  X=-0.2527 Y=-0.0169 Z=0.9343  pos(world)=[0.4769 0.2717 0.0457]  task_pos=[0.4769 0.2717 0.0657]  task_ori=[0.6128 0.7903 0.     0.    ]
2026-04-16 10:28:13,220 INFO     [compute_label_joints] Zone 1 received pose: x=0.4769 y=0.2717 z=0.0657  RPY r=180.00 p=0.00 y=104.42 deg
2026-04-16 10:28:13,220 INFO     [IK] compute_pick_joints called — task_pos=[0.4769 0.2717 0.0657] label_zone=1 max_attempts=10 check_collisions=True arm_number=2
2026-04-16 10:28:13,254 INFO     [IK] Arm2 compute_pick_joints attempt 1/10 OK — target=([0.4769 0.2717 0.0657]) pre=[ 0.2393  0.2093  0.2805 -2.2126 -0.0864  2.4121 -0.4586] final=[ 0.4577  0.4125  0.0567 -2.2219 -0.0467  2.6333 -0.4865] (FK err pre=0.0000 m final=0.0000 m)
2026-04-16 10:28:13,256 INFO     [ApplyLabel] IK pre_joints=[ 0.2393  0.2093  0.2805 -2.2126 -0.0864  2.4121 -0.4586]  final_joints=[ 0.4577  0.4125  0.0567 -2.2219 -0.0467  2.6333 -0.4865]
2026-04-16 10:28:13,257 INFO     [ApplyLabel] Registering label — item='Stent' expiry='2029-04-30'
2026-04-16 10:28:17,025 INFO     [Service] /orio/pnp_cup/off → success=True msg='PnP Cup OFF command sent'
2026-04-16 10:28:19,279 INFO     [RFID] Registered label — item='Stent' expiry='2029-04-30' msg='Item added successfully.'
2026-04-16 10:28:24,393 INFO     [PlaceOutput] Exiting: succeeded (total items placed: 2)
2026-04-16 10:28:24,396 DEBUG    [TaskSelector] Evaluating zone states: {'A': 'NEEDS_LABEL', 'B': 'EMPTY'}  busy: {'A': True, 'B': False}
2026-04-16 10:28:24,397 INFO     [TaskSelector] → do_load (zone B empty)
2026-04-16 10:28:24,401 INFO     [FetchInput] Entering state
2026-04-16 10:28:25,159 INFO     [Service] /compute_grasps → success=True msg='Published 2 PnP poses.'
2026-04-16 10:28:25,159 INFO     [FetchInput] Grasp pose received: x=0.0554 y=-0.5650 z=0.0688
2026-04-16 10:28:25,159 INFO     [IK] compute_pick_joints called — task_pos=[ 0.0554 -0.565   0.0688] label_zone=None max_attempts=10 check_collisions=False arm_number=None
2026-04-16 10:28:25,184 INFO     [IK] Arm? compute_pick_joints attempt 1/10 OK — target=([ 0.0554 -0.565   0.0688]) pre=[-0.6118  0.3806 -0.8876 -2.1269  0.4089  2.3313 -0.9676] final=[-0.8578  0.5415 -0.5995 -2.1287  0.5254  2.523  -1.0435] (FK err pre=0.0000 m final=0.0000 m)
2026-04-16 10:28:25,186 INFO     [FetchInput] IK pre_joints:   [-0.6118  0.3806 -0.8876 -2.1269  0.4089  2.3313 -0.9676]
2026-04-16 10:28:25,189 INFO     [FetchInput] IK final_joints: [-0.8578  0.5415 -0.5995 -2.1287  0.5254  2.523  -1.0435]
2026-04-16 10:28:25,191 INFO     [FetchInput] Moving to pre-pick
2026-04-16 10:28:28,653 INFO     [FetchInput] Descending to pick
2026-04-16 10:28:29,410 INFO     [Service] /orio/lbl_cup/off → success=True msg='Labelling Cup OFF command sent'
2026-04-16 10:28:30,863 INFO     [Service] /orio/pnp_cup/on → success=True msg='PnP Cup ON command sent'
2026-04-16 10:28:31,864 INFO     [FetchInput] Retracting to pre-pick height
2026-04-16 10:28:32,901 INFO     [IK] pose_to_joints 'LABELLING_SAFE' depth_offset=0.0000 → joints=[-0.065  -1.2718  0.0356 -2.707   0.0343  1.4354  0.7355]
2026-04-16 10:28:36,336 INFO     [FetchInput] Exiting: succeeded (item_depth=0.0688)
2026-04-16 10:28:36,336 INFO     [ZoneManager] Zone A: NEEDS_LABEL → READY_FOR_PICKUP
2026-04-16 10:28:36,337 INFO     [ApplyLabel] Exiting: labeled (zone A)
2026-04-16 10:28:36,339 INFO     [DropToZone] Entering state (item_depth=0.0688)
2026-04-16 10:28:36,339 INFO     [DropToZone] Targeting zone B
2026-04-16 10:28:36,341 INFO     [GetLabel] Entering state
2026-04-16 10:28:36,356 INFO     [IK] pose_to_joints 'L1_INTER' depth_offset=0.0688 → joints=[-0.3183 -0.5228 -0.3448 -2.5362 -0.1896  2.032   0.2507]
2026-04-16 10:28:36,366 INFO     [IK] pose_to_joints 'L2_INTER' depth_offset=0.0688 → joints=[ 0.1103 -0.5719  0.53   -2.53    0.3063  2.0046  1.2213]
2026-04-16 10:28:36,396 INFO     [IK] pose_to_joints 'LABEL_ZONE_2' depth_offset=0.0788 → joints=[ 0.3315  1.1179 -0.019  -0.8955  0.019   2.0133  1.1005]
2026-04-16 10:28:36,397 INFO     [DropToZone] place_joints for LABEL_ZONE_2: [ 0.3315  1.1179 -0.019  -0.8955  0.019   2.0133  1.1005]
2026-04-16 10:28:44,779 INFO     [Service] /orio/pnp_cup/off → success=True msg='PnP Cup OFF command sent'
2026-04-16 10:28:46,587 INFO     [Service] /orio/lbl_cup/on → success=True msg='Labelling Cup ON command sent'
2026-04-16 10:28:50,103 INFO     [ZoneManager] Zone B: EMPTY → NEEDS_LABEL
2026-04-16 10:28:50,103 INFO     [DropToZone] Exiting: dropped (zone B)
2026-04-16 10:28:50,112 DEBUG    [TaskSelector] Evaluating zone states: {'A': 'READY_FOR_PICKUP', 'B': 'NEEDS_LABEL'}  busy: {'A': False, 'B': False}
2026-04-16 10:28:50,116 INFO     [IK] pose_to_joints 'LABELLING_SAFE' depth_offset=0.0000 → joints=[-0.065  -1.2718  0.0356 -2.707   0.0343  1.4354  0.7355]
2026-04-16 10:28:50,116 INFO     [TaskSelector] → do_unload (zone A ready)
2026-04-16 10:28:50,122 INFO     [RetrieveFromZone] Entering state
2026-04-16 10:28:50,123 INFO     [RetrieveFromZone] Picking from zone A (depth=0.0657)
2026-04-16 10:28:50,143 INFO     [IK] pose_to_joints 'L1_INTER' depth_offset=0.0657 → joints=[-0.3186 -0.5198 -0.346  -2.5421 -0.1901  2.0408  0.2505]
2026-04-16 10:28:50,161 INFO     [IK] pose_to_joints 'LABEL_ZONE_1' depth_offset=0.1657 → joints=[-0.2342  1.0179 -0.1779 -0.8638  0.1583  1.871   0.41  ]
2026-04-16 10:28:50,172 INFO     [IK] pose_to_joints 'LABEL_ZONE_1' depth_offset=0.0557 → joints=[-0.2358  1.1671 -0.1704 -0.8767  0.175   2.0323  0.4036]
2026-04-16 10:28:50,173 INFO     [RetrieveFromZone] A pre_pick=[-0.2342  1.0179 -0.1779 -0.8638  0.1583  1.871   0.41  ] pick=[-0.2358  1.1671 -0.1704 -0.8767  0.175   2.0323  0.4036]
2026-04-16 10:28:53,325 INFO     [GetLabel] Exiting: succeeded
2026-04-16 10:28:53,326 INFO     [ApplyLabel] Entering state (zones: {'A': 'READY_FOR_PICKUP', 'B': 'NEEDS_LABEL'}  busy: {'A': True, 'B': False})
2026-04-16 10:28:53,326 INFO     [ApplyLabel] Applying label to zone B (zone_number=2, depth=0.0688)
2026-04-16 10:28:53,326 INFO     [compute_label_joints] Requesting label pose for zone 2, item_depth=0.0688
2026-04-16 10:28:55,543 INFO     [Service] /compute_grasps_labelling → success=True msg='Zone1=OK, Zone2=OK'
2026-04-16 10:28:55,543 INFO     item_depth=0.0688  X=0.2342 Y=-0.0261 Z=0.9312  pos(world)=[ 0.4861 -0.2152  0.0488]  task_pos=[ 0.4861 -0.2152  0.0688]  task_ori=[0.4898 0.8718 0.     0.    ]
2026-04-16 10:28:55,545 INFO     [compute_label_joints] Zone 2 received pose: x=0.4861 y=-0.2152 z=0.0688  RPY r=180.00 p=0.00 y=121.35 deg
2026-04-16 10:28:55,545 INFO     [IK] compute_pick_joints called — task_pos=[ 0.4861 -0.2152  0.0688] label_zone=2 max_attempts=10 check_collisions=True arm_number=2
2026-04-16 10:28:55,580 INFO     [IK] Arm2 compute_pick_joints attempt 1/10 OK — target=([ 0.4861 -0.2152  0.0688]) pre=[-0.2548  0.154  -0.1621 -2.2739  0.0377  2.4255 -1.776 ] final=[-0.457   0.3694  0.0376 -2.2853 -0.029   2.6543 -1.7288] (FK err pre=0.0000 m final=0.0000 m)
2026-04-16 10:28:55,582 INFO     [ApplyLabel] IK pre_joints=[-0.2548  0.154  -0.1621 -2.2739  0.0377  2.4255 -1.776 ]  final_joints=[-0.457   0.3694  0.0376 -2.2853 -0.029   2.6543 -1.7288]
2026-04-16 10:28:55,582 INFO     [ApplyLabel] Registering label — item='Stent' expiry='2029-04-30'
2026-04-16 10:28:58,982 INFO     [Service] /orio/pnp_cup/on → success=True msg='PnP Cup ON command sent'
2026-04-16 10:28:59,983 INFO     [RetrieveFromZone] Retracting to pre-pick height
2026-04-16 10:29:01,358 INFO     [RFID] Registered label — item='Stent' expiry='2029-04-30' msg='Item added successfully.'
2026-04-16 10:29:06,468 INFO     [ZoneManager] Zone A: READY_FOR_PICKUP → EMPTY
2026-04-16 10:29:06,468 INFO     [RetrieveFromZone] Exiting: picked (zone A)
2026-04-16 10:29:06,470 INFO     [PlaceOutput] Entering state (retrieved_depth=0.0657)
2026-04-16 10:29:06,493 INFO     [IK] pose_to_joints 'OUTPUT1' depth_offset=0.2157 → joints=[-1.4282 -0.8826  2.6149 -0.7477  0.3988  1.5591  2.15  ]
2026-04-16 10:29:06,514 INFO     [IK] pose_to_joints 'L2_INTER' depth_offset=0.0657 → joints=[ 0.1045 -0.5708  0.5375 -2.5356  0.311   2.0123  1.2184]
2026-04-16 10:29:06,516 INFO     [PlaceOutput] drop_joints: [-1.4282 -0.8826  2.6149 -0.7477  0.3988  1.5591  2.15  ]
2026-04-16 10:29:11,493 INFO     [Service] /orio/lbl_cup/off → success=True msg='Labelling Cup OFF command sent'
2026-04-16 10:29:13,139 INFO     [Service] /orio/pnp_cup/off → success=True msg='PnP Cup OFF command sent'
2026-04-16 10:29:14,864 INFO     [IK] pose_to_joints 'LABELLING_SAFE' depth_offset=0.0000 → joints=[-0.065  -1.2718  0.0356 -2.707   0.0343  1.4354  0.7355]
2026-04-16 10:29:18,071 INFO     [ZoneManager] Zone B: NEEDS_LABEL → READY_FOR_PICKUP
2026-04-16 10:29:18,071 INFO     [PlaceOutput] Exiting: succeeded (total items placed: 3)
2026-04-16 10:29:18,071 INFO     [ApplyLabel] Exiting: labeled (zone B)
2026-04-16 10:29:18,073 DEBUG    [TaskSelector] Evaluating zone states: {'A': 'EMPTY', 'B': 'READY_FOR_PICKUP'}  busy: {'A': False, 'B': False}
2026-04-16 10:29:18,073 INFO     [TaskSelector] → do_unload (zone B ready)
2026-04-16 10:29:18,074 INFO     [GetLabel] Entering state
2026-04-16 10:29:18,076 INFO     [RetrieveFromZone] Entering state
2026-04-16 10:29:18,076 INFO     [RetrieveFromZone] Picking from zone B (depth=0.0688)
2026-04-16 10:29:18,089 INFO     [IK] pose_to_joints 'L2_INTER' depth_offset=0.0688 → joints=[ 0.1103 -0.5719  0.53   -2.53    0.3063  2.0046  1.2213]
2026-04-16 10:29:18,108 INFO     [IK] pose_to_joints 'LABEL_ZONE_2' depth_offset=0.1688 → joints=[ 0.3059  1.0087  0.0321 -0.8618 -0.0284  1.8701  1.1168]
2026-04-16 10:29:18,133 INFO     [IK] pose_to_joints 'LABEL_ZONE_2' depth_offset=0.0588 → joints=[ 0.3432  1.1541 -0.0421 -0.8818  0.0431  2.0352  1.0922]
2026-04-16 10:29:18,134 INFO     [RetrieveFromZone] B pre_pick=[ 0.3059  1.0087  0.0321 -0.8618 -0.0284  1.8701  1.1168] pick=[ 0.3432  1.1541 -0.0421 -0.8818  0.0431  2.0352  1.0922]
2026-04-16 10:29:26,304 WARNING  [Main] Shutting down: turning off both vacuums
2026-04-16 10:29:26,305 INFO     [Main] Total items placed at output: 3
2026-04-16 10:29:26,310 INFO     [Service] /orio/pnp_cup/off → success=True msg='PnP Cup OFF command sent'
2026-04-16 10:29:26,311 INFO     [Service] /orio/lbl_cup/on → success=True msg='Labelling Cup ON command sent'
2026-04-16 10:29:26,313 INFO     [Service] /orio/lbl_cup/off → success=True msg='Labelling Cup OFF command sent'
2026-04-16 10:29:26,915 INFO     [Service] /orio/pnp_cup/on → success=True msg='PnP Cup ON command sent'
2026-04-16 10:29:27,805 ERROR    [GET_LABEL] Unhandled exception: service [/get_current_franka_interface_status_server_node_2/get_current_franka_interface_status_server] returned no response
2026-04-16 10:29:27,917 INFO     [RetrieveFromZone] Retracting to pre-pick height
2026-04-16 10:29:27,926 ERROR    [RETRIEVE] Unhandled exception: service [/get_current_franka_interface_status_server_node_1/get_current_franka_interface_status_server] returned no response
