2026-04-15 16:51:58,362 INFO     [Logger] File log started: /home/ros_ws/src/devel_packages/orio/logs/orio_run_20260415_165158.log
2026-04-15 16:51:58,362 INFO     [Main] Node started. Log file: /home/ros_ws/src/devel_packages/orio/logs/orio_run_20260415_165158.log
2026-04-15 16:52:04,647 INFO     [Main] Operator input — item='fg'  expiry='sfgb'
2026-04-15 16:52:04,647 INFO     [Hardware] Initializing Robot Hardware...
2026-04-15 16:52:05,189 INFO     [Hardware] Resetting both arms to home joints
2026-04-15 16:52:13,970 INFO     [Hardware] Poses loaded from joint_angles.json
2026-04-15 16:52:13,975 INFO     [Hardware] Initialization complete
2026-04-15 16:52:13,981 INFO     [Main] Starting state machine execution
2026-04-15 16:52:13,984 DEBUG    [TaskSelector] Evaluating zone states: {'A': 'EMPTY', 'B': 'EMPTY'}  busy: {'A': False, 'B': False}
2026-04-15 16:52:13,984 INFO     [TaskSelector] → do_load (zone A empty)
2026-04-15 16:52:13,984 INFO     [GetLabel] Entering state
2026-04-15 16:52:13,985 INFO     [FetchInput] Entering state
2026-04-15 16:52:15,429 INFO     [Service] /compute_grasps → success=True msg='Published 2 PnP poses.'
2026-04-15 16:52:15,429 INFO     [FetchInput] Grasp pose received: x=0.0210 y=-0.5415 z=0.0230
2026-04-15 16:52:15,430 INFO     [IK] compute_pick_joints called — task_pos=[ 0.021  -0.5415  0.023 ] label_zone=None max_attempts=10 check_collisions=False arm_number=None
2026-04-15 16:52:15,451 INFO     [IK] Arm? compute_pick_joints attempt 1/10 OK — target=([ 0.021  -0.5415  0.023 ]) pre=[-0.6478  0.425  -0.877  -2.2284  0.5152  2.4426 -1.1023] final=[-0.9208  0.6041 -0.5564 -2.1893  0.6546  2.6264 -1.1974] (FK err pre=0.0000 m final=0.0000 m)
2026-04-15 16:52:15,452 INFO     [FetchInput] IK pre_joints:   [-0.6478  0.425  -0.877  -2.2284  0.5152  2.4426 -1.1023]
2026-04-15 16:52:15,452 INFO     [FetchInput] IK final_joints: [-0.9208  0.6041 -0.5564 -2.1893  0.6546  2.6264 -1.1974]
2026-04-15 16:52:15,452 INFO     [FetchInput] Moving to pre-pick
2026-04-15 16:52:18,872 INFO     [FetchInput] Descending to pick
2026-04-15 16:52:21,078 INFO     [Service] /orio/pnp_cup/on → success=True msg='PnP Cup ON command sent'
2026-04-15 16:52:22,078 INFO     [FetchInput] Retracting to pre-pick height
2026-04-15 16:52:24,196 INFO     [Service] /orio/lbl_cup/on → success=True msg='Labelling Cup ON command sent'
2026-04-15 16:52:24,283 INFO     [FetchInput] Exiting: succeeded (item_depth=0.0230)
2026-04-15 16:52:24,286 INFO     [DropToZone] Entering state (item_depth=0.0230)
2026-04-15 16:52:24,286 INFO     [DropToZone] Targeting zone A
2026-04-15 16:52:24,296 INFO     [IK] pose_to_joints 'L1_INTER' depth_offset=0.0230 → joints=[-0.3196 -0.4677 -0.366  -2.6161 -0.1962  2.1663  0.2472]
2026-04-15 16:52:24,304 INFO     [IK] pose_to_joints 'LABEL_ZONE_1' depth_offset=0.0330 → joints=[-0.2396  1.2141 -0.1668 -0.849   0.1765  2.052   0.4047]
2026-04-15 16:52:24,305 INFO     [DropToZone] place_joints for LABEL_ZONE_1: [-0.2396  1.2141 -0.1668 -0.849   0.1765  2.052   0.4047]
2026-04-15 16:52:27,701 INFO     [IK] pose_to_joints 'LABELLING_SAFE' depth_offset=0.0000 → joints=[-0.065  -1.2718  0.0356 -2.707   0.0343  1.4354  0.7355]
2026-04-15 16:52:30,774 INFO     [Service] /orio/pnp_cup/off → success=True msg='PnP Cup OFF command sent'
2026-04-15 16:52:30,909 INFO     [GetLabel] Exiting: succeeded
2026-04-15 16:52:30,911 INFO     [ApplyLabel] Entering state (zones: {'A': 'EMPTY', 'B': 'EMPTY'}  busy: {'A': True, 'B': False})
2026-04-15 16:52:30,911 DEBUG    [ApplyLabel] No zone needs label → wait
2026-04-15 16:52:31,413 INFO     [ApplyLabel] Entering state (zones: {'A': 'EMPTY', 'B': 'EMPTY'}  busy: {'A': True, 'B': False})
2026-04-15 16:52:31,413 DEBUG    [ApplyLabel] No zone needs label → wait
2026-04-15 16:52:31,915 INFO     [ApplyLabel] Entering state (zones: {'A': 'EMPTY', 'B': 'EMPTY'}  busy: {'A': True, 'B': False})
2026-04-15 16:52:31,915 DEBUG    [ApplyLabel] No zone needs label → wait
2026-04-15 16:52:32,417 INFO     [ApplyLabel] Entering state (zones: {'A': 'EMPTY', 'B': 'EMPTY'}  busy: {'A': True, 'B': False})
2026-04-15 16:52:32,418 DEBUG    [ApplyLabel] No zone needs label → wait
2026-04-15 16:52:32,920 INFO     [ApplyLabel] Entering state (zones: {'A': 'EMPTY', 'B': 'EMPTY'}  busy: {'A': True, 'B': False})
2026-04-15 16:52:32,920 DEBUG    [ApplyLabel] No zone needs label → wait
2026-04-15 16:52:33,421 INFO     [ApplyLabel] Entering state (zones: {'A': 'EMPTY', 'B': 'EMPTY'}  busy: {'A': True, 'B': False})
2026-04-15 16:52:33,422 DEBUG    [ApplyLabel] No zone needs label → wait
2026-04-15 16:52:33,923 INFO     [ApplyLabel] Entering state (zones: {'A': 'EMPTY', 'B': 'EMPTY'}  busy: {'A': True, 'B': False})
2026-04-15 16:52:33,923 DEBUG    [ApplyLabel] No zone needs label → wait
2026-04-15 16:52:34,254 INFO     [ZoneManager] Zone A: EMPTY → NEEDS_LABEL
2026-04-15 16:52:34,254 INFO     [DropToZone] Exiting: dropped (zone A)
2026-04-15 16:52:34,255 DEBUG    [TaskSelector] Evaluating zone states: {'A': 'NEEDS_LABEL', 'B': 'EMPTY'}  busy: {'A': False, 'B': False}
2026-04-15 16:52:34,255 INFO     [TaskSelector] → do_load (zone B empty)
2026-04-15 16:52:34,255 INFO     [FetchInput] Entering state
2026-04-15 16:52:34,425 INFO     [ApplyLabel] Entering state (zones: {'A': 'NEEDS_LABEL', 'B': 'EMPTY'}  busy: {'A': False, 'B': False})
2026-04-15 16:52:34,425 INFO     [ApplyLabel] Applying label to zone A (zone_number=1, depth=0.0230)
2026-04-15 16:52:34,425 INFO     [compute_label_joints] Requesting label pose for zone 1, item_depth=0.0255
2026-04-15 16:52:34,982 INFO     [Service] /compute_grasps → success=True msg='Published 2 PnP poses.'
2026-04-15 16:52:34,983 INFO     [FetchInput] Grasp pose received: x=0.0209 y=-0.5414 z=0.0232
2026-04-15 16:52:34,983 INFO     [IK] compute_pick_joints called — task_pos=[ 0.0209 -0.5414  0.0232] label_zone=None max_attempts=10 check_collisions=False arm_number=None
2026-04-15 16:52:35,002 INFO     [IK] Arm? compute_pick_joints attempt 1/10 OK — target=([ 0.0209 -0.5414  0.0232]) pre=[-0.6476  0.4241 -0.8775 -2.2287  0.5142  2.4425 -1.1019] final=[-0.9209  0.6033 -0.5567 -2.1898  0.654   2.6263 -1.1972] (FK err pre=0.0000 m final=0.0000 m)
2026-04-15 16:52:35,004 INFO     [FetchInput] IK pre_joints:   [-0.6476  0.4241 -0.8775 -2.2287  0.5142  2.4425 -1.1019]
2026-04-15 16:52:35,004 INFO     [FetchInput] IK final_joints: [-0.9209  0.6033 -0.5567 -2.1898  0.654   2.6263 -1.1972]
2026-04-15 16:52:35,004 INFO     [FetchInput] Moving to pre-pick
2026-04-15 16:52:36,278 INFO     [Service] /compute_grasps_labelling → success=True msg='Zone1=OK, Zone2=FAIL'
2026-04-15 16:52:36,278 INFO     item_depth=0.0255  X=-0.1977 Y=0.0108 Z=0.9745  pos(world)=[0.4492 0.2167 0.0055]  task_pos=[0.4492 0.2167 0.0255]  task_ori=[0.9996 0.0285 0.     0.    ]
2026-04-15 16:52:36,281 INFO     [compute_label_joints] Zone 1 received pose: x=0.4492 y=0.2167 z=0.0255  RPY r=180.00 p=0.00 y=3.27 deg
2026-04-15 16:52:36,282 INFO     [IK] compute_pick_joints called — task_pos=[0.4492 0.2167 0.0255] label_zone=1 max_attempts=10 check_collisions=True arm_number=2
2026-04-15 16:52:36,305 INFO     Arm2: cached 8 obstacles from '/home/ros_ws/src/devel_packages/orio/obstacles_files/obs_arm2_free.p'
2026-04-15 16:52:36,314 INFO     [IK] Arm2 compute_pick_joints attempt 1/10 OK — target=([0.4492 0.2167 0.0255]) pre=[ 0.22    0.1678  0.2241 -2.4031 -0.0682  2.5658  1.2837] final=[ 0.4447  0.42    0.0041 -2.3794 -0.005   2.7993  1.2386] (FK err pre=0.0000 m final=0.0000 m)
2026-04-15 16:52:36,315 INFO     [ApplyLabel] IK pre_joints=[ 0.22    0.1678  0.2241 -2.4031 -0.0682  2.5658  1.2837]  final_joints=[ 0.4447  0.42    0.0041 -2.3794 -0.005   2.7993  1.2386]
2026-04-15 16:52:36,316 INFO     [ApplyLabel] Registering label — item='fg' expiry='sfgb'
2026-04-15 16:52:38,109 INFO     [FetchInput] Descending to pick
2026-04-15 16:52:40,319 INFO     [Service] /orio/pnp_cup/on → success=True msg='PnP Cup ON command sent'
2026-04-15 16:52:41,320 INFO     [FetchInput] Retracting to pre-pick height
2026-04-15 16:52:41,432 ERROR    [RFID] Service call failed for /inventory/add_item: timeout exceeded while waiting for service /inventory/add_item
2026-04-15 16:52:43,525 INFO     [FetchInput] Exiting: succeeded (item_depth=0.0232)
2026-04-15 16:52:43,526 INFO     [DropToZone] Entering state (item_depth=0.0232)
2026-04-15 16:52:43,526 INFO     [DropToZone] Targeting zone B
2026-04-15 16:52:43,539 INFO     [IK] pose_to_joints 'L1_INTER' depth_offset=0.0232 → joints=[-0.3196 -0.4681 -0.3659 -2.6157 -0.1962  2.1656  0.2472]
2026-04-15 16:52:43,548 INFO     [IK] pose_to_joints 'L2_INTER' depth_offset=0.0232 → joints=[ 0.085  -0.524   0.5903 -2.6082  0.3357  2.1344  1.2118]
2026-04-15 16:52:43,561 INFO     [IK] pose_to_joints 'LABEL_ZONE_2' depth_offset=0.0332 → joints=[ 0.354   1.2074 -0.0652 -0.8515  0.0689  2.0572  1.084 ]
2026-04-15 16:52:43,561 INFO     [DropToZone] place_joints for LABEL_ZONE_2: [ 0.354   1.2074 -0.0652 -0.8515  0.0689  2.0572  1.084 ]
2026-04-15 16:52:48,468 INFO     [Service] /orio/pnp_cup/off → success=True msg='PnP Cup OFF command sent'
2026-04-15 16:52:51,644 INFO     [Service] /orio/lbl_cup/off → success=True msg='Labelling Cup OFF command sent'
2026-04-15 16:52:55,143 INFO     [IK] pose_to_joints 'LABELLING_SAFE' depth_offset=0.0000 → joints=[-0.065  -1.2718  0.0356 -2.707   0.0343  1.4354  0.7355]
2026-04-15 16:52:58,588 INFO     [ZoneManager] Zone A: NEEDS_LABEL → READY_FOR_PICKUP
2026-04-15 16:52:58,588 INFO     [ApplyLabel] Exiting: labeled (zone A)
2026-04-15 16:52:58,589 INFO     [GetLabel] Entering state
2026-04-15 16:53:01,686 WARNING  [Main] Shutting down: turning off both vacuums
2026-04-15 16:53:01,687 INFO     [Main] Total items placed at output: 0
2026-04-15 16:53:01,689 INFO     [Service] /orio/pnp_cup/off → success=True msg='PnP Cup OFF command sent'
2026-04-15 16:53:01,691 INFO     [Service] /orio/lbl_cup/off → success=True msg='Labelling Cup OFF command sent'
