2026-04-15 17:51:26,511 INFO     [Logger] File log started: /home/ros_ws/src/devel_packages/orio/logs/orio_run_20260415_175126.log
2026-04-15 17:51:26,511 INFO     [Main] Node started. Log file: /home/ros_ws/src/devel_packages/orio/logs/orio_run_20260415_175126.log
2026-04-15 17:51:28,622 INFO     [Main] Operator input — item='g'  expiry='g'
2026-04-15 17:51:28,623 INFO     [Hardware] Initializing Robot Hardware...
2026-04-15 17:51:29,166 INFO     [Hardware] Resetting both arms to home joints
2026-04-15 17:51:35,540 INFO     [Hardware] Poses loaded from joint_angles.json
2026-04-15 17:51:35,546 INFO     [Hardware] Initialization complete
2026-04-15 17:51:35,551 INFO     [Main] Starting state machine execution
2026-04-15 17:51:35,553 DEBUG    [TaskSelector] Evaluating zone states: {'A': 'EMPTY', 'B': 'EMPTY'}  busy: {'A': False, 'B': False}
2026-04-15 17:51:35,553 INFO     [TaskSelector] → do_load (zone A empty)
2026-04-15 17:51:35,553 INFO     [GetLabel] Entering state
2026-04-15 17:51:35,554 INFO     [FetchInput] Entering state
2026-04-15 17:51:36,220 INFO     [Service] /compute_grasps → success=True msg='Published 6 PnP poses.'
2026-04-15 17:51:36,221 INFO     [FetchInput] Grasp pose received: x=0.3604 y=-0.3133 z=0.0642
2026-04-15 17:51:36,221 INFO     [IK] compute_pick_joints called — task_pos=[ 0.3604 -0.3133  0.0642] label_zone=None max_attempts=10 check_collisions=False arm_number=None
2026-04-15 17:51:36,237 INFO     [IK] Arm? compute_pick_joints attempt 1/10 OK — target=([ 0.3604 -0.3133  0.0642]) pre=[-0.2976  0.0268 -0.4169 -2.4621  0.0178  2.4865  0.0568] final=[-0.582   0.2767 -0.121  -2.4697  0.0851  2.7431  0.0085] (FK err pre=0.0000 m final=0.0000 m)
2026-04-15 17:51:36,237 INFO     [FetchInput] IK pre_joints:   [-0.2976  0.0268 -0.4169 -2.4621  0.0178  2.4865  0.0568]
2026-04-15 17:51:36,238 INFO     [FetchInput] IK final_joints: [-0.582   0.2767 -0.121  -2.4697  0.0851  2.7431  0.0085]
2026-04-15 17:51:36,238 INFO     [FetchInput] Moving to pre-pick
2026-04-15 17:51:39,610 INFO     [FetchInput] Descending to pick
2026-04-15 17:51:42,076 INFO     [Service] /orio/pnp_cup/on → success=True msg='PnP Cup ON command sent'
2026-04-15 17:51:43,076 INFO     [FetchInput] Retracting to pre-pick height
2026-04-15 17:51:45,524 INFO     [FetchInput] Exiting: succeeded (item_depth=0.0642)
2026-04-15 17:51:45,527 INFO     [DropToZone] Entering state (item_depth=0.0642)
2026-04-15 17:51:45,528 INFO     [DropToZone] Targeting zone A
2026-04-15 17:51:45,540 INFO     [IK] pose_to_joints 'L1_INTER' depth_offset=0.0642 → joints=[-0.3187 -0.5183 -0.3467 -2.545  -0.1904  2.0452  0.2504]
2026-04-15 17:51:45,551 INFO     [IK] pose_to_joints 'LABEL_ZONE_1' depth_offset=0.0742 → joints=[-0.2335  1.1333 -0.173  -0.8907  0.1733  2.0124  0.4033]
2026-04-15 17:51:45,551 INFO     [DropToZone] place_joints for LABEL_ZONE_1: [-0.2335  1.1333 -0.173  -0.8907  0.1733  2.0124  0.4033]
2026-04-15 17:51:45,768 INFO     [Service] /orio/lbl_cup/on → success=True msg='Labelling Cup ON command sent'
2026-04-15 17:51:48,962 INFO     [Service] /orio/pnp_cup/off → success=True msg='PnP Cup OFF command sent'
2026-04-15 17:51:49,246 INFO     [IK] pose_to_joints 'LABELLING_SAFE' depth_offset=0.0000 → joints=[-0.065  -1.2718  0.0356 -2.707   0.0343  1.4354  0.7355]
2026-04-15 17:51:52,450 INFO     [GetLabel] Exiting: succeeded
2026-04-15 17:51:52,451 INFO     [ApplyLabel] Entering state (zones: {'A': 'EMPTY', 'B': 'EMPTY'}  busy: {'A': True, 'B': False})
2026-04-15 17:51:52,451 DEBUG    [ApplyLabel] No zone needs label → wait
2026-04-15 17:51:52,953 INFO     [ApplyLabel] Entering state (zones: {'A': 'EMPTY', 'B': 'EMPTY'}  busy: {'A': True, 'B': False})
2026-04-15 17:51:52,954 DEBUG    [ApplyLabel] No zone needs label → wait
2026-04-15 17:51:53,455 INFO     [ApplyLabel] Entering state (zones: {'A': 'EMPTY', 'B': 'EMPTY'}  busy: {'A': True, 'B': False})
2026-04-15 17:51:53,455 DEBUG    [ApplyLabel] No zone needs label → wait
2026-04-15 17:51:53,956 INFO     [ApplyLabel] Entering state (zones: {'A': 'EMPTY', 'B': 'EMPTY'}  busy: {'A': True, 'B': False})
2026-04-15 17:51:53,956 DEBUG    [ApplyLabel] No zone needs label → wait
2026-04-15 17:51:54,458 INFO     [ApplyLabel] Entering state (zones: {'A': 'EMPTY', 'B': 'EMPTY'}  busy: {'A': True, 'B': False})
2026-04-15 17:51:54,458 DEBUG    [ApplyLabel] No zone needs label → wait
2026-04-15 17:51:54,961 INFO     [ApplyLabel] Entering state (zones: {'A': 'EMPTY', 'B': 'EMPTY'}  busy: {'A': True, 'B': False})
2026-04-15 17:51:54,961 DEBUG    [ApplyLabel] No zone needs label → wait
2026-04-15 17:51:55,462 INFO     [ApplyLabel] Entering state (zones: {'A': 'EMPTY', 'B': 'EMPTY'}  busy: {'A': True, 'B': False})
2026-04-15 17:51:55,462 DEBUG    [ApplyLabel] No zone needs label → wait
2026-04-15 17:51:55,964 INFO     [ApplyLabel] Entering state (zones: {'A': 'EMPTY', 'B': 'EMPTY'}  busy: {'A': True, 'B': False})
2026-04-15 17:51:55,964 DEBUG    [ApplyLabel] No zone needs label → wait
2026-04-15 17:51:56,466 INFO     [ApplyLabel] Entering state (zones: {'A': 'EMPTY', 'B': 'EMPTY'}  busy: {'A': True, 'B': False})
2026-04-15 17:51:56,466 DEBUG    [ApplyLabel] No zone needs label → wait
2026-04-15 17:51:56,968 INFO     [ApplyLabel] Entering state (zones: {'A': 'EMPTY', 'B': 'EMPTY'}  busy: {'A': True, 'B': False})
2026-04-15 17:51:56,968 DEBUG    [ApplyLabel] No zone needs label → wait
2026-04-15 17:51:57,469 INFO     [ApplyLabel] Entering state (zones: {'A': 'EMPTY', 'B': 'EMPTY'}  busy: {'A': True, 'B': False})
2026-04-15 17:51:57,469 DEBUG    [ApplyLabel] No zone needs label → wait
2026-04-15 17:51:57,971 INFO     [ApplyLabel] Entering state (zones: {'A': 'EMPTY', 'B': 'EMPTY'}  busy: {'A': True, 'B': False})
2026-04-15 17:51:57,971 DEBUG    [ApplyLabel] No zone needs label → wait
2026-04-15 17:51:58,474 INFO     [ApplyLabel] Entering state (zones: {'A': 'EMPTY', 'B': 'EMPTY'}  busy: {'A': True, 'B': False})
2026-04-15 17:51:58,474 DEBUG    [ApplyLabel] No zone needs label → wait
2026-04-15 17:51:58,976 INFO     [ApplyLabel] Entering state (zones: {'A': 'EMPTY', 'B': 'EMPTY'}  busy: {'A': True, 'B': False})
2026-04-15 17:51:58,976 DEBUG    [ApplyLabel] No zone needs label → wait
2026-04-15 17:51:59,478 INFO     [ApplyLabel] Entering state (zones: {'A': 'EMPTY', 'B': 'EMPTY'}  busy: {'A': True, 'B': False})
2026-04-15 17:51:59,478 DEBUG    [ApplyLabel] No zone needs label → wait
2026-04-15 17:51:59,979 INFO     [ApplyLabel] Entering state (zones: {'A': 'EMPTY', 'B': 'EMPTY'}  busy: {'A': True, 'B': False})
2026-04-15 17:51:59,979 DEBUG    [ApplyLabel] No zone needs label → wait
2026-04-15 17:52:00,481 INFO     [ApplyLabel] Entering state (zones: {'A': 'EMPTY', 'B': 'EMPTY'}  busy: {'A': True, 'B': False})
2026-04-15 17:52:00,481 DEBUG    [ApplyLabel] No zone needs label → wait
2026-04-15 17:52:00,984 INFO     [ApplyLabel] Entering state (zones: {'A': 'EMPTY', 'B': 'EMPTY'}  busy: {'A': True, 'B': False})
2026-04-15 17:52:00,984 DEBUG    [ApplyLabel] No zone needs label → wait
2026-04-15 17:52:01,486 INFO     [ApplyLabel] Entering state (zones: {'A': 'EMPTY', 'B': 'EMPTY'}  busy: {'A': True, 'B': False})
2026-04-15 17:52:01,486 DEBUG    [ApplyLabel] No zone needs label → wait
2026-04-15 17:52:01,987 INFO     [ApplyLabel] Entering state (zones: {'A': 'EMPTY', 'B': 'EMPTY'}  busy: {'A': True, 'B': False})
2026-04-15 17:52:01,987 DEBUG    [ApplyLabel] No zone needs label → wait
2026-04-15 17:52:02,489 INFO     [ApplyLabel] Entering state (zones: {'A': 'EMPTY', 'B': 'EMPTY'}  busy: {'A': True, 'B': False})
2026-04-15 17:52:02,489 DEBUG    [ApplyLabel] No zone needs label → wait
2026-04-15 17:52:02,992 INFO     [ApplyLabel] Entering state (zones: {'A': 'EMPTY', 'B': 'EMPTY'}  busy: {'A': True, 'B': False})
2026-04-15 17:52:02,992 DEBUG    [ApplyLabel] No zone needs label → wait
2026-04-15 17:52:03,496 INFO     [ApplyLabel] Entering state (zones: {'A': 'EMPTY', 'B': 'EMPTY'}  busy: {'A': True, 'B': False})
2026-04-15 17:52:03,496 DEBUG    [ApplyLabel] No zone needs label → wait
2026-04-15 17:52:03,997 INFO     [ApplyLabel] Entering state (zones: {'A': 'EMPTY', 'B': 'EMPTY'}  busy: {'A': True, 'B': False})
2026-04-15 17:52:03,997 DEBUG    [ApplyLabel] No zone needs label → wait
2026-04-15 17:52:04,502 INFO     [ApplyLabel] Entering state (zones: {'A': 'EMPTY', 'B': 'EMPTY'}  busy: {'A': True, 'B': False})
2026-04-15 17:52:04,502 DEBUG    [ApplyLabel] No zone needs label → wait
2026-04-15 17:52:04,557 WARNING  [Main] Shutting down: turning off both vacuums
2026-04-15 17:52:04,557 INFO     [Main] Total items placed at output: 0
2026-04-15 17:52:04,560 INFO     [Service] /orio/pnp_cup/off → success=True msg='PnP Cup OFF command sent'
2026-04-15 17:52:04,562 INFO     [Service] /orio/lbl_cup/off → success=True msg='Labelling Cup OFF command sent'
