2026-04-22 14:56:34,075 INFO     [Logger] File log started: /home/ros_ws/src/devel_packages/orio/logs/orio_run_20260422_145634.log
2026-04-22 14:56:34,075 INFO     [Main] Node started. Log file: /home/ros_ws/src/devel_packages/orio/logs/orio_run_20260422_145634.log
2026-04-22 14:56:42,532 INFO     [Main] Operator input — item='g'  expiry='1234-56-78'
2026-04-22 14:56:42,532 INFO     [Hardware] Initializing Robot Hardware...
2026-04-22 14:56:42,999 INFO     [Hardware] Resetting both arms to home joints
2026-04-22 14:56:48,161 INFO     [Hardware] Poses loaded from joint_angles.json
2026-04-22 14:56:48,168 INFO     [Hardware] Initialization complete
2026-04-22 14:56:48,172 INFO     [Main] Starting state machine execution
2026-04-22 14:56:48,175 INFO     [GetLabel] Entering state
2026-04-22 14:56:48,177 DEBUG    [TaskSelector] Evaluating zone states: {'A': 'EMPTY', 'B': 'EMPTY'}  busy: {'A': False, 'B': False}
2026-04-22 14:56:48,177 INFO     [TaskSelector] → do_load (zone A empty)
2026-04-22 14:56:48,179 INFO     [FetchInput] Entering state
2026-04-22 14:56:48,728 INFO     [Service] /compute_grasps → success=True msg='Published 4 PnP poses.'
2026-04-22 14:56:48,728 INFO     [FetchInput] Grasp pose received: x=0.0199 y=-0.6618 z=0.0052
2026-04-22 14:56:48,728 INFO     [IK] compute_pick_joints called — task_pos=[ 0.0199 -0.6618  0.0052] label_zone=None max_attempts=10 check_collisions=False arm_number=None
2026-04-22 14:56:48,757 INFO     [IK] Arm? compute_pick_joints attempt 1/10 OK — target=([ 0.0199 -0.6618  0.0052]) pre=[-0.9431  0.7356 -0.6872 -1.7389  0.5839  2.2594 -1.1018] final=[-1.1335  0.8629 -0.4445 -1.7029  0.5327  2.4428 -1.0725] (FK err pre=0.0000 m final=0.0000 m)
2026-04-22 14:56:48,758 INFO     [FetchInput] IK pre_joints:   [-0.9431  0.7356 -0.6872 -1.7389  0.5839  2.2594 -1.1018]
2026-04-22 14:56:48,758 INFO     [FetchInput] IK final_joints: [-1.1335  0.8629 -0.4445 -1.7029  0.5327  2.4428 -1.0725]
2026-04-22 14:56:48,759 INFO     [FetchInput] Moving to pre-pick
2026-04-22 14:56:52,161 INFO     [FetchInput] Descending to pick
2026-04-22 14:56:54,368 INFO     [Service] /orio/pnp_cup/on → success=True msg='PnP Cup ON command sent'
2026-04-22 14:56:55,368 INFO     [FetchInput] Retracting to pre-pick height
2026-04-22 14:56:58,486 INFO     [FetchInput] Exiting: succeeded (item_depth=0.0052)
2026-04-22 14:56:58,488 INFO     [DropToZone] Entering state (item_depth=0.0052)
2026-04-22 14:56:58,488 INFO     [DropToZone] Targeting zone A
2026-04-22 14:56:58,493 INFO     [Service] /orio/lbl_cup/on → success=True msg='Labelling Cup ON command sent'
2026-04-22 14:56:58,498 INFO     [IK] pose_to_joints 'L1_INTER' depth_offset=0.0052 → joints=[-0.32   -0.4394 -0.3738 -2.6428 -0.1964  2.221   0.2442]
2026-04-22 14:56:58,507 INFO     [IK] pose_to_joints 'LABEL_ZONE_1' depth_offset=0.0152 → joints=[-0.2434  1.2557 -0.164  -0.8181  0.1771  2.0631  0.4064]
2026-04-22 14:56:58,507 INFO     [DropToZone] place_joints for LABEL_ZONE_1: [-0.2434  1.2557 -0.164  -0.8181  0.1771  2.0631  0.4064]
2026-04-22 14:57:01,946 INFO     [IK] pose_to_joints 'LABELLING_SAFE' depth_offset=0.0000 → joints=[-0.065  -1.2718  0.0356 -2.707   0.0343  1.4354  0.7355]
2026-04-22 14:57:05,151 INFO     [GetLabel] Exiting: succeeded
2026-04-22 14:57:05,152 INFO     [ApplyLabel] Entering state (zones: {'A': 'EMPTY', 'B': 'EMPTY'}  busy: {'A': True, 'B': False})
2026-04-22 14:57:05,153 DEBUG    [ApplyLabel] No zone needs label → wait
2026-04-22 14:57:05,375 INFO     [Service] /orio/pnp_cup/off → success=True msg='PnP Cup OFF command sent'
2026-04-22 14:57:05,655 INFO     [ApplyLabel] Entering state (zones: {'A': 'EMPTY', 'B': 'EMPTY'}  busy: {'A': True, 'B': False})
2026-04-22 14:57:05,655 DEBUG    [ApplyLabel] No zone needs label → wait
2026-04-22 14:57:06,157 INFO     [ApplyLabel] Entering state (zones: {'A': 'EMPTY', 'B': 'EMPTY'}  busy: {'A': True, 'B': False})
2026-04-22 14:57:06,157 DEBUG    [ApplyLabel] No zone needs label → wait
2026-04-22 14:57:06,660 INFO     [ApplyLabel] Entering state (zones: {'A': 'EMPTY', 'B': 'EMPTY'}  busy: {'A': True, 'B': False})
2026-04-22 14:57:06,660 DEBUG    [ApplyLabel] No zone needs label → wait
2026-04-22 14:57:07,162 INFO     [ApplyLabel] Entering state (zones: {'A': 'EMPTY', 'B': 'EMPTY'}  busy: {'A': True, 'B': False})
2026-04-22 14:57:07,162 DEBUG    [ApplyLabel] No zone needs label → wait
2026-04-22 14:57:07,665 INFO     [ApplyLabel] Entering state (zones: {'A': 'EMPTY', 'B': 'EMPTY'}  busy: {'A': True, 'B': False})
2026-04-22 14:57:07,665 DEBUG    [ApplyLabel] No zone needs label → wait
2026-04-22 14:57:08,166 INFO     [ApplyLabel] Entering state (zones: {'A': 'EMPTY', 'B': 'EMPTY'}  busy: {'A': True, 'B': False})
2026-04-22 14:57:08,166 DEBUG    [ApplyLabel] No zone needs label → wait
2026-04-22 14:57:08,670 INFO     [ApplyLabel] Entering state (zones: {'A': 'EMPTY', 'B': 'EMPTY'}  busy: {'A': True, 'B': False})
2026-04-22 14:57:08,670 DEBUG    [ApplyLabel] No zone needs label → wait
2026-04-22 14:57:08,856 INFO     [ZoneManager] Zone A: EMPTY → NEEDS_LABEL
2026-04-22 14:57:08,856 INFO     [DropToZone] Exiting: dropped (zone A)
2026-04-22 14:57:08,857 DEBUG    [TaskSelector] Evaluating zone states: {'A': 'NEEDS_LABEL', 'B': 'EMPTY'}  busy: {'A': False, 'B': False}
2026-04-22 14:57:08,857 INFO     [TaskSelector] → do_load (zone B empty)
2026-04-22 14:57:08,858 INFO     [FetchInput] Entering state
2026-04-22 14:57:09,172 INFO     [ApplyLabel] Entering state (zones: {'A': 'NEEDS_LABEL', 'B': 'EMPTY'}  busy: {'A': False, 'B': False})
2026-04-22 14:57:09,172 INFO     [ApplyLabel] Applying label to zone A (zone_number=1, depth=0.0052)
2026-04-22 14:57:09,172 INFO     [compute_label_joints] Requesting label pose for zone 1, item_depth=0.0052
2026-04-22 14:57:09,453 INFO     [Service] /compute_grasps → success=True msg='Published 3 PnP poses.'
2026-04-22 14:57:09,454 INFO     [FetchInput] Grasp pose received: x=0.3496 y=-0.6603 z=0.0060
2026-04-22 14:57:09,454 INFO     [IK] compute_pick_joints called — task_pos=[ 0.3496 -0.6603  0.006 ] label_zone=None max_attempts=10 check_collisions=False arm_number=None
2026-04-22 14:57:09,475 INFO     [IK] Arm? compute_pick_joints attempt 1/10 OK — target=([ 0.3496 -0.6603  0.006 ]) pre=[-0.7118  0.946  -0.5466 -1.2752  0.5057  2.0857 -0.5345] final=[-0.8777  1.0678 -0.296  -1.2329  0.3356  2.2535 -0.4548] (FK err pre=0.0000 m final=0.0000 m)
2026-04-22 14:57:09,476 INFO     [FetchInput] IK pre_joints:   [-0.7118  0.946  -0.5466 -1.2752  0.5057  2.0857 -0.5345]
2026-04-22 14:57:09,476 INFO     [FetchInput] IK final_joints: [-0.8777  1.0678 -0.296  -1.2329  0.3356  2.2535 -0.4548]
2026-04-22 14:57:09,476 INFO     [FetchInput] Moving to pre-pick
2026-04-22 14:57:10,793 INFO     [Service] /compute_grasps_labelling → success=True msg='Zone1=OK, Zone2=FAIL'
2026-04-22 14:57:10,794 INFO     item_depth=0.0052  X=-0.2229 Y=0.0433 Z=0.9948  pos(world)=[ 0.4167  0.2419 -0.0148]  task_pos=[0.4167 0.2419 0.0052]  task_ori=[0.9997 0.023  0.     0.    ]
2026-04-22 14:57:10,795 INFO     [compute_label_joints] Zone 1 received pose: x=0.4167 y=0.2419 z=0.0052  RPY r=180.00 p=0.00 y=2.64 deg
2026-04-22 14:57:10,795 INFO     [IK] compute_pick_joints called — task_pos=[0.4167 0.2419 0.0052] label_zone=1 max_attempts=10 check_collisions=True arm_number=2
2026-04-22 14:57:10,814 INFO     Arm2: cached 8 obstacles from '/home/ros_ws/src/devel_packages/orio/obstacles_files/obs_arm2_free.p'
2026-04-22 14:57:10,825 WARNING  [IK] attempt 1/10 in collision (pre=False final=True), retrying with new seed
2026-04-22 14:57:10,826 ERROR    [APPLY_LABEL] Unhandled exception: `x0` is infeasible.
2026-04-22 14:57:10,828 WARNING  [ARM2 Recovery] Pausing ARM2 — showing GUI (ARM1 continues)
2026-04-22 14:57:12,914 INFO     [FetchInput] Descending to pick
2026-04-22 14:57:15,119 INFO     [Service] /orio/pnp_cup/on → success=True msg='PnP Cup ON command sent'
2026-04-22 14:57:16,120 INFO     [FetchInput] Retracting to pre-pick height
2026-04-22 14:57:18,325 INFO     [FetchInput] Exiting: succeeded (item_depth=0.0060)
2026-04-22 14:57:18,327 INFO     [DropToZone] Entering state (item_depth=0.0060)
2026-04-22 14:57:18,327 INFO     [DropToZone] Targeting zone B
2026-04-22 14:57:18,336 INFO     [IK] pose_to_joints 'L1_INTER' depth_offset=0.0060 → joints=[-0.3199 -0.4407 -0.3734 -2.6417 -0.1964  2.2186  0.2444]
2026-04-22 14:57:18,344 INFO     [IK] pose_to_joints 'L2_INTER' depth_offset=0.0060 → joints=[ 0.1191 -0.4848  0.5711 -2.6357  0.3155  2.1943  1.233 ]
2026-04-22 14:57:18,353 INFO     [IK] pose_to_joints 'LABEL_ZONE_2' depth_offset=0.0160 → joints=[ 0.3598  1.2484 -0.079  -0.8216  0.0853  2.0675  1.0794]
2026-04-22 14:57:18,354 INFO     [DropToZone] place_joints for LABEL_ZONE_2: [ 0.3598  1.2484 -0.079  -0.8216  0.0853  2.0675  1.0794]
2026-04-22 14:57:26,715 INFO     [Service] /orio/pnp_cup/off → success=True msg='PnP Cup OFF command sent'
2026-04-22 14:57:30,184 INFO     [ZoneManager] Zone B: EMPTY → NEEDS_LABEL
2026-04-22 14:57:30,184 INFO     [DropToZone] Exiting: dropped (zone B)
2026-04-22 14:58:18,344 INFO     [Recovery] Zones updated: {'A': 'READY_FOR_PICKUP', 'B': 'READY_FOR_PICKUP'}  busy: {'A': False, 'B': False}
2026-04-22 14:58:20,002 INFO     [Recovery] Zones updated: {'A': 'READY_FOR_PICKUP', 'B': 'READY_FOR_PICKUP'}  busy: {'A': False, 'B': False}
2026-04-22 14:58:20,006 INFO     [ARM2 Recovery] choice=GET_LABEL
2026-04-22 14:58:20,006 INFO     [ARM2 Recovery] resuming
2026-04-22 14:58:20,007 INFO     [GetLabel] Entering state
2026-04-22 14:58:20,039 DEBUG    [TaskSelector] Evaluating zone states: {'A': 'READY_FOR_PICKUP', 'B': 'READY_FOR_PICKUP'}  busy: {'A': False, 'B': False}
2026-04-22 14:58:20,039 INFO     [TaskSelector] → do_unload (zone A ready)
2026-04-22 14:58:20,040 INFO     [RetrieveFromZone] Entering state
2026-04-22 14:58:20,040 INFO     [RetrieveFromZone] Picking from zone A (depth=0.0052)
2026-04-22 14:58:20,051 INFO     [IK] pose_to_joints 'L1_INTER' depth_offset=0.0052 → joints=[-0.32   -0.4394 -0.3738 -2.6428 -0.1964  2.221   0.2442]
2026-04-22 14:58:20,060 INFO     [IK] pose_to_joints 'LABEL_ZONE_1' depth_offset=0.1052 → joints=[-0.2313  1.0846 -0.1766 -0.8995  0.1695  1.9724  0.4042]
2026-04-22 14:58:20,070 INFO     [IK] pose_to_joints 'LABEL_ZONE_1' depth_offset=-0.0048 → joints=[-0.2489  1.3094 -0.1602 -0.7701  0.1764  2.0697  0.4096]
2026-04-22 14:58:20,070 INFO     [RetrieveFromZone] A pre_pick=[-0.2313  1.0846 -0.1766 -0.8995  0.1695  1.9724  0.4042] pick=[-0.2489  1.3094 -0.1602 -0.7701  0.1764  2.0697  0.4096]
2026-04-22 14:58:29,081 INFO     [Service] /orio/pnp_cup/on → success=True msg='PnP Cup ON command sent'
2026-04-22 14:58:30,082 INFO     [RetrieveFromZone] Retracting to pre-pick height
2026-04-22 14:58:30,220 INFO     [Service] /orio/lbl_cup/on → success=True msg='Labelling Cup ON command sent'
2026-04-22 14:58:33,698 INFO     [IK] pose_to_joints 'LABELLING_SAFE' depth_offset=0.0000 → joints=[-0.065  -1.2718  0.0356 -2.707   0.0343  1.4354  0.7355]
2026-04-22 14:58:36,902 INFO     [GetLabel] Exiting: succeeded
2026-04-22 14:58:36,903 INFO     [ZoneManager] Zone A: READY_FOR_PICKUP → EMPTY
2026-04-22 14:58:36,903 INFO     [RetrieveFromZone] Exiting: picked (zone A)
2026-04-22 14:58:36,903 INFO     [ApplyLabel] Entering state (zones: {'A': 'EMPTY', 'B': 'READY_FOR_PICKUP'}  busy: {'A': False, 'B': False})
2026-04-22 14:58:36,903 DEBUG    [ApplyLabel] No zone needs label → wait
2026-04-22 14:58:36,904 INFO     [PlaceOutput] Entering state (retrieved_depth=0.0052)
2026-04-22 14:58:36,916 INFO     [IK] pose_to_joints 'OUTPUT1' depth_offset=0.1552 → joints=[-1.3519 -0.855   2.5808 -0.9799  0.4191  1.7366  2.1107]
2026-04-22 14:58:36,925 INFO     [IK] pose_to_joints 'L2_INTER' depth_offset=0.0052 → joints=[ 0.1203 -0.4831  0.5705 -2.6368  0.3148  2.197   1.2339]
2026-04-22 14:58:36,926 INFO     [PlaceOutput] drop_joints: [-1.3519 -0.855   2.5808 -0.9799  0.4191  1.7366  2.1107]
2026-04-22 14:58:37,405 INFO     [ApplyLabel] Entering state (zones: {'A': 'EMPTY', 'B': 'READY_FOR_PICKUP'}  busy: {'A': False, 'B': False})
2026-04-22 14:58:37,405 DEBUG    [ApplyLabel] No zone needs label → wait
2026-04-22 14:58:37,906 INFO     [ApplyLabel] Entering state (zones: {'A': 'EMPTY', 'B': 'READY_FOR_PICKUP'}  busy: {'A': False, 'B': False})
2026-04-22 14:58:37,906 DEBUG    [ApplyLabel] No zone needs label → wait
2026-04-22 14:58:38,408 INFO     [ApplyLabel] Entering state (zones: {'A': 'EMPTY', 'B': 'READY_FOR_PICKUP'}  busy: {'A': False, 'B': False})
2026-04-22 14:58:38,409 DEBUG    [ApplyLabel] No zone needs label → wait
2026-04-22 14:58:38,910 INFO     [ApplyLabel] Entering state (zones: {'A': 'EMPTY', 'B': 'READY_FOR_PICKUP'}  busy: {'A': False, 'B': False})
2026-04-22 14:58:38,910 DEBUG    [ApplyLabel] No zone needs label → wait
2026-04-22 14:58:39,413 INFO     [ApplyLabel] Entering state (zones: {'A': 'EMPTY', 'B': 'READY_FOR_PICKUP'}  busy: {'A': False, 'B': False})
2026-04-22 14:58:39,413 DEBUG    [ApplyLabel] No zone needs label → wait
2026-04-22 14:58:39,915 INFO     [ApplyLabel] Entering state (zones: {'A': 'EMPTY', 'B': 'READY_FOR_PICKUP'}  busy: {'A': False, 'B': False})
2026-04-22 14:58:39,915 DEBUG    [ApplyLabel] No zone needs label → wait
2026-04-22 14:58:40,416 INFO     [ApplyLabel] Entering state (zones: {'A': 'EMPTY', 'B': 'READY_FOR_PICKUP'}  busy: {'A': False, 'B': False})
2026-04-22 14:58:40,417 DEBUG    [ApplyLabel] No zone needs label → wait
2026-04-22 14:58:40,918 INFO     [ApplyLabel] Entering state (zones: {'A': 'EMPTY', 'B': 'READY_FOR_PICKUP'}  busy: {'A': False, 'B': False})
2026-04-22 14:58:40,918 DEBUG    [ApplyLabel] No zone needs label → wait
2026-04-22 14:58:41,420 INFO     [ApplyLabel] Entering state (zones: {'A': 'EMPTY', 'B': 'READY_FOR_PICKUP'}  busy: {'A': False, 'B': False})
2026-04-22 14:58:41,420 DEBUG    [ApplyLabel] No zone needs label → wait
2026-04-22 14:58:41,921 INFO     [ApplyLabel] Entering state (zones: {'A': 'EMPTY', 'B': 'READY_FOR_PICKUP'}  busy: {'A': False, 'B': False})
2026-04-22 14:58:41,921 DEBUG    [ApplyLabel] No zone needs label → wait
2026-04-22 14:58:42,423 INFO     [ApplyLabel] Entering state (zones: {'A': 'EMPTY', 'B': 'READY_FOR_PICKUP'}  busy: {'A': False, 'B': False})
2026-04-22 14:58:42,423 DEBUG    [ApplyLabel] No zone needs label → wait
2026-04-22 14:58:42,925 INFO     [ApplyLabel] Entering state (zones: {'A': 'EMPTY', 'B': 'READY_FOR_PICKUP'}  busy: {'A': False, 'B': False})
2026-04-22 14:58:42,925 DEBUG    [ApplyLabel] No zone needs label → wait
2026-04-22 14:58:43,426 INFO     [ApplyLabel] Entering state (zones: {'A': 'EMPTY', 'B': 'READY_FOR_PICKUP'}  busy: {'A': False, 'B': False})
2026-04-22 14:58:43,426 DEBUG    [ApplyLabel] No zone needs label → wait
2026-04-22 14:58:43,547 INFO     [Service] /orio/pnp_cup/off → success=True msg='PnP Cup OFF command sent'
2026-04-22 14:58:43,928 INFO     [ApplyLabel] Entering state (zones: {'A': 'EMPTY', 'B': 'READY_FOR_PICKUP'}  busy: {'A': False, 'B': False})
2026-04-22 14:58:43,928 DEBUG    [ApplyLabel] No zone needs label → wait
2026-04-22 14:58:44,430 INFO     [ApplyLabel] Entering state (zones: {'A': 'EMPTY', 'B': 'READY_FOR_PICKUP'}  busy: {'A': False, 'B': False})
2026-04-22 14:58:44,430 DEBUG    [ApplyLabel] No zone needs label → wait
2026-04-22 14:58:44,932 INFO     [ApplyLabel] Entering state (zones: {'A': 'EMPTY', 'B': 'READY_FOR_PICKUP'}  busy: {'A': False, 'B': False})
2026-04-22 14:58:44,933 DEBUG    [ApplyLabel] No zone needs label → wait
2026-04-22 14:58:45,435 INFO     [ApplyLabel] Entering state (zones: {'A': 'EMPTY', 'B': 'READY_FOR_PICKUP'}  busy: {'A': False, 'B': False})
2026-04-22 14:58:45,436 DEBUG    [ApplyLabel] No zone needs label → wait
2026-04-22 14:58:45,939 INFO     [ApplyLabel] Entering state (zones: {'A': 'EMPTY', 'B': 'READY_FOR_PICKUP'}  busy: {'A': False, 'B': False})
2026-04-22 14:58:45,939 DEBUG    [ApplyLabel] No zone needs label → wait
2026-04-22 14:58:46,441 INFO     [ApplyLabel] Entering state (zones: {'A': 'EMPTY', 'B': 'READY_FOR_PICKUP'}  busy: {'A': False, 'B': False})
2026-04-22 14:58:46,441 DEBUG    [ApplyLabel] No zone needs label → wait
2026-04-22 14:58:46,944 INFO     [ApplyLabel] Entering state (zones: {'A': 'EMPTY', 'B': 'READY_FOR_PICKUP'}  busy: {'A': False, 'B': False})
2026-04-22 14:58:46,944 DEBUG    [ApplyLabel] No zone needs label → wait
2026-04-22 14:58:47,445 INFO     [ApplyLabel] Entering state (zones: {'A': 'EMPTY', 'B': 'READY_FOR_PICKUP'}  busy: {'A': False, 'B': False})
2026-04-22 14:58:47,445 DEBUG    [ApplyLabel] No zone needs label → wait
2026-04-22 14:58:47,947 INFO     [ApplyLabel] Entering state (zones: {'A': 'EMPTY', 'B': 'READY_FOR_PICKUP'}  busy: {'A': False, 'B': False})
2026-04-22 14:58:47,947 DEBUG    [ApplyLabel] No zone needs label → wait
2026-04-22 14:58:48,015 INFO     [PlaceOutput] Exiting: succeeded (total items placed: 1)
2026-04-22 14:58:48,016 INFO     [FetchInput] Entering state
2026-04-22 14:58:48,449 INFO     [ApplyLabel] Entering state (zones: {'A': 'EMPTY', 'B': 'READY_FOR_PICKUP'}  busy: {'A': False, 'B': False})
2026-04-22 14:58:48,449 DEBUG    [ApplyLabel] No zone needs label → wait
2026-04-22 14:58:48,564 INFO     [Service] /compute_grasps → success=True msg='Published 2 PnP poses.'
2026-04-22 14:58:48,564 INFO     [FetchInput] Grasp pose received: x=0.1329 y=-0.3927 z=0.0130
2026-04-22 14:58:48,564 INFO     [IK] compute_pick_joints called — task_pos=[ 0.1329 -0.3927  0.013 ] label_zone=None max_attempts=10 check_collisions=False arm_number=None
2026-04-22 14:58:48,580 INFO     [IK] Arm? compute_pick_joints attempt 1/10 OK — target=([ 0.1329 -0.3927  0.013 ]) pre=[-4.3940e-01 -6.0000e-04 -8.0520e-01 -2.6827e+00 -1.0000e-03  2.6823e+00
 -4.5830e-01] final=[-0.64    0.3892 -0.4578 -2.5957  0.7247  2.8858 -0.9907] (FK err pre=0.0000 m final=0.0000 m)
2026-04-22 14:58:48,580 INFO     [FetchInput] IK pre_joints:   [-4.3940e-01 -6.0000e-04 -8.0520e-01 -2.6827e+00 -1.0000e-03  2.6823e+00
 -4.5830e-01]
2026-04-22 14:58:48,581 INFO     [FetchInput] IK final_joints: [-0.64    0.3892 -0.4578 -2.5957  0.7247  2.8858 -0.9907]
2026-04-22 14:58:48,581 INFO     [FetchInput] Moving to pre-pick
2026-04-22 14:58:48,951 INFO     [ApplyLabel] Entering state (zones: {'A': 'EMPTY', 'B': 'READY_FOR_PICKUP'}  busy: {'A': False, 'B': False})
2026-04-22 14:58:48,951 DEBUG    [ApplyLabel] No zone needs label → wait
2026-04-22 14:58:49,453 INFO     [ApplyLabel] Entering state (zones: {'A': 'EMPTY', 'B': 'READY_FOR_PICKUP'}  busy: {'A': False, 'B': False})
2026-04-22 14:58:49,453 DEBUG    [ApplyLabel] No zone needs label → wait
2026-04-22 14:58:49,954 INFO     [ApplyLabel] Entering state (zones: {'A': 'EMPTY', 'B': 'READY_FOR_PICKUP'}  busy: {'A': False, 'B': False})
2026-04-22 14:58:49,955 DEBUG    [ApplyLabel] No zone needs label → wait
2026-04-22 14:58:50,456 INFO     [ApplyLabel] Entering state (zones: {'A': 'EMPTY', 'B': 'READY_FOR_PICKUP'}  busy: {'A': False, 'B': False})
2026-04-22 14:58:50,456 DEBUG    [ApplyLabel] No zone needs label → wait
2026-04-22 14:58:50,961 INFO     [ApplyLabel] Entering state (zones: {'A': 'EMPTY', 'B': 'READY_FOR_PICKUP'}  busy: {'A': False, 'B': False})
2026-04-22 14:58:50,961 DEBUG    [ApplyLabel] No zone needs label → wait
2026-04-22 14:58:51,462 INFO     [ApplyLabel] Entering state (zones: {'A': 'EMPTY', 'B': 'READY_FOR_PICKUP'}  busy: {'A': False, 'B': False})
2026-04-22 14:58:51,462 DEBUG    [ApplyLabel] No zone needs label → wait
2026-04-22 14:58:51,685 INFO     [FetchInput] Descending to pick
2026-04-22 14:58:51,964 INFO     [ApplyLabel] Entering state (zones: {'A': 'EMPTY', 'B': 'READY_FOR_PICKUP'}  busy: {'A': False, 'B': False})
2026-04-22 14:58:51,964 DEBUG    [ApplyLabel] No zone needs label → wait
2026-04-22 14:58:52,465 INFO     [ApplyLabel] Entering state (zones: {'A': 'EMPTY', 'B': 'READY_FOR_PICKUP'}  busy: {'A': False, 'B': False})
2026-04-22 14:58:52,465 DEBUG    [ApplyLabel] No zone needs label → wait
2026-04-22 14:58:52,967 INFO     [ApplyLabel] Entering state (zones: {'A': 'EMPTY', 'B': 'READY_FOR_PICKUP'}  busy: {'A': False, 'B': False})
2026-04-22 14:58:52,967 DEBUG    [ApplyLabel] No zone needs label → wait
2026-04-22 14:58:53,469 INFO     [ApplyLabel] Entering state (zones: {'A': 'EMPTY', 'B': 'READY_FOR_PICKUP'}  busy: {'A': False, 'B': False})
2026-04-22 14:58:53,469 DEBUG    [ApplyLabel] No zone needs label → wait
2026-04-22 14:58:53,891 INFO     [Service] /orio/pnp_cup/on → success=True msg='PnP Cup ON command sent'
2026-04-22 14:58:53,971 INFO     [ApplyLabel] Entering state (zones: {'A': 'EMPTY', 'B': 'READY_FOR_PICKUP'}  busy: {'A': False, 'B': False})
2026-04-22 14:58:53,971 DEBUG    [ApplyLabel] No zone needs label → wait
2026-04-22 14:58:54,473 INFO     [ApplyLabel] Entering state (zones: {'A': 'EMPTY', 'B': 'READY_FOR_PICKUP'}  busy: {'A': False, 'B': False})
2026-04-22 14:58:54,474 DEBUG    [ApplyLabel] No zone needs label → wait
2026-04-22 14:58:54,892 INFO     [FetchInput] Retracting to pre-pick height
2026-04-22 14:58:54,977 INFO     [ApplyLabel] Entering state (zones: {'A': 'EMPTY', 'B': 'READY_FOR_PICKUP'}  busy: {'A': False, 'B': False})
2026-04-22 14:58:54,977 DEBUG    [ApplyLabel] No zone needs label → wait
2026-04-22 14:58:55,479 INFO     [ApplyLabel] Entering state (zones: {'A': 'EMPTY', 'B': 'READY_FOR_PICKUP'}  busy: {'A': False, 'B': False})
2026-04-22 14:58:55,479 DEBUG    [ApplyLabel] No zone needs label → wait
2026-04-22 14:58:55,981 INFO     [ApplyLabel] Entering state (zones: {'A': 'EMPTY', 'B': 'READY_FOR_PICKUP'}  busy: {'A': False, 'B': False})
2026-04-22 14:58:55,981 DEBUG    [ApplyLabel] No zone needs label → wait
2026-04-22 14:58:56,483 INFO     [ApplyLabel] Entering state (zones: {'A': 'EMPTY', 'B': 'READY_FOR_PICKUP'}  busy: {'A': False, 'B': False})
2026-04-22 14:58:56,483 DEBUG    [ApplyLabel] No zone needs label → wait
2026-04-22 14:58:56,985 INFO     [ApplyLabel] Entering state (zones: {'A': 'EMPTY', 'B': 'READY_FOR_PICKUP'}  busy: {'A': False, 'B': False})
2026-04-22 14:58:56,985 DEBUG    [ApplyLabel] No zone needs label → wait
2026-04-22 14:58:57,096 INFO     [FetchInput] Exiting: succeeded (item_depth=0.0130)
2026-04-22 14:58:57,097 INFO     [DropToZone] Entering state (item_depth=0.0130)
2026-04-22 14:58:57,098 INFO     [DropToZone] Targeting zone A
2026-04-22 14:58:57,106 INFO     [IK] pose_to_joints 'L1_INTER' depth_offset=0.0130 → joints=[-0.3198 -0.4523 -0.3705 -2.6314 -0.1965  2.1968  0.2457]
2026-04-22 14:58:57,119 INFO     [IK] pose_to_joints 'LABEL_ZONE_1' depth_offset=0.0230 → joints=[-0.2416  1.2368 -0.1653 -0.8328  0.1769  2.0588  0.4056]
2026-04-22 14:58:57,119 INFO     [DropToZone] place_joints for LABEL_ZONE_1: [-0.2416  1.2368 -0.1653 -0.8328  0.1769  2.0588  0.4056]
2026-04-22 14:58:57,486 INFO     [ApplyLabel] Entering state (zones: {'A': 'EMPTY', 'B': 'READY_FOR_PICKUP'}  busy: {'A': True, 'B': False})
2026-04-22 14:58:57,486 DEBUG    [ApplyLabel] No zone needs label → wait
2026-04-22 14:58:57,988 INFO     [ApplyLabel] Entering state (zones: {'A': 'EMPTY', 'B': 'READY_FOR_PICKUP'}  busy: {'A': True, 'B': False})
2026-04-22 14:58:57,988 DEBUG    [ApplyLabel] No zone needs label → wait
2026-04-22 14:58:58,490 INFO     [ApplyLabel] Entering state (zones: {'A': 'EMPTY', 'B': 'READY_FOR_PICKUP'}  busy: {'A': True, 'B': False})
2026-04-22 14:58:58,490 DEBUG    [ApplyLabel] No zone needs label → wait
2026-04-22 14:58:58,991 INFO     [ApplyLabel] Entering state (zones: {'A': 'EMPTY', 'B': 'READY_FOR_PICKUP'}  busy: {'A': True, 'B': False})
2026-04-22 14:58:58,991 DEBUG    [ApplyLabel] No zone needs label → wait
2026-04-22 14:58:59,493 INFO     [ApplyLabel] Entering state (zones: {'A': 'EMPTY', 'B': 'READY_FOR_PICKUP'}  busy: {'A': True, 'B': False})
2026-04-22 14:58:59,493 DEBUG    [ApplyLabel] No zone needs label → wait
2026-04-22 14:58:59,994 INFO     [ApplyLabel] Entering state (zones: {'A': 'EMPTY', 'B': 'READY_FOR_PICKUP'}  busy: {'A': True, 'B': False})
2026-04-22 14:58:59,994 DEBUG    [ApplyLabel] No zone needs label → wait
2026-04-22 14:59:00,496 INFO     [ApplyLabel] Entering state (zones: {'A': 'EMPTY', 'B': 'READY_FOR_PICKUP'}  busy: {'A': True, 'B': False})
2026-04-22 14:59:00,496 DEBUG    [ApplyLabel] No zone needs label → wait
2026-04-22 14:59:00,999 INFO     [ApplyLabel] Entering state (zones: {'A': 'EMPTY', 'B': 'READY_FOR_PICKUP'}  busy: {'A': True, 'B': False})
2026-04-22 14:59:00,999 DEBUG    [ApplyLabel] No zone needs label → wait
2026-04-22 14:59:01,503 INFO     [ApplyLabel] Entering state (zones: {'A': 'EMPTY', 'B': 'READY_FOR_PICKUP'}  busy: {'A': True, 'B': False})
2026-04-22 14:59:01,504 DEBUG    [ApplyLabel] No zone needs label → wait
2026-04-22 14:59:02,005 INFO     [ApplyLabel] Entering state (zones: {'A': 'EMPTY', 'B': 'READY_FOR_PICKUP'}  busy: {'A': True, 'B': False})
2026-04-22 14:59:02,005 DEBUG    [ApplyLabel] No zone needs label → wait
2026-04-22 14:59:02,508 INFO     [ApplyLabel] Entering state (zones: {'A': 'EMPTY', 'B': 'READY_FOR_PICKUP'}  busy: {'A': True, 'B': False})
2026-04-22 14:59:02,508 DEBUG    [ApplyLabel] No zone needs label → wait
2026-04-22 14:59:03,009 INFO     [ApplyLabel] Entering state (zones: {'A': 'EMPTY', 'B': 'READY_FOR_PICKUP'}  busy: {'A': True, 'B': False})
2026-04-22 14:59:03,009 DEBUG    [ApplyLabel] No zone needs label → wait
2026-04-22 14:59:03,511 INFO     [ApplyLabel] Entering state (zones: {'A': 'EMPTY', 'B': 'READY_FOR_PICKUP'}  busy: {'A': True, 'B': False})
2026-04-22 14:59:03,511 DEBUG    [ApplyLabel] No zone needs label → wait
2026-04-22 14:59:03,728 INFO     [Service] /orio/pnp_cup/off → success=True msg='PnP Cup OFF command sent'
2026-04-22 14:59:04,013 INFO     [ApplyLabel] Entering state (zones: {'A': 'EMPTY', 'B': 'READY_FOR_PICKUP'}  busy: {'A': True, 'B': False})
2026-04-22 14:59:04,013 DEBUG    [ApplyLabel] No zone needs label → wait
2026-04-22 14:59:04,516 INFO     [ApplyLabel] Entering state (zones: {'A': 'EMPTY', 'B': 'READY_FOR_PICKUP'}  busy: {'A': True, 'B': False})
2026-04-22 14:59:04,516 DEBUG    [ApplyLabel] No zone needs label → wait
2026-04-22 14:59:05,018 INFO     [ApplyLabel] Entering state (zones: {'A': 'EMPTY', 'B': 'READY_FOR_PICKUP'}  busy: {'A': True, 'B': False})
2026-04-22 14:59:05,018 DEBUG    [ApplyLabel] No zone needs label → wait
2026-04-22 14:59:05,522 INFO     [ApplyLabel] Entering state (zones: {'A': 'EMPTY', 'B': 'READY_FOR_PICKUP'}  busy: {'A': True, 'B': False})
2026-04-22 14:59:05,522 DEBUG    [ApplyLabel] No zone needs label → wait
2026-04-22 14:59:06,024 INFO     [ApplyLabel] Entering state (zones: {'A': 'EMPTY', 'B': 'READY_FOR_PICKUP'}  busy: {'A': True, 'B': False})
2026-04-22 14:59:06,024 DEBUG    [ApplyLabel] No zone needs label → wait
2026-04-22 14:59:06,526 INFO     [ApplyLabel] Entering state (zones: {'A': 'EMPTY', 'B': 'READY_FOR_PICKUP'}  busy: {'A': True, 'B': False})
2026-04-22 14:59:06,527 DEBUG    [ApplyLabel] No zone needs label → wait
2026-04-22 14:59:07,028 INFO     [ApplyLabel] Entering state (zones: {'A': 'EMPTY', 'B': 'READY_FOR_PICKUP'}  busy: {'A': True, 'B': False})
2026-04-22 14:59:07,028 DEBUG    [ApplyLabel] No zone needs label → wait
2026-04-22 14:59:07,211 INFO     [ZoneManager] Zone A: EMPTY → NEEDS_LABEL
2026-04-22 14:59:07,211 INFO     [DropToZone] Exiting: dropped (zone A)
2026-04-22 14:59:07,212 DEBUG    [TaskSelector] Evaluating zone states: {'A': 'NEEDS_LABEL', 'B': 'READY_FOR_PICKUP'}  busy: {'A': False, 'B': False}
2026-04-22 14:59:07,212 INFO     [TaskSelector] → do_unload (zone B ready)
2026-04-22 14:59:07,212 INFO     [RetrieveFromZone] Entering state
2026-04-22 14:59:07,212 INFO     [RetrieveFromZone] Picking from zone B (depth=0.0060)
2026-04-22 14:59:07,220 INFO     [IK] pose_to_joints 'L2_INTER' depth_offset=0.0060 → joints=[ 0.1191 -0.4848  0.5711 -2.6357  0.3155  2.1943  1.233 ]
2026-04-22 14:59:07,229 INFO     [IK] pose_to_joints 'LABEL_ZONE_2' depth_offset=0.1060 → joints=[ 0.3245  1.0758 -0.0053 -0.9017  0.0051  1.9775  1.1054]
2026-04-22 14:59:07,237 INFO     [IK] pose_to_joints 'LABEL_ZONE_2' depth_offset=-0.0040 → joints=[ 0.3606  1.3024 -0.085  -0.7742  0.0935  2.0738  1.0783]
2026-04-22 14:59:07,238 INFO     [RetrieveFromZone] B pre_pick=[ 0.3245  1.0758 -0.0053 -0.9017  0.0051  1.9775  1.1054] pick=[ 0.3606  1.3024 -0.085  -0.7742  0.0935  2.0738  1.0783]
2026-04-22 14:59:07,531 INFO     [ApplyLabel] Entering state (zones: {'A': 'NEEDS_LABEL', 'B': 'READY_FOR_PICKUP'}  busy: {'A': False, 'B': True})
2026-04-22 14:59:07,531 INFO     [ApplyLabel] Applying label to zone A (zone_number=1, depth=0.0130)
2026-04-22 14:59:07,531 INFO     [compute_label_joints] Requesting label pose for zone 1, item_depth=0.0130
2026-04-22 14:59:09,444 INFO     [Service] /compute_grasps_labelling → success=True msg='Zone1=FAIL, Zone2=OK'
2026-04-22 14:59:14,453 ERROR    [APPLY_LABEL] Unhandled exception: No labelling pose received for zone 1 within timeout
2026-04-22 14:59:14,455 WARNING  [ARM2 Recovery] Pausing ARM2 — showing GUI (ARM1 continues)
2026-04-22 14:59:16,271 INFO     [Service] /orio/pnp_cup/on → success=True msg='PnP Cup ON command sent'
2026-04-22 14:59:17,271 INFO     [RetrieveFromZone] Retracting to pre-pick height
2026-04-22 14:59:22,193 INFO     [ZoneManager] Zone B: READY_FOR_PICKUP → EMPTY
2026-04-22 14:59:22,194 INFO     [RetrieveFromZone] Exiting: picked (zone B)
2026-04-22 14:59:22,195 INFO     [PlaceOutput] Entering state (retrieved_depth=0.0060)
2026-04-22 14:59:22,274 INFO     [IK] pose_to_joints 'OUTPUT2' depth_offset=0.1560 → joints=[ 1.2352e+00  1.0874e+00  3.0000e-04 -4.6700e-01 -3.0000e-04  1.5564e+00
  2.0207e+00]
2026-04-22 14:59:22,282 INFO     [IK] pose_to_joints 'L2_INTER' depth_offset=0.0060 → joints=[ 0.1191 -0.4848  0.5711 -2.6357  0.3155  2.1943  1.233 ]
2026-04-22 14:59:22,282 INFO     [PlaceOutput] drop_joints: [ 1.2352e+00  1.0874e+00  3.0000e-04 -4.6700e-01 -3.0000e-04  1.5564e+00
  2.0207e+00]
2026-04-22 14:59:28,158 INFO     [Service] /orio/pnp_cup/off → success=True msg='PnP Cup OFF command sent'
2026-04-22 14:59:32,627 INFO     [PlaceOutput] Exiting: succeeded (total items placed: 2)
2026-04-22 14:59:32,628 INFO     [FetchInput] Entering state
2026-04-22 14:59:33,151 INFO     [Service] /compute_grasps → success=True msg='Published 1 PnP poses.'
2026-04-22 14:59:33,151 INFO     [FetchInput] Grasp pose received: x=0.3651 y=-0.4059 z=0.0152
2026-04-22 14:59:33,151 INFO     [IK] compute_pick_joints called — task_pos=[ 0.3651 -0.4059  0.0152] label_zone=None max_attempts=10 check_collisions=False arm_number=None
2026-04-22 14:59:33,164 INFO     [IK] Arm? compute_pick_joints attempt 1/10 OK — target=([ 0.3651 -0.4059  0.0152]) pre=[-0.3074  0.3416 -0.5221 -2.2308  0.2868  2.5099 -0.2525] final=[-0.5641  0.5487 -0.243  -2.1982  0.3087  2.7158 -0.2697] (FK err pre=0.0000 m final=0.0000 m)
2026-04-22 14:59:33,164 INFO     [FetchInput] IK pre_joints:   [-0.3074  0.3416 -0.5221 -2.2308  0.2868  2.5099 -0.2525]
2026-04-22 14:59:33,165 INFO     [FetchInput] IK final_joints: [-0.5641  0.5487 -0.243  -2.1982  0.3087  2.7158 -0.2697]
2026-04-22 14:59:33,165 INFO     [FetchInput] Moving to pre-pick
2026-04-22 14:59:36,572 INFO     [FetchInput] Descending to pick
2026-04-22 14:59:38,779 INFO     [Service] /orio/pnp_cup/on → success=True msg='PnP Cup ON command sent'
2026-04-22 14:59:39,780 INFO     [FetchInput] Retracting to pre-pick height
2026-04-22 14:59:41,989 INFO     [FetchInput] Exiting: succeeded (item_depth=0.0152)
2026-04-22 14:59:41,990 INFO     [DropToZone] Entering state (item_depth=0.0152)
2026-04-22 14:59:41,990 INFO     [DropToZone] Targeting zone B
2026-04-22 14:59:42,003 INFO     [IK] pose_to_joints 'L1_INTER' depth_offset=0.0152 → joints=[-0.3197 -0.4558 -0.3695 -2.6281 -0.1965  2.19    0.2461]
2026-04-22 14:59:42,015 INFO     [IK] pose_to_joints 'L2_INTER' depth_offset=0.0152 → joints=[ 0.1026 -0.5056  0.58   -2.6213  0.3255  2.1624  1.2225]
2026-04-22 14:59:42,028 INFO     [IK] pose_to_joints 'LABEL_ZONE_2' depth_offset=0.0252 → joints=[ 0.3569  1.2259 -0.0718 -0.8387  0.0767  2.0625  1.0817]
2026-04-22 14:59:42,029 INFO     [DropToZone] place_joints for LABEL_ZONE_2: [ 0.3569  1.2259 -0.0718 -0.8387  0.0767  2.0625  1.0817]
2026-04-22 14:59:50,356 INFO     [Service] /orio/pnp_cup/off → success=True msg='PnP Cup OFF command sent'
2026-04-22 14:59:53,849 INFO     [ZoneManager] Zone B: EMPTY → NEEDS_LABEL
2026-04-22 14:59:53,849 INFO     [DropToZone] Exiting: dropped (zone B)
2026-04-22 14:59:54,472 INFO     [Recovery] Zones updated: {'A': 'READY_FOR_PICKUP', 'B': 'READY_FOR_PICKUP'}  busy: {'A': False, 'B': False}
2026-04-22 14:59:57,285 INFO     [Recovery] Zones updated: {'A': 'READY_FOR_PICKUP', 'B': 'READY_FOR_PICKUP'}  busy: {'A': False, 'B': False}
2026-04-22 14:59:57,289 INFO     [ARM2 Recovery] choice=GET_LABEL
2026-04-22 14:59:57,289 INFO     [ARM2 Recovery] resuming
2026-04-22 14:59:57,291 INFO     [GetLabel] Entering state
2026-04-22 14:59:57,454 DEBUG    [TaskSelector] Evaluating zone states: {'A': 'READY_FOR_PICKUP', 'B': 'READY_FOR_PICKUP'}  busy: {'A': False, 'B': False}
2026-04-22 14:59:57,454 INFO     [TaskSelector] → do_unload (zone A ready)
2026-04-22 14:59:57,456 INFO     [RetrieveFromZone] Entering state
2026-04-22 14:59:57,457 INFO     [RetrieveFromZone] Picking from zone A (depth=0.0130)
2026-04-22 14:59:57,469 INFO     [IK] pose_to_joints 'L1_INTER' depth_offset=0.0130 → joints=[-0.3198 -0.4523 -0.3705 -2.6314 -0.1965  2.1968  0.2457]
2026-04-22 14:59:57,483 INFO     [IK] pose_to_joints 'LABEL_ZONE_1' depth_offset=0.1130 → joints=[-0.2311  1.0738 -0.1771 -0.8989  0.1683  1.961   0.4046]
2026-04-22 14:59:57,506 INFO     [IK] pose_to_joints 'LABEL_ZONE_1' depth_offset=0.0030 → joints=[-0.2466  1.2874 -0.1618 -0.7908  0.1769  2.068   0.4082]
2026-04-22 14:59:57,510 INFO     [RetrieveFromZone] A pre_pick=[-0.2311  1.0738 -0.1771 -0.8989  0.1683  1.961   0.4046] pick=[-0.2466  1.2874 -0.1618 -0.7908  0.1769  2.068   0.4082]
2026-04-22 15:00:06,512 INFO     [Service] /orio/pnp_cup/on → success=True msg='PnP Cup ON command sent'
2026-04-22 15:00:07,512 INFO     [RetrieveFromZone] Retracting to pre-pick height
2026-04-22 15:00:07,602 INFO     [Service] /orio/lbl_cup/on → success=True msg='Labelling Cup ON command sent'
2026-04-22 15:00:11,079 INFO     [IK] pose_to_joints 'LABELLING_SAFE' depth_offset=0.0000 → joints=[-0.065  -1.2718  0.0356 -2.707   0.0343  1.4354  0.7355]
2026-04-22 15:00:14,284 INFO     [GetLabel] Exiting: succeeded
2026-04-22 15:00:14,284 INFO     [ZoneManager] Zone A: READY_FOR_PICKUP → EMPTY
2026-04-22 15:00:14,285 INFO     [RetrieveFromZone] Exiting: picked (zone A)
2026-04-22 15:00:14,285 INFO     [ApplyLabel] Entering state (zones: {'A': 'EMPTY', 'B': 'READY_FOR_PICKUP'}  busy: {'A': False, 'B': False})
2026-04-22 15:00:14,285 DEBUG    [ApplyLabel] No zone needs label → wait
2026-04-22 15:00:14,286 INFO     [PlaceOutput] Entering state (retrieved_depth=0.0130)
2026-04-22 15:00:14,299 INFO     [IK] pose_to_joints 'OUTPUT1' depth_offset=0.1630 → joints=[-1.3799 -0.8437  2.6275 -0.9612  0.3809  1.7242  2.1269]
2026-04-22 15:00:14,307 INFO     [IK] pose_to_joints 'L2_INTER' depth_offset=0.0130 → joints=[ 0.1068 -0.5007  0.5777 -2.6248  0.323   2.17    1.2251]
2026-04-22 15:00:14,307 INFO     [PlaceOutput] drop_joints: [-1.3799 -0.8437  2.6275 -0.9612  0.3809  1.7242  2.1269]
2026-04-22 15:00:14,788 INFO     [ApplyLabel] Entering state (zones: {'A': 'EMPTY', 'B': 'READY_FOR_PICKUP'}  busy: {'A': False, 'B': False})
2026-04-22 15:00:14,788 DEBUG    [ApplyLabel] No zone needs label → wait
2026-04-22 15:00:15,290 INFO     [ApplyLabel] Entering state (zones: {'A': 'EMPTY', 'B': 'READY_FOR_PICKUP'}  busy: {'A': False, 'B': False})
2026-04-22 15:00:15,290 DEBUG    [ApplyLabel] No zone needs label → wait
2026-04-22 15:00:15,791 INFO     [ApplyLabel] Entering state (zones: {'A': 'EMPTY', 'B': 'READY_FOR_PICKUP'}  busy: {'A': False, 'B': False})
2026-04-22 15:00:15,791 DEBUG    [ApplyLabel] No zone needs label → wait
2026-04-22 15:00:16,293 INFO     [ApplyLabel] Entering state (zones: {'A': 'EMPTY', 'B': 'READY_FOR_PICKUP'}  busy: {'A': False, 'B': False})
2026-04-22 15:00:16,293 DEBUG    [ApplyLabel] No zone needs label → wait
2026-04-22 15:00:16,794 INFO     [ApplyLabel] Entering state (zones: {'A': 'EMPTY', 'B': 'READY_FOR_PICKUP'}  busy: {'A': False, 'B': False})
2026-04-22 15:00:16,795 DEBUG    [ApplyLabel] No zone needs label → wait
2026-04-22 15:00:17,296 INFO     [ApplyLabel] Entering state (zones: {'A': 'EMPTY', 'B': 'READY_FOR_PICKUP'}  busy: {'A': False, 'B': False})
2026-04-22 15:00:17,296 DEBUG    [ApplyLabel] No zone needs label → wait
2026-04-22 15:00:17,799 INFO     [ApplyLabel] Entering state (zones: {'A': 'EMPTY', 'B': 'READY_FOR_PICKUP'}  busy: {'A': False, 'B': False})
2026-04-22 15:00:17,799 DEBUG    [ApplyLabel] No zone needs label → wait
2026-04-22 15:00:18,300 INFO     [ApplyLabel] Entering state (zones: {'A': 'EMPTY', 'B': 'READY_FOR_PICKUP'}  busy: {'A': False, 'B': False})
2026-04-22 15:00:18,300 DEBUG    [ApplyLabel] No zone needs label → wait
2026-04-22 15:00:18,802 INFO     [ApplyLabel] Entering state (zones: {'A': 'EMPTY', 'B': 'READY_FOR_PICKUP'}  busy: {'A': False, 'B': False})
2026-04-22 15:00:18,802 DEBUG    [ApplyLabel] No zone needs label → wait
2026-04-22 15:00:19,305 INFO     [ApplyLabel] Entering state (zones: {'A': 'EMPTY', 'B': 'READY_FOR_PICKUP'}  busy: {'A': False, 'B': False})
2026-04-22 15:00:19,305 DEBUG    [ApplyLabel] No zone needs label → wait
2026-04-22 15:00:19,807 INFO     [ApplyLabel] Entering state (zones: {'A': 'EMPTY', 'B': 'READY_FOR_PICKUP'}  busy: {'A': False, 'B': False})
2026-04-22 15:00:19,807 DEBUG    [ApplyLabel] No zone needs label → wait
2026-04-22 15:00:20,310 INFO     [ApplyLabel] Entering state (zones: {'A': 'EMPTY', 'B': 'READY_FOR_PICKUP'}  busy: {'A': False, 'B': False})
2026-04-22 15:00:20,310 DEBUG    [ApplyLabel] No zone needs label → wait
2026-04-22 15:00:20,812 INFO     [ApplyLabel] Entering state (zones: {'A': 'EMPTY', 'B': 'READY_FOR_PICKUP'}  busy: {'A': False, 'B': False})
2026-04-22 15:00:20,812 DEBUG    [ApplyLabel] No zone needs label → wait
2026-04-22 15:00:20,866 INFO     [Service] /orio/pnp_cup/off → success=True msg='PnP Cup OFF command sent'
2026-04-22 15:00:21,314 INFO     [ApplyLabel] Entering state (zones: {'A': 'EMPTY', 'B': 'READY_FOR_PICKUP'}  busy: {'A': False, 'B': False})
2026-04-22 15:00:21,314 DEBUG    [ApplyLabel] No zone needs label → wait
2026-04-22 15:00:21,816 INFO     [ApplyLabel] Entering state (zones: {'A': 'EMPTY', 'B': 'READY_FOR_PICKUP'}  busy: {'A': False, 'B': False})
2026-04-22 15:00:21,816 DEBUG    [ApplyLabel] No zone needs label → wait
2026-04-22 15:00:22,319 INFO     [ApplyLabel] Entering state (zones: {'A': 'EMPTY', 'B': 'READY_FOR_PICKUP'}  busy: {'A': False, 'B': False})
2026-04-22 15:00:22,320 DEBUG    [ApplyLabel] No zone needs label → wait
2026-04-22 15:00:22,822 INFO     [ApplyLabel] Entering state (zones: {'A': 'EMPTY', 'B': 'READY_FOR_PICKUP'}  busy: {'A': False, 'B': False})
2026-04-22 15:00:22,822 DEBUG    [ApplyLabel] No zone needs label → wait
2026-04-22 15:00:23,324 INFO     [ApplyLabel] Entering state (zones: {'A': 'EMPTY', 'B': 'READY_FOR_PICKUP'}  busy: {'A': False, 'B': False})
2026-04-22 15:00:23,324 DEBUG    [ApplyLabel] No zone needs label → wait
2026-04-22 15:00:23,825 INFO     [ApplyLabel] Entering state (zones: {'A': 'EMPTY', 'B': 'READY_FOR_PICKUP'}  busy: {'A': False, 'B': False})
2026-04-22 15:00:23,825 DEBUG    [ApplyLabel] No zone needs label → wait
2026-04-22 15:00:24,327 INFO     [ApplyLabel] Entering state (zones: {'A': 'EMPTY', 'B': 'READY_FOR_PICKUP'}  busy: {'A': False, 'B': False})
2026-04-22 15:00:24,327 DEBUG    [ApplyLabel] No zone needs label → wait
2026-04-22 15:00:24,829 INFO     [ApplyLabel] Entering state (zones: {'A': 'EMPTY', 'B': 'READY_FOR_PICKUP'}  busy: {'A': False, 'B': False})
2026-04-22 15:00:24,829 DEBUG    [ApplyLabel] No zone needs label → wait
2026-04-22 15:00:25,331 INFO     [ApplyLabel] Entering state (zones: {'A': 'EMPTY', 'B': 'READY_FOR_PICKUP'}  busy: {'A': False, 'B': False})
2026-04-22 15:00:25,332 DEBUG    [ApplyLabel] No zone needs label → wait
2026-04-22 15:00:25,334 INFO     [PlaceOutput] Exiting: succeeded (total items placed: 3)
2026-04-22 15:00:25,336 INFO     [FetchInput] Entering state
2026-04-22 15:00:25,834 INFO     [ApplyLabel] Entering state (zones: {'A': 'EMPTY', 'B': 'READY_FOR_PICKUP'}  busy: {'A': False, 'B': False})
2026-04-22 15:00:25,834 DEBUG    [ApplyLabel] No zone needs label → wait
2026-04-22 15:00:25,870 INFO     [Service] /compute_grasps → success=True msg='Published 1 PnP poses.'
2026-04-22 15:00:25,871 INFO     [FetchInput] Grasp pose received: x=0.3362 y=-0.3559 z=0.0131
2026-04-22 15:00:25,871 INFO     [IK] compute_pick_joints called — task_pos=[ 0.3362 -0.3559  0.0131] label_zone=None max_attempts=10 check_collisions=False arm_number=None
2026-04-22 15:00:25,886 INFO     [IK] Arm? compute_pick_joints attempt 1/10 OK — target=([ 0.3362 -0.3559  0.0131]) pre=[-0.2936  0.1977 -0.5017 -2.4333  0.1842  2.5997 -0.16  ] final=[-0.5829  0.4505 -0.1886 -2.3948  0.2677  2.8278 -0.2228] (FK err pre=0.0000 m final=0.0000 m)
2026-04-22 15:00:25,887 INFO     [FetchInput] IK pre_joints:   [-0.2936  0.1977 -0.5017 -2.4333  0.1842  2.5997 -0.16  ]
2026-04-22 15:00:25,887 INFO     [FetchInput] IK final_joints: [-0.5829  0.4505 -0.1886 -2.3948  0.2677  2.8278 -0.2228]
2026-04-22 15:00:25,888 INFO     [FetchInput] Moving to pre-pick
2026-04-22 15:00:26,337 INFO     [ApplyLabel] Entering state (zones: {'A': 'EMPTY', 'B': 'READY_FOR_PICKUP'}  busy: {'A': False, 'B': False})
2026-04-22 15:00:26,337 DEBUG    [ApplyLabel] No zone needs label → wait
2026-04-22 15:00:26,839 INFO     [ApplyLabel] Entering state (zones: {'A': 'EMPTY', 'B': 'READY_FOR_PICKUP'}  busy: {'A': False, 'B': False})
2026-04-22 15:00:26,839 DEBUG    [ApplyLabel] No zone needs label → wait
2026-04-22 15:00:27,342 INFO     [ApplyLabel] Entering state (zones: {'A': 'EMPTY', 'B': 'READY_FOR_PICKUP'}  busy: {'A': False, 'B': False})
2026-04-22 15:00:27,342 DEBUG    [ApplyLabel] No zone needs label → wait
2026-04-22 15:00:27,843 INFO     [ApplyLabel] Entering state (zones: {'A': 'EMPTY', 'B': 'READY_FOR_PICKUP'}  busy: {'A': False, 'B': False})
2026-04-22 15:00:27,843 DEBUG    [ApplyLabel] No zone needs label → wait
2026-04-22 15:00:28,346 INFO     [ApplyLabel] Entering state (zones: {'A': 'EMPTY', 'B': 'READY_FOR_PICKUP'}  busy: {'A': False, 'B': False})
2026-04-22 15:00:28,347 DEBUG    [ApplyLabel] No zone needs label → wait
2026-04-22 15:00:28,850 INFO     [ApplyLabel] Entering state (zones: {'A': 'EMPTY', 'B': 'READY_FOR_PICKUP'}  busy: {'A': False, 'B': False})
2026-04-22 15:00:28,850 DEBUG    [ApplyLabel] No zone needs label → wait
2026-04-22 15:00:29,297 INFO     [FetchInput] Descending to pick
2026-04-22 15:00:29,352 INFO     [ApplyLabel] Entering state (zones: {'A': 'EMPTY', 'B': 'READY_FOR_PICKUP'}  busy: {'A': False, 'B': False})
2026-04-22 15:00:29,352 DEBUG    [ApplyLabel] No zone needs label → wait
2026-04-22 15:00:29,856 INFO     [ApplyLabel] Entering state (zones: {'A': 'EMPTY', 'B': 'READY_FOR_PICKUP'}  busy: {'A': False, 'B': False})
2026-04-22 15:00:29,856 DEBUG    [ApplyLabel] No zone needs label → wait
2026-04-22 15:00:30,358 INFO     [ApplyLabel] Entering state (zones: {'A': 'EMPTY', 'B': 'READY_FOR_PICKUP'}  busy: {'A': False, 'B': False})
2026-04-22 15:00:30,358 DEBUG    [ApplyLabel] No zone needs label → wait
2026-04-22 15:00:30,860 INFO     [ApplyLabel] Entering state (zones: {'A': 'EMPTY', 'B': 'READY_FOR_PICKUP'}  busy: {'A': False, 'B': False})
2026-04-22 15:00:30,860 DEBUG    [ApplyLabel] No zone needs label → wait
2026-04-22 15:00:31,363 INFO     [ApplyLabel] Entering state (zones: {'A': 'EMPTY', 'B': 'READY_FOR_PICKUP'}  busy: {'A': False, 'B': False})
2026-04-22 15:00:31,363 DEBUG    [ApplyLabel] No zone needs label → wait
2026-04-22 15:00:31,750 INFO     [Service] /orio/pnp_cup/on → success=True msg='PnP Cup ON command sent'
2026-04-22 15:00:31,865 INFO     [ApplyLabel] Entering state (zones: {'A': 'EMPTY', 'B': 'READY_FOR_PICKUP'}  busy: {'A': False, 'B': False})
2026-04-22 15:00:31,865 DEBUG    [ApplyLabel] No zone needs label → wait
2026-04-22 15:00:32,368 INFO     [ApplyLabel] Entering state (zones: {'A': 'EMPTY', 'B': 'READY_FOR_PICKUP'}  busy: {'A': False, 'B': False})
2026-04-22 15:00:32,368 DEBUG    [ApplyLabel] No zone needs label → wait
2026-04-22 15:00:32,751 INFO     [FetchInput] Retracting to pre-pick height
2026-04-22 15:00:32,870 INFO     [ApplyLabel] Entering state (zones: {'A': 'EMPTY', 'B': 'READY_FOR_PICKUP'}  busy: {'A': False, 'B': False})
2026-04-22 15:00:32,870 DEBUG    [ApplyLabel] No zone needs label → wait
2026-04-22 15:00:33,372 INFO     [ApplyLabel] Entering state (zones: {'A': 'EMPTY', 'B': 'READY_FOR_PICKUP'}  busy: {'A': False, 'B': False})
2026-04-22 15:00:33,372 DEBUG    [ApplyLabel] No zone needs label → wait
2026-04-22 15:00:33,873 INFO     [ApplyLabel] Entering state (zones: {'A': 'EMPTY', 'B': 'READY_FOR_PICKUP'}  busy: {'A': False, 'B': False})
2026-04-22 15:00:33,873 DEBUG    [ApplyLabel] No zone needs label → wait
2026-04-22 15:00:34,374 INFO     [ApplyLabel] Entering state (zones: {'A': 'EMPTY', 'B': 'READY_FOR_PICKUP'}  busy: {'A': False, 'B': False})
2026-04-22 15:00:34,374 DEBUG    [ApplyLabel] No zone needs label → wait
2026-04-22 15:00:34,876 INFO     [ApplyLabel] Entering state (zones: {'A': 'EMPTY', 'B': 'READY_FOR_PICKUP'}  busy: {'A': False, 'B': False})
2026-04-22 15:00:34,876 DEBUG    [ApplyLabel] No zone needs label → wait
2026-04-22 15:00:35,193 INFO     [FetchInput] Exiting: succeeded (item_depth=0.0131)
2026-04-22 15:00:35,194 INFO     [DropToZone] Entering state (item_depth=0.0131)
2026-04-22 15:00:35,194 INFO     [DropToZone] Targeting zone A
2026-04-22 15:00:35,205 INFO     [IK] pose_to_joints 'L1_INTER' depth_offset=0.0131 → joints=[-0.3198 -0.4524 -0.3704 -2.6313 -0.1965  2.1966  0.2457]
2026-04-22 15:00:35,214 INFO     [IK] pose_to_joints 'LABEL_ZONE_1' depth_offset=0.0231 → joints=[-0.2415  1.2366 -0.1653 -0.833   0.1769  2.0587  0.4055]
2026-04-22 15:00:35,215 INFO     [DropToZone] place_joints for LABEL_ZONE_1: [-0.2415  1.2366 -0.1653 -0.833   0.1769  2.0587  0.4055]
2026-04-22 15:00:35,378 INFO     [ApplyLabel] Entering state (zones: {'A': 'EMPTY', 'B': 'READY_FOR_PICKUP'}  busy: {'A': True, 'B': False})
2026-04-22 15:00:35,378 DEBUG    [ApplyLabel] No zone needs label → wait
2026-04-22 15:00:35,879 INFO     [ApplyLabel] Entering state (zones: {'A': 'EMPTY', 'B': 'READY_FOR_PICKUP'}  busy: {'A': True, 'B': False})
2026-04-22 15:00:35,879 DEBUG    [ApplyLabel] No zone needs label → wait
2026-04-22 15:00:36,380 INFO     [ApplyLabel] Entering state (zones: {'A': 'EMPTY', 'B': 'READY_FOR_PICKUP'}  busy: {'A': True, 'B': False})
2026-04-22 15:00:36,381 DEBUG    [ApplyLabel] No zone needs label → wait
2026-04-22 15:00:36,882 INFO     [ApplyLabel] Entering state (zones: {'A': 'EMPTY', 'B': 'READY_FOR_PICKUP'}  busy: {'A': True, 'B': False})
2026-04-22 15:00:36,882 DEBUG    [ApplyLabel] No zone needs label → wait
2026-04-22 15:00:37,384 INFO     [ApplyLabel] Entering state (zones: {'A': 'EMPTY', 'B': 'READY_FOR_PICKUP'}  busy: {'A': True, 'B': False})
2026-04-22 15:00:37,384 DEBUG    [ApplyLabel] No zone needs label → wait
2026-04-22 15:00:37,886 INFO     [ApplyLabel] Entering state (zones: {'A': 'EMPTY', 'B': 'READY_FOR_PICKUP'}  busy: {'A': True, 'B': False})
2026-04-22 15:00:37,886 DEBUG    [ApplyLabel] No zone needs label → wait
2026-04-22 15:00:38,388 INFO     [ApplyLabel] Entering state (zones: {'A': 'EMPTY', 'B': 'READY_FOR_PICKUP'}  busy: {'A': True, 'B': False})
2026-04-22 15:00:38,388 DEBUG    [ApplyLabel] No zone needs label → wait
2026-04-22 15:00:38,891 INFO     [ApplyLabel] Entering state (zones: {'A': 'EMPTY', 'B': 'READY_FOR_PICKUP'}  busy: {'A': True, 'B': False})
2026-04-22 15:00:38,891 DEBUG    [ApplyLabel] No zone needs label → wait
2026-04-22 15:00:39,392 INFO     [ApplyLabel] Entering state (zones: {'A': 'EMPTY', 'B': 'READY_FOR_PICKUP'}  busy: {'A': True, 'B': False})
2026-04-22 15:00:39,392 DEBUG    [ApplyLabel] No zone needs label → wait
2026-04-22 15:00:39,895 INFO     [ApplyLabel] Entering state (zones: {'A': 'EMPTY', 'B': 'READY_FOR_PICKUP'}  busy: {'A': True, 'B': False})
2026-04-22 15:00:39,895 DEBUG    [ApplyLabel] No zone needs label → wait
2026-04-22 15:00:40,396 INFO     [ApplyLabel] Entering state (zones: {'A': 'EMPTY', 'B': 'READY_FOR_PICKUP'}  busy: {'A': True, 'B': False})
2026-04-22 15:00:40,396 DEBUG    [ApplyLabel] No zone needs label → wait
2026-04-22 15:00:40,898 INFO     [ApplyLabel] Entering state (zones: {'A': 'EMPTY', 'B': 'READY_FOR_PICKUP'}  busy: {'A': True, 'B': False})
2026-04-22 15:00:40,898 DEBUG    [ApplyLabel] No zone needs label → wait
2026-04-22 15:00:41,400 INFO     [ApplyLabel] Entering state (zones: {'A': 'EMPTY', 'B': 'READY_FOR_PICKUP'}  busy: {'A': True, 'B': False})
2026-04-22 15:00:41,400 DEBUG    [ApplyLabel] No zone needs label → wait
2026-04-22 15:00:41,902 INFO     [ApplyLabel] Entering state (zones: {'A': 'EMPTY', 'B': 'READY_FOR_PICKUP'}  busy: {'A': True, 'B': False})
2026-04-22 15:00:41,903 DEBUG    [ApplyLabel] No zone needs label → wait
2026-04-22 15:00:42,109 INFO     [Service] /orio/pnp_cup/off → success=True msg='PnP Cup OFF command sent'
2026-04-22 15:00:42,404 INFO     [ApplyLabel] Entering state (zones: {'A': 'EMPTY', 'B': 'READY_FOR_PICKUP'}  busy: {'A': True, 'B': False})
2026-04-22 15:00:42,405 DEBUG    [ApplyLabel] No zone needs label → wait
2026-04-22 15:00:42,909 INFO     [ApplyLabel] Entering state (zones: {'A': 'EMPTY', 'B': 'READY_FOR_PICKUP'}  busy: {'A': True, 'B': False})
2026-04-22 15:00:42,909 DEBUG    [ApplyLabel] No zone needs label → wait
2026-04-22 15:00:43,410 INFO     [ApplyLabel] Entering state (zones: {'A': 'EMPTY', 'B': 'READY_FOR_PICKUP'}  busy: {'A': True, 'B': False})
2026-04-22 15:00:43,410 DEBUG    [ApplyLabel] No zone needs label → wait
2026-04-22 15:00:43,913 INFO     [ApplyLabel] Entering state (zones: {'A': 'EMPTY', 'B': 'READY_FOR_PICKUP'}  busy: {'A': True, 'B': False})
2026-04-22 15:00:43,913 DEBUG    [ApplyLabel] No zone needs label → wait
2026-04-22 15:00:44,415 INFO     [ApplyLabel] Entering state (zones: {'A': 'EMPTY', 'B': 'READY_FOR_PICKUP'}  busy: {'A': True, 'B': False})
2026-04-22 15:00:44,415 DEBUG    [ApplyLabel] No zone needs label → wait
2026-04-22 15:00:44,918 INFO     [ApplyLabel] Entering state (zones: {'A': 'EMPTY', 'B': 'READY_FOR_PICKUP'}  busy: {'A': True, 'B': False})
2026-04-22 15:00:44,918 DEBUG    [ApplyLabel] No zone needs label → wait
2026-04-22 15:00:45,419 INFO     [ApplyLabel] Entering state (zones: {'A': 'EMPTY', 'B': 'READY_FOR_PICKUP'}  busy: {'A': True, 'B': False})
2026-04-22 15:00:45,420 DEBUG    [ApplyLabel] No zone needs label → wait
2026-04-22 15:00:45,596 INFO     [ZoneManager] Zone A: EMPTY → NEEDS_LABEL
2026-04-22 15:00:45,596 INFO     [DropToZone] Exiting: dropped (zone A)
2026-04-22 15:00:45,599 DEBUG    [TaskSelector] Evaluating zone states: {'A': 'NEEDS_LABEL', 'B': 'READY_FOR_PICKUP'}  busy: {'A': False, 'B': False}
2026-04-22 15:00:45,599 INFO     [TaskSelector] → do_unload (zone B ready)
2026-04-22 15:00:45,599 INFO     [RetrieveFromZone] Entering state
2026-04-22 15:00:45,599 INFO     [RetrieveFromZone] Picking from zone B (depth=0.0152)
2026-04-22 15:00:45,607 INFO     [IK] pose_to_joints 'L2_INTER' depth_offset=0.0152 → joints=[ 0.1026 -0.5056  0.58   -2.6213  0.3255  2.1624  1.2225]
2026-04-22 15:00:45,616 INFO     [IK] pose_to_joints 'LABEL_ZONE_2' depth_offset=0.1152 → joints=[ 3.2150e-01  1.0632e+00  5.0000e-04 -9.0070e-01 -4.0000e-04  1.9639e+00
  1.1073e+00]
2026-04-22 15:00:45,625 INFO     [IK] pose_to_joints 'LABEL_ZONE_2' depth_offset=0.0052 → joints=[ 0.3604  1.2764 -0.0822 -0.7981  0.0897  2.0719  1.0787]
2026-04-22 15:00:45,625 INFO     [RetrieveFromZone] B pre_pick=[ 3.2150e-01  1.0632e+00  5.0000e-04 -9.0070e-01 -4.0000e-04  1.9639e+00
  1.1073e+00] pick=[ 0.3604  1.2764 -0.0822 -0.7981  0.0897  2.0719  1.0787]
2026-04-22 15:00:45,922 INFO     [ApplyLabel] Entering state (zones: {'A': 'NEEDS_LABEL', 'B': 'READY_FOR_PICKUP'}  busy: {'A': False, 'B': True})
2026-04-22 15:00:45,922 INFO     [ApplyLabel] Applying label to zone A (zone_number=1, depth=0.0131)
2026-04-22 15:00:45,922 INFO     [compute_label_joints] Requesting label pose for zone 1, item_depth=0.0131
2026-04-22 15:00:47,683 INFO     [Service] /compute_grasps_labelling → success=True msg='Zone1=OK, Zone2=OK'
2026-04-22 15:00:47,683 INFO     item_depth=0.0131  X=-0.2787 Y=-0.0028 Z=0.9869  pos(world)=[ 0.4628  0.2977 -0.0069]  task_pos=[0.4628 0.2977 0.0131]  task_ori=[0.0097 1.     0.     0.    ]
2026-04-22 15:00:47,684 INFO     [compute_label_joints] Zone 1 received pose: x=0.4628 y=0.2977 z=0.0131  RPY r=180.00 p=0.00 y=178.89 deg
2026-04-22 15:00:47,684 INFO     [IK] compute_pick_joints called — task_pos=[0.4628 0.2977 0.0131] label_zone=1 max_attempts=10 check_collisions=True arm_number=2
2026-04-22 15:00:47,705 INFO     [IK] Arm2 compute_pick_joints attempt 1/10 OK — target=([0.4628 0.2977 0.0131]) pre=[-0.1781  0.4225  0.7417 -2.2034 -0.4617  2.4704 -1.4473] final=[ 0.0841  0.6085  0.4399 -2.1621 -0.5548  2.6612 -1.3817] (FK err pre=0.0000 m final=0.0000 m)
2026-04-22 15:00:47,706 INFO     [ApplyLabel] IK pre_joints=[-0.1781  0.4225  0.7417 -2.2034 -0.4617  2.4704 -1.4473]  final_joints=[ 0.0841  0.6085  0.4399 -2.1621 -0.5548  2.6612 -1.3817]
2026-04-22 15:00:47,706 INFO     [ApplyLabel] Registering label — item='g' expiry='1234-56-78'
2026-04-22 15:00:52,822 ERROR    [RFID] Service call failed for /inventory/add_item: timeout exceeded while waiting for service /inventory/add_item
2026-04-22 15:00:54,647 INFO     [Service] /orio/pnp_cup/on → success=True msg='PnP Cup ON command sent'
2026-04-22 15:00:55,647 INFO     [RetrieveFromZone] Retracting to pre-pick height
2026-04-22 15:01:03,034 INFO     [ZoneManager] Zone B: READY_FOR_PICKUP → EMPTY
2026-04-22 15:01:03,034 INFO     [RetrieveFromZone] Exiting: picked (zone B)
2026-04-22 15:01:03,036 INFO     [PlaceOutput] Entering state (retrieved_depth=0.0152)
2026-04-22 15:01:03,053 INFO     [Service] /orio/lbl_cup/off → success=True msg='Labelling Cup OFF command sent'
2026-04-22 15:01:03,101 INFO     [IK] pose_to_joints 'OUTPUT2' depth_offset=0.1652 → joints=[ 1.2352e+00  1.0753e+00  4.0000e-04 -4.6700e-01 -4.0000e-04  1.5445e+00
  2.0208e+00]
2026-04-22 15:01:03,110 INFO     [IK] pose_to_joints 'L2_INTER' depth_offset=0.0152 → joints=[ 0.1026 -0.5056  0.58   -2.6213  0.3255  2.1624  1.2225]
2026-04-22 15:01:03,110 INFO     [PlaceOutput] drop_joints: [ 1.2352e+00  1.0753e+00  4.0000e-04 -4.6700e-01 -4.0000e-04  1.5445e+00
  2.0208e+00]
2026-04-22 15:01:06,271 INFO     [IK] pose_to_joints 'LABELLING_SAFE' depth_offset=0.0000 → joints=[-0.065  -1.2718  0.0356 -2.707   0.0343  1.4354  0.7355]
2026-04-22 15:01:08,874 INFO     [Service] /orio/pnp_cup/off → success=True msg='PnP Cup OFF command sent'
2026-04-22 15:01:09,698 INFO     [ZoneManager] Zone A: NEEDS_LABEL → READY_FOR_PICKUP
2026-04-22 15:01:09,698 INFO     [ApplyLabel] Exiting: labeled (zone A)
2026-04-22 15:01:09,699 INFO     [GetLabel] Entering state
2026-04-22 15:01:14,804 INFO     [PlaceOutput] Exiting: succeeded (total items placed: 4)
2026-04-22 15:01:14,806 INFO     [FetchInput] Entering state
2026-04-22 15:01:15,334 INFO     [Service] /compute_grasps → success=True msg='Published 1 PnP poses.'
2026-04-22 15:01:15,335 INFO     [FetchInput] Grasp pose received: x=0.0651 y=-0.4802 z=0.0129
2026-04-22 15:01:15,335 INFO     [IK] compute_pick_joints called — task_pos=[ 0.0651 -0.4802  0.0129] label_zone=None max_attempts=10 check_collisions=False arm_number=None
2026-04-22 15:01:15,351 INFO     [IK] Arm? compute_pick_joints attempt 1/10 OK — target=([ 0.0651 -0.4802  0.0129]) pre=[-0.3716  0.3259 -1.018  -2.4302  0.5064  2.5451 -1.01  ] final=[-0.7377  0.5455 -0.5889 -2.3649  0.7797  2.7193 -1.205 ] (FK err pre=0.0000 m final=0.0000 m)
2026-04-22 15:01:15,352 INFO     [FetchInput] IK pre_joints:   [-0.3716  0.3259 -1.018  -2.4302  0.5064  2.5451 -1.01  ]
2026-04-22 15:01:15,352 INFO     [FetchInput] IK final_joints: [-0.7377  0.5455 -0.5889 -2.3649  0.7797  2.7193 -1.205 ]
2026-04-22 15:01:15,352 INFO     [FetchInput] Moving to pre-pick
2026-04-22 15:01:18,556 INFO     [FetchInput] Descending to pick
2026-04-22 15:01:19,911 INFO     [Service] /orio/lbl_cup/on → success=True msg='Labelling Cup ON command sent'
2026-04-22 15:01:20,862 INFO     [Service] /orio/pnp_cup/on → success=True msg='PnP Cup ON command sent'
2026-04-22 15:01:21,863 INFO     [FetchInput] Retracting to pre-pick height
2026-04-22 15:01:23,226 INFO     [IK] pose_to_joints 'LABELLING_SAFE' depth_offset=0.0000 → joints=[-0.065  -1.2718  0.0356 -2.707   0.0343  1.4354  0.7355]
2026-04-22 15:01:26,523 INFO     [FetchInput] Exiting: succeeded (item_depth=0.0129)
2026-04-22 15:01:26,523 INFO     [GetLabel] Exiting: succeeded
2026-04-22 15:01:26,524 INFO     [DropToZone] Entering state (item_depth=0.0129)
2026-04-22 15:01:26,524 INFO     [DropToZone] Targeting zone B
2026-04-22 15:01:26,526 INFO     [ApplyLabel] Entering state (zones: {'A': 'READY_FOR_PICKUP', 'B': 'EMPTY'}  busy: {'A': False, 'B': True})
2026-04-22 15:01:26,529 DEBUG    [ApplyLabel] No zone needs label → wait
2026-04-22 15:01:26,534 INFO     [IK] pose_to_joints 'L1_INTER' depth_offset=0.0129 → joints=[-0.3198 -0.4522 -0.3705 -2.6315 -0.1965  2.197   0.2457]
2026-04-22 15:01:26,542 INFO     [IK] pose_to_joints 'L2_INTER' depth_offset=0.0129 → joints=[ 0.107  -0.5005  0.5776 -2.6249  0.323   2.1703  1.2252]
2026-04-22 15:01:26,551 INFO     [IK] pose_to_joints 'LABEL_ZONE_2' depth_offset=0.0229 → joints=[ 0.3576  1.2313 -0.0736 -0.8347  0.0788  2.0639  1.0811]
2026-04-22 15:01:26,552 INFO     [DropToZone] place_joints for LABEL_ZONE_2: [ 0.3576  1.2313 -0.0736 -0.8347  0.0788  2.0639  1.0811]
2026-04-22 15:01:27,032 INFO     [ApplyLabel] Entering state (zones: {'A': 'READY_FOR_PICKUP', 'B': 'EMPTY'}  busy: {'A': False, 'B': True})
2026-04-22 15:01:27,032 DEBUG    [ApplyLabel] No zone needs label → wait
2026-04-22 15:01:27,534 INFO     [ApplyLabel] Entering state (zones: {'A': 'READY_FOR_PICKUP', 'B': 'EMPTY'}  busy: {'A': False, 'B': True})
2026-04-22 15:01:27,534 DEBUG    [ApplyLabel] No zone needs label → wait
2026-04-22 15:01:28,036 INFO     [ApplyLabel] Entering state (zones: {'A': 'READY_FOR_PICKUP', 'B': 'EMPTY'}  busy: {'A': False, 'B': True})
2026-04-22 15:01:28,036 DEBUG    [ApplyLabel] No zone needs label → wait
2026-04-22 15:01:28,537 INFO     [ApplyLabel] Entering state (zones: {'A': 'READY_FOR_PICKUP', 'B': 'EMPTY'}  busy: {'A': False, 'B': True})
2026-04-22 15:01:28,537 DEBUG    [ApplyLabel] No zone needs label → wait
2026-04-22 15:01:29,039 INFO     [ApplyLabel] Entering state (zones: {'A': 'READY_FOR_PICKUP', 'B': 'EMPTY'}  busy: {'A': False, 'B': True})
2026-04-22 15:01:29,039 DEBUG    [ApplyLabel] No zone needs label → wait
2026-04-22 15:01:29,541 INFO     [ApplyLabel] Entering state (zones: {'A': 'READY_FOR_PICKUP', 'B': 'EMPTY'}  busy: {'A': False, 'B': True})
2026-04-22 15:01:29,541 DEBUG    [ApplyLabel] No zone needs label → wait
2026-04-22 15:01:30,042 INFO     [ApplyLabel] Entering state (zones: {'A': 'READY_FOR_PICKUP', 'B': 'EMPTY'}  busy: {'A': False, 'B': True})
2026-04-22 15:01:30,043 DEBUG    [ApplyLabel] No zone needs label → wait
2026-04-22 15:01:30,545 INFO     [ApplyLabel] Entering state (zones: {'A': 'READY_FOR_PICKUP', 'B': 'EMPTY'}  busy: {'A': False, 'B': True})
2026-04-22 15:01:30,545 DEBUG    [ApplyLabel] No zone needs label → wait
2026-04-22 15:01:31,047 INFO     [ApplyLabel] Entering state (zones: {'A': 'READY_FOR_PICKUP', 'B': 'EMPTY'}  busy: {'A': False, 'B': True})
2026-04-22 15:01:31,047 DEBUG    [ApplyLabel] No zone needs label → wait
2026-04-22 15:01:31,549 INFO     [ApplyLabel] Entering state (zones: {'A': 'READY_FOR_PICKUP', 'B': 'EMPTY'}  busy: {'A': False, 'B': True})
2026-04-22 15:01:31,549 DEBUG    [ApplyLabel] No zone needs label → wait
2026-04-22 15:01:32,051 INFO     [ApplyLabel] Entering state (zones: {'A': 'READY_FOR_PICKUP', 'B': 'EMPTY'}  busy: {'A': False, 'B': True})
2026-04-22 15:01:32,051 DEBUG    [ApplyLabel] No zone needs label → wait
2026-04-22 15:01:32,552 INFO     [ApplyLabel] Entering state (zones: {'A': 'READY_FOR_PICKUP', 'B': 'EMPTY'}  busy: {'A': False, 'B': True})
2026-04-22 15:01:32,553 DEBUG    [ApplyLabel] No zone needs label → wait
2026-04-22 15:01:33,054 INFO     [ApplyLabel] Entering state (zones: {'A': 'READY_FOR_PICKUP', 'B': 'EMPTY'}  busy: {'A': False, 'B': True})
2026-04-22 15:01:33,054 DEBUG    [ApplyLabel] No zone needs label → wait
2026-04-22 15:01:33,556 INFO     [ApplyLabel] Entering state (zones: {'A': 'READY_FOR_PICKUP', 'B': 'EMPTY'}  busy: {'A': False, 'B': True})
2026-04-22 15:01:33,556 DEBUG    [ApplyLabel] No zone needs label → wait
2026-04-22 15:01:34,058 INFO     [ApplyLabel] Entering state (zones: {'A': 'READY_FOR_PICKUP', 'B': 'EMPTY'}  busy: {'A': False, 'B': True})
2026-04-22 15:01:34,058 DEBUG    [ApplyLabel] No zone needs label → wait
2026-04-22 15:01:34,561 INFO     [ApplyLabel] Entering state (zones: {'A': 'READY_FOR_PICKUP', 'B': 'EMPTY'}  busy: {'A': False, 'B': True})
2026-04-22 15:01:34,562 DEBUG    [ApplyLabel] No zone needs label → wait
2026-04-22 15:01:34,958 INFO     [Service] /orio/pnp_cup/off → success=True msg='PnP Cup OFF command sent'
2026-04-22 15:01:35,064 INFO     [ApplyLabel] Entering state (zones: {'A': 'READY_FOR_PICKUP', 'B': 'EMPTY'}  busy: {'A': False, 'B': True})
2026-04-22 15:01:35,064 DEBUG    [ApplyLabel] No zone needs label → wait
2026-04-22 15:01:35,568 INFO     [ApplyLabel] Entering state (zones: {'A': 'READY_FOR_PICKUP', 'B': 'EMPTY'}  busy: {'A': False, 'B': True})
2026-04-22 15:01:35,568 DEBUG    [ApplyLabel] No zone needs label → wait
2026-04-22 15:01:36,069 INFO     [ApplyLabel] Entering state (zones: {'A': 'READY_FOR_PICKUP', 'B': 'EMPTY'}  busy: {'A': False, 'B': True})
2026-04-22 15:01:36,069 DEBUG    [ApplyLabel] No zone needs label → wait
2026-04-22 15:01:36,571 INFO     [ApplyLabel] Entering state (zones: {'A': 'READY_FOR_PICKUP', 'B': 'EMPTY'}  busy: {'A': False, 'B': True})
2026-04-22 15:01:36,571 DEBUG    [ApplyLabel] No zone needs label → wait
2026-04-22 15:01:37,073 INFO     [ApplyLabel] Entering state (zones: {'A': 'READY_FOR_PICKUP', 'B': 'EMPTY'}  busy: {'A': False, 'B': True})
2026-04-22 15:01:37,073 DEBUG    [ApplyLabel] No zone needs label → wait
2026-04-22 15:01:37,576 INFO     [ApplyLabel] Entering state (zones: {'A': 'READY_FOR_PICKUP', 'B': 'EMPTY'}  busy: {'A': False, 'B': True})
2026-04-22 15:01:37,576 DEBUG    [ApplyLabel] No zone needs label → wait
2026-04-22 15:01:38,078 INFO     [ApplyLabel] Entering state (zones: {'A': 'READY_FOR_PICKUP', 'B': 'EMPTY'}  busy: {'A': False, 'B': True})
2026-04-22 15:01:38,078 DEBUG    [ApplyLabel] No zone needs label → wait
2026-04-22 15:01:38,434 INFO     [ZoneManager] Zone B: EMPTY → NEEDS_LABEL
2026-04-22 15:01:38,434 INFO     [DropToZone] Exiting: dropped (zone B)
2026-04-22 15:01:38,436 DEBUG    [TaskSelector] Evaluating zone states: {'A': 'READY_FOR_PICKUP', 'B': 'NEEDS_LABEL'}  busy: {'A': False, 'B': False}
2026-04-22 15:01:38,436 INFO     [TaskSelector] → do_unload (zone A ready)
2026-04-22 15:01:38,437 INFO     [RetrieveFromZone] Entering state
2026-04-22 15:01:38,437 INFO     [RetrieveFromZone] Picking from zone A (depth=0.0131)
2026-04-22 15:01:38,450 INFO     [IK] pose_to_joints 'L1_INTER' depth_offset=0.0131 → joints=[-0.3198 -0.4524 -0.3704 -2.6313 -0.1965  2.1966  0.2457]
2026-04-22 15:01:38,462 INFO     [IK] pose_to_joints 'LABEL_ZONE_1' depth_offset=0.1131 → joints=[-0.2311  1.0737 -0.1771 -0.8988  0.1683  1.9609  0.4046]
2026-04-22 15:01:38,471 INFO     [IK] pose_to_joints 'LABEL_ZONE_1' depth_offset=0.0031 → joints=[-0.2466  1.2872 -0.1618 -0.791   0.1769  2.068   0.4082]
2026-04-22 15:01:38,472 INFO     [RetrieveFromZone] A pre_pick=[-0.2311  1.0737 -0.1771 -0.8988  0.1683  1.9609  0.4046] pick=[-0.2466  1.2872 -0.1618 -0.791   0.1769  2.068   0.4082]
2026-04-22 15:01:38,580 INFO     [ApplyLabel] Entering state (zones: {'A': 'READY_FOR_PICKUP', 'B': 'NEEDS_LABEL'}  busy: {'A': True, 'B': False})
2026-04-22 15:01:38,580 INFO     [ApplyLabel] Applying label to zone B (zone_number=2, depth=0.0129)
2026-04-22 15:01:38,580 INFO     [compute_label_joints] Requesting label pose for zone 2, item_depth=0.0129
2026-04-22 15:01:40,291 INFO     [Service] /compute_grasps_labelling → success=True msg='Zone1=OK, Zone2=OK'
2026-04-22 15:01:40,291 INFO     item_depth=0.0129  X=0.2613 Y=-0.0728 Z=0.9871  pos(world)=[ 0.5328 -0.2423 -0.0071]  task_pos=[ 0.5328 -0.2423  0.0129]  task_ori=[0.0191 0.9998 0.     0.    ]
2026-04-22 15:01:40,292 INFO     [compute_label_joints] Zone 2 received pose: x=0.5328 y=-0.2423 z=0.0129  RPY r=180.00 p=0.00 y=177.81 deg
2026-04-22 15:01:40,292 INFO     [IK] compute_pick_joints called — task_pos=[ 0.5328 -0.2423  0.0129] label_zone=2 max_attempts=10 check_collisions=True arm_number=2
2026-04-22 15:01:40,323 INFO     [IK] Arm2 compute_pick_joints attempt 1/10 OK — target=([ 0.5328 -0.2423  0.0129]) pre=[-1.3134  0.6276  0.9226 -2.0494 -0.7005  2.3288 -2.2875] final=[-1.1058  0.7704  0.6608 -2.0061 -0.7954  2.5    -2.2297] (FK err pre=0.0000 m final=0.0000 m)
2026-04-22 15:01:40,325 INFO     [ApplyLabel] IK pre_joints=[-1.3134  0.6276  0.9226 -2.0494 -0.7005  2.3288 -2.2875]  final_joints=[-1.1058  0.7704  0.6608 -2.0061 -0.7954  2.5    -2.2297]
2026-04-22 15:01:40,326 INFO     [ApplyLabel] Registering label — item='g' expiry='1234-56-78'
2026-04-22 15:01:45,441 ERROR    [RFID] Service call failed for /inventory/add_item: timeout exceeded while waiting for service /inventory/add_item
2026-04-22 15:01:47,507 INFO     [Service] /orio/pnp_cup/on → success=True msg='PnP Cup ON command sent'
2026-04-22 15:01:48,508 INFO     [RetrieveFromZone] Retracting to pre-pick height
2026-04-22 15:01:55,650 INFO     [ZoneManager] Zone A: READY_FOR_PICKUP → EMPTY
2026-04-22 15:01:55,650 INFO     [RetrieveFromZone] Exiting: picked (zone A)
2026-04-22 15:01:55,651 INFO     [PlaceOutput] Entering state (retrieved_depth=0.0131)
2026-04-22 15:01:55,666 INFO     [IK] pose_to_joints 'OUTPUT1' depth_offset=0.1631 → joints=[-1.3798 -0.8437  2.6274 -0.9609  0.381   1.7239  2.1269]
2026-04-22 15:01:55,666 INFO     [Service] /orio/lbl_cup/off → success=True msg='Labelling Cup OFF command sent'
2026-04-22 15:01:55,675 INFO     [IK] pose_to_joints 'L2_INTER' depth_offset=0.0131 → joints=[ 0.1067 -0.5009  0.5778 -2.6247  0.3231  2.1698  1.225 ]
2026-04-22 15:01:55,675 INFO     [PlaceOutput] drop_joints: [-1.3798 -0.8437  2.6274 -0.9609  0.381   1.7239  2.1269]
2026-04-22 15:01:58,881 INFO     [IK] pose_to_joints 'LABELLING_SAFE' depth_offset=0.0000 → joints=[-0.065  -1.2718  0.0356 -2.707   0.0343  1.4354  0.7355]
2026-04-22 15:02:02,253 INFO     [Service] /orio/pnp_cup/off → success=True msg='PnP Cup OFF command sent'
2026-04-22 15:02:02,331 INFO     [ZoneManager] Zone B: NEEDS_LABEL → READY_FOR_PICKUP
2026-04-22 15:02:02,331 INFO     [ApplyLabel] Exiting: labeled (zone B)
2026-04-22 15:02:02,333 INFO     [GetLabel] Entering state
2026-04-22 15:02:07,438 INFO     [PlaceOutput] Exiting: succeeded (total items placed: 5)
2026-04-22 15:02:07,439 INFO     [FetchInput] Entering state
2026-04-22 15:02:07,965 INFO     [Service] /compute_grasps → success=True msg='Published 1 PnP poses.'
2026-04-22 15:02:07,965 INFO     [FetchInput] Grasp pose received: x=0.1047 y=-0.5132 z=0.0888
2026-04-22 15:02:07,966 INFO     [IK] compute_pick_joints called — task_pos=[ 0.1047 -0.5132  0.0888] label_zone=None max_attempts=10 check_collisions=False arm_number=None
2026-04-22 15:02:07,982 INFO     [IK] Arm? compute_pick_joints attempt 1/10 OK — target=([ 0.1047 -0.5132  0.0888]) pre=[-0.4942  0.1494 -0.8792 -2.2872  0.1662  2.376  -0.7028] final=[-0.8326  0.3537 -0.511  -2.3073  0.3316  2.5943 -0.8174] (FK err pre=0.0000 m final=0.0000 m)
2026-04-22 15:02:07,983 INFO     [FetchInput] IK pre_joints:   [-0.4942  0.1494 -0.8792 -2.2872  0.1662  2.376  -0.7028]
2026-04-22 15:02:07,983 INFO     [FetchInput] IK final_joints: [-0.8326  0.3537 -0.511  -2.3073  0.3316  2.5943 -0.8174]
2026-04-22 15:02:07,983 INFO     [FetchInput] Moving to pre-pick
2026-04-22 15:02:11,087 INFO     [FetchInput] Descending to pick
2026-04-22 15:02:12,543 INFO     [Service] /orio/lbl_cup/on → success=True msg='Labelling Cup ON command sent'
2026-04-22 15:02:13,559 INFO     [Service] /orio/pnp_cup/on → success=True msg='PnP Cup ON command sent'
2026-04-22 15:02:14,560 INFO     [FetchInput] Retracting to pre-pick height
2026-04-22 15:02:15,967 INFO     [IK] pose_to_joints 'LABELLING_SAFE' depth_offset=0.0000 → joints=[-0.065  -1.2718  0.0356 -2.707   0.0343  1.4354  0.7355]
2026-04-22 15:02:19,172 INFO     [GetLabel] Exiting: succeeded
2026-04-22 15:02:19,172 INFO     [FetchInput] Exiting: succeeded (item_depth=0.0888)
2026-04-22 15:02:19,173 INFO     [ApplyLabel] Entering state (zones: {'A': 'EMPTY', 'B': 'READY_FOR_PICKUP'}  busy: {'A': False, 'B': False})
2026-04-22 15:02:19,173 DEBUG    [ApplyLabel] No zone needs label → wait
2026-04-22 15:02:19,173 INFO     [DropToZone] Entering state (item_depth=0.0888)
2026-04-22 15:02:19,173 INFO     [DropToZone] Targeting zone A
2026-04-22 15:02:19,181 INFO     [IK] pose_to_joints 'L1_INTER' depth_offset=0.0888 → joints=[-0.3039 -0.5417 -0.3476 -2.4966 -0.1922  1.975   0.2569]
2026-04-22 15:02:19,189 INFO     [IK] pose_to_joints 'LABEL_ZONE_1' depth_offset=0.0988 → joints=[-0.2315  1.0939 -0.176  -0.8991  0.1705  1.9813  0.4038]
2026-04-22 15:02:19,190 INFO     [DropToZone] place_joints for LABEL_ZONE_1: [-0.2315  1.0939 -0.176  -0.8991  0.1705  1.9813  0.4038]
2026-04-22 15:02:19,675 INFO     [ApplyLabel] Entering state (zones: {'A': 'EMPTY', 'B': 'READY_FOR_PICKUP'}  busy: {'A': True, 'B': False})
2026-04-22 15:02:19,675 DEBUG    [ApplyLabel] No zone needs label → wait
2026-04-22 15:02:20,177 INFO     [ApplyLabel] Entering state (zones: {'A': 'EMPTY', 'B': 'READY_FOR_PICKUP'}  busy: {'A': True, 'B': False})
2026-04-22 15:02:20,177 DEBUG    [ApplyLabel] No zone needs label → wait
2026-04-22 15:02:20,678 INFO     [ApplyLabel] Entering state (zones: {'A': 'EMPTY', 'B': 'READY_FOR_PICKUP'}  busy: {'A': True, 'B': False})
2026-04-22 15:02:20,678 DEBUG    [ApplyLabel] No zone needs label → wait
2026-04-22 15:02:21,180 INFO     [ApplyLabel] Entering state (zones: {'A': 'EMPTY', 'B': 'READY_FOR_PICKUP'}  busy: {'A': True, 'B': False})
2026-04-22 15:02:21,180 DEBUG    [ApplyLabel] No zone needs label → wait
2026-04-22 15:02:21,682 INFO     [ApplyLabel] Entering state (zones: {'A': 'EMPTY', 'B': 'READY_FOR_PICKUP'}  busy: {'A': True, 'B': False})
2026-04-22 15:02:21,682 DEBUG    [ApplyLabel] No zone needs label → wait
2026-04-22 15:02:22,185 INFO     [ApplyLabel] Entering state (zones: {'A': 'EMPTY', 'B': 'READY_FOR_PICKUP'}  busy: {'A': True, 'B': False})
2026-04-22 15:02:22,185 DEBUG    [ApplyLabel] No zone needs label → wait
2026-04-22 15:02:22,687 INFO     [ApplyLabel] Entering state (zones: {'A': 'EMPTY', 'B': 'READY_FOR_PICKUP'}  busy: {'A': True, 'B': False})
2026-04-22 15:02:22,687 DEBUG    [ApplyLabel] No zone needs label → wait
2026-04-22 15:02:23,190 INFO     [ApplyLabel] Entering state (zones: {'A': 'EMPTY', 'B': 'READY_FOR_PICKUP'}  busy: {'A': True, 'B': False})
2026-04-22 15:02:23,190 DEBUG    [ApplyLabel] No zone needs label → wait
2026-04-22 15:02:23,692 INFO     [ApplyLabel] Entering state (zones: {'A': 'EMPTY', 'B': 'READY_FOR_PICKUP'}  busy: {'A': True, 'B': False})
2026-04-22 15:02:23,692 DEBUG    [ApplyLabel] No zone needs label → wait
2026-04-22 15:02:24,194 INFO     [ApplyLabel] Entering state (zones: {'A': 'EMPTY', 'B': 'READY_FOR_PICKUP'}  busy: {'A': True, 'B': False})
2026-04-22 15:02:24,195 DEBUG    [ApplyLabel] No zone needs label → wait
2026-04-22 15:02:24,696 INFO     [ApplyLabel] Entering state (zones: {'A': 'EMPTY', 'B': 'READY_FOR_PICKUP'}  busy: {'A': True, 'B': False})
2026-04-22 15:02:24,696 DEBUG    [ApplyLabel] No zone needs label → wait
2026-04-22 15:02:25,200 INFO     [ApplyLabel] Entering state (zones: {'A': 'EMPTY', 'B': 'READY_FOR_PICKUP'}  busy: {'A': True, 'B': False})
2026-04-22 15:02:25,200 DEBUG    [ApplyLabel] No zone needs label → wait
2026-04-22 15:02:25,701 INFO     [ApplyLabel] Entering state (zones: {'A': 'EMPTY', 'B': 'READY_FOR_PICKUP'}  busy: {'A': True, 'B': False})
2026-04-22 15:02:25,701 DEBUG    [ApplyLabel] No zone needs label → wait
2026-04-22 15:02:25,753 INFO     [Service] /orio/pnp_cup/off → success=True msg='PnP Cup OFF command sent'
2026-04-22 15:02:26,204 INFO     [ApplyLabel] Entering state (zones: {'A': 'EMPTY', 'B': 'READY_FOR_PICKUP'}  busy: {'A': True, 'B': False})
2026-04-22 15:02:26,204 DEBUG    [ApplyLabel] No zone needs label → wait
2026-04-22 15:02:26,706 INFO     [ApplyLabel] Entering state (zones: {'A': 'EMPTY', 'B': 'READY_FOR_PICKUP'}  busy: {'A': True, 'B': False})
2026-04-22 15:02:26,706 DEBUG    [ApplyLabel] No zone needs label → wait
2026-04-22 15:02:27,207 INFO     [ApplyLabel] Entering state (zones: {'A': 'EMPTY', 'B': 'READY_FOR_PICKUP'}  busy: {'A': True, 'B': False})
2026-04-22 15:02:27,207 DEBUG    [ApplyLabel] No zone needs label → wait
2026-04-22 15:02:27,709 INFO     [ApplyLabel] Entering state (zones: {'A': 'EMPTY', 'B': 'READY_FOR_PICKUP'}  busy: {'A': True, 'B': False})
2026-04-22 15:02:27,709 DEBUG    [ApplyLabel] No zone needs label → wait
2026-04-22 15:02:28,211 INFO     [ApplyLabel] Entering state (zones: {'A': 'EMPTY', 'B': 'READY_FOR_PICKUP'}  busy: {'A': True, 'B': False})
2026-04-22 15:02:28,212 DEBUG    [ApplyLabel] No zone needs label → wait
2026-04-22 15:02:28,712 INFO     [ApplyLabel] Entering state (zones: {'A': 'EMPTY', 'B': 'READY_FOR_PICKUP'}  busy: {'A': True, 'B': False})
2026-04-22 15:02:28,713 DEBUG    [ApplyLabel] No zone needs label → wait
2026-04-22 15:02:29,214 INFO     [ApplyLabel] Entering state (zones: {'A': 'EMPTY', 'B': 'READY_FOR_PICKUP'}  busy: {'A': True, 'B': False})
2026-04-22 15:02:29,215 DEBUG    [ApplyLabel] No zone needs label → wait
2026-04-22 15:02:29,228 INFO     [ZoneManager] Zone A: EMPTY → NEEDS_LABEL
2026-04-22 15:02:29,228 INFO     [DropToZone] Exiting: dropped (zone A)
2026-04-22 15:02:29,231 DEBUG    [TaskSelector] Evaluating zone states: {'A': 'NEEDS_LABEL', 'B': 'READY_FOR_PICKUP'}  busy: {'A': False, 'B': False}
2026-04-22 15:02:29,231 INFO     [TaskSelector] → do_unload (zone B ready)
2026-04-22 15:02:29,232 INFO     [RetrieveFromZone] Entering state
2026-04-22 15:02:29,233 INFO     [RetrieveFromZone] Picking from zone B (depth=0.0129)
2026-04-22 15:02:29,240 INFO     [IK] pose_to_joints 'L2_INTER' depth_offset=0.0129 → joints=[ 0.107  -0.5005  0.5776 -2.6249  0.323   2.1703  1.2252]
2026-04-22 15:02:29,248 INFO     [IK] pose_to_joints 'LABEL_ZONE_2' depth_offset=0.1129 → joints=[ 3.2200e-01  1.0662e+00 -5.0000e-04 -9.0110e-01  5.0000e-04  1.9673e+00
  1.1070e+00]
2026-04-22 15:02:29,258 INFO     [IK] pose_to_joints 'LABEL_ZONE_2' depth_offset=0.0029 → joints=[ 0.3605  1.2826 -0.0829 -0.7925  0.0907  2.0725  1.0786]
2026-04-22 15:02:29,258 INFO     [RetrieveFromZone] B pre_pick=[ 3.2200e-01  1.0662e+00 -5.0000e-04 -9.0110e-01  5.0000e-04  1.9673e+00
  1.1070e+00] pick=[ 0.3605  1.2826 -0.0829 -0.7925  0.0907  2.0725  1.0786]
2026-04-22 15:02:29,716 INFO     [ApplyLabel] Entering state (zones: {'A': 'NEEDS_LABEL', 'B': 'READY_FOR_PICKUP'}  busy: {'A': False, 'B': True})
2026-04-22 15:02:29,716 INFO     [ApplyLabel] Applying label to zone A (zone_number=1, depth=0.0888)
2026-04-22 15:02:29,716 INFO     [compute_label_joints] Requesting label pose for zone 1, item_depth=0.0888
2026-04-22 15:02:31,575 INFO     [Service] /compute_grasps_labelling → success=True msg='Zone1=OK, Zone2=OK'
2026-04-22 15:02:31,576 INFO     item_depth=0.0888  X=-0.1378 Y=-0.0297 Z=0.9112  pos(world)=[0.4897 0.1568 0.0688]  task_pos=[0.4897 0.1568 0.0888]  task_ori=[0.0073 1.     0.     0.    ]
2026-04-22 15:02:31,577 INFO     [compute_label_joints] Zone 1 received pose: x=0.4897 y=0.1568 z=0.0888  RPY r=180.00 p=0.00 y=179.16 deg
2026-04-22 15:02:31,577 INFO     [IK] compute_pick_joints called — task_pos=[0.4897 0.1568 0.0888] label_zone=1 max_attempts=10 check_collisions=True arm_number=2
2026-04-22 15:02:31,603 INFO     [IK] Arm2 compute_pick_joints attempt 1/10 OK — target=([0.4897 0.1568 0.0888]) pre=[-0.5997  0.115   0.9112 -2.3212 -0.1329  2.3875 -1.9362] final=[-0.2208  0.329   0.5028 -2.3418 -0.3128  2.6111 -1.8104] (FK err pre=0.0000 m final=0.0000 m)
2026-04-22 15:02:31,603 INFO     [ApplyLabel] IK pre_joints=[-0.5997  0.115   0.9112 -2.3212 -0.1329  2.3875 -1.9362]  final_joints=[-0.2208  0.329   0.5028 -2.3418 -0.3128  2.6111 -1.8104]
2026-04-22 15:02:31,604 INFO     [ApplyLabel] Registering label — item='g' expiry='1234-56-78'
2026-04-22 15:02:36,718 ERROR    [RFID] Service call failed for /inventory/add_item: timeout exceeded while waiting for service /inventory/add_item
2026-04-22 15:02:38,285 INFO     [Service] /orio/pnp_cup/on → success=True msg='PnP Cup ON command sent'
2026-04-22 15:02:39,286 INFO     [RetrieveFromZone] Retracting to pre-pick height
2026-04-22 15:02:46,928 INFO     [ZoneManager] Zone B: READY_FOR_PICKUP → EMPTY
2026-04-22 15:02:46,928 INFO     [RetrieveFromZone] Exiting: picked (zone B)
2026-04-22 15:02:46,931 INFO     [PlaceOutput] Entering state (retrieved_depth=0.0129)
2026-04-22 15:02:46,952 INFO     [Service] /orio/lbl_cup/off → success=True msg='Labelling Cup OFF command sent'
2026-04-22 15:02:47,024 INFO     [IK] pose_to_joints 'OUTPUT2' depth_offset=0.1629 → joints=[ 1.2351e+00  1.0783e+00  7.0000e-04 -4.6700e-01 -6.0000e-04  1.5474e+00
  2.0208e+00]
2026-04-22 15:02:47,033 INFO     [IK] pose_to_joints 'L2_INTER' depth_offset=0.0129 → joints=[ 0.107  -0.5005  0.5776 -2.6249  0.323   2.1703  1.2252]
2026-04-22 15:02:47,033 INFO     [PlaceOutput] drop_joints: [ 1.2351e+00  1.0783e+00  7.0000e-04 -4.6700e-01 -6.0000e-04  1.5474e+00
  2.0208e+00]
2026-04-22 15:02:50,404 INFO     [IK] pose_to_joints 'LABELLING_SAFE' depth_offset=0.0000 → joints=[-0.065  -1.2718  0.0356 -2.707   0.0343  1.4354  0.7355]
2026-04-22 15:02:52,803 INFO     [Service] /orio/pnp_cup/off → success=True msg='PnP Cup OFF command sent'
2026-04-22 15:02:53,609 INFO     [ZoneManager] Zone A: NEEDS_LABEL → READY_FOR_PICKUP
2026-04-22 15:02:53,609 INFO     [ApplyLabel] Exiting: labeled (zone A)
2026-04-22 15:02:53,610 INFO     [GetLabel] Entering state
2026-04-22 15:02:58,715 INFO     [PlaceOutput] Exiting: succeeded (total items placed: 6)
2026-04-22 15:02:58,717 INFO     [FetchInput] Entering state
2026-04-22 15:02:58,966 INFO     [Service] /compute_grasps → success=False msg='GroundingDINO found 0 objects.'
2026-04-22 15:02:58,966 ERROR    [FETCH_INPUT] Unhandled exception: /compute_grasps service failed
2026-04-22 15:02:58,968 WARNING  [ARM1 Recovery] Pausing ARM1 — showing GUI (ARM2 continues)
2026-04-22 15:03:03,822 INFO     [Service] /orio/lbl_cup/on → success=True msg='Labelling Cup ON command sent'
2026-04-22 15:03:07,233 INFO     [IK] pose_to_joints 'LABELLING_SAFE' depth_offset=0.0000 → joints=[-0.065  -1.2718  0.0356 -2.707   0.0343  1.4354  0.7355]
2026-04-22 15:03:11,440 ERROR    [GET_LABEL] Unhandled exception: LBL vacuum failed to pick up item (expected=True, actual=False)
2026-04-22 15:03:11,441 WARNING  [ARM2 Recovery] Pausing ARM2 — showing GUI (ARM1 continues)
2026-04-22 15:03:20,967 INFO     [ARM1 Recovery] choice=shutdown
2026-04-22 15:03:21,017 INFO     [ARM1 Recovery] resuming
2026-04-22 15:03:30,954 INFO     [ARM2 Recovery] choice=shutdown
2026-04-22 15:03:30,954 INFO     [ARM2 Recovery] resuming
2026-04-22 15:03:30,957 INFO     [Main] State machine finished with outcome: done
2026-04-22 15:03:30,957 WARNING  [Main] Shutting down: turning off both vacuums
2026-04-22 15:03:30,957 INFO     [Main] Total items placed at output: 6
2026-04-22 15:03:30,959 INFO     [Service] /orio/pnp_cup/off → success=True msg='PnP Cup OFF command sent'
2026-04-22 15:03:30,961 INFO     [Service] /orio/lbl_cup/off → success=True msg='Labelling Cup OFF command sent'
