2026-04-15 17:47:37,205 INFO     [Logger] File log started: /home/ros_ws/src/devel_packages/orio/logs/orio_run_20260415_174737.log
2026-04-15 17:47:37,205 INFO     [Main] Node started. Log file: /home/ros_ws/src/devel_packages/orio/logs/orio_run_20260415_174737.log
2026-04-15 17:47:39,407 INFO     [Main] Operator input — item='g'  expiry='g'
2026-04-15 17:47:39,408 INFO     [Hardware] Initializing Robot Hardware...
2026-04-15 17:47:39,959 INFO     [Hardware] Resetting both arms to home joints
2026-04-15 17:47:46,528 INFO     [Hardware] Poses loaded from joint_angles.json
2026-04-15 17:47:46,534 INFO     [Hardware] Initialization complete
2026-04-15 17:47:46,539 INFO     [Main] Starting state machine execution
2026-04-15 17:47:46,541 INFO     [GetLabel] Entering state
2026-04-15 17:47:46,542 DEBUG    [TaskSelector] Evaluating zone states: {'A': 'EMPTY', 'B': 'EMPTY'}  busy: {'A': False, 'B': False}
2026-04-15 17:47:46,543 INFO     [TaskSelector] → do_load (zone A empty)
2026-04-15 17:47:46,544 INFO     [FetchInput] Entering state
2026-04-15 17:47:48,214 INFO     [Service] /compute_grasps → success=True msg='Published 4 PnP poses.'
2026-04-15 17:47:48,214 INFO     [FetchInput] Grasp pose received: x=0.0493 y=-0.3972 z=0.0596
2026-04-15 17:47:48,214 INFO     [IK] compute_pick_joints called — task_pos=[ 0.0493 -0.3972  0.0596] label_zone=None max_attempts=10 check_collisions=False arm_number=None
2026-04-15 17:47:48,237 INFO     [IK] Arm? compute_pick_joints attempt 1/10 OK — target=([ 0.0493 -0.3972  0.0596]) pre=[-0.4971 -0.2984 -1.0096 -2.697  -0.4234  2.4908 -0.3565] final=[-0.4005  0.2694 -0.9138 -2.682   0.6421  2.7819 -1.1217] (FK err pre=0.0000 m final=0.0000 m)
2026-04-15 17:47:48,237 INFO     [FetchInput] IK pre_joints:   [-0.4971 -0.2984 -1.0096 -2.697  -0.4234  2.4908 -0.3565]
2026-04-15 17:47:48,238 INFO     [FetchInput] IK final_joints: [-0.4005  0.2694 -0.9138 -2.682   0.6421  2.7819 -1.1217]
2026-04-15 17:47:48,238 INFO     [FetchInput] Moving to pre-pick
2026-04-15 17:47:51,442 INFO     [FetchInput] Descending to pick
2026-04-15 17:47:53,876 INFO     [Service] /orio/pnp_cup/on → success=True msg='PnP Cup ON command sent'
2026-04-15 17:47:54,877 INFO     [FetchInput] Retracting to pre-pick height
2026-04-15 17:47:56,753 INFO     [Service] /orio/lbl_cup/on → success=True msg='Labelling Cup ON command sent'
2026-04-15 17:47:57,347 INFO     [FetchInput] Exiting: succeeded (item_depth=0.0596)
2026-04-15 17:47:57,349 INFO     [DropToZone] Entering state (item_depth=0.0596)
2026-04-15 17:47:57,349 INFO     [DropToZone] Targeting zone A
2026-04-15 17:47:57,357 INFO     [IK] pose_to_joints 'L1_INTER' depth_offset=0.0596 → joints=[-0.3188 -0.5137 -0.3488 -2.5535 -0.1913  2.0583  0.2503]
2026-04-15 17:47:57,365 INFO     [IK] pose_to_joints 'LABEL_ZONE_1' depth_offset=0.0696 → joints=[-0.2341  1.1414 -0.1722 -0.8879  0.1736  2.0177  0.4034]
2026-04-15 17:47:57,366 INFO     [DropToZone] place_joints for LABEL_ZONE_1: [-0.2341  1.1414 -0.1722 -0.8879  0.1736  2.0177  0.4034]
2026-04-15 17:48:00,237 INFO     [IK] pose_to_joints 'LABELLING_SAFE' depth_offset=0.0000 → joints=[-0.065  -1.2718  0.0356 -2.707   0.0343  1.4354  0.7355]
2026-04-15 17:48:03,441 INFO     [GetLabel] Exiting: succeeded
2026-04-15 17:48:03,442 INFO     [ApplyLabel] Entering state (zones: {'A': 'EMPTY', 'B': 'EMPTY'}  busy: {'A': True, 'B': False})
2026-04-15 17:48:03,443 DEBUG    [ApplyLabel] No zone needs label → wait
2026-04-15 17:48:03,944 INFO     [ApplyLabel] Entering state (zones: {'A': 'EMPTY', 'B': 'EMPTY'}  busy: {'A': True, 'B': False})
2026-04-15 17:48:03,944 DEBUG    [ApplyLabel] No zone needs label → wait
2026-04-15 17:48:03,971 INFO     [Service] /orio/pnp_cup/off → success=True msg='PnP Cup OFF command sent'
2026-04-15 17:48:04,446 INFO     [ApplyLabel] Entering state (zones: {'A': 'EMPTY', 'B': 'EMPTY'}  busy: {'A': True, 'B': False})
2026-04-15 17:48:04,446 DEBUG    [ApplyLabel] No zone needs label → wait
2026-04-15 17:48:04,948 INFO     [ApplyLabel] Entering state (zones: {'A': 'EMPTY', 'B': 'EMPTY'}  busy: {'A': True, 'B': False})
2026-04-15 17:48:04,948 DEBUG    [ApplyLabel] No zone needs label → wait
2026-04-15 17:48:05,450 INFO     [ApplyLabel] Entering state (zones: {'A': 'EMPTY', 'B': 'EMPTY'}  busy: {'A': True, 'B': False})
2026-04-15 17:48:05,450 DEBUG    [ApplyLabel] No zone needs label → wait
2026-04-15 17:48:05,951 INFO     [ApplyLabel] Entering state (zones: {'A': 'EMPTY', 'B': 'EMPTY'}  busy: {'A': True, 'B': False})
2026-04-15 17:48:05,951 DEBUG    [ApplyLabel] No zone needs label → wait
2026-04-15 17:48:06,453 INFO     [ApplyLabel] Entering state (zones: {'A': 'EMPTY', 'B': 'EMPTY'}  busy: {'A': True, 'B': False})
2026-04-15 17:48:06,453 DEBUG    [ApplyLabel] No zone needs label → wait
2026-04-15 17:48:06,955 INFO     [ApplyLabel] Entering state (zones: {'A': 'EMPTY', 'B': 'EMPTY'}  busy: {'A': True, 'B': False})
2026-04-15 17:48:06,955 DEBUG    [ApplyLabel] No zone needs label → wait
2026-04-15 17:48:07,439 INFO     [ZoneManager] Zone A: EMPTY → NEEDS_LABEL
2026-04-15 17:48:07,439 INFO     [DropToZone] Exiting: dropped (zone A)
2026-04-15 17:48:07,440 DEBUG    [TaskSelector] Evaluating zone states: {'A': 'NEEDS_LABEL', 'B': 'EMPTY'}  busy: {'A': False, 'B': False}
2026-04-15 17:48:07,440 INFO     [TaskSelector] → do_load (zone B empty)
2026-04-15 17:48:07,442 INFO     [FetchInput] Entering state
2026-04-15 17:48:07,457 INFO     [ApplyLabel] Entering state (zones: {'A': 'NEEDS_LABEL', 'B': 'EMPTY'}  busy: {'A': False, 'B': False})
2026-04-15 17:48:07,458 INFO     [ApplyLabel] Applying label to zone A (zone_number=1, depth=0.0596)
2026-04-15 17:48:07,458 INFO     [compute_label_joints] Requesting label pose for zone 1, item_depth=0.0621
2026-04-15 17:48:08,340 INFO     [Service] /compute_grasps → success=True msg='Published 2 PnP poses.'
2026-04-15 17:48:08,341 INFO     [FetchInput] Grasp pose received: x=-0.0470 y=-0.2127 z=0.0085
2026-04-15 17:48:08,341 INFO     [IK] compute_pick_joints called — task_pos=[-0.047  -0.2127  0.0085] label_zone=None max_attempts=10 check_collisions=False arm_number=None
2026-04-15 17:48:08,376 WARNING  [IK] attempt 1/10 large FK residual (pre=0.0289 m, final=0.0000 m > 0.020 m threshold) — retrying
2026-04-15 17:48:09,020 INFO     [Service] /compute_grasps_labelling → success=True msg='Zone1=OK, Zone2=OK'
2026-04-15 17:48:09,021 INFO     item_depth=0.0621  X=-0.0605 Y=0.1701 Z=0.9379  pos(world)=[0.2899 0.0795 0.0421]  task_pos=[0.2899 0.0795 0.0621]  task_ori=[0.6944 0.7196 0.     0.    ]
2026-04-15 17:48:09,022 INFO     [compute_label_joints] Zone 1 received pose: x=0.2899 y=0.0795 z=0.0621  RPY r=180.00 p=0.00 y=92.05 deg
2026-04-15 17:48:09,022 INFO     [IK] compute_pick_joints called — task_pos=[0.2899 0.0795 0.0621] label_zone=1 max_attempts=10 check_collisions=True arm_number=2
2026-04-15 17:48:09,042 INFO     Arm2: cached 8 obstacles from '/home/ros_ws/src/devel_packages/orio/obstacles_files/obs_arm2_free.p'
2026-04-15 17:48:09,047 INFO     [IK] Arm2 compute_pick_joints attempt 1/10 OK — target=([0.2899 0.0795 0.0621]) pre=[ 0.1072 -0.5203  0.2071 -3.0107  0.17    2.4927 -0.6695] final=[-0.5158 -0.0867  0.8954 -3.0131  0.3567  2.9468 -0.7938] (FK err pre=0.0000 m final=0.0000 m)
2026-04-15 17:48:09,048 INFO     [ApplyLabel] IK pre_joints=[ 0.1072 -0.5203  0.2071 -3.0107  0.17    2.4927 -0.6695]  final_joints=[-0.5158 -0.0867  0.8954 -3.0131  0.3567  2.9468 -0.7938]
2026-04-15 17:48:09,048 INFO     [ApplyLabel] Registering label — item='g' expiry='g'
2026-04-15 17:48:14,172 ERROR    [RFID] Service call failed for /inventory/add_item: timeout exceeded while waiting for service /inventory/add_item
2026-04-15 17:48:24,487 INFO     [Service] /orio/lbl_cup/off → success=True msg='Labelling Cup OFF command sent'
2026-04-15 17:48:26,238 WARNING  [Main] Shutting down: turning off both vacuums
2026-04-15 17:48:26,238 INFO     [Main] Total items placed at output: 0
2026-04-15 17:48:26,241 INFO     [Service] /orio/pnp_cup/off → success=True msg='PnP Cup OFF command sent'
2026-04-15 17:48:26,243 INFO     [Service] /orio/lbl_cup/off → success=True msg='Labelling Cup OFF command sent'
