2026-04-22 14:35:47,024 INFO     [Logger] File log started: /home/ros_ws/src/devel_packages/orio/logs/orio_run_20260422_143547.log
2026-04-22 14:35:47,024 INFO     [Main] Node started. Log file: /home/ros_ws/src/devel_packages/orio/logs/orio_run_20260422_143547.log
2026-04-22 14:36:04,564 INFO     [Main] Operator input — item='rff'  expiry='1234-56-78'
2026-04-22 14:36:04,565 INFO     [Hardware] Initializing Robot Hardware...
2026-04-22 14:36:05,090 INFO     [Hardware] Resetting both arms to home joints
2026-04-22 14:36:14,550 INFO     [Hardware] Poses loaded from joint_angles.json
2026-04-22 14:36:14,558 INFO     [Hardware] Initialization complete
2026-04-22 14:36:14,562 INFO     [Main] Starting state machine execution
2026-04-22 14:36:14,564 DEBUG    [TaskSelector] Evaluating zone states: {'A': 'EMPTY', 'B': 'EMPTY'}  busy: {'A': False, 'B': False}
2026-04-22 14:36:14,564 INFO     [TaskSelector] → do_load (zone A empty)
2026-04-22 14:36:14,564 INFO     [GetLabel] Entering state
2026-04-22 14:36:14,565 INFO     [FetchInput] Entering state
2026-04-22 14:36:15,133 INFO     [Service] /compute_grasps → success=True msg='Published 3 PnP poses.'
2026-04-22 14:36:15,133 INFO     [FetchInput] Grasp pose received: x=0.3859 y=-0.3144 z=0.0951
2026-04-22 14:36:15,134 INFO     [IK] compute_pick_joints called — task_pos=[ 0.3859 -0.3144  0.0951] label_zone=None max_attempts=10 check_collisions=False arm_number=None
2026-04-22 14:36:15,152 INFO     [IK] Arm? compute_pick_joints attempt 1/10 OK — target=([ 0.3859 -0.3144  0.0951]) pre=[-0.2905  0.0163 -0.3932 -2.3749  0.0092  2.39    0.095 ] final=[-0.5664  0.2358 -0.1115 -2.4083  0.0543  2.642   0.0629] (FK err pre=0.0000 m final=0.0000 m)
2026-04-22 14:36:15,153 INFO     [FetchInput] IK pre_joints:   [-0.2905  0.0163 -0.3932 -2.3749  0.0092  2.39    0.095 ]
2026-04-22 14:36:15,154 INFO     [FetchInput] IK final_joints: [-0.5664  0.2358 -0.1115 -2.4083  0.0543  2.642   0.0629]
2026-04-22 14:36:15,154 INFO     [FetchInput] Moving to pre-pick
2026-04-22 14:36:18,615 INFO     [FetchInput] Descending to pick
2026-04-22 14:36:20,822 INFO     [Service] /orio/pnp_cup/on → success=True msg='PnP Cup ON command sent'
2026-04-22 14:36:21,822 INFO     [FetchInput] Retracting to pre-pick height
2026-04-22 14:36:24,773 INFO     [FetchInput] Exiting: succeeded (item_depth=0.0951)
2026-04-22 14:36:24,774 INFO     [DropToZone] Entering state (item_depth=0.0951)
2026-04-22 14:36:24,774 INFO     [DropToZone] Targeting zone A
2026-04-22 14:36:24,784 INFO     [IK] pose_to_joints 'L1_INTER' depth_offset=0.0951 → joints=[-0.2996 -0.5467 -0.3481 -2.4835 -0.1926  1.9573  0.2586]
2026-04-22 14:36:24,786 INFO     [Service] /orio/lbl_cup/on → success=True msg='Labelling Cup ON command sent'
2026-04-22 14:36:24,796 INFO     [IK] pose_to_joints 'LABEL_ZONE_1' depth_offset=0.1051 → joints=[-0.2313  1.0848 -0.1766 -0.8995  0.1695  1.9725  0.4041]
2026-04-22 14:36:24,797 INFO     [DropToZone] place_joints for LABEL_ZONE_1: [-0.2313  1.0848 -0.1766 -0.8995  0.1695  1.9725  0.4041]
2026-04-22 14:36:28,250 INFO     [IK] pose_to_joints 'LABELLING_SAFE' depth_offset=0.0000 → joints=[-0.065  -1.2718  0.0356 -2.707   0.0343  1.4354  0.7355]
2026-04-22 14:36:31,713 INFO     [Service] /orio/pnp_cup/off → success=True msg='PnP Cup OFF command sent'
2026-04-22 14:36:32,462 ERROR    [GET_LABEL] Unhandled exception: LBL vacuum failed to pick up item (expected=True, actual=False)
2026-04-22 14:36:32,464 WARNING  [ARM2 Recovery] Pausing ARM2 — showing GUI (ARM1 continues)
2026-04-22 14:36:35,177 INFO     [ZoneManager] Zone A: EMPTY → NEEDS_LABEL
2026-04-22 14:36:35,177 INFO     [DropToZone] Exiting: dropped (zone A)
2026-04-22 14:36:52,058 INFO     [Recovery] Zones updated: {'A': 'EMPTY', 'B': 'EMPTY'}  busy: {'A': False, 'B': False}
2026-04-22 14:36:52,061 INFO     [ARM2 Recovery] choice=GET_LABEL
2026-04-22 14:36:52,061 INFO     [ARM2 Recovery] resuming
2026-04-22 14:36:52,063 INFO     [GetLabel] Entering state
2026-04-22 14:36:52,198 DEBUG    [TaskSelector] Evaluating zone states: {'A': 'EMPTY', 'B': 'EMPTY'}  busy: {'A': False, 'B': False}
2026-04-22 14:36:52,198 INFO     [TaskSelector] → do_load (zone A empty)
2026-04-22 14:36:52,199 INFO     [FetchInput] Entering state
2026-04-22 14:36:52,813 INFO     [Service] /compute_grasps → success=True msg='Published 2 PnP poses.'
2026-04-22 14:36:52,814 INFO     [FetchInput] Grasp pose received: x=0.1283 y=-0.6367 z=0.0335
2026-04-22 14:36:52,814 INFO     [IK] compute_pick_joints called — task_pos=[ 0.1283 -0.6367  0.0335] label_zone=None max_attempts=10 check_collisions=False arm_number=None
2026-04-22 14:36:52,834 INFO     [IK] Arm? compute_pick_joints attempt 1/10 OK — target=([ 0.1283 -0.6367  0.0335]) pre=[-0.7567  0.6433 -0.6948 -1.7983  0.5169  2.2515 -0.903 ] final=[-0.943   0.7728 -0.4603 -1.7827  0.4995  2.4373 -0.8928] (FK err pre=0.0000 m final=0.0000 m)
2026-04-22 14:36:52,835 INFO     [FetchInput] IK pre_joints:   [-0.7567  0.6433 -0.6948 -1.7983  0.5169  2.2515 -0.903 ]
2026-04-22 14:36:52,836 INFO     [FetchInput] IK final_joints: [-0.943   0.7728 -0.4603 -1.7827  0.4995  2.4373 -0.8928]
2026-04-22 14:36:52,836 INFO     [FetchInput] Moving to pre-pick
2026-04-22 14:36:56,142 INFO     [FetchInput] Descending to pick
2026-04-22 14:36:58,447 INFO     [Service] /orio/pnp_cup/on → success=True msg='PnP Cup ON command sent'
2026-04-22 14:36:59,448 INFO     [FetchInput] Retracting to pre-pick height
2026-04-22 14:37:02,375 INFO     [FetchInput] Exiting: succeeded (item_depth=0.0335)
2026-04-22 14:37:02,378 INFO     [DropToZone] Entering state (item_depth=0.0335)
2026-04-22 14:37:02,378 INFO     [DropToZone] Targeting zone A
2026-04-22 14:37:02,381 INFO     [Service] /orio/lbl_cup/on → success=True msg='Labelling Cup ON command sent'
2026-04-22 14:37:02,392 INFO     [IK] pose_to_joints 'L1_INTER' depth_offset=0.0335 → joints=[-0.3194 -0.4826 -0.3611 -2.5991 -0.1953  2.1347  0.2485]
2026-04-22 14:37:02,402 INFO     [IK] pose_to_joints 'LABEL_ZONE_1' depth_offset=0.0435 → joints=[-0.2377  1.1916 -0.1685 -0.8633  0.1759  2.0436  0.4041]
2026-04-22 14:37:02,402 INFO     [DropToZone] place_joints for LABEL_ZONE_1: [-0.2377  1.1916 -0.1685 -0.8633  0.1759  2.0436  0.4041]
2026-04-22 14:37:05,850 INFO     [IK] pose_to_joints 'LABELLING_SAFE' depth_offset=0.0000 → joints=[-0.065  -1.2718  0.0356 -2.707   0.0343  1.4354  0.7355]
2026-04-22 14:37:09,058 INFO     [GetLabel] Exiting: succeeded
2026-04-22 14:37:09,059 INFO     [ApplyLabel] Entering state (zones: {'A': 'EMPTY', 'B': 'EMPTY'}  busy: {'A': True, 'B': False})
2026-04-22 14:37:09,059 DEBUG    [ApplyLabel] No zone needs label → wait
2026-04-22 14:37:09,242 INFO     [Service] /orio/pnp_cup/off → success=True msg='PnP Cup OFF command sent'
2026-04-22 14:37:09,560 INFO     [ApplyLabel] Entering state (zones: {'A': 'EMPTY', 'B': 'EMPTY'}  busy: {'A': True, 'B': False})
2026-04-22 14:37:09,560 DEBUG    [ApplyLabel] No zone needs label → wait
2026-04-22 14:37:10,062 INFO     [ApplyLabel] Entering state (zones: {'A': 'EMPTY', 'B': 'EMPTY'}  busy: {'A': True, 'B': False})
2026-04-22 14:37:10,062 DEBUG    [ApplyLabel] No zone needs label → wait
2026-04-22 14:37:10,564 INFO     [ApplyLabel] Entering state (zones: {'A': 'EMPTY', 'B': 'EMPTY'}  busy: {'A': True, 'B': False})
2026-04-22 14:37:10,565 DEBUG    [ApplyLabel] No zone needs label → wait
2026-04-22 14:37:11,066 INFO     [ApplyLabel] Entering state (zones: {'A': 'EMPTY', 'B': 'EMPTY'}  busy: {'A': True, 'B': False})
2026-04-22 14:37:11,066 DEBUG    [ApplyLabel] No zone needs label → wait
2026-04-22 14:37:11,568 INFO     [ApplyLabel] Entering state (zones: {'A': 'EMPTY', 'B': 'EMPTY'}  busy: {'A': True, 'B': False})
2026-04-22 14:37:11,568 DEBUG    [ApplyLabel] No zone needs label → wait
2026-04-22 14:37:12,070 INFO     [ApplyLabel] Entering state (zones: {'A': 'EMPTY', 'B': 'EMPTY'}  busy: {'A': True, 'B': False})
2026-04-22 14:37:12,070 DEBUG    [ApplyLabel] No zone needs label → wait
2026-04-22 14:37:12,573 INFO     [ApplyLabel] Entering state (zones: {'A': 'EMPTY', 'B': 'EMPTY'}  busy: {'A': True, 'B': False})
2026-04-22 14:37:12,574 DEBUG    [ApplyLabel] No zone needs label → wait
2026-04-22 14:37:12,717 INFO     [ZoneManager] Zone A: EMPTY → NEEDS_LABEL
2026-04-22 14:37:12,717 INFO     [DropToZone] Exiting: dropped (zone A)
2026-04-22 14:37:12,720 DEBUG    [TaskSelector] Evaluating zone states: {'A': 'NEEDS_LABEL', 'B': 'EMPTY'}  busy: {'A': False, 'B': False}
2026-04-22 14:37:12,720 INFO     [TaskSelector] → do_load (zone B empty)
2026-04-22 14:37:12,721 INFO     [FetchInput] Entering state
2026-04-22 14:37:13,076 INFO     [ApplyLabel] Entering state (zones: {'A': 'NEEDS_LABEL', 'B': 'EMPTY'}  busy: {'A': False, 'B': False})
2026-04-22 14:37:13,076 INFO     [ApplyLabel] Applying label to zone A (zone_number=1, depth=0.0335)
2026-04-22 14:37:13,076 INFO     [compute_label_joints] Requesting label pose for zone 1, item_depth=0.0335
2026-04-22 14:37:13,340 INFO     [Service] /compute_grasps → success=True msg='Published 1 PnP poses.'
2026-04-22 14:37:13,341 INFO     [FetchInput] Grasp pose received: x=0.1303 y=-0.3281 z=0.0222
2026-04-22 14:37:13,342 INFO     [IK] compute_pick_joints called — task_pos=[ 0.1303 -0.3281  0.0222] label_zone=None max_attempts=10 check_collisions=False arm_number=None
2026-04-22 14:37:13,367 INFO     [IK] Arm? compute_pick_joints attempt 1/10 OK — target=([ 0.1303 -0.3281  0.0222]) pre=[-0.4209 -0.2696 -0.8748 -2.8573 -0.44    2.641  -0.1005] final=[-0.3891  0.2914 -0.5902 -2.7679  0.8977  2.9357 -1.0614] (FK err pre=0.0000 m final=0.0000 m)
2026-04-22 14:37:13,368 INFO     [FetchInput] IK pre_joints:   [-0.4209 -0.2696 -0.8748 -2.8573 -0.44    2.641  -0.1005]
2026-04-22 14:37:13,369 INFO     [FetchInput] IK final_joints: [-0.3891  0.2914 -0.5902 -2.7679  0.8977  2.9357 -1.0614]
2026-04-22 14:37:13,370 INFO     [FetchInput] Moving to pre-pick
2026-04-22 14:37:15,202 INFO     [Service] /compute_grasps_labelling → success=True msg='Zone1=OK, Zone2=FAIL'
2026-04-22 14:37:15,202 INFO     item_depth=0.0335  X=-0.2966 Y=0.0888 Z=0.9665  pos(world)=[0.3712 0.3156 0.0135]  task_pos=[0.3712 0.3156 0.0335]  task_ori=[0.0081 1.     0.     0.    ]
2026-04-22 14:37:15,203 INFO     [compute_label_joints] Zone 1 received pose: x=0.3712 y=0.3156 z=0.0335  RPY r=180.00 p=0.00 y=179.07 deg
2026-04-22 14:37:15,203 INFO     [IK] compute_pick_joints called — task_pos=[0.3712 0.3156 0.0335] label_zone=1 max_attempts=10 check_collisions=True arm_number=2
2026-04-22 14:37:15,223 INFO     Arm2: cached 8 obstacles from '/home/ros_ws/src/devel_packages/orio/obstacles_files/obs_arm2_free.p'
2026-04-22 14:37:15,230 INFO     [IK] Arm2 compute_pick_joints attempt 1/10 OK — target=([0.3712 0.3156 0.0335]) pre=[-0.121   0.1733  0.8073 -2.4365 -0.2237  2.5453 -1.4751] final=[ 0.2465  0.4178  0.3944 -2.4059 -0.4348  2.7625 -1.3226] (FK err pre=0.0000 m final=0.0000 m)
2026-04-22 14:37:15,231 INFO     [ApplyLabel] IK pre_joints=[-0.121   0.1733  0.8073 -2.4365 -0.2237  2.5453 -1.4751]  final_joints=[ 0.2465  0.4178  0.3944 -2.4059 -0.4348  2.7625 -1.3226]
2026-04-22 14:37:15,232 INFO     [ApplyLabel] Registering label — item='rff' expiry='1234-56-78'
2026-04-22 14:37:16,480 INFO     [FetchInput] Descending to pick
2026-04-22 14:37:18,959 INFO     [Service] /orio/pnp_cup/on → success=True msg='PnP Cup ON command sent'
2026-04-22 14:37:19,960 INFO     [FetchInput] Retracting to pre-pick height
2026-04-22 14:37:20,355 ERROR    [RFID] Service call failed for /inventory/add_item: timeout exceeded while waiting for service /inventory/add_item
2026-04-22 14:37:25,462 INFO     [FetchInput] Exiting: succeeded (item_depth=0.0222)
2026-04-22 14:37:25,466 INFO     [DropToZone] Entering state (item_depth=0.0222)
2026-04-22 14:37:25,467 INFO     [DropToZone] Targeting zone B
2026-04-22 14:37:25,478 INFO     [IK] pose_to_joints 'L1_INTER' depth_offset=0.0222 → joints=[-0.3196 -0.4666 -0.3664 -2.6173 -0.1962  2.1686  0.2471]
2026-04-22 14:37:25,489 INFO     [IK] pose_to_joints 'L2_INTER' depth_offset=0.0222 → joints=[ 0.0874 -0.5217  0.5889 -2.6098  0.3344  2.1379  1.2132]
2026-04-22 14:37:25,502 INFO     [IK] pose_to_joints 'LABEL_ZONE_2' depth_offset=0.0322 → joints=[ 0.3544  1.2097 -0.066  -0.85    0.0699  2.0579  1.0837]
2026-04-22 14:37:25,502 INFO     [DropToZone] place_joints for LABEL_ZONE_2: [ 0.3544  1.2097 -0.066  -0.85    0.0699  2.0579  1.0837]
2026-04-22 14:37:25,937 WARNING  [Main] Shutting down: turning off both vacuums
2026-04-22 14:37:25,937 INFO     [Main] Total items placed at output: 0
2026-04-22 14:37:25,939 INFO     [Service] /orio/pnp_cup/off → success=True msg='PnP Cup OFF command sent'
2026-04-22 14:37:25,941 INFO     [Service] /orio/lbl_cup/off → success=True msg='Labelling Cup OFF command sent'
2026-04-22 14:37:25,989 INFO     [Service] /orio/lbl_cup/off → success=True msg='Labelling Cup OFF command sent'
2026-04-22 14:37:26,154 ERROR    [DROP_TO_ZONE] Unhandled exception: service [/get_current_franka_interface_status_server_node_1/get_current_franka_interface_status_server] returned no response
