2026-04-15 20:46:52,791 INFO     [Logger] File log started: /home/ros_ws/src/devel_packages/orio/logs/orio_run_20260415_204652.log
2026-04-15 20:46:52,791 INFO     [Main] Node started. Log file: /home/ros_ws/src/devel_packages/orio/logs/orio_run_20260415_204652.log
2026-04-15 20:46:57,073 INFO     [Main] Operator input — item='ju'  expiry='j\'
2026-04-15 20:46:57,073 INFO     [Hardware] Initializing Robot Hardware...
2026-04-15 20:46:57,682 INFO     [Hardware] Resetting both arms to home joints
2026-04-15 20:47:04,151 INFO     [Hardware] Poses loaded from joint_angles.json
2026-04-15 20:47:04,156 INFO     [Hardware] Initialization complete
2026-04-15 20:47:04,162 INFO     [Main] Starting state machine execution
2026-04-15 20:47:04,167 DEBUG    [TaskSelector] Evaluating zone states: {'A': 'EMPTY', 'B': 'EMPTY'}  busy: {'A': False, 'B': False}
2026-04-15 20:47:04,167 INFO     [TaskSelector] → do_load (zone A empty)
2026-04-15 20:47:04,167 INFO     [GetLabel] Entering state
2026-04-15 20:47:04,170 INFO     [FetchInput] Entering state
2026-04-15 20:47:04,725 INFO     [Service] /compute_grasps → success=True msg='Published 1 PnP poses.'
2026-04-15 20:47:04,725 INFO     [FetchInput] Grasp pose received: x=0.0525 y=-0.3195 z=0.0263
2026-04-15 20:47:04,726 INFO     [IK] compute_pick_joints called — task_pos=[ 0.0525 -0.3195  0.0263] label_zone=None max_attempts=10 check_collisions=False arm_number=None
2026-04-15 20:47:04,759 INFO     [IK] Arm? compute_pick_joints attempt 1/10 OK — target=([ 0.0525 -0.3195  0.0263]) pre=[-0.7169 -0.3905 -0.8419 -2.9349 -0.5752  2.5925 -0.2292] final=[-0.5313  0.2343 -0.6342 -2.8512  0.9453  2.9711 -1.3053] (FK err pre=0.0000 m final=0.0000 m)
2026-04-15 20:47:04,760 INFO     [FetchInput] IK pre_joints:   [-0.7169 -0.3905 -0.8419 -2.9349 -0.5752  2.5925 -0.2292]
2026-04-15 20:47:04,760 INFO     [FetchInput] IK final_joints: [-0.5313  0.2343 -0.6342 -2.8512  0.9453  2.9711 -1.3053]
2026-04-15 20:47:04,760 INFO     [FetchInput] Moving to pre-pick
2026-04-15 20:47:07,870 INFO     [FetchInput] Descending to pick
2026-04-15 20:47:10,372 INFO     [Service] /orio/pnp_cup/on → success=True msg='PnP Cup ON command sent'
2026-04-15 20:47:11,372 INFO     [FetchInput] Retracting to pre-pick height
2026-04-15 20:47:14,387 INFO     [Service] /orio/lbl_cup/on → success=True msg='Labelling Cup ON command sent'
2026-04-15 20:47:14,683 INFO     [FetchInput] Exiting: succeeded (item_depth=0.0263)
2026-04-15 20:47:14,685 INFO     [DropToZone] Entering state (item_depth=0.0263)
2026-04-15 20:47:14,685 INFO     [DropToZone] Targeting zone A
2026-04-15 20:47:14,694 INFO     [IK] pose_to_joints 'L1_INTER' depth_offset=0.0263 → joints=[-0.3195 -0.4726 -0.3645 -2.6108 -0.1959  2.1563  0.2476]
2026-04-15 20:47:14,706 INFO     [IK] pose_to_joints 'LABEL_ZONE_1' depth_offset=0.0363 → joints=[-0.239   1.2068 -0.1673 -0.8539  0.1762  2.0495  0.4045]
2026-04-15 20:47:14,707 INFO     [DropToZone] place_joints for LABEL_ZONE_1: [-0.239   1.2068 -0.1673 -0.8539  0.1762  2.0495  0.4045]
2026-04-15 20:47:17,895 INFO     [IK] pose_to_joints 'LABELLING_SAFE' depth_offset=0.0000 → joints=[-0.065  -1.2718  0.0356 -2.707   0.0343  1.4354  0.7355]
2026-04-15 20:47:21,273 INFO     [Service] /orio/pnp_cup/off → success=True msg='PnP Cup OFF command sent'
2026-04-15 20:47:21,400 INFO     [GetLabel] Exiting: succeeded
2026-04-15 20:47:21,402 INFO     [ApplyLabel] Entering state (zones: {'A': 'EMPTY', 'B': 'EMPTY'}  busy: {'A': True, 'B': False})
2026-04-15 20:47:21,402 DEBUG    [ApplyLabel] No zone needs label → wait
2026-04-15 20:47:21,904 INFO     [ApplyLabel] Entering state (zones: {'A': 'EMPTY', 'B': 'EMPTY'}  busy: {'A': True, 'B': False})
2026-04-15 20:47:21,904 DEBUG    [ApplyLabel] No zone needs label → wait
2026-04-15 20:47:22,406 INFO     [ApplyLabel] Entering state (zones: {'A': 'EMPTY', 'B': 'EMPTY'}  busy: {'A': True, 'B': False})
2026-04-15 20:47:22,406 DEBUG    [ApplyLabel] No zone needs label → wait
2026-04-15 20:47:22,908 INFO     [ApplyLabel] Entering state (zones: {'A': 'EMPTY', 'B': 'EMPTY'}  busy: {'A': True, 'B': False})
2026-04-15 20:47:22,908 DEBUG    [ApplyLabel] No zone needs label → wait
2026-04-15 20:47:23,409 INFO     [ApplyLabel] Entering state (zones: {'A': 'EMPTY', 'B': 'EMPTY'}  busy: {'A': True, 'B': False})
2026-04-15 20:47:23,409 DEBUG    [ApplyLabel] No zone needs label → wait
2026-04-15 20:47:23,910 INFO     [ApplyLabel] Entering state (zones: {'A': 'EMPTY', 'B': 'EMPTY'}  busy: {'A': True, 'B': False})
2026-04-15 20:47:23,911 DEBUG    [ApplyLabel] No zone needs label → wait
2026-04-15 20:47:24,413 INFO     [ApplyLabel] Entering state (zones: {'A': 'EMPTY', 'B': 'EMPTY'}  busy: {'A': True, 'B': False})
2026-04-15 20:47:24,413 DEBUG    [ApplyLabel] No zone needs label → wait
2026-04-15 20:47:24,915 INFO     [ApplyLabel] Entering state (zones: {'A': 'EMPTY', 'B': 'EMPTY'}  busy: {'A': True, 'B': False})
2026-04-15 20:47:24,915 DEBUG    [ApplyLabel] No zone needs label → wait
2026-04-15 20:47:25,045 INFO     [ZoneManager] Zone A: EMPTY → NEEDS_LABEL
2026-04-15 20:47:25,045 INFO     [DropToZone] Exiting: dropped (zone A)
2026-04-15 20:47:25,047 DEBUG    [TaskSelector] Evaluating zone states: {'A': 'NEEDS_LABEL', 'B': 'EMPTY'}  busy: {'A': False, 'B': False}
2026-04-15 20:47:25,047 INFO     [TaskSelector] → do_load (zone B empty)
2026-04-15 20:47:25,049 INFO     [FetchInput] Entering state
2026-04-15 20:47:25,417 INFO     [ApplyLabel] Entering state (zones: {'A': 'NEEDS_LABEL', 'B': 'EMPTY'}  busy: {'A': False, 'B': False})
2026-04-15 20:47:25,417 INFO     [ApplyLabel] Applying label to zone A (zone_number=1, depth=0.0263)
2026-04-15 20:47:25,417 INFO     [compute_label_joints] Requesting label pose for zone 1, item_depth=0.0288
2026-04-15 20:47:25,745 INFO     [Service] /compute_grasps → success=True msg='Published 3 PnP poses.'
2026-04-15 20:47:25,746 INFO     [FetchInput] Grasp pose received: x=0.0617 y=-0.6487 z=0.0641
2026-04-15 20:47:25,746 INFO     [IK] compute_pick_joints called — task_pos=[ 0.0617 -0.6487  0.0641] label_zone=None max_attempts=10 check_collisions=False arm_number=None
2026-04-15 20:47:25,761 INFO     [IK] Arm? compute_pick_joints attempt 1/10 OK — target=([ 0.0617 -0.6487  0.0641]) pre=[-0.772   0.644  -0.8148 -1.7743  0.5579  2.1712 -1.029 ] final=[-0.9388  0.7569 -0.5924 -1.7805  0.5743  2.3582 -1.0383] (FK err pre=0.0000 m final=0.0000 m)
2026-04-15 20:47:25,762 INFO     [FetchInput] IK pre_joints:   [-0.772   0.644  -0.8148 -1.7743  0.5579  2.1712 -1.029 ]
2026-04-15 20:47:25,762 INFO     [FetchInput] IK final_joints: [-0.9388  0.7569 -0.5924 -1.7805  0.5743  2.3582 -1.0383]
2026-04-15 20:47:25,762 INFO     [FetchInput] Moving to pre-pick
2026-04-15 20:47:26,925 INFO     [Service] /compute_grasps_labelling → success=True msg='Zone1=OK, Zone2=FAIL'
2026-04-15 20:47:26,925 INFO     item_depth=0.0288  X=-0.2588 Y=-0.0420 Z=0.9712  pos(world)=[0.502  0.2778 0.0088]  task_pos=[0.502  0.2778 0.0288]  task_ori=[0.7071 0.7071 0.     0.    ]
2026-04-15 20:47:26,926 INFO     [compute_label_joints] Zone 1 received pose: x=0.5020 y=0.2778 z=0.0288  RPY r=180.00 p=0.00 y=90.00 deg
2026-04-15 20:47:26,927 INFO     [IK] compute_pick_joints called — task_pos=[0.502  0.2778 0.0288] label_zone=1 max_attempts=10 check_collisions=True arm_number=2
2026-04-15 20:47:26,948 INFO     Arm2: cached 8 obstacles from '/home/ros_ws/src/devel_packages/orio/obstacles_files/obs_arm2_free.p'
2026-04-15 20:47:26,958 INFO     [IK] Arm2 compute_pick_joints attempt 1/10 OK — target=([0.502  0.2778 0.0288]) pre=[ 0.252   0.343   0.2552 -2.1313 -0.1351  2.4595 -0.1873] final=[ 0.4736  0.5487  0.0297 -2.1127 -0.0335  2.661  -0.2568] (FK err pre=0.0000 m final=0.0000 m)
2026-04-15 20:47:26,959 INFO     [ApplyLabel] IK pre_joints=[ 0.252   0.343   0.2552 -2.1313 -0.1351  2.4595 -0.1873]  final_joints=[ 0.4736  0.5487  0.0297 -2.1127 -0.0335  2.661  -0.2568]
2026-04-15 20:47:26,959 INFO     [ApplyLabel] Registering label — item='ju' expiry='j\'
2026-04-15 20:47:29,219 INFO     [FetchInput] Descending to pick
2026-04-15 20:47:31,425 INFO     [Service] /orio/pnp_cup/on → success=True msg='PnP Cup ON command sent'
2026-04-15 20:47:32,078 ERROR    [RFID] Service call failed for /inventory/add_item: timeout exceeded while waiting for service /inventory/add_item
2026-04-15 20:47:32,425 INFO     [FetchInput] Retracting to pre-pick height
2026-04-15 20:47:37,585 INFO     [FetchInput] Exiting: succeeded (item_depth=0.0641)
2026-04-15 20:47:37,587 INFO     [DropToZone] Entering state (item_depth=0.0641)
2026-04-15 20:47:37,587 INFO     [DropToZone] Targeting zone B
2026-04-15 20:47:37,597 INFO     [IK] pose_to_joints 'L1_INTER' depth_offset=0.0641 → joints=[-0.3187 -0.5183 -0.3467 -2.5451 -0.1904  2.0453  0.2504]
2026-04-15 20:47:37,607 INFO     [IK] pose_to_joints 'L2_INTER' depth_offset=0.0641 → joints=[ 0.1016 -0.5701  0.5413 -2.5384  0.3133  2.0163  1.2169]
2026-04-15 20:47:37,619 INFO     [IK] pose_to_joints 'LABEL_ZONE_2' depth_offset=0.0741 → joints=[ 0.3343  1.126  -0.0245 -0.893   0.0246  2.0188  1.0985]
2026-04-15 20:47:37,619 INFO     [DropToZone] place_joints for LABEL_ZONE_2: [ 0.3343  1.126  -0.0245 -0.893   0.0246  2.0188  1.0985]
2026-04-15 20:47:42,289 INFO     [Service] /orio/lbl_cup/off → success=True msg='Labelling Cup OFF command sent'
2026-04-15 20:47:45,775 INFO     [IK] pose_to_joints 'LABELLING_SAFE' depth_offset=0.0000 → joints=[-0.065  -1.2718  0.0356 -2.707   0.0343  1.4354  0.7355]
2026-04-15 20:47:46,010 INFO     [Service] /orio/pnp_cup/off → success=True msg='PnP Cup OFF command sent'
2026-04-15 20:47:49,526 INFO     [ZoneManager] Zone A: NEEDS_LABEL → READY_FOR_PICKUP
2026-04-15 20:47:49,526 INFO     [ApplyLabel] Exiting: labeled (zone A)
2026-04-15 20:47:49,527 INFO     [GetLabel] Entering state
2026-04-15 20:47:49,807 INFO     [ZoneManager] Zone B: EMPTY → NEEDS_LABEL
2026-04-15 20:47:49,807 INFO     [DropToZone] Exiting: dropped (zone B)
2026-04-15 20:47:49,808 DEBUG    [TaskSelector] Evaluating zone states: {'A': 'READY_FOR_PICKUP', 'B': 'NEEDS_LABEL'}  busy: {'A': False, 'B': False}
2026-04-15 20:47:49,808 INFO     [TaskSelector] → do_unload (zone A ready)
2026-04-15 20:47:49,808 INFO     [RetrieveFromZone] Entering state
2026-04-15 20:47:49,809 INFO     [RetrieveFromZone] Picking from zone A (depth=0.0263)
2026-04-15 20:47:49,818 INFO     [IK] pose_to_joints 'L1_INTER' depth_offset=0.0263 → joints=[-0.3195 -0.4726 -0.3645 -2.6108 -0.1959  2.1563  0.2476]
2026-04-15 20:47:49,828 INFO     [IK] pose_to_joints 'LABEL_ZONE_1' depth_offset=0.1263 → joints=[-0.2312  1.0569 -0.1777 -0.8952  0.1659  1.9406  0.4057]
2026-04-15 20:47:49,841 INFO     [IK] pose_to_joints 'LABEL_ZONE_1' depth_offset=0.0163 → joints=[-0.2431  1.253  -0.1642 -0.8203  0.1771  2.0626  0.4063]
2026-04-15 20:47:49,842 INFO     [RetrieveFromZone] A pre_pick=[-0.2312  1.0569 -0.1777 -0.8952  0.1659  1.9406  0.4057] pick=[-0.2431  1.253  -0.1642 -0.8203  0.1771  2.0626  0.4063]
2026-04-15 20:47:58,853 INFO     [Service] /orio/pnp_cup/on → success=True msg='PnP Cup ON command sent'
2026-04-15 20:47:59,740 INFO     [Service] /orio/lbl_cup/on → success=True msg='Labelling Cup ON command sent'
2026-04-15 20:47:59,854 INFO     [RetrieveFromZone] Retracting to pre-pick height
2026-04-15 20:48:03,166 INFO     [IK] pose_to_joints 'LABELLING_SAFE' depth_offset=0.0000 → joints=[-0.065  -1.2718  0.0356 -2.707   0.0343  1.4354  0.7355]
2026-04-15 20:48:06,671 INFO     [GetLabel] Exiting: succeeded
2026-04-15 20:48:06,671 INFO     [ZoneManager] Zone A: READY_FOR_PICKUP → EMPTY
2026-04-15 20:48:06,672 INFO     [RetrieveFromZone] Exiting: picked (zone A)
2026-04-15 20:48:06,673 INFO     [ApplyLabel] Entering state (zones: {'A': 'EMPTY', 'B': 'NEEDS_LABEL'}  busy: {'A': False, 'B': False})
2026-04-15 20:48:06,673 INFO     [ApplyLabel] Applying label to zone B (zone_number=2, depth=0.0641)
2026-04-15 20:48:06,673 INFO     [compute_label_joints] Requesting label pose for zone 2, item_depth=0.0666
2026-04-15 20:48:06,674 INFO     [PlaceOutput] Entering state (retrieved_depth=0.0263)
2026-04-15 20:48:06,694 INFO     [IK] pose_to_joints 'OUTPUT1' depth_offset=0.1763 → joints=[-1.3832 -0.8485  2.6144 -0.9206  0.3898  1.687   2.1289]
2026-04-15 20:48:06,707 INFO     [IK] pose_to_joints 'L2_INTER' depth_offset=0.0263 → joints=[ 0.0774 -0.5312  0.595  -2.6029  0.3401  2.1234  1.2073]
2026-04-15 20:48:06,708 INFO     [PlaceOutput] drop_joints: [-1.3832 -0.8485  2.6144 -0.9206  0.3898  1.687   2.1289]
2026-04-15 20:48:08,079 INFO     [Service] /compute_grasps_labelling → success=True msg='Zone1=FAIL, Zone2=OK'
2026-04-15 20:48:08,079 INFO     item_depth=0.0666  X=0.2681 Y=0.0246 Z=0.9334  pos(world)=[ 0.4354 -0.2491  0.0466]  task_pos=[ 0.4354 -0.2491  0.0666]  task_ori=[0.6984 0.7157 0.     0.    ]
2026-04-15 20:48:08,081 INFO     [compute_label_joints] Zone 2 received pose: x=0.4354 y=-0.2491 z=0.0666  RPY r=180.00 p=0.00 y=91.40 deg
2026-04-15 20:48:08,082 INFO     [IK] compute_pick_joints called — task_pos=[ 0.4354 -0.2491  0.0666] label_zone=2 max_attempts=10 check_collisions=True arm_number=2
2026-04-15 20:48:08,110 INFO     [IK] Arm2 compute_pick_joints attempt 1/10 OK — target=([ 0.4354 -0.2491  0.0666]) pre=[-0.2334  0.0842 -0.2851 -2.3793  0.0375  2.4598 -1.3564] final=[-0.4578  0.3153 -0.0567 -2.3893  0.0415  2.7038 -1.3591] (FK err pre=0.0000 m final=0.0000 m)
2026-04-15 20:48:08,110 INFO     [ApplyLabel] IK pre_joints=[-0.2334  0.0842 -0.2851 -2.3793  0.0375  2.4598 -1.3564]  final_joints=[-0.4578  0.3153 -0.0567 -2.3893  0.0415  2.7038 -1.3591]
2026-04-15 20:48:08,111 INFO     [ApplyLabel] Registering label — item='ju' expiry='j\'
2026-04-15 20:48:13,228 ERROR    [RFID] Service call failed for /inventory/add_item: timeout exceeded while waiting for service /inventory/add_item
2026-04-15 20:48:13,321 INFO     [Service] /orio/pnp_cup/off → success=True msg='PnP Cup OFF command sent'
2026-04-15 20:48:18,637 INFO     [PlaceOutput] Exiting: succeeded (total items placed: 1)
2026-04-15 20:48:18,639 DEBUG    [TaskSelector] Evaluating zone states: {'A': 'EMPTY', 'B': 'NEEDS_LABEL'}  busy: {'A': False, 'B': True}
2026-04-15 20:48:18,639 INFO     [TaskSelector] → do_load (zone A empty)
2026-04-15 20:48:18,641 INFO     [FetchInput] Entering state
2026-04-15 20:48:19,251 INFO     [Service] /compute_grasps → success=True msg='Published 1 PnP poses.'
2026-04-15 20:48:19,251 INFO     [FetchInput] Grasp pose received: x=0.3867 y=-0.5866 z=0.0242
2026-04-15 20:48:19,251 INFO     [IK] compute_pick_joints called — task_pos=[ 0.3867 -0.5866  0.0242] label_zone=None max_attempts=10 check_collisions=False arm_number=None
2026-04-15 20:48:19,268 INFO     [IK] Arm? compute_pick_joints attempt 1/10 OK — target=([ 0.3867 -0.5866  0.0242]) pre=[-0.4801  0.8004 -0.6439 -1.5398  0.543   2.1557 -0.4979] final=[-0.6447  0.9165 -0.4173 -1.519   0.4623  2.3364 -0.4553] (FK err pre=0.0000 m final=0.0000 m)
2026-04-15 20:48:19,268 INFO     [FetchInput] IK pre_joints:   [-0.4801  0.8004 -0.6439 -1.5398  0.543   2.1557 -0.4979]
2026-04-15 20:48:19,269 INFO     [FetchInput] IK final_joints: [-0.6447  0.9165 -0.4173 -1.519   0.4623  2.3364 -0.4553]
2026-04-15 20:48:19,269 INFO     [FetchInput] Moving to pre-pick
2026-04-15 20:48:22,637 INFO     [FetchInput] Descending to pick
2026-04-15 20:48:23,443 INFO     [Service] /orio/lbl_cup/off → success=True msg='Labelling Cup OFF command sent'
2026-04-15 20:48:24,845 INFO     [Service] /orio/pnp_cup/on → success=True msg='PnP Cup ON command sent'
2026-04-15 20:48:25,846 INFO     [FetchInput] Retracting to pre-pick height
2026-04-15 20:48:26,893 INFO     [IK] pose_to_joints 'LABELLING_SAFE' depth_offset=0.0000 → joints=[-0.065  -1.2718  0.0356 -2.707   0.0343  1.4354  0.7355]
2026-04-15 20:48:30,634 INFO     [ZoneManager] Zone B: NEEDS_LABEL → READY_FOR_PICKUP
2026-04-15 20:48:30,635 INFO     [FetchInput] Exiting: succeeded (item_depth=0.0242)
2026-04-15 20:48:30,635 INFO     [ApplyLabel] Exiting: labeled (zone B)
2026-04-15 20:48:30,638 INFO     [DropToZone] Entering state (item_depth=0.0242)
2026-04-15 20:48:30,638 INFO     [DropToZone] Targeting zone A
2026-04-15 20:48:30,640 INFO     [GetLabel] Entering state
2026-04-15 20:48:30,654 INFO     [IK] pose_to_joints 'L1_INTER' depth_offset=0.0242 → joints=[-0.3195 -0.4695 -0.3654 -2.6141 -0.1961  2.1626  0.2474]
2026-04-15 20:48:30,665 INFO     [IK] pose_to_joints 'LABEL_ZONE_1' depth_offset=0.0342 → joints=[-0.2393  1.2113 -0.167  -0.8509  0.1764  2.0511  0.4046]
2026-04-15 20:48:30,665 INFO     [DropToZone] place_joints for LABEL_ZONE_1: [-0.2393  1.2113 -0.167  -0.8509  0.1764  2.0511  0.4046]
2026-04-15 20:48:37,607 INFO     [Service] /orio/pnp_cup/off → success=True msg='PnP Cup OFF command sent'
2026-04-15 20:48:40,875 INFO     [Service] /orio/lbl_cup/on → success=True msg='Labelling Cup ON command sent'
2026-04-15 20:48:41,388 INFO     [ZoneManager] Zone A: EMPTY → NEEDS_LABEL
2026-04-15 20:48:41,388 INFO     [DropToZone] Exiting: dropped (zone A)
2026-04-15 20:48:41,390 DEBUG    [TaskSelector] Evaluating zone states: {'A': 'NEEDS_LABEL', 'B': 'READY_FOR_PICKUP'}  busy: {'A': False, 'B': False}
2026-04-15 20:48:41,390 INFO     [TaskSelector] → do_unload (zone B ready)
2026-04-15 20:48:41,391 INFO     [RetrieveFromZone] Entering state
2026-04-15 20:48:41,391 INFO     [RetrieveFromZone] Picking from zone B (depth=0.0641)
2026-04-15 20:48:41,399 INFO     [IK] pose_to_joints 'L2_INTER' depth_offset=0.0641 → joints=[ 0.1016 -0.5701  0.5413 -2.5384  0.3133  2.0163  1.2169]
2026-04-15 20:48:41,408 INFO     [IK] pose_to_joints 'LABEL_ZONE_2' depth_offset=0.1641 → joints=[ 0.3075  1.012   0.0288 -0.8677 -0.0256  1.8794  1.1159]
2026-04-15 20:48:41,418 INFO     [IK] pose_to_joints 'LABEL_ZONE_2' depth_offset=0.0541 → joints=[ 0.3454  1.1633 -0.0466 -0.8774  0.0479  2.0398  1.0906]
2026-04-15 20:48:41,418 INFO     [RetrieveFromZone] B pre_pick=[ 0.3075  1.012   0.0288 -0.8677 -0.0256  1.8794  1.1159] pick=[ 0.3454  1.1633 -0.0466 -0.8774  0.0479  2.0398  1.0906]
2026-04-15 20:48:44,288 INFO     [IK] pose_to_joints 'LABELLING_SAFE' depth_offset=0.0000 → joints=[-0.065  -1.2718  0.0356 -2.707   0.0343  1.4354  0.7355]
2026-04-15 20:48:47,796 INFO     [GetLabel] Exiting: succeeded
2026-04-15 20:48:47,798 INFO     [ApplyLabel] Entering state (zones: {'A': 'NEEDS_LABEL', 'B': 'READY_FOR_PICKUP'}  busy: {'A': False, 'B': True})
2026-04-15 20:48:47,798 INFO     [ApplyLabel] Applying label to zone A (zone_number=1, depth=0.0242)
2026-04-15 20:48:47,798 INFO     [compute_label_joints] Requesting label pose for zone 1, item_depth=0.0267
2026-04-15 20:48:49,113 INFO     [Service] /compute_grasps_labelling → success=True msg='Zone1=OK, Zone2=OK'
2026-04-15 20:48:49,114 INFO     item_depth=0.0267  X=-0.2497 Y=-0.0402 Z=0.9733  pos(world)=[0.5002 0.2687 0.0067]  task_pos=[0.5002 0.2687 0.0267]  task_ori=[0.6796 0.7336 0.     0.    ]
2026-04-15 20:48:49,115 INFO     [compute_label_joints] Zone 1 received pose: x=0.5002 y=0.2687 z=0.0267  RPY r=180.00 p=0.00 y=94.37 deg
2026-04-15 20:48:49,115 INFO     [IK] compute_pick_joints called — task_pos=[0.5002 0.2687 0.0267] label_zone=1 max_attempts=10 check_collisions=True arm_number=2
2026-04-15 20:48:49,142 INFO     [IK] Arm2 compute_pick_joints attempt 1/10 OK — target=([0.5002 0.2687 0.0267]) pre=[ 0.2465  0.3319  0.2469 -2.1545 -0.1288  2.4729 -0.28  ] final=[ 0.4699  0.542   0.0213 -2.1341 -0.0244  2.6758 -0.3517] (FK err pre=0.0000 m final=0.0000 m)
2026-04-15 20:48:49,143 INFO     [ApplyLabel] IK pre_joints=[ 0.2465  0.3319  0.2469 -2.1545 -0.1288  2.4729 -0.28  ]  final_joints=[ 0.4699  0.542   0.0213 -2.1341 -0.0244  2.6758 -0.3517]
2026-04-15 20:48:49,143 INFO     [ApplyLabel] Registering label — item='ju' expiry='j\'
2026-04-15 20:48:50,219 INFO     [Service] /orio/pnp_cup/on → success=True msg='PnP Cup ON command sent'
2026-04-15 20:48:51,220 INFO     [RetrieveFromZone] Retracting to pre-pick height
2026-04-15 20:48:54,260 ERROR    [RFID] Service call failed for /inventory/add_item: timeout exceeded while waiting for service /inventory/add_item
2026-04-15 20:48:59,770 INFO     [ZoneManager] Zone B: READY_FOR_PICKUP → EMPTY
2026-04-15 20:48:59,770 INFO     [RetrieveFromZone] Exiting: picked (zone B)
2026-04-15 20:48:59,771 INFO     [PlaceOutput] Entering state (retrieved_depth=0.0641)
2026-04-15 20:48:59,871 INFO     [IK] pose_to_joints 'OUTPUT2' depth_offset=0.2141 → joints=[ 1.2351e+00  1.0120e+00  7.0000e-04 -4.6700e-01 -6.0000e-04  1.4828e+00
  2.0208e+00]
2026-04-15 20:48:59,887 INFO     [IK] pose_to_joints 'L2_INTER' depth_offset=0.0641 → joints=[ 0.1016 -0.5701  0.5413 -2.5384  0.3133  2.0163  1.2169]
2026-04-15 20:48:59,888 INFO     [PlaceOutput] drop_joints: [ 1.2351e+00  1.0120e+00  7.0000e-04 -4.6700e-01 -6.0000e-04  1.4828e+00
  2.0208e+00]
2026-04-15 20:49:04,474 INFO     [Service] /orio/lbl_cup/off → success=True msg='Labelling Cup OFF command sent'
2026-04-15 20:49:05,935 INFO     [Service] /orio/pnp_cup/off → success=True msg='PnP Cup OFF command sent'
2026-04-15 20:49:07,877 INFO     [IK] pose_to_joints 'LABELLING_SAFE' depth_offset=0.0000 → joints=[-0.065  -1.2718  0.0356 -2.707   0.0343  1.4354  0.7355]
2026-04-15 20:49:11,613 INFO     [ZoneManager] Zone A: NEEDS_LABEL → READY_FOR_PICKUP
2026-04-15 20:49:11,613 INFO     [PlaceOutput] Exiting: succeeded (total items placed: 2)
2026-04-15 20:49:11,613 INFO     [ApplyLabel] Exiting: labeled (zone A)
2026-04-15 20:49:11,617 DEBUG    [TaskSelector] Evaluating zone states: {'A': 'READY_FOR_PICKUP', 'B': 'EMPTY'}  busy: {'A': False, 'B': False}
2026-04-15 20:49:11,617 INFO     [TaskSelector] → do_unload (zone A ready)
2026-04-15 20:49:11,618 INFO     [GetLabel] Entering state
2026-04-15 20:49:11,620 INFO     [RetrieveFromZone] Entering state
2026-04-15 20:49:11,620 INFO     [RetrieveFromZone] Picking from zone A (depth=0.0242)
2026-04-15 20:49:11,635 INFO     [IK] pose_to_joints 'L1_INTER' depth_offset=0.0242 → joints=[-0.3195 -0.4695 -0.3654 -2.6141 -0.1961  2.1626  0.2474]
2026-04-15 20:49:11,645 INFO     [IK] pose_to_joints 'LABEL_ZONE_1' depth_offset=0.1242 → joints=[-0.2312  1.0595 -0.1777 -0.896   0.1663  1.9439  0.4055]
2026-04-15 20:49:11,656 INFO     [IK] pose_to_joints 'LABEL_ZONE_1' depth_offset=0.0142 → joints=[-0.2436  1.2582 -0.1638 -0.816   0.1771  2.0636  0.4065]
2026-04-15 20:49:11,656 INFO     [RetrieveFromZone] A pre_pick=[-0.2312  1.0595 -0.1777 -0.896   0.1663  1.9439  0.4055] pick=[-0.2436  1.2582 -0.1638 -0.816   0.1771  2.0636  0.4065]
2026-04-15 20:49:20,653 INFO     [Service] /orio/pnp_cup/on → success=True msg='PnP Cup ON command sent'
2026-04-15 20:49:21,654 INFO     [RetrieveFromZone] Retracting to pre-pick height
2026-04-15 20:49:21,830 INFO     [Service] /orio/lbl_cup/on → success=True msg='Labelling Cup ON command sent'
2026-04-15 20:49:25,145 INFO     [IK] pose_to_joints 'LABELLING_SAFE' depth_offset=0.0000 → joints=[-0.065  -1.2718  0.0356 -2.707   0.0343  1.4354  0.7355]
2026-04-15 20:49:28,738 INFO     [ZoneManager] Zone A: READY_FOR_PICKUP → EMPTY
2026-04-15 20:49:28,738 INFO     [GetLabel] Exiting: succeeded
2026-04-15 20:49:28,738 INFO     [RetrieveFromZone] Exiting: picked (zone A)
2026-04-15 20:49:28,740 INFO     [ApplyLabel] Entering state (zones: {'A': 'EMPTY', 'B': 'EMPTY'}  busy: {'A': False, 'B': False})
2026-04-15 20:49:28,740 DEBUG    [ApplyLabel] No zone needs label → wait
2026-04-15 20:49:28,740 INFO     [PlaceOutput] Entering state (retrieved_depth=0.0242)
2026-04-15 20:49:28,752 INFO     [IK] pose_to_joints 'OUTPUT1' depth_offset=0.1742 → joints=[-1.3815 -0.848   2.6144 -0.9273  0.3899  1.6927  2.128 ]
2026-04-15 20:49:28,760 INFO     [IK] pose_to_joints 'L2_INTER' depth_offset=0.0242 → joints=[ 0.0826 -0.5263  0.5918 -2.6065  0.3371  2.1308  1.2104]
2026-04-15 20:49:28,760 INFO     [PlaceOutput] drop_joints: [-1.3815 -0.848   2.6144 -0.9273  0.3899  1.6927  2.128 ]
2026-04-15 20:49:29,241 INFO     [ApplyLabel] Entering state (zones: {'A': 'EMPTY', 'B': 'EMPTY'}  busy: {'A': False, 'B': False})
2026-04-15 20:49:29,241 DEBUG    [ApplyLabel] No zone needs label → wait
2026-04-15 20:49:29,742 INFO     [ApplyLabel] Entering state (zones: {'A': 'EMPTY', 'B': 'EMPTY'}  busy: {'A': False, 'B': False})
2026-04-15 20:49:29,742 DEBUG    [ApplyLabel] No zone needs label → wait
2026-04-15 20:49:30,244 INFO     [ApplyLabel] Entering state (zones: {'A': 'EMPTY', 'B': 'EMPTY'}  busy: {'A': False, 'B': False})
2026-04-15 20:49:30,244 DEBUG    [ApplyLabel] No zone needs label → wait
2026-04-15 20:49:30,746 INFO     [ApplyLabel] Entering state (zones: {'A': 'EMPTY', 'B': 'EMPTY'}  busy: {'A': False, 'B': False})
2026-04-15 20:49:30,746 DEBUG    [ApplyLabel] No zone needs label → wait
2026-04-15 20:49:31,248 INFO     [ApplyLabel] Entering state (zones: {'A': 'EMPTY', 'B': 'EMPTY'}  busy: {'A': False, 'B': False})
2026-04-15 20:49:31,248 DEBUG    [ApplyLabel] No zone needs label → wait
2026-04-15 20:49:31,750 INFO     [ApplyLabel] Entering state (zones: {'A': 'EMPTY', 'B': 'EMPTY'}  busy: {'A': False, 'B': False})
2026-04-15 20:49:31,750 DEBUG    [ApplyLabel] No zone needs label → wait
2026-04-15 20:49:32,252 INFO     [ApplyLabel] Entering state (zones: {'A': 'EMPTY', 'B': 'EMPTY'}  busy: {'A': False, 'B': False})
2026-04-15 20:49:32,252 DEBUG    [ApplyLabel] No zone needs label → wait
2026-04-15 20:49:32,754 INFO     [ApplyLabel] Entering state (zones: {'A': 'EMPTY', 'B': 'EMPTY'}  busy: {'A': False, 'B': False})
2026-04-15 20:49:32,754 DEBUG    [ApplyLabel] No zone needs label → wait
2026-04-15 20:49:33,255 INFO     [ApplyLabel] Entering state (zones: {'A': 'EMPTY', 'B': 'EMPTY'}  busy: {'A': False, 'B': False})
2026-04-15 20:49:33,256 DEBUG    [ApplyLabel] No zone needs label → wait
2026-04-15 20:49:33,757 INFO     [ApplyLabel] Entering state (zones: {'A': 'EMPTY', 'B': 'EMPTY'}  busy: {'A': False, 'B': False})
2026-04-15 20:49:33,758 DEBUG    [ApplyLabel] No zone needs label → wait
2026-04-15 20:49:34,259 INFO     [ApplyLabel] Entering state (zones: {'A': 'EMPTY', 'B': 'EMPTY'}  busy: {'A': False, 'B': False})
2026-04-15 20:49:34,259 DEBUG    [ApplyLabel] No zone needs label → wait
2026-04-15 20:49:34,762 INFO     [ApplyLabel] Entering state (zones: {'A': 'EMPTY', 'B': 'EMPTY'}  busy: {'A': False, 'B': False})
2026-04-15 20:49:34,762 DEBUG    [ApplyLabel] No zone needs label → wait
2026-04-15 20:49:35,264 INFO     [ApplyLabel] Entering state (zones: {'A': 'EMPTY', 'B': 'EMPTY'}  busy: {'A': False, 'B': False})
2026-04-15 20:49:35,265 DEBUG    [ApplyLabel] No zone needs label → wait
2026-04-15 20:49:35,321 INFO     [Service] /orio/pnp_cup/off → success=True msg='PnP Cup OFF command sent'
2026-04-15 20:49:35,768 INFO     [ApplyLabel] Entering state (zones: {'A': 'EMPTY', 'B': 'EMPTY'}  busy: {'A': False, 'B': False})
2026-04-15 20:49:35,768 DEBUG    [ApplyLabel] No zone needs label → wait
2026-04-15 20:49:36,270 INFO     [ApplyLabel] Entering state (zones: {'A': 'EMPTY', 'B': 'EMPTY'}  busy: {'A': False, 'B': False})
2026-04-15 20:49:36,270 DEBUG    [ApplyLabel] No zone needs label → wait
2026-04-15 20:49:36,772 INFO     [ApplyLabel] Entering state (zones: {'A': 'EMPTY', 'B': 'EMPTY'}  busy: {'A': False, 'B': False})
2026-04-15 20:49:36,772 DEBUG    [ApplyLabel] No zone needs label → wait
2026-04-15 20:49:37,274 INFO     [ApplyLabel] Entering state (zones: {'A': 'EMPTY', 'B': 'EMPTY'}  busy: {'A': False, 'B': False})
2026-04-15 20:49:37,274 DEBUG    [ApplyLabel] No zone needs label → wait
2026-04-15 20:49:37,777 INFO     [ApplyLabel] Entering state (zones: {'A': 'EMPTY', 'B': 'EMPTY'}  busy: {'A': False, 'B': False})
2026-04-15 20:49:37,777 DEBUG    [ApplyLabel] No zone needs label → wait
2026-04-15 20:49:38,279 INFO     [ApplyLabel] Entering state (zones: {'A': 'EMPTY', 'B': 'EMPTY'}  busy: {'A': False, 'B': False})
2026-04-15 20:49:38,280 DEBUG    [ApplyLabel] No zone needs label → wait
2026-04-15 20:49:38,786 INFO     [ApplyLabel] Entering state (zones: {'A': 'EMPTY', 'B': 'EMPTY'}  busy: {'A': False, 'B': False})
2026-04-15 20:49:38,787 DEBUG    [ApplyLabel] No zone needs label → wait
2026-04-15 20:49:39,091 INFO     [PlaceOutput] Exiting: succeeded (total items placed: 3)
2026-04-15 20:49:39,092 DEBUG    [TaskSelector] Evaluating zone states: {'A': 'EMPTY', 'B': 'EMPTY'}  busy: {'A': False, 'B': False}
2026-04-15 20:49:39,092 INFO     [TaskSelector] → do_load (zone A empty)
2026-04-15 20:49:39,093 INFO     [FetchInput] Entering state
2026-04-15 20:49:39,289 INFO     [ApplyLabel] Entering state (zones: {'A': 'EMPTY', 'B': 'EMPTY'}  busy: {'A': False, 'B': False})
2026-04-15 20:49:39,289 DEBUG    [ApplyLabel] No zone needs label → wait
2026-04-15 20:49:39,670 INFO     [Service] /compute_grasps → success=True msg='Published 1 PnP poses.'
2026-04-15 20:49:39,670 INFO     [FetchInput] Grasp pose received: x=0.0637 y=-0.5747 z=0.0560
2026-04-15 20:49:39,670 INFO     [IK] compute_pick_joints called — task_pos=[ 0.0637 -0.5747  0.056 ] label_zone=None max_attempts=10 check_collisions=False arm_number=None
2026-04-15 20:49:39,684 INFO     [IK] Arm? compute_pick_joints attempt 1/10 OK — target=([ 0.0637 -0.5747  0.056 ]) pre=[-0.7305  0.3972 -0.753  -2.0945  0.3826  2.3541 -0.9345] final=[-0.9651  0.561  -0.4814 -2.0902  0.457   2.5493 -0.9834] (FK err pre=0.0000 m final=0.0000 m)
2026-04-15 20:49:39,685 INFO     [FetchInput] IK pre_joints:   [-0.7305  0.3972 -0.753  -2.0945  0.3826  2.3541 -0.9345]
2026-04-15 20:49:39,685 INFO     [FetchInput] IK final_joints: [-0.9651  0.561  -0.4814 -2.0902  0.457   2.5493 -0.9834]
2026-04-15 20:49:39,685 INFO     [FetchInput] Moving to pre-pick
2026-04-15 20:49:39,792 INFO     [ApplyLabel] Entering state (zones: {'A': 'EMPTY', 'B': 'EMPTY'}  busy: {'A': False, 'B': False})
2026-04-15 20:49:39,792 DEBUG    [ApplyLabel] No zone needs label → wait
2026-04-15 20:49:40,293 INFO     [ApplyLabel] Entering state (zones: {'A': 'EMPTY', 'B': 'EMPTY'}  busy: {'A': False, 'B': False})
2026-04-15 20:49:40,293 DEBUG    [ApplyLabel] No zone needs label → wait
2026-04-15 20:49:40,798 INFO     [ApplyLabel] Entering state (zones: {'A': 'EMPTY', 'B': 'EMPTY'}  busy: {'A': False, 'B': False})
2026-04-15 20:49:40,798 DEBUG    [ApplyLabel] No zone needs label → wait
2026-04-15 20:49:41,301 INFO     [ApplyLabel] Entering state (zones: {'A': 'EMPTY', 'B': 'EMPTY'}  busy: {'A': False, 'B': False})
2026-04-15 20:49:41,302 DEBUG    [ApplyLabel] No zone needs label → wait
2026-04-15 20:49:41,806 INFO     [ApplyLabel] Entering state (zones: {'A': 'EMPTY', 'B': 'EMPTY'}  busy: {'A': False, 'B': False})
2026-04-15 20:49:41,806 DEBUG    [ApplyLabel] No zone needs label → wait
2026-04-15 20:49:42,308 INFO     [ApplyLabel] Entering state (zones: {'A': 'EMPTY', 'B': 'EMPTY'}  busy: {'A': False, 'B': False})
2026-04-15 20:49:42,308 DEBUG    [ApplyLabel] No zone needs label → wait
2026-04-15 20:49:42,810 INFO     [ApplyLabel] Entering state (zones: {'A': 'EMPTY', 'B': 'EMPTY'}  busy: {'A': False, 'B': False})
2026-04-15 20:49:42,810 DEBUG    [ApplyLabel] No zone needs label → wait
2026-04-15 20:49:43,154 INFO     [FetchInput] Descending to pick
2026-04-15 20:49:43,311 INFO     [ApplyLabel] Entering state (zones: {'A': 'EMPTY', 'B': 'EMPTY'}  busy: {'A': False, 'B': False})
2026-04-15 20:49:43,311 DEBUG    [ApplyLabel] No zone needs label → wait
2026-04-15 20:49:43,815 INFO     [ApplyLabel] Entering state (zones: {'A': 'EMPTY', 'B': 'EMPTY'}  busy: {'A': False, 'B': False})
2026-04-15 20:49:43,815 DEBUG    [ApplyLabel] No zone needs label → wait
2026-04-15 20:49:44,316 INFO     [ApplyLabel] Entering state (zones: {'A': 'EMPTY', 'B': 'EMPTY'}  busy: {'A': False, 'B': False})
2026-04-15 20:49:44,316 DEBUG    [ApplyLabel] No zone needs label → wait
2026-04-15 20:49:44,820 INFO     [ApplyLabel] Entering state (zones: {'A': 'EMPTY', 'B': 'EMPTY'}  busy: {'A': False, 'B': False})
2026-04-15 20:49:44,820 DEBUG    [ApplyLabel] No zone needs label → wait
2026-04-15 20:49:45,322 INFO     [ApplyLabel] Entering state (zones: {'A': 'EMPTY', 'B': 'EMPTY'}  busy: {'A': False, 'B': False})
2026-04-15 20:49:45,322 DEBUG    [ApplyLabel] No zone needs label → wait
2026-04-15 20:49:45,363 INFO     [Service] /orio/pnp_cup/on → success=True msg='PnP Cup ON command sent'
2026-04-15 20:49:45,825 INFO     [ApplyLabel] Entering state (zones: {'A': 'EMPTY', 'B': 'EMPTY'}  busy: {'A': False, 'B': False})
2026-04-15 20:49:45,825 DEBUG    [ApplyLabel] No zone needs label → wait
2026-04-15 20:49:46,327 INFO     [ApplyLabel] Entering state (zones: {'A': 'EMPTY', 'B': 'EMPTY'}  busy: {'A': False, 'B': False})
2026-04-15 20:49:46,327 DEBUG    [ApplyLabel] No zone needs label → wait
2026-04-15 20:49:46,364 INFO     [FetchInput] Retracting to pre-pick height
2026-04-15 20:49:46,830 INFO     [ApplyLabel] Entering state (zones: {'A': 'EMPTY', 'B': 'EMPTY'}  busy: {'A': False, 'B': False})
2026-04-15 20:49:46,830 DEBUG    [ApplyLabel] No zone needs label → wait
2026-04-15 20:49:47,332 INFO     [ApplyLabel] Entering state (zones: {'A': 'EMPTY', 'B': 'EMPTY'}  busy: {'A': False, 'B': False})
2026-04-15 20:49:47,332 DEBUG    [ApplyLabel] No zone needs label → wait
2026-04-15 20:49:47,834 INFO     [ApplyLabel] Entering state (zones: {'A': 'EMPTY', 'B': 'EMPTY'}  busy: {'A': False, 'B': False})
2026-04-15 20:49:47,834 DEBUG    [ApplyLabel] No zone needs label → wait
2026-04-15 20:49:48,336 INFO     [ApplyLabel] Entering state (zones: {'A': 'EMPTY', 'B': 'EMPTY'}  busy: {'A': False, 'B': False})
2026-04-15 20:49:48,336 DEBUG    [ApplyLabel] No zone needs label → wait
2026-04-15 20:49:48,838 INFO     [ApplyLabel] Entering state (zones: {'A': 'EMPTY', 'B': 'EMPTY'}  busy: {'A': False, 'B': False})
2026-04-15 20:49:48,838 DEBUG    [ApplyLabel] No zone needs label → wait
2026-04-15 20:49:48,871 INFO     [FetchInput] Exiting: succeeded (item_depth=0.0560)
2026-04-15 20:49:48,872 INFO     [DropToZone] Entering state (item_depth=0.0560)
2026-04-15 20:49:48,872 INFO     [DropToZone] Targeting zone A
2026-04-15 20:49:48,880 INFO     [IK] pose_to_joints 'L1_INTER' depth_offset=0.0560 → joints=[-0.3189 -0.5099 -0.3505 -2.5601 -0.1919  2.0687  0.2501]
2026-04-15 20:49:48,888 INFO     [IK] pose_to_joints 'LABEL_ZONE_1' depth_offset=0.0660 → joints=[-0.2345  1.1479 -0.1718 -0.8853  0.174   2.0216  0.4034]
2026-04-15 20:49:48,889 INFO     [DropToZone] place_joints for LABEL_ZONE_1: [-0.2345  1.1479 -0.1718 -0.8853  0.174   2.0216  0.4034]
2026-04-15 20:49:49,339 INFO     [ApplyLabel] Entering state (zones: {'A': 'EMPTY', 'B': 'EMPTY'}  busy: {'A': True, 'B': False})
2026-04-15 20:49:49,340 DEBUG    [ApplyLabel] No zone needs label → wait
2026-04-15 20:49:49,841 INFO     [ApplyLabel] Entering state (zones: {'A': 'EMPTY', 'B': 'EMPTY'}  busy: {'A': True, 'B': False})
2026-04-15 20:49:49,842 DEBUG    [ApplyLabel] No zone needs label → wait
2026-04-15 20:49:50,343 INFO     [ApplyLabel] Entering state (zones: {'A': 'EMPTY', 'B': 'EMPTY'}  busy: {'A': True, 'B': False})
2026-04-15 20:49:50,343 DEBUG    [ApplyLabel] No zone needs label → wait
2026-04-15 20:49:50,846 INFO     [ApplyLabel] Entering state (zones: {'A': 'EMPTY', 'B': 'EMPTY'}  busy: {'A': True, 'B': False})
2026-04-15 20:49:50,846 DEBUG    [ApplyLabel] No zone needs label → wait
2026-04-15 20:49:51,350 INFO     [ApplyLabel] Entering state (zones: {'A': 'EMPTY', 'B': 'EMPTY'}  busy: {'A': True, 'B': False})
2026-04-15 20:49:51,350 DEBUG    [ApplyLabel] No zone needs label → wait
2026-04-15 20:49:51,852 INFO     [ApplyLabel] Entering state (zones: {'A': 'EMPTY', 'B': 'EMPTY'}  busy: {'A': True, 'B': False})
2026-04-15 20:49:51,852 DEBUG    [ApplyLabel] No zone needs label → wait
2026-04-15 20:49:52,353 INFO     [ApplyLabel] Entering state (zones: {'A': 'EMPTY', 'B': 'EMPTY'}  busy: {'A': True, 'B': False})
2026-04-15 20:49:52,353 DEBUG    [ApplyLabel] No zone needs label → wait
2026-04-15 20:49:52,855 INFO     [ApplyLabel] Entering state (zones: {'A': 'EMPTY', 'B': 'EMPTY'}  busy: {'A': True, 'B': False})
2026-04-15 20:49:52,855 DEBUG    [ApplyLabel] No zone needs label → wait
2026-04-15 20:49:53,356 INFO     [ApplyLabel] Entering state (zones: {'A': 'EMPTY', 'B': 'EMPTY'}  busy: {'A': True, 'B': False})
2026-04-15 20:49:53,356 DEBUG    [ApplyLabel] No zone needs label → wait
2026-04-15 20:49:53,857 INFO     [ApplyLabel] Entering state (zones: {'A': 'EMPTY', 'B': 'EMPTY'}  busy: {'A': True, 'B': False})
2026-04-15 20:49:53,857 DEBUG    [ApplyLabel] No zone needs label → wait
2026-04-15 20:49:54,359 INFO     [ApplyLabel] Entering state (zones: {'A': 'EMPTY', 'B': 'EMPTY'}  busy: {'A': True, 'B': False})
2026-04-15 20:49:54,359 DEBUG    [ApplyLabel] No zone needs label → wait
2026-04-15 20:49:54,861 INFO     [ApplyLabel] Entering state (zones: {'A': 'EMPTY', 'B': 'EMPTY'}  busy: {'A': True, 'B': False})
2026-04-15 20:49:54,861 DEBUG    [ApplyLabel] No zone needs label → wait
2026-04-15 20:49:55,363 INFO     [ApplyLabel] Entering state (zones: {'A': 'EMPTY', 'B': 'EMPTY'}  busy: {'A': True, 'B': False})
2026-04-15 20:49:55,363 DEBUG    [ApplyLabel] No zone needs label → wait
2026-04-15 20:49:55,795 INFO     [Service] /orio/pnp_cup/off → success=True msg='PnP Cup OFF command sent'
2026-04-15 20:49:55,865 INFO     [ApplyLabel] Entering state (zones: {'A': 'EMPTY', 'B': 'EMPTY'}  busy: {'A': True, 'B': False})
2026-04-15 20:49:55,865 DEBUG    [ApplyLabel] No zone needs label → wait
2026-04-15 20:49:56,367 INFO     [ApplyLabel] Entering state (zones: {'A': 'EMPTY', 'B': 'EMPTY'}  busy: {'A': True, 'B': False})
2026-04-15 20:49:56,368 DEBUG    [ApplyLabel] No zone needs label → wait
2026-04-15 20:49:56,869 INFO     [ApplyLabel] Entering state (zones: {'A': 'EMPTY', 'B': 'EMPTY'}  busy: {'A': True, 'B': False})
2026-04-15 20:49:56,869 DEBUG    [ApplyLabel] No zone needs label → wait
2026-04-15 20:49:57,373 INFO     [ApplyLabel] Entering state (zones: {'A': 'EMPTY', 'B': 'EMPTY'}  busy: {'A': True, 'B': False})
2026-04-15 20:49:57,373 DEBUG    [ApplyLabel] No zone needs label → wait
2026-04-15 20:49:57,874 INFO     [ApplyLabel] Entering state (zones: {'A': 'EMPTY', 'B': 'EMPTY'}  busy: {'A': True, 'B': False})
2026-04-15 20:49:57,874 DEBUG    [ApplyLabel] No zone needs label → wait
2026-04-15 20:49:58,376 INFO     [ApplyLabel] Entering state (zones: {'A': 'EMPTY', 'B': 'EMPTY'}  busy: {'A': True, 'B': False})
2026-04-15 20:49:58,376 DEBUG    [ApplyLabel] No zone needs label → wait
2026-04-15 20:49:58,877 INFO     [ApplyLabel] Entering state (zones: {'A': 'EMPTY', 'B': 'EMPTY'}  busy: {'A': True, 'B': False})
2026-04-15 20:49:58,878 DEBUG    [ApplyLabel] No zone needs label → wait
2026-04-15 20:49:59,381 INFO     [ApplyLabel] Entering state (zones: {'A': 'EMPTY', 'B': 'EMPTY'}  busy: {'A': True, 'B': False})
2026-04-15 20:49:59,382 DEBUG    [ApplyLabel] No zone needs label → wait
2026-04-15 20:49:59,577 INFO     [ZoneManager] Zone A: EMPTY → NEEDS_LABEL
2026-04-15 20:49:59,577 INFO     [DropToZone] Exiting: dropped (zone A)
2026-04-15 20:49:59,581 DEBUG    [TaskSelector] Evaluating zone states: {'A': 'NEEDS_LABEL', 'B': 'EMPTY'}  busy: {'A': False, 'B': False}
2026-04-15 20:49:59,581 INFO     [TaskSelector] → do_load (zone B empty)
2026-04-15 20:49:59,585 INFO     [FetchInput] Entering state
2026-04-15 20:49:59,885 INFO     [ApplyLabel] Entering state (zones: {'A': 'NEEDS_LABEL', 'B': 'EMPTY'}  busy: {'A': False, 'B': False})
2026-04-15 20:49:59,885 INFO     [ApplyLabel] Applying label to zone A (zone_number=1, depth=0.0560)
2026-04-15 20:49:59,885 INFO     [compute_label_joints] Requesting label pose for zone 1, item_depth=0.0585
2026-04-15 20:50:00,275 INFO     [Service] /compute_grasps → success=True msg='Published 2 PnP poses.'
2026-04-15 20:50:00,276 INFO     [FetchInput] Grasp pose received: x=0.4007 y=-0.5763 z=0.0249
2026-04-15 20:50:00,276 INFO     [IK] compute_pick_joints called — task_pos=[ 0.4007 -0.5763  0.0249] label_zone=None max_attempts=10 check_collisions=False arm_number=None
2026-04-15 20:50:00,293 INFO     [IK] Arm? compute_pick_joints attempt 1/10 OK — target=([ 0.4007 -0.5763  0.0249]) pre=[-0.3563  0.863  -0.7869 -1.532   0.6763  2.107  -0.5379] final=[-0.5115  0.9621 -0.559  -1.511   0.6178  2.2918 -0.5082] (FK err pre=0.0000 m final=0.0000 m)
2026-04-15 20:50:00,294 INFO     [FetchInput] IK pre_joints:   [-0.3563  0.863  -0.7869 -1.532   0.6763  2.107  -0.5379]
2026-04-15 20:50:00,294 INFO     [FetchInput] IK final_joints: [-0.5115  0.9621 -0.559  -1.511   0.6178  2.2918 -0.5082]
2026-04-15 20:50:00,294 INFO     [FetchInput] Moving to pre-pick
2026-04-15 20:50:01,323 INFO     [Service] /compute_grasps_labelling → success=True msg='Zone1=OK, Zone2=FAIL'
2026-04-15 20:50:01,323 INFO     item_depth=0.0585  X=-0.2466 Y=-0.0114 Z=0.9415  pos(world)=[0.4714 0.2656 0.0385]  task_pos=[0.4714 0.2656 0.0585]  task_ori=[0.6172 0.7868 0.     0.    ]
2026-04-15 20:50:01,324 INFO     [compute_label_joints] Zone 1 received pose: x=0.4714 y=0.2656 z=0.0585  RPY r=180.00 p=0.00 y=103.78 deg
2026-04-15 20:50:01,324 INFO     [IK] compute_pick_joints called — task_pos=[0.4714 0.2656 0.0585] label_zone=1 max_attempts=10 check_collisions=True arm_number=2
2026-04-15 20:50:01,356 INFO     [IK] Arm2 compute_pick_joints attempt 1/10 OK — target=([0.4714 0.2656 0.0585]) pre=[ 0.2334  0.2032  0.2799 -2.2443 -0.0863  2.4379 -0.4522] final=[ 0.4561  0.4138  0.0529 -2.2479 -0.046   2.6607 -0.4806] (FK err pre=0.0000 m final=0.0000 m)
2026-04-15 20:50:01,357 INFO     [ApplyLabel] IK pre_joints=[ 0.2334  0.2032  0.2799 -2.2443 -0.0863  2.4379 -0.4522]  final_joints=[ 0.4561  0.4138  0.0529 -2.2479 -0.046   2.6607 -0.4806]
2026-04-15 20:50:01,357 INFO     [ApplyLabel] Registering label — item='ju' expiry='j\'
2026-04-15 20:50:03,733 INFO     [FetchInput] Descending to pick
2026-04-15 20:50:05,944 INFO     [Service] /orio/pnp_cup/on → success=True msg='PnP Cup ON command sent'
2026-04-15 20:50:06,477 ERROR    [RFID] Service call failed for /inventory/add_item: timeout exceeded while waiting for service /inventory/add_item
2026-04-15 20:50:06,945 INFO     [FetchInput] Retracting to pre-pick height
2026-04-15 20:50:11,884 INFO     [FetchInput] Exiting: succeeded (item_depth=0.0249)
2026-04-15 20:50:11,885 INFO     [DropToZone] Entering state (item_depth=0.0249)
2026-04-15 20:50:11,885 INFO     [DropToZone] Targeting zone B
2026-04-15 20:50:11,895 INFO     [IK] pose_to_joints 'L1_INTER' depth_offset=0.0249 → joints=[-0.3195 -0.4706 -0.3651 -2.613  -0.196   2.1604  0.2475]
2026-04-15 20:50:11,908 INFO     [IK] pose_to_joints 'L2_INTER' depth_offset=0.0249 → joints=[ 0.0808 -0.528   0.5929 -2.6053  0.3381  2.1283  1.2094]
2026-04-15 20:50:11,926 INFO     [IK] pose_to_joints 'LABEL_ZONE_2' depth_offset=0.0349 → joints=[ 0.3534  1.2036 -0.0637 -0.854   0.0672  2.056   1.0845]
2026-04-15 20:50:11,927 INFO     [DropToZone] place_joints for LABEL_ZONE_2: [ 0.3534  1.2036 -0.0637 -0.854   0.0672  2.056   1.0845]
2026-04-15 20:50:16,590 INFO     [Service] /orio/lbl_cup/off → success=True msg='Labelling Cup OFF command sent'
2026-04-15 20:50:19,974 INFO     [IK] pose_to_joints 'LABELLING_SAFE' depth_offset=0.0000 → joints=[-0.065  -1.2718  0.0356 -2.707   0.0343  1.4354  0.7355]
2026-04-15 20:50:20,313 INFO     [Service] /orio/pnp_cup/off → success=True msg='PnP Cup OFF command sent'
2026-04-15 20:50:23,718 INFO     [ZoneManager] Zone A: NEEDS_LABEL → READY_FOR_PICKUP
2026-04-15 20:50:23,718 INFO     [ApplyLabel] Exiting: labeled (zone A)
2026-04-15 20:50:23,720 INFO     [GetLabel] Entering state
2026-04-15 20:50:29,125 INFO     [ZoneManager] Zone B: EMPTY → NEEDS_LABEL
2026-04-15 20:50:29,125 INFO     [DropToZone] Exiting: dropped (zone B)
2026-04-15 20:50:29,126 DEBUG    [TaskSelector] Evaluating zone states: {'A': 'READY_FOR_PICKUP', 'B': 'NEEDS_LABEL'}  busy: {'A': False, 'B': False}
2026-04-15 20:50:29,126 INFO     [TaskSelector] → do_unload (zone A ready)
2026-04-15 20:50:29,127 INFO     [RetrieveFromZone] Entering state
2026-04-15 20:50:29,127 INFO     [RetrieveFromZone] Picking from zone A (depth=0.0560)
2026-04-15 20:50:29,138 INFO     [IK] pose_to_joints 'L1_INTER' depth_offset=0.0560 → joints=[-0.3189 -0.5099 -0.3505 -2.5601 -0.1919  2.0687  0.2501]
2026-04-15 20:50:29,147 INFO     [IK] pose_to_joints 'LABEL_ZONE_1' depth_offset=0.1560 → joints=[-0.233   1.0259 -0.1782 -0.8746  0.1603  1.8895  0.4087]
2026-04-15 20:50:29,161 INFO     [IK] pose_to_joints 'LABEL_ZONE_1' depth_offset=0.0460 → joints=[-0.2373  1.1864 -0.1689 -0.8663  0.1757  2.0414  0.4039]
2026-04-15 20:50:29,162 INFO     [RetrieveFromZone] A pre_pick=[-0.233   1.0259 -0.1782 -0.8746  0.1603  1.8895  0.4087] pick=[-0.2373  1.1864 -0.1689 -0.8663  0.1757  2.0414  0.4039]
2026-04-15 20:50:33,936 INFO     [Service] /orio/lbl_cup/on → success=True msg='Labelling Cup ON command sent'
2026-04-15 20:50:37,362 INFO     [IK] pose_to_joints 'LABELLING_SAFE' depth_offset=0.0000 → joints=[-0.065  -1.2718  0.0356 -2.707   0.0343  1.4354  0.7355]
2026-04-15 20:50:37,918 INFO     [Service] /orio/pnp_cup/on → success=True msg='PnP Cup ON command sent'
2026-04-15 20:50:38,920 INFO     [RetrieveFromZone] Retracting to pre-pick height
2026-04-15 20:50:40,870 INFO     [GetLabel] Exiting: succeeded
2026-04-15 20:50:40,871 INFO     [ApplyLabel] Entering state (zones: {'A': 'READY_FOR_PICKUP', 'B': 'NEEDS_LABEL'}  busy: {'A': True, 'B': False})
2026-04-15 20:50:40,871 INFO     [ApplyLabel] Applying label to zone B (zone_number=2, depth=0.0249)
2026-04-15 20:50:40,871 INFO     [compute_label_joints] Requesting label pose for zone 2, item_depth=0.0274
2026-04-15 20:50:42,277 INFO     [Service] /compute_grasps_labelling → success=True msg='Zone1=FAIL, Zone2=OK'
2026-04-15 20:50:42,277 INFO     item_depth=0.0274  X=0.2845 Y=-0.1219 Z=0.9726  pos(world)=[ 0.5819 -0.2655  0.0074]  task_pos=[ 0.5819 -0.2655  0.0274]  task_ori=[0.9991 0.0432 0.     0.    ]
2026-04-15 20:50:42,278 INFO     [compute_label_joints] Zone 2 received pose: x=0.5819 y=-0.2655 z=0.0274  RPY r=180.00 p=0.00 y=4.96 deg
2026-04-15 20:50:42,278 INFO     [IK] compute_pick_joints called — task_pos=[ 0.5819 -0.2655  0.0274] label_zone=2 max_attempts=10 check_collisions=True arm_number=2
2026-04-15 20:50:42,303 INFO     [IK] Arm2 compute_pick_joints attempt 1/10 OK — target=([ 0.5819 -0.2655  0.0274]) pre=[-0.2377  0.5073 -0.2055 -1.8639  0.1408  2.3573  0.181 ] final=[-0.4406  0.6903  0.0128 -1.8442 -0.0143  2.5344  0.28  ] (FK err pre=0.0000 m final=0.0000 m)
2026-04-15 20:50:42,304 INFO     [ApplyLabel] IK pre_joints=[-0.2377  0.5073 -0.2055 -1.8639  0.1408  2.3573  0.181 ]  final_joints=[-0.4406  0.6903  0.0128 -1.8442 -0.0143  2.5344  0.28  ]
2026-04-15 20:50:42,305 INFO     [ApplyLabel] Registering label — item='ju' expiry='j\'
2026-04-15 20:50:43,848 INFO     [ZoneManager] Zone A: READY_FOR_PICKUP → EMPTY
2026-04-15 20:50:43,849 INFO     [RetrieveFromZone] Exiting: picked (zone A)
2026-04-15 20:50:43,853 INFO     [PlaceOutput] Entering state (retrieved_depth=0.0560)
2026-04-15 20:50:43,935 INFO     [IK] pose_to_joints 'OUTPUT2' depth_offset=0.2060 → joints=[ 1.2352e+00  1.0224e+00  4.0000e-04 -4.6700e-01 -3.0000e-04  1.4928e+00
  2.0208e+00]
2026-04-15 20:50:43,945 INFO     [IK] pose_to_joints 'L2_INTER' depth_offset=0.0560 → joints=[ 0.088  -0.566   0.5602 -2.5528  0.3247  2.0371  1.2101]
2026-04-15 20:50:43,945 INFO     [PlaceOutput] drop_joints: [ 1.2352e+00  1.0224e+00  4.0000e-04 -4.6700e-01 -3.0000e-04  1.4928e+00
  2.0208e+00]
2026-04-15 20:50:47,423 ERROR    [RFID] Service call failed for /inventory/add_item: timeout exceeded while waiting for service /inventory/add_item
2026-04-15 20:50:50,457 INFO     [Service] /orio/pnp_cup/off → success=True msg='PnP Cup OFF command sent'
2026-04-15 20:50:57,637 INFO     [Service] /orio/lbl_cup/off → success=True msg='Labelling Cup OFF command sent'
2026-04-15 20:50:57,935 INFO     [PlaceOutput] Exiting: succeeded (total items placed: 4)
2026-04-15 20:50:57,938 DEBUG    [TaskSelector] Evaluating zone states: {'A': 'EMPTY', 'B': 'NEEDS_LABEL'}  busy: {'A': False, 'B': True}
2026-04-15 20:50:57,939 INFO     [TaskSelector] → do_load (zone A empty)
2026-04-15 20:50:57,940 INFO     [FetchInput] Entering state
2026-04-15 20:50:58,503 INFO     [Service] /compute_grasps → success=True msg='Published 1 PnP poses.'
2026-04-15 20:50:58,504 INFO     [FetchInput] Grasp pose received: x=0.3946 y=-0.3339 z=0.0770
2026-04-15 20:50:58,504 INFO     [IK] compute_pick_joints called — task_pos=[ 0.3946 -0.3339  0.077 ] label_zone=None max_attempts=10 check_collisions=False arm_number=None
2026-04-15 20:50:58,516 INFO     [IK] Arm? compute_pick_joints attempt 1/10 OK — target=([ 0.3946 -0.3339  0.077 ]) pre=[-0.3     0.1079 -0.4021 -2.3207  0.0638  2.4191  0.0375] final=[-0.5442  0.3232 -0.1479 -2.3384  0.1005  2.6562  0.0118] (FK err pre=0.0000 m final=0.0000 m)
2026-04-15 20:50:58,517 INFO     [FetchInput] IK pre_joints:   [-0.3     0.1079 -0.4021 -2.3207  0.0638  2.4191  0.0375]
2026-04-15 20:50:58,517 INFO     [FetchInput] IK final_joints: [-0.5442  0.3232 -0.1479 -2.3384  0.1005  2.6562  0.0118]
2026-04-15 20:50:58,518 INFO     [FetchInput] Moving to pre-pick
2026-04-15 20:51:00,754 INFO     [IK] pose_to_joints 'LABELLING_SAFE' depth_offset=0.0000 → joints=[-0.065  -1.2718  0.0356 -2.707   0.0343  1.4354  0.7355]
2026-04-15 20:51:01,881 INFO     [FetchInput] Descending to pick
2026-04-15 20:51:04,331 INFO     [Service] /orio/pnp_cup/on → success=True msg='PnP Cup ON command sent'
2026-04-15 20:51:04,535 INFO     [ZoneManager] Zone B: NEEDS_LABEL → READY_FOR_PICKUP
2026-04-15 20:51:04,535 INFO     [ApplyLabel] Exiting: labeled (zone B)
2026-04-15 20:51:04,536 INFO     [GetLabel] Entering state
2026-04-15 20:51:05,332 INFO     [FetchInput] Retracting to pre-pick height
2026-04-15 20:51:09,942 INFO     [FetchInput] Exiting: succeeded (item_depth=0.0770)
2026-04-15 20:51:09,945 INFO     [DropToZone] Entering state (item_depth=0.0770)
2026-04-15 20:51:09,945 INFO     [DropToZone] Targeting zone A
2026-04-15 20:51:09,960 INFO     [IK] pose_to_joints 'L1_INTER' depth_offset=0.0770 → joints=[-0.3122 -0.5311 -0.3462 -2.5204 -0.1909  2.0085  0.2534]
2026-04-15 20:51:09,973 INFO     [IK] pose_to_joints 'LABEL_ZONE_1' depth_offset=0.0870 → joints=[-0.2322  1.1121 -0.1747 -0.8965  0.172   1.9969  0.4034]
2026-04-15 20:51:09,974 INFO     [DropToZone] place_joints for LABEL_ZONE_1: [-0.2322  1.1121 -0.1747 -0.8965  0.172   1.9969  0.4034]
2026-04-15 20:51:14,746 INFO     [Service] /orio/lbl_cup/on → success=True msg='Labelling Cup ON command sent'
2026-04-15 20:51:16,890 INFO     [Service] /orio/pnp_cup/off → success=True msg='PnP Cup OFF command sent'
2026-04-15 20:51:18,067 INFO     [IK] pose_to_joints 'LABELLING_SAFE' depth_offset=0.0000 → joints=[-0.065  -1.2718  0.0356 -2.707   0.0343  1.4354  0.7355]
2026-04-15 20:51:21,650 INFO     [GetLabel] Exiting: succeeded
2026-04-15 20:51:21,651 INFO     [ZoneManager] Zone A: EMPTY → NEEDS_LABEL
2026-04-15 20:51:21,651 INFO     [DropToZone] Exiting: dropped (zone A)
2026-04-15 20:51:21,652 INFO     [ApplyLabel] Entering state (zones: {'A': 'NEEDS_LABEL', 'B': 'READY_FOR_PICKUP'}  busy: {'A': False, 'B': False})
2026-04-15 20:51:21,652 INFO     [ApplyLabel] Applying label to zone A (zone_number=1, depth=0.0770)
2026-04-15 20:51:21,652 INFO     [compute_label_joints] Requesting label pose for zone 1, item_depth=0.0795
2026-04-15 20:51:21,652 DEBUG    [TaskSelector] Evaluating zone states: {'A': 'NEEDS_LABEL', 'B': 'READY_FOR_PICKUP'}  busy: {'A': True, 'B': False}
2026-04-15 20:51:21,652 INFO     [TaskSelector] → do_unload (zone B ready)
2026-04-15 20:51:21,653 INFO     [RetrieveFromZone] Entering state
2026-04-15 20:51:21,653 INFO     [RetrieveFromZone] Picking from zone B (depth=0.0249)
2026-04-15 20:51:21,663 INFO     [IK] pose_to_joints 'L2_INTER' depth_offset=0.0249 → joints=[ 0.0808 -0.528   0.5929 -2.6053  0.3381  2.1283  1.2094]
2026-04-15 20:51:21,673 INFO     [IK] pose_to_joints 'LABEL_ZONE_2' depth_offset=0.1249 → joints=[ 0.3181  1.0509  0.0071 -0.8979 -0.0066  1.9488  1.1095]
2026-04-15 20:51:21,692 INFO     [IK] pose_to_joints 'LABEL_ZONE_2' depth_offset=0.0149 → joints=[ 0.3599  1.2511 -0.0794 -0.8195  0.0857  2.068   1.0793]
2026-04-15 20:51:21,693 INFO     [RetrieveFromZone] B pre_pick=[ 0.3181  1.0509  0.0071 -0.8979 -0.0066  1.9488  1.1095] pick=[ 0.3599  1.2511 -0.0794 -0.8195  0.0857  2.068   1.0793]
2026-04-15 20:51:23,034 INFO     [Service] /compute_grasps_labelling → success=True msg='Zone1=OK, Zone2=OK'
2026-04-15 20:51:23,034 INFO     item_depth=0.0795  X=-0.2459 Y=-0.1093 Z=0.9205  pos(world)=[0.5693 0.2649 0.0595]  task_pos=[0.5693 0.2649 0.0795]  task_ori=[0.9991 0.0426 0.     0.    ]
2026-04-15 20:51:23,035 INFO     [compute_label_joints] Zone 1 received pose: x=0.5693 y=0.2649 z=0.0795  RPY r=180.00 p=0.00 y=4.88 deg
2026-04-15 20:51:23,035 INFO     [IK] compute_pick_joints called — task_pos=[0.5693 0.2649 0.0795] label_zone=1 max_attempts=10 check_collisions=True arm_number=2
2026-04-15 20:51:23,055 INFO     [IK] Arm2 compute_pick_joints attempt 1/10 OK — target=([0.5693 0.2649 0.0795]) pre=[ 0.2345  0.392   0.2171 -1.8951 -0.1082  2.2758  1.2061] final=[ 0.4196  0.5565  0.0166 -1.9157 -0.0141  2.472   1.145 ] (FK err pre=0.0000 m final=0.0000 m)
2026-04-15 20:51:23,056 INFO     [ApplyLabel] IK pre_joints=[ 0.2345  0.392   0.2171 -1.8951 -0.1082  2.2758  1.2061]  final_joints=[ 0.4196  0.5565  0.0166 -1.9157 -0.0141  2.472   1.145 ]
2026-04-15 20:51:23,056 INFO     [ApplyLabel] Registering label — item='ju' expiry='j\'
2026-04-15 20:51:28,172 ERROR    [RFID] Service call failed for /inventory/add_item: timeout exceeded while waiting for service /inventory/add_item
2026-04-15 20:51:30,734 INFO     [Service] /orio/pnp_cup/on → success=True msg='PnP Cup ON command sent'
2026-04-15 20:51:31,735 INFO     [RetrieveFromZone] Retracting to pre-pick height
2026-04-15 20:51:38,387 INFO     [Service] /orio/lbl_cup/off → success=True msg='Labelling Cup OFF command sent'
2026-04-15 20:51:38,683 INFO     [ZoneManager] Zone B: READY_FOR_PICKUP → EMPTY
2026-04-15 20:51:38,684 INFO     [RetrieveFromZone] Exiting: picked (zone B)
2026-04-15 20:51:38,685 INFO     [PlaceOutput] Entering state (retrieved_depth=0.0249)
2026-04-15 20:51:38,697 INFO     [IK] pose_to_joints 'OUTPUT1' depth_offset=0.1749 → joints=[-1.382  -0.8482  2.6143 -0.925   0.39    1.6907  2.1282]
2026-04-15 20:51:38,706 INFO     [IK] pose_to_joints 'L2_INTER' depth_offset=0.0249 → joints=[ 0.0808 -0.528   0.5929 -2.6053  0.3381  2.1283  1.2094]
2026-04-15 20:51:38,706 INFO     [PlaceOutput] drop_joints: [-1.382  -0.8482  2.6143 -0.925   0.39    1.6907  2.1282]
2026-04-15 20:51:41,610 INFO     [IK] pose_to_joints 'LABELLING_SAFE' depth_offset=0.0000 → joints=[-0.065  -1.2718  0.0356 -2.707   0.0343  1.4354  0.7355]
2026-04-15 20:51:44,536 INFO     [Service] /orio/pnp_cup/off → success=True msg='PnP Cup OFF command sent'
2026-04-15 20:51:45,310 INFO     [ZoneManager] Zone A: NEEDS_LABEL → READY_FOR_PICKUP
2026-04-15 20:51:45,310 INFO     [ApplyLabel] Exiting: labeled (zone A)
2026-04-15 20:51:45,311 INFO     [GetLabel] Entering state
2026-04-15 20:51:50,716 INFO     [PlaceOutput] Exiting: succeeded (total items placed: 5)
2026-04-15 20:51:50,719 DEBUG    [TaskSelector] Evaluating zone states: {'A': 'READY_FOR_PICKUP', 'B': 'EMPTY'}  busy: {'A': False, 'B': False}
2026-04-15 20:51:50,719 INFO     [TaskSelector] → do_unload (zone A ready)
2026-04-15 20:51:50,721 INFO     [RetrieveFromZone] Entering state
2026-04-15 20:51:50,721 INFO     [RetrieveFromZone] Picking from zone A (depth=0.0770)
2026-04-15 20:51:50,734 INFO     [IK] pose_to_joints 'L1_INTER' depth_offset=0.0770 → joints=[-0.3122 -0.5311 -0.3462 -2.5204 -0.1909  2.0085  0.2534]
2026-04-15 20:51:50,745 INFO     [IK] pose_to_joints 'LABEL_ZONE_1' depth_offset=0.1770 → joints=[-0.2359  1.0103 -0.1772 -0.8485  0.1559  1.8484  0.4116]
2026-04-15 20:51:50,757 INFO     [IK] pose_to_joints 'LABEL_ZONE_1' depth_offset=0.0670 → joints=[-0.2344  1.1461 -0.1719 -0.8861  0.1739  2.0206  0.4034]
2026-04-15 20:51:50,757 INFO     [RetrieveFromZone] A pre_pick=[-0.2359  1.0103 -0.1772 -0.8485  0.1559  1.8484  0.4116] pick=[-0.2344  1.1461 -0.1719 -0.8861  0.1739  2.0206  0.4034]
2026-04-15 20:51:55,522 INFO     [Service] /orio/lbl_cup/on → success=True msg='Labelling Cup ON command sent'
2026-04-15 20:51:58,955 INFO     [IK] pose_to_joints 'LABELLING_SAFE' depth_offset=0.0000 → joints=[-0.065  -1.2718  0.0356 -2.707   0.0343  1.4354  0.7355]
2026-04-15 20:51:59,523 INFO     [Service] /orio/pnp_cup/on → success=True msg='PnP Cup ON command sent'
2026-04-15 20:52:00,524 INFO     [RetrieveFromZone] Retracting to pre-pick height
2026-04-15 20:52:02,460 INFO     [GetLabel] Exiting: succeeded
2026-04-15 20:52:02,462 INFO     [ApplyLabel] Entering state (zones: {'A': 'READY_FOR_PICKUP', 'B': 'EMPTY'}  busy: {'A': True, 'B': False})
2026-04-15 20:52:02,463 DEBUG    [ApplyLabel] No zone needs label → wait
2026-04-15 20:52:02,965 INFO     [ApplyLabel] Entering state (zones: {'A': 'READY_FOR_PICKUP', 'B': 'EMPTY'}  busy: {'A': True, 'B': False})
2026-04-15 20:52:02,965 DEBUG    [ApplyLabel] No zone needs label → wait
2026-04-15 20:52:03,467 INFO     [ApplyLabel] Entering state (zones: {'A': 'READY_FOR_PICKUP', 'B': 'EMPTY'}  busy: {'A': True, 'B': False})
2026-04-15 20:52:03,467 DEBUG    [ApplyLabel] No zone needs label → wait
2026-04-15 20:52:03,969 INFO     [ApplyLabel] Entering state (zones: {'A': 'READY_FOR_PICKUP', 'B': 'EMPTY'}  busy: {'A': True, 'B': False})
2026-04-15 20:52:03,969 DEBUG    [ApplyLabel] No zone needs label → wait
2026-04-15 20:52:04,471 INFO     [ApplyLabel] Entering state (zones: {'A': 'READY_FOR_PICKUP', 'B': 'EMPTY'}  busy: {'A': True, 'B': False})
2026-04-15 20:52:04,471 DEBUG    [ApplyLabel] No zone needs label → wait
2026-04-15 20:52:04,973 INFO     [ApplyLabel] Entering state (zones: {'A': 'READY_FOR_PICKUP', 'B': 'EMPTY'}  busy: {'A': True, 'B': False})
2026-04-15 20:52:04,973 DEBUG    [ApplyLabel] No zone needs label → wait
2026-04-15 20:52:05,457 INFO     [ZoneManager] Zone A: READY_FOR_PICKUP → EMPTY
2026-04-15 20:52:05,457 INFO     [RetrieveFromZone] Exiting: picked (zone A)
2026-04-15 20:52:05,458 INFO     [PlaceOutput] Entering state (retrieved_depth=0.0770)
2026-04-15 20:52:05,484 INFO     [ApplyLabel] Entering state (zones: {'A': 'EMPTY', 'B': 'EMPTY'}  busy: {'A': False, 'B': False})
2026-04-15 20:52:05,486 DEBUG    [ApplyLabel] No zone needs label → wait
2026-04-15 20:52:05,557 INFO     [IK] pose_to_joints 'OUTPUT2' depth_offset=0.2270 → joints=[ 1.2352e+00  9.9570e-01  4.0000e-04 -4.6700e-01 -4.0000e-04  1.4670e+00
  2.0208e+00]
2026-04-15 20:52:05,566 INFO     [IK] pose_to_joints 'L2_INTER' depth_offset=0.0770 → joints=[ 0.1273 -0.5739  0.5088 -2.515   0.293   1.9847  1.23  ]
2026-04-15 20:52:05,567 INFO     [PlaceOutput] drop_joints: [ 1.2352e+00  9.9570e-01  4.0000e-04 -4.6700e-01 -4.0000e-04  1.4670e+00
  2.0208e+00]
2026-04-15 20:52:05,990 INFO     [ApplyLabel] Entering state (zones: {'A': 'EMPTY', 'B': 'EMPTY'}  busy: {'A': False, 'B': False})
2026-04-15 20:52:05,990 DEBUG    [ApplyLabel] No zone needs label → wait
2026-04-15 20:52:06,493 INFO     [ApplyLabel] Entering state (zones: {'A': 'EMPTY', 'B': 'EMPTY'}  busy: {'A': False, 'B': False})
2026-04-15 20:52:06,493 DEBUG    [ApplyLabel] No zone needs label → wait
2026-04-15 20:52:06,994 INFO     [ApplyLabel] Entering state (zones: {'A': 'EMPTY', 'B': 'EMPTY'}  busy: {'A': False, 'B': False})
2026-04-15 20:52:06,994 DEBUG    [ApplyLabel] No zone needs label → wait
2026-04-15 20:52:07,498 INFO     [ApplyLabel] Entering state (zones: {'A': 'EMPTY', 'B': 'EMPTY'}  busy: {'A': False, 'B': False})
2026-04-15 20:52:07,498 DEBUG    [ApplyLabel] No zone needs label → wait
2026-04-15 20:52:07,999 INFO     [ApplyLabel] Entering state (zones: {'A': 'EMPTY', 'B': 'EMPTY'}  busy: {'A': False, 'B': False})
2026-04-15 20:52:07,999 DEBUG    [ApplyLabel] No zone needs label → wait
2026-04-15 20:52:08,504 INFO     [ApplyLabel] Entering state (zones: {'A': 'EMPTY', 'B': 'EMPTY'}  busy: {'A': False, 'B': False})
2026-04-15 20:52:08,504 DEBUG    [ApplyLabel] No zone needs label → wait
2026-04-15 20:52:09,005 INFO     [ApplyLabel] Entering state (zones: {'A': 'EMPTY', 'B': 'EMPTY'}  busy: {'A': False, 'B': False})
2026-04-15 20:52:09,005 DEBUG    [ApplyLabel] No zone needs label → wait
2026-04-15 20:52:09,508 INFO     [ApplyLabel] Entering state (zones: {'A': 'EMPTY', 'B': 'EMPTY'}  busy: {'A': False, 'B': False})
2026-04-15 20:52:09,509 DEBUG    [ApplyLabel] No zone needs label → wait
2026-04-15 20:52:10,010 INFO     [ApplyLabel] Entering state (zones: {'A': 'EMPTY', 'B': 'EMPTY'}  busy: {'A': False, 'B': False})
2026-04-15 20:52:10,010 DEBUG    [ApplyLabel] No zone needs label → wait
2026-04-15 20:52:10,514 INFO     [ApplyLabel] Entering state (zones: {'A': 'EMPTY', 'B': 'EMPTY'}  busy: {'A': False, 'B': False})
2026-04-15 20:52:10,515 DEBUG    [ApplyLabel] No zone needs label → wait
2026-04-15 20:52:11,017 INFO     [ApplyLabel] Entering state (zones: {'A': 'EMPTY', 'B': 'EMPTY'}  busy: {'A': False, 'B': False})
2026-04-15 20:52:11,017 DEBUG    [ApplyLabel] No zone needs label → wait
2026-04-15 20:52:11,520 INFO     [ApplyLabel] Entering state (zones: {'A': 'EMPTY', 'B': 'EMPTY'}  busy: {'A': False, 'B': False})
2026-04-15 20:52:11,520 DEBUG    [ApplyLabel] No zone needs label → wait
2026-04-15 20:52:12,022 INFO     [ApplyLabel] Entering state (zones: {'A': 'EMPTY', 'B': 'EMPTY'}  busy: {'A': False, 'B': False})
2026-04-15 20:52:12,022 DEBUG    [ApplyLabel] No zone needs label → wait
2026-04-15 20:52:12,192 INFO     [Service] /orio/pnp_cup/off → success=True msg='PnP Cup OFF command sent'
2026-04-15 20:52:12,524 INFO     [ApplyLabel] Entering state (zones: {'A': 'EMPTY', 'B': 'EMPTY'}  busy: {'A': False, 'B': False})
2026-04-15 20:52:12,524 DEBUG    [ApplyLabel] No zone needs label → wait
2026-04-15 20:52:13,025 INFO     [ApplyLabel] Entering state (zones: {'A': 'EMPTY', 'B': 'EMPTY'}  busy: {'A': False, 'B': False})
2026-04-15 20:52:13,025 DEBUG    [ApplyLabel] No zone needs label → wait
2026-04-15 20:52:13,527 INFO     [ApplyLabel] Entering state (zones: {'A': 'EMPTY', 'B': 'EMPTY'}  busy: {'A': False, 'B': False})
2026-04-15 20:52:13,528 DEBUG    [ApplyLabel] No zone needs label → wait
2026-04-15 20:52:14,029 INFO     [ApplyLabel] Entering state (zones: {'A': 'EMPTY', 'B': 'EMPTY'}  busy: {'A': False, 'B': False})
2026-04-15 20:52:14,029 DEBUG    [ApplyLabel] No zone needs label → wait
2026-04-15 20:52:14,533 INFO     [ApplyLabel] Entering state (zones: {'A': 'EMPTY', 'B': 'EMPTY'}  busy: {'A': False, 'B': False})
2026-04-15 20:52:14,533 DEBUG    [ApplyLabel] No zone needs label → wait
2026-04-15 20:52:15,035 INFO     [ApplyLabel] Entering state (zones: {'A': 'EMPTY', 'B': 'EMPTY'}  busy: {'A': False, 'B': False})
2026-04-15 20:52:15,035 DEBUG    [ApplyLabel] No zone needs label → wait
2026-04-15 20:52:15,538 INFO     [ApplyLabel] Entering state (zones: {'A': 'EMPTY', 'B': 'EMPTY'}  busy: {'A': False, 'B': False})
2026-04-15 20:52:15,538 DEBUG    [ApplyLabel] No zone needs label → wait
2026-04-15 20:52:15,946 INFO     [PlaceOutput] Exiting: succeeded (total items placed: 6)
2026-04-15 20:52:15,950 DEBUG    [TaskSelector] Evaluating zone states: {'A': 'EMPTY', 'B': 'EMPTY'}  busy: {'A': False, 'B': False}
2026-04-15 20:52:15,950 INFO     [TaskSelector] → do_load (zone A empty)
2026-04-15 20:52:15,951 INFO     [FetchInput] Entering state
2026-04-15 20:52:16,040 INFO     [ApplyLabel] Entering state (zones: {'A': 'EMPTY', 'B': 'EMPTY'}  busy: {'A': False, 'B': False})
2026-04-15 20:52:16,040 DEBUG    [ApplyLabel] No zone needs label → wait
2026-04-15 20:52:16,227 INFO     [Service] /compute_grasps → success=False msg='GroundingDINO found 0 objects.'
2026-04-15 20:52:16,227 ERROR    [FetchInput] /compute_grasps service failed → exiting: failed
2026-04-15 20:52:16,230 DEBUG    [TaskSelector] Evaluating zone states: {'A': 'EMPTY', 'B': 'EMPTY'}  busy: {'A': False, 'B': False}
2026-04-15 20:52:16,230 INFO     [TaskSelector] → do_load (zone A empty)
2026-04-15 20:52:16,233 INFO     [FetchInput] Entering state
2026-04-15 20:52:16,489 INFO     [Service] /compute_grasps → success=False msg='GroundingDINO found 0 objects.'
2026-04-15 20:52:16,489 ERROR    [FetchInput] /compute_grasps service failed → exiting: failed
2026-04-15 20:52:16,491 DEBUG    [TaskSelector] Evaluating zone states: {'A': 'EMPTY', 'B': 'EMPTY'}  busy: {'A': False, 'B': False}
2026-04-15 20:52:16,491 INFO     [TaskSelector] → do_load (zone A empty)
2026-04-15 20:52:16,492 INFO     [FetchInput] Entering state
2026-04-15 20:52:16,542 INFO     [ApplyLabel] Entering state (zones: {'A': 'EMPTY', 'B': 'EMPTY'}  busy: {'A': False, 'B': False})
2026-04-15 20:52:16,542 DEBUG    [ApplyLabel] No zone needs label → wait
2026-04-15 20:52:16,757 INFO     [Service] /compute_grasps → success=False msg='GroundingDINO found 0 objects.'
2026-04-15 20:52:16,757 ERROR    [FetchInput] /compute_grasps service failed → exiting: failed
2026-04-15 20:52:16,760 DEBUG    [TaskSelector] Evaluating zone states: {'A': 'EMPTY', 'B': 'EMPTY'}  busy: {'A': False, 'B': False}
2026-04-15 20:52:16,760 INFO     [TaskSelector] → do_load (zone A empty)
2026-04-15 20:52:16,762 INFO     [FetchInput] Entering state
2026-04-15 20:52:17,040 INFO     [Service] /compute_grasps → success=False msg='GroundingDINO found 0 objects.'
2026-04-15 20:52:17,040 ERROR    [FetchInput] /compute_grasps service failed → exiting: failed
2026-04-15 20:52:17,041 DEBUG    [TaskSelector] Evaluating zone states: {'A': 'EMPTY', 'B': 'EMPTY'}  busy: {'A': False, 'B': False}
2026-04-15 20:52:17,041 INFO     [TaskSelector] → do_load (zone A empty)
2026-04-15 20:52:17,042 INFO     [FetchInput] Entering state
2026-04-15 20:52:17,044 INFO     [ApplyLabel] Entering state (zones: {'A': 'EMPTY', 'B': 'EMPTY'}  busy: {'A': False, 'B': False})
2026-04-15 20:52:17,044 DEBUG    [ApplyLabel] No zone needs label → wait
2026-04-15 20:52:17,291 INFO     [Service] /compute_grasps → success=False msg='GroundingDINO found 0 objects.'
2026-04-15 20:52:17,291 ERROR    [FetchInput] /compute_grasps service failed → exiting: failed
2026-04-15 20:52:17,294 DEBUG    [TaskSelector] Evaluating zone states: {'A': 'EMPTY', 'B': 'EMPTY'}  busy: {'A': False, 'B': False}
2026-04-15 20:52:17,294 INFO     [TaskSelector] → do_load (zone A empty)
2026-04-15 20:52:17,295 INFO     [FetchInput] Entering state
2026-04-15 20:52:17,546 INFO     [ApplyLabel] Entering state (zones: {'A': 'EMPTY', 'B': 'EMPTY'}  busy: {'A': False, 'B': False})
2026-04-15 20:52:17,546 DEBUG    [ApplyLabel] No zone needs label → wait
2026-04-15 20:52:17,552 INFO     [Service] /compute_grasps → success=False msg='GroundingDINO found 0 objects.'
2026-04-15 20:52:17,552 ERROR    [FetchInput] /compute_grasps service failed → exiting: failed
2026-04-15 20:52:17,554 DEBUG    [TaskSelector] Evaluating zone states: {'A': 'EMPTY', 'B': 'EMPTY'}  busy: {'A': False, 'B': False}
2026-04-15 20:52:17,554 INFO     [TaskSelector] → do_load (zone A empty)
2026-04-15 20:52:17,555 INFO     [FetchInput] Entering state
2026-04-15 20:52:17,812 INFO     [Service] /compute_grasps → success=False msg='GroundingDINO found 0 objects.'
2026-04-15 20:52:17,812 ERROR    [FetchInput] /compute_grasps service failed → exiting: failed
2026-04-15 20:52:17,816 DEBUG    [TaskSelector] Evaluating zone states: {'A': 'EMPTY', 'B': 'EMPTY'}  busy: {'A': False, 'B': False}
2026-04-15 20:52:17,816 INFO     [TaskSelector] → do_load (zone A empty)
2026-04-15 20:52:17,819 INFO     [FetchInput] Entering state
2026-04-15 20:52:18,048 INFO     [ApplyLabel] Entering state (zones: {'A': 'EMPTY', 'B': 'EMPTY'}  busy: {'A': False, 'B': False})
2026-04-15 20:52:18,049 DEBUG    [ApplyLabel] No zone needs label → wait
2026-04-15 20:52:18,093 INFO     [Service] /compute_grasps → success=False msg='GroundingDINO found 0 objects.'
2026-04-15 20:52:18,093 ERROR    [FetchInput] /compute_grasps service failed → exiting: failed
2026-04-15 20:52:18,094 DEBUG    [TaskSelector] Evaluating zone states: {'A': 'EMPTY', 'B': 'EMPTY'}  busy: {'A': False, 'B': False}
2026-04-15 20:52:18,094 INFO     [TaskSelector] → do_load (zone A empty)
2026-04-15 20:52:18,096 INFO     [FetchInput] Entering state
2026-04-15 20:52:18,359 INFO     [Service] /compute_grasps → success=False msg='GroundingDINO found 0 objects.'
2026-04-15 20:52:18,360 ERROR    [FetchInput] /compute_grasps service failed → exiting: failed
2026-04-15 20:52:18,361 DEBUG    [TaskSelector] Evaluating zone states: {'A': 'EMPTY', 'B': 'EMPTY'}  busy: {'A': False, 'B': False}
2026-04-15 20:52:18,361 INFO     [TaskSelector] → do_load (zone A empty)
2026-04-15 20:52:18,362 INFO     [FetchInput] Entering state
2026-04-15 20:52:18,551 INFO     [ApplyLabel] Entering state (zones: {'A': 'EMPTY', 'B': 'EMPTY'}  busy: {'A': False, 'B': False})
2026-04-15 20:52:18,551 DEBUG    [ApplyLabel] No zone needs label → wait
2026-04-15 20:52:18,632 INFO     [Service] /compute_grasps → success=False msg='GroundingDINO found 0 objects.'
2026-04-15 20:52:18,632 ERROR    [FetchInput] /compute_grasps service failed → exiting: failed
2026-04-15 20:52:18,634 DEBUG    [TaskSelector] Evaluating zone states: {'A': 'EMPTY', 'B': 'EMPTY'}  busy: {'A': False, 'B': False}
2026-04-15 20:52:18,634 INFO     [TaskSelector] → do_load (zone A empty)
2026-04-15 20:52:18,635 INFO     [FetchInput] Entering state
2026-04-15 20:52:18,908 INFO     [Service] /compute_grasps → success=False msg='GroundingDINO found 0 objects.'
2026-04-15 20:52:18,908 ERROR    [FetchInput] /compute_grasps service failed → exiting: failed
2026-04-15 20:52:18,911 DEBUG    [TaskSelector] Evaluating zone states: {'A': 'EMPTY', 'B': 'EMPTY'}  busy: {'A': False, 'B': False}
2026-04-15 20:52:18,912 INFO     [TaskSelector] → do_load (zone A empty)
2026-04-15 20:52:18,914 INFO     [FetchInput] Entering state
2026-04-15 20:52:19,054 INFO     [ApplyLabel] Entering state (zones: {'A': 'EMPTY', 'B': 'EMPTY'}  busy: {'A': False, 'B': False})
2026-04-15 20:52:19,054 DEBUG    [ApplyLabel] No zone needs label → wait
2026-04-15 20:52:19,171 INFO     [Service] /compute_grasps → success=False msg='GroundingDINO found 0 objects.'
2026-04-15 20:52:19,171 ERROR    [FetchInput] /compute_grasps service failed → exiting: failed
2026-04-15 20:52:19,174 DEBUG    [TaskSelector] Evaluating zone states: {'A': 'EMPTY', 'B': 'EMPTY'}  busy: {'A': False, 'B': False}
2026-04-15 20:52:19,174 INFO     [TaskSelector] → do_load (zone A empty)
2026-04-15 20:52:19,175 INFO     [FetchInput] Entering state
2026-04-15 20:52:19,441 INFO     [Service] /compute_grasps → success=False msg='GroundingDINO found 0 objects.'
2026-04-15 20:52:19,441 ERROR    [FetchInput] /compute_grasps service failed → exiting: failed
2026-04-15 20:52:19,446 DEBUG    [TaskSelector] Evaluating zone states: {'A': 'EMPTY', 'B': 'EMPTY'}  busy: {'A': False, 'B': False}
2026-04-15 20:52:19,446 INFO     [TaskSelector] → do_load (zone A empty)
2026-04-15 20:52:19,451 INFO     [FetchInput] Entering state
2026-04-15 20:52:19,556 INFO     [ApplyLabel] Entering state (zones: {'A': 'EMPTY', 'B': 'EMPTY'}  busy: {'A': False, 'B': False})
2026-04-15 20:52:19,556 DEBUG    [ApplyLabel] No zone needs label → wait
2026-04-15 20:52:19,725 INFO     [Service] /compute_grasps → success=False msg='GroundingDINO found 0 objects.'
2026-04-15 20:52:19,725 ERROR    [FetchInput] /compute_grasps service failed → exiting: failed
2026-04-15 20:52:19,726 DEBUG    [TaskSelector] Evaluating zone states: {'A': 'EMPTY', 'B': 'EMPTY'}  busy: {'A': False, 'B': False}
2026-04-15 20:52:19,726 INFO     [TaskSelector] → do_load (zone A empty)
2026-04-15 20:52:19,727 INFO     [FetchInput] Entering state
2026-04-15 20:52:19,972 INFO     [Service] /compute_grasps → success=False msg='GroundingDINO found 0 objects.'
2026-04-15 20:52:19,972 ERROR    [FetchInput] /compute_grasps service failed → exiting: failed
2026-04-15 20:52:19,973 DEBUG    [TaskSelector] Evaluating zone states: {'A': 'EMPTY', 'B': 'EMPTY'}  busy: {'A': False, 'B': False}
2026-04-15 20:52:19,973 INFO     [TaskSelector] → do_load (zone A empty)
2026-04-15 20:52:19,974 INFO     [FetchInput] Entering state
2026-04-15 20:52:20,059 INFO     [ApplyLabel] Entering state (zones: {'A': 'EMPTY', 'B': 'EMPTY'}  busy: {'A': False, 'B': False})
2026-04-15 20:52:20,059 DEBUG    [ApplyLabel] No zone needs label → wait
2026-04-15 20:52:20,242 INFO     [Service] /compute_grasps → success=False msg='GroundingDINO found 0 objects.'
2026-04-15 20:52:20,242 ERROR    [FetchInput] /compute_grasps service failed → exiting: failed
2026-04-15 20:52:20,245 DEBUG    [TaskSelector] Evaluating zone states: {'A': 'EMPTY', 'B': 'EMPTY'}  busy: {'A': False, 'B': False}
2026-04-15 20:52:20,245 INFO     [TaskSelector] → do_load (zone A empty)
2026-04-15 20:52:20,248 INFO     [FetchInput] Entering state
2026-04-15 20:52:20,508 INFO     [Service] /compute_grasps → success=False msg='GroundingDINO found 0 objects.'
2026-04-15 20:52:20,508 ERROR    [FetchInput] /compute_grasps service failed → exiting: failed
2026-04-15 20:52:20,511 DEBUG    [TaskSelector] Evaluating zone states: {'A': 'EMPTY', 'B': 'EMPTY'}  busy: {'A': False, 'B': False}
2026-04-15 20:52:20,512 INFO     [TaskSelector] → do_load (zone A empty)
2026-04-15 20:52:20,515 INFO     [FetchInput] Entering state
2026-04-15 20:52:20,560 INFO     [ApplyLabel] Entering state (zones: {'A': 'EMPTY', 'B': 'EMPTY'}  busy: {'A': False, 'B': False})
2026-04-15 20:52:20,561 DEBUG    [ApplyLabel] No zone needs label → wait
2026-04-15 20:52:20,775 INFO     [Service] /compute_grasps → success=False msg='GroundingDINO found 0 objects.'
2026-04-15 20:52:20,775 ERROR    [FetchInput] /compute_grasps service failed → exiting: failed
2026-04-15 20:52:20,776 DEBUG    [TaskSelector] Evaluating zone states: {'A': 'EMPTY', 'B': 'EMPTY'}  busy: {'A': False, 'B': False}
2026-04-15 20:52:20,777 INFO     [TaskSelector] → do_load (zone A empty)
2026-04-15 20:52:20,777 INFO     [FetchInput] Entering state
2026-04-15 20:52:21,051 INFO     [Service] /compute_grasps → success=False msg='GroundingDINO found 0 objects.'
2026-04-15 20:52:21,051 ERROR    [FetchInput] /compute_grasps service failed → exiting: failed
2026-04-15 20:52:21,057 DEBUG    [TaskSelector] Evaluating zone states: {'A': 'EMPTY', 'B': 'EMPTY'}  busy: {'A': False, 'B': False}
2026-04-15 20:52:21,057 INFO     [TaskSelector] → do_load (zone A empty)
2026-04-15 20:52:21,059 INFO     [FetchInput] Entering state
2026-04-15 20:52:21,063 INFO     [ApplyLabel] Entering state (zones: {'A': 'EMPTY', 'B': 'EMPTY'}  busy: {'A': False, 'B': False})
2026-04-15 20:52:21,063 DEBUG    [ApplyLabel] No zone needs label → wait
2026-04-15 20:52:21,332 INFO     [Service] /compute_grasps → success=False msg='GroundingDINO found 0 objects.'
2026-04-15 20:52:21,332 ERROR    [FetchInput] /compute_grasps service failed → exiting: failed
2026-04-15 20:52:21,334 DEBUG    [TaskSelector] Evaluating zone states: {'A': 'EMPTY', 'B': 'EMPTY'}  busy: {'A': False, 'B': False}
2026-04-15 20:52:21,334 INFO     [TaskSelector] → do_load (zone A empty)
2026-04-15 20:52:21,335 INFO     [FetchInput] Entering state
2026-04-15 20:52:21,566 INFO     [ApplyLabel] Entering state (zones: {'A': 'EMPTY', 'B': 'EMPTY'}  busy: {'A': False, 'B': False})
2026-04-15 20:52:21,566 DEBUG    [ApplyLabel] No zone needs label → wait
2026-04-15 20:52:21,591 INFO     [Service] /compute_grasps → success=False msg='GroundingDINO found 0 objects.'
2026-04-15 20:52:21,591 ERROR    [FetchInput] /compute_grasps service failed → exiting: failed
2026-04-15 20:52:21,594 DEBUG    [TaskSelector] Evaluating zone states: {'A': 'EMPTY', 'B': 'EMPTY'}  busy: {'A': False, 'B': False}
2026-04-15 20:52:21,594 INFO     [TaskSelector] → do_load (zone A empty)
2026-04-15 20:52:21,595 INFO     [FetchInput] Entering state
2026-04-15 20:52:21,858 INFO     [Service] /compute_grasps → success=False msg='GroundingDINO found 0 objects.'
2026-04-15 20:52:21,859 ERROR    [FetchInput] /compute_grasps service failed → exiting: failed
2026-04-15 20:52:21,861 DEBUG    [TaskSelector] Evaluating zone states: {'A': 'EMPTY', 'B': 'EMPTY'}  busy: {'A': False, 'B': False}
2026-04-15 20:52:21,861 INFO     [TaskSelector] → do_load (zone A empty)
2026-04-15 20:52:21,862 INFO     [FetchInput] Entering state
2026-04-15 20:52:22,069 INFO     [ApplyLabel] Entering state (zones: {'A': 'EMPTY', 'B': 'EMPTY'}  busy: {'A': False, 'B': False})
2026-04-15 20:52:22,069 DEBUG    [ApplyLabel] No zone needs label → wait
2026-04-15 20:52:22,122 INFO     [Service] /compute_grasps → success=False msg='GroundingDINO found 0 objects.'
2026-04-15 20:52:22,122 ERROR    [FetchInput] /compute_grasps service failed → exiting: failed
2026-04-15 20:52:22,126 DEBUG    [TaskSelector] Evaluating zone states: {'A': 'EMPTY', 'B': 'EMPTY'}  busy: {'A': False, 'B': False}
2026-04-15 20:52:22,126 INFO     [TaskSelector] → do_load (zone A empty)
2026-04-15 20:52:22,128 INFO     [FetchInput] Entering state
2026-04-15 20:52:22,390 INFO     [Service] /compute_grasps → success=False msg='GroundingDINO found 0 objects.'
2026-04-15 20:52:22,390 ERROR    [FetchInput] /compute_grasps service failed → exiting: failed
2026-04-15 20:52:22,392 DEBUG    [TaskSelector] Evaluating zone states: {'A': 'EMPTY', 'B': 'EMPTY'}  busy: {'A': False, 'B': False}
2026-04-15 20:52:22,392 INFO     [TaskSelector] → do_load (zone A empty)
2026-04-15 20:52:22,394 INFO     [FetchInput] Entering state
2026-04-15 20:52:22,571 INFO     [ApplyLabel] Entering state (zones: {'A': 'EMPTY', 'B': 'EMPTY'}  busy: {'A': False, 'B': False})
2026-04-15 20:52:22,571 DEBUG    [ApplyLabel] No zone needs label → wait
2026-04-15 20:52:22,663 INFO     [Service] /compute_grasps → success=False msg='GroundingDINO found 0 objects.'
2026-04-15 20:52:22,664 ERROR    [FetchInput] /compute_grasps service failed → exiting: failed
2026-04-15 20:52:22,668 DEBUG    [TaskSelector] Evaluating zone states: {'A': 'EMPTY', 'B': 'EMPTY'}  busy: {'A': False, 'B': False}
2026-04-15 20:52:22,668 INFO     [TaskSelector] → do_load (zone A empty)
2026-04-15 20:52:22,671 INFO     [FetchInput] Entering state
2026-04-15 20:52:22,945 INFO     [Service] /compute_grasps → success=False msg='GroundingDINO found 0 objects.'
2026-04-15 20:52:22,945 ERROR    [FetchInput] /compute_grasps service failed → exiting: failed
2026-04-15 20:52:22,947 DEBUG    [TaskSelector] Evaluating zone states: {'A': 'EMPTY', 'B': 'EMPTY'}  busy: {'A': False, 'B': False}
2026-04-15 20:52:22,947 INFO     [TaskSelector] → do_load (zone A empty)
2026-04-15 20:52:22,948 INFO     [FetchInput] Entering state
2026-04-15 20:52:23,074 INFO     [ApplyLabel] Entering state (zones: {'A': 'EMPTY', 'B': 'EMPTY'}  busy: {'A': False, 'B': False})
2026-04-15 20:52:23,074 DEBUG    [ApplyLabel] No zone needs label → wait
2026-04-15 20:52:23,120 WARNING  [Main] Shutting down: turning off both vacuums
2026-04-15 20:52:23,120 INFO     [Main] Total items placed at output: 6
2026-04-15 20:52:23,124 INFO     [Service] /orio/pnp_cup/off → success=True msg='PnP Cup OFF command sent'
2026-04-15 20:52:23,126 INFO     [Service] /orio/lbl_cup/off → success=True msg='Labelling Cup OFF command sent'
2026-04-15 20:52:23,191 ERROR    [Service] Call failed for /compute_grasps: service [/compute_grasps] returned no response
2026-04-15 20:52:23,191 ERROR    [FetchInput] /compute_grasps service failed → exiting: failed
