2026-04-15 22:31:10,235 INFO     [Logger] File log started: /home/ros_ws/src/devel_packages/orio/logs/orio_run_20260415_223110.log
2026-04-15 22:31:10,235 INFO     [Main] Node started. Log file: /home/ros_ws/src/devel_packages/orio/logs/orio_run_20260415_223110.log
2026-04-15 22:31:20,854 INFO     [Main] Operator input — item='33'  expiry='1234-56-78'
2026-04-15 22:31:20,854 INFO     [Hardware] Initializing Robot Hardware...
2026-04-15 22:31:21,331 INFO     [Hardware] Resetting both arms to home joints
2026-04-15 22:31:23,014 INFO     [Hardware] Poses loaded from joint_angles.json
2026-04-15 22:31:23,023 INFO     [Hardware] Initialization complete
2026-04-15 22:31:23,028 INFO     [Main] Starting state machine execution
2026-04-15 22:31:23,033 INFO     [GetLabel] Entering state
2026-04-15 22:31:23,034 DEBUG    [TaskSelector] Evaluating zone states: {'A': 'EMPTY', 'B': 'EMPTY'}  busy: {'A': False, 'B': False}
2026-04-15 22:31:23,036 INFO     [TaskSelector] → do_load (zone A empty)
2026-04-15 22:31:23,039 INFO     [FetchInput] Entering state
2026-04-15 22:31:23,741 INFO     [Service] /compute_grasps → success=True msg='Published 1 PnP poses.'
2026-04-15 22:31:23,741 INFO     [FetchInput] Grasp pose received: x=0.3500 y=-0.5952 z=0.0261
2026-04-15 22:31:23,742 INFO     [IK] compute_pick_joints called — task_pos=[ 0.35   -0.5952  0.0261] label_zone=None max_attempts=10 check_collisions=False arm_number=None
2026-04-15 22:31:23,765 INFO     [IK] Arm? compute_pick_joints attempt 1/10 OK — target=([ 0.35   -0.5952  0.0261]) pre=[-0.4937  0.7708 -0.6716 -1.6019  0.5544  2.1742 -0.5644] final=[-0.6627  0.887  -0.4432 -1.5826  0.4898  2.357  -0.5294] (FK err pre=0.0000 m final=0.0000 m)
2026-04-15 22:31:23,766 INFO     [FetchInput] IK pre_joints:   [-0.4937  0.7708 -0.6716 -1.6019  0.5544  2.1742 -0.5644]
2026-04-15 22:31:23,766 INFO     [FetchInput] IK final_joints: [-0.6627  0.887  -0.4432 -1.5826  0.4898  2.357  -0.5294]
2026-04-15 22:31:23,767 INFO     [FetchInput] Moving to pre-pick
2026-04-15 22:31:27,150 INFO     [FetchInput] Descending to pick
2026-04-15 22:31:29,360 INFO     [Service] /orio/pnp_cup/on → success=True msg='PnP Cup ON command sent'
2026-04-15 22:31:30,361 INFO     [FetchInput] Retracting to pre-pick height
2026-04-15 22:31:33,350 INFO     [Service] /orio/lbl_cup/on → success=True msg='Labelling Cup ON command sent'
2026-04-15 22:31:34,650 ERROR    [FETCH_INPUT] Unhandled exception: PNP vacuum failed to pick up item (expected=True, actual=False)
2026-04-15 22:31:34,655 WARNING  [ARM1 Recovery] Showing GUI — both arms paused
2026-04-15 22:31:36,820 INFO     [IK] pose_to_joints 'LABELLING_SAFE' depth_offset=0.0000 → joints=[-0.065  -1.2718  0.0356 -2.707   0.0343  1.4354  0.7355]
2026-04-15 22:31:41,327 ERROR    [GET_LABEL] Unhandled exception: LBL vacuum failed to pick up item (expected=True, actual=False)
2026-04-15 22:31:41,329 WARNING  [ARM2 Recovery] Showing GUI — both arms paused
2026-04-15 22:31:44,588 INFO     [Recovery] Zones updated: {'A': 'NEEDS_LABEL', 'B': 'EMPTY'}  busy: {'A': False, 'B': False}
2026-04-15 22:31:48,676 INFO     [Recovery] Zones updated: {'A': 'NEEDS_LABEL', 'B': 'EMPTY'}  busy: {'A': False, 'B': False}
2026-04-15 22:31:49,974 INFO     [Recovery] Zones updated: {'A': 'NEEDS_LABEL', 'B': 'EMPTY'}  busy: {'A': False, 'B': False}
2026-04-15 22:31:49,977 INFO     [ARM1 Recovery] choice=DECIDE_HUB  ARM2 override=APPLY
2026-04-15 22:31:55,303 INFO     [Recovery] Zones updated: {'A': 'NEEDS_LABEL', 'B': 'EMPTY'}  busy: {'A': False, 'B': False}
2026-04-15 22:31:55,306 INFO     [ARM2 Recovery] choice=APPLY  ARM1 override=None
2026-04-15 22:32:00,144 INFO     [Service] /orio/pnp_cup/off → success=True msg='PnP Cup OFF command sent'
2026-04-15 22:32:00,144 INFO     [ARM1 Recovery] Resetting both arms before resuming
2026-04-15 22:32:00,150 DEBUG    [TaskSelector] Evaluating zone states: {'A': 'NEEDS_LABEL', 'B': 'EMPTY'}  busy: {'A': False, 'B': False}
2026-04-15 22:32:00,150 INFO     [TaskSelector] → do_load (zone B empty)
2026-04-15 22:32:00,152 INFO     [FetchInput] Entering state
2026-04-15 22:32:00,707 INFO     [Service] /compute_grasps → success=True msg='Published 1 PnP poses.'
2026-04-15 22:32:00,707 INFO     [FetchInput] Grasp pose received: x=0.0250 y=-0.6142 z=0.0204
2026-04-15 22:32:00,707 INFO     [IK] compute_pick_joints called — task_pos=[ 0.025  -0.6142  0.0204] label_zone=None max_attempts=10 check_collisions=False arm_number=None
2026-04-15 22:32:00,722 INFO     [IK] Arm? compute_pick_joints attempt 1/10 OK — target=([ 0.025  -0.6142  0.0204]) pre=[-0.9176  0.5523 -0.6491 -1.9535  0.4641  2.3541 -1.0452] final=[-1.1295  0.7059 -0.3989 -1.9268  0.4628  2.5419 -1.0452] (FK err pre=0.0000 m final=0.0000 m)
2026-04-15 22:32:00,723 INFO     [FetchInput] IK pre_joints:   [-0.9176  0.5523 -0.6491 -1.9535  0.4641  2.3541 -1.0452]
2026-04-15 22:32:00,723 INFO     [FetchInput] IK final_joints: [-1.1295  0.7059 -0.3989 -1.9268  0.4628  2.5419 -1.0452]
2026-04-15 22:32:00,723 INFO     [FetchInput] Moving to pre-pick
2026-04-15 22:32:04,198 INFO     [FetchInput] Descending to pick
2026-04-15 22:32:06,404 INFO     [Service] /orio/pnp_cup/on → success=True msg='PnP Cup ON command sent'
2026-04-15 22:32:07,404 INFO     [FetchInput] Retracting to pre-pick height
2026-04-15 22:32:10,912 ERROR    [FETCH_INPUT] Unhandled exception: PNP vacuum failed to pick up item (expected=True, actual=False)
2026-04-15 22:32:10,915 WARNING  [ARM1 Recovery] Showing GUI — both arms paused
2026-04-15 22:33:10,991 WARNING  [Main] Shutting down: turning off both vacuums
2026-04-15 22:33:10,991 INFO     [Main] Total items placed at output: 0
2026-04-15 22:33:10,993 INFO     [Service] /orio/pnp_cup/off → success=True msg='PnP Cup OFF command sent'
2026-04-15 22:33:10,997 INFO     [Service] /orio/lbl_cup/off → success=True msg='Labelling Cup OFF command sent'
