2026-04-22 14:49:29,265 INFO     [Logger] File log started: /home/ros_ws/src/devel_packages/orio/logs/orio_run_20260422_144929.log
2026-04-22 14:49:29,265 INFO     [Main] Node started. Log file: /home/ros_ws/src/devel_packages/orio/logs/orio_run_20260422_144929.log
2026-04-22 14:49:39,794 INFO     [Main] Operator input — item='fef'  expiry='1234-56-78'
2026-04-22 14:49:39,795 INFO     [Hardware] Initializing Robot Hardware...
2026-04-22 14:49:40,294 INFO     [Hardware] Resetting both arms to home joints
2026-04-22 14:49:46,054 INFO     [Hardware] Poses loaded from joint_angles.json
2026-04-22 14:49:46,062 INFO     [Hardware] Initialization complete
2026-04-22 14:49:46,066 INFO     [Main] Starting state machine execution
2026-04-22 14:49:46,067 DEBUG    [TaskSelector] Evaluating zone states: {'A': 'EMPTY', 'B': 'EMPTY'}  busy: {'A': False, 'B': False}
2026-04-22 14:49:46,068 INFO     [TaskSelector] → do_load (zone A empty)
2026-04-22 14:49:46,068 INFO     [GetLabel] Entering state
2026-04-22 14:49:46,069 INFO     [FetchInput] Entering state
2026-04-22 14:49:47,516 INFO     [Service] /compute_grasps → success=True msg='Published 1 PnP poses.'
2026-04-22 14:49:47,516 INFO     [FetchInput] Grasp pose received: x=0.4037 y=-0.4857 z=0.0564
2026-04-22 14:49:47,516 INFO     [IK] compute_pick_joints called — task_pos=[ 0.4037 -0.4857  0.0564] label_zone=None max_attempts=10 check_collisions=False arm_number=None
2026-04-22 14:49:47,534 INFO     [IK] Arm? compute_pick_joints attempt 1/10 OK — target=([ 0.4037 -0.4857  0.0564]) pre=[-0.288   0.5248 -0.6462 -1.8777  0.4048  2.2689 -0.3497] final=[-0.4801  0.6644 -0.4146 -1.8791  0.4053  2.4601 -0.35  ] (FK err pre=0.0000 m final=0.0000 m)
2026-04-22 14:49:47,534 INFO     [FetchInput] IK pre_joints:   [-0.288   0.5248 -0.6462 -1.8777  0.4048  2.2689 -0.3497]
2026-04-22 14:49:47,535 INFO     [FetchInput] IK final_joints: [-0.4801  0.6644 -0.4146 -1.8791  0.4053  2.4601 -0.35  ]
2026-04-22 14:49:47,535 INFO     [FetchInput] Moving to pre-pick
2026-04-22 14:49:51,009 INFO     [FetchInput] Descending to pick
2026-04-22 14:49:53,216 INFO     [Service] /orio/pnp_cup/on → success=True msg='PnP Cup ON command sent'
2026-04-22 14:49:54,216 INFO     [FetchInput] Retracting to pre-pick height
2026-04-22 14:49:56,381 INFO     [Service] /orio/lbl_cup/on → success=True msg='Labelling Cup ON command sent'
2026-04-22 14:49:57,426 ERROR    [FETCH_INPUT] Unhandled exception: PNP vacuum failed to pick up item (expected=True, actual=False)
2026-04-22 14:49:57,430 WARNING  [ARM1 Recovery] Pausing ARM1 — showing GUI (ARM2 continues)
2026-04-22 14:49:59,854 INFO     [IK] pose_to_joints 'LABELLING_SAFE' depth_offset=0.0000 → joints=[-0.065  -1.2718  0.0356 -2.707   0.0343  1.4354  0.7355]
2026-04-22 14:50:03,058 INFO     [GetLabel] Exiting: succeeded
2026-04-22 14:50:09,756 INFO     [Recovery] Zones updated: {'A': 'EMPTY', 'B': 'EMPTY'}  busy: {'A': False, 'B': False}
2026-04-22 14:50:09,758 INFO     [ARM1 Recovery] choice=FETCH_INPUT
2026-04-22 14:50:09,758 INFO     [ARM1 Recovery] resuming
2026-04-22 14:50:09,759 INFO     [FetchInput] Entering state
2026-04-22 14:50:09,865 INFO     [ApplyLabel] Entering state (zones: {'A': 'EMPTY', 'B': 'EMPTY'}  busy: {'A': False, 'B': False})
2026-04-22 14:50:09,866 DEBUG    [ApplyLabel] No zone needs label → wait
2026-04-22 14:50:10,329 INFO     [Service] /compute_grasps → success=True msg='Published 1 PnP poses.'
2026-04-22 14:50:10,329 INFO     [FetchInput] Grasp pose received: x=0.4031 y=-0.4538 z=0.0581
2026-04-22 14:50:10,329 INFO     [IK] compute_pick_joints called — task_pos=[ 0.4031 -0.4538  0.0581] label_zone=None max_attempts=10 check_collisions=False arm_number=None
2026-04-22 14:50:10,341 INFO     [IK] Arm? compute_pick_joints attempt 1/10 OK — target=([ 0.4031 -0.4538  0.0581]) pre=[-0.3059  0.4252 -0.569  -1.985   0.3099  2.325  -0.2639] final=[-0.5145  0.5837 -0.3307 -1.9875  0.3134  2.5225 -0.2662] (FK err pre=0.0000 m final=0.0000 m)
2026-04-22 14:50:10,342 INFO     [FetchInput] IK pre_joints:   [-0.3059  0.4252 -0.569  -1.985   0.3099  2.325  -0.2639]
2026-04-22 14:50:10,342 INFO     [FetchInput] IK final_joints: [-0.5145  0.5837 -0.3307 -1.9875  0.3134  2.5225 -0.2662]
2026-04-22 14:50:10,342 INFO     [FetchInput] Moving to pre-pick
2026-04-22 14:50:10,369 INFO     [ApplyLabel] Entering state (zones: {'A': 'EMPTY', 'B': 'EMPTY'}  busy: {'A': False, 'B': False})
2026-04-22 14:50:10,370 DEBUG    [ApplyLabel] No zone needs label → wait
2026-04-22 14:50:10,871 INFO     [ApplyLabel] Entering state (zones: {'A': 'EMPTY', 'B': 'EMPTY'}  busy: {'A': False, 'B': False})
2026-04-22 14:50:10,871 DEBUG    [ApplyLabel] No zone needs label → wait
2026-04-22 14:50:11,374 INFO     [ApplyLabel] Entering state (zones: {'A': 'EMPTY', 'B': 'EMPTY'}  busy: {'A': False, 'B': False})
2026-04-22 14:50:11,374 DEBUG    [ApplyLabel] No zone needs label → wait
2026-04-22 14:50:11,875 INFO     [ApplyLabel] Entering state (zones: {'A': 'EMPTY', 'B': 'EMPTY'}  busy: {'A': False, 'B': False})
2026-04-22 14:50:11,875 DEBUG    [ApplyLabel] No zone needs label → wait
2026-04-22 14:50:12,377 INFO     [ApplyLabel] Entering state (zones: {'A': 'EMPTY', 'B': 'EMPTY'}  busy: {'A': False, 'B': False})
2026-04-22 14:50:12,378 DEBUG    [ApplyLabel] No zone needs label → wait
2026-04-22 14:50:12,879 INFO     [ApplyLabel] Entering state (zones: {'A': 'EMPTY', 'B': 'EMPTY'}  busy: {'A': False, 'B': False})
2026-04-22 14:50:12,879 DEBUG    [ApplyLabel] No zone needs label → wait
2026-04-22 14:50:13,380 INFO     [ApplyLabel] Entering state (zones: {'A': 'EMPTY', 'B': 'EMPTY'}  busy: {'A': False, 'B': False})
2026-04-22 14:50:13,381 DEBUG    [ApplyLabel] No zone needs label → wait
2026-04-22 14:50:13,804 INFO     [FetchInput] Descending to pick
2026-04-22 14:50:13,882 INFO     [ApplyLabel] Entering state (zones: {'A': 'EMPTY', 'B': 'EMPTY'}  busy: {'A': False, 'B': False})
2026-04-22 14:50:13,882 DEBUG    [ApplyLabel] No zone needs label → wait
2026-04-22 14:50:14,383 INFO     [ApplyLabel] Entering state (zones: {'A': 'EMPTY', 'B': 'EMPTY'}  busy: {'A': False, 'B': False})
2026-04-22 14:50:14,384 DEBUG    [ApplyLabel] No zone needs label → wait
2026-04-22 14:50:14,885 INFO     [ApplyLabel] Entering state (zones: {'A': 'EMPTY', 'B': 'EMPTY'}  busy: {'A': False, 'B': False})
2026-04-22 14:50:14,886 DEBUG    [ApplyLabel] No zone needs label → wait
2026-04-22 14:50:15,387 INFO     [ApplyLabel] Entering state (zones: {'A': 'EMPTY', 'B': 'EMPTY'}  busy: {'A': False, 'B': False})
2026-04-22 14:50:15,387 DEBUG    [ApplyLabel] No zone needs label → wait
2026-04-22 14:50:15,889 INFO     [ApplyLabel] Entering state (zones: {'A': 'EMPTY', 'B': 'EMPTY'}  busy: {'A': False, 'B': False})
2026-04-22 14:50:15,889 DEBUG    [ApplyLabel] No zone needs label → wait
2026-04-22 14:50:16,012 INFO     [Service] /orio/pnp_cup/on → success=True msg='PnP Cup ON command sent'
2026-04-22 14:50:16,391 INFO     [ApplyLabel] Entering state (zones: {'A': 'EMPTY', 'B': 'EMPTY'}  busy: {'A': False, 'B': False})
2026-04-22 14:50:16,391 DEBUG    [ApplyLabel] No zone needs label → wait
2026-04-22 14:50:16,893 INFO     [ApplyLabel] Entering state (zones: {'A': 'EMPTY', 'B': 'EMPTY'}  busy: {'A': False, 'B': False})
2026-04-22 14:50:16,893 DEBUG    [ApplyLabel] No zone needs label → wait
2026-04-22 14:50:17,012 INFO     [FetchInput] Retracting to pre-pick height
2026-04-22 14:50:17,394 INFO     [ApplyLabel] Entering state (zones: {'A': 'EMPTY', 'B': 'EMPTY'}  busy: {'A': False, 'B': False})
2026-04-22 14:50:17,394 DEBUG    [ApplyLabel] No zone needs label → wait
2026-04-22 14:50:17,896 INFO     [ApplyLabel] Entering state (zones: {'A': 'EMPTY', 'B': 'EMPTY'}  busy: {'A': False, 'B': False})
2026-04-22 14:50:17,896 DEBUG    [ApplyLabel] No zone needs label → wait
2026-04-22 14:50:18,397 INFO     [ApplyLabel] Entering state (zones: {'A': 'EMPTY', 'B': 'EMPTY'}  busy: {'A': False, 'B': False})
2026-04-22 14:50:18,397 DEBUG    [ApplyLabel] No zone needs label → wait
2026-04-22 14:50:18,900 INFO     [ApplyLabel] Entering state (zones: {'A': 'EMPTY', 'B': 'EMPTY'}  busy: {'A': False, 'B': False})
2026-04-22 14:50:18,900 DEBUG    [ApplyLabel] No zone needs label → wait
2026-04-22 14:50:19,220 INFO     [FetchInput] Exiting: succeeded (item_depth=0.0581)
2026-04-22 14:50:19,222 INFO     [DropToZone] Entering state (item_depth=0.0581)
2026-04-22 14:50:19,222 INFO     [DropToZone] Targeting zone A
2026-04-22 14:50:19,232 INFO     [IK] pose_to_joints 'L1_INTER' depth_offset=0.0581 → joints=[-0.3189 -0.5121 -0.3495 -2.5562 -0.1916  2.0626  0.2502]
2026-04-22 14:50:19,241 INFO     [IK] pose_to_joints 'LABEL_ZONE_1' depth_offset=0.0681 → joints=[-0.2342  1.144  -0.172  -0.8869  0.1738  2.0193  0.4034]
2026-04-22 14:50:19,241 INFO     [DropToZone] place_joints for LABEL_ZONE_1: [-0.2342  1.144  -0.172  -0.8869  0.1738  2.0193  0.4034]
2026-04-22 14:50:19,401 INFO     [ApplyLabel] Entering state (zones: {'A': 'EMPTY', 'B': 'EMPTY'}  busy: {'A': True, 'B': False})
2026-04-22 14:50:19,401 DEBUG    [ApplyLabel] No zone needs label → wait
2026-04-22 14:50:19,905 INFO     [ApplyLabel] Entering state (zones: {'A': 'EMPTY', 'B': 'EMPTY'}  busy: {'A': True, 'B': False})
2026-04-22 14:50:19,905 DEBUG    [ApplyLabel] No zone needs label → wait
2026-04-22 14:50:20,407 INFO     [ApplyLabel] Entering state (zones: {'A': 'EMPTY', 'B': 'EMPTY'}  busy: {'A': True, 'B': False})
2026-04-22 14:50:20,407 DEBUG    [ApplyLabel] No zone needs label → wait
2026-04-22 14:50:20,909 INFO     [ApplyLabel] Entering state (zones: {'A': 'EMPTY', 'B': 'EMPTY'}  busy: {'A': True, 'B': False})
2026-04-22 14:50:20,909 DEBUG    [ApplyLabel] No zone needs label → wait
2026-04-22 14:50:21,410 INFO     [ApplyLabel] Entering state (zones: {'A': 'EMPTY', 'B': 'EMPTY'}  busy: {'A': True, 'B': False})
2026-04-22 14:50:21,410 DEBUG    [ApplyLabel] No zone needs label → wait
2026-04-22 14:50:21,912 INFO     [ApplyLabel] Entering state (zones: {'A': 'EMPTY', 'B': 'EMPTY'}  busy: {'A': True, 'B': False})
2026-04-22 14:50:21,913 DEBUG    [ApplyLabel] No zone needs label → wait
2026-04-22 14:50:22,414 INFO     [ApplyLabel] Entering state (zones: {'A': 'EMPTY', 'B': 'EMPTY'}  busy: {'A': True, 'B': False})
2026-04-22 14:50:22,414 DEBUG    [ApplyLabel] No zone needs label → wait
2026-04-22 14:50:22,917 INFO     [ApplyLabel] Entering state (zones: {'A': 'EMPTY', 'B': 'EMPTY'}  busy: {'A': True, 'B': False})
2026-04-22 14:50:22,917 DEBUG    [ApplyLabel] No zone needs label → wait
2026-04-22 14:50:23,418 INFO     [ApplyLabel] Entering state (zones: {'A': 'EMPTY', 'B': 'EMPTY'}  busy: {'A': True, 'B': False})
2026-04-22 14:50:23,418 DEBUG    [ApplyLabel] No zone needs label → wait
2026-04-22 14:50:23,921 INFO     [ApplyLabel] Entering state (zones: {'A': 'EMPTY', 'B': 'EMPTY'}  busy: {'A': True, 'B': False})
2026-04-22 14:50:23,921 DEBUG    [ApplyLabel] No zone needs label → wait
2026-04-22 14:50:24,422 INFO     [ApplyLabel] Entering state (zones: {'A': 'EMPTY', 'B': 'EMPTY'}  busy: {'A': True, 'B': False})
2026-04-22 14:50:24,423 DEBUG    [ApplyLabel] No zone needs label → wait
2026-04-22 14:50:24,925 INFO     [ApplyLabel] Entering state (zones: {'A': 'EMPTY', 'B': 'EMPTY'}  busy: {'A': True, 'B': False})
2026-04-22 14:50:24,925 DEBUG    [ApplyLabel] No zone needs label → wait
2026-04-22 14:50:25,426 INFO     [ApplyLabel] Entering state (zones: {'A': 'EMPTY', 'B': 'EMPTY'}  busy: {'A': True, 'B': False})
2026-04-22 14:50:25,427 DEBUG    [ApplyLabel] No zone needs label → wait
2026-04-22 14:50:25,928 INFO     [ApplyLabel] Entering state (zones: {'A': 'EMPTY', 'B': 'EMPTY'}  busy: {'A': True, 'B': False})
2026-04-22 14:50:25,928 DEBUG    [ApplyLabel] No zone needs label → wait
2026-04-22 14:50:26,088 INFO     [Service] /orio/pnp_cup/off → success=True msg='PnP Cup OFF command sent'
2026-04-22 14:50:26,429 INFO     [ApplyLabel] Entering state (zones: {'A': 'EMPTY', 'B': 'EMPTY'}  busy: {'A': True, 'B': False})
2026-04-22 14:50:26,430 DEBUG    [ApplyLabel] No zone needs label → wait
2026-04-22 14:50:26,931 INFO     [ApplyLabel] Entering state (zones: {'A': 'EMPTY', 'B': 'EMPTY'}  busy: {'A': True, 'B': False})
2026-04-22 14:50:26,931 DEBUG    [ApplyLabel] No zone needs label → wait
2026-04-22 14:50:27,433 INFO     [ApplyLabel] Entering state (zones: {'A': 'EMPTY', 'B': 'EMPTY'}  busy: {'A': True, 'B': False})
2026-04-22 14:50:27,433 DEBUG    [ApplyLabel] No zone needs label → wait
2026-04-22 14:50:27,935 INFO     [ApplyLabel] Entering state (zones: {'A': 'EMPTY', 'B': 'EMPTY'}  busy: {'A': True, 'B': False})
2026-04-22 14:50:27,935 DEBUG    [ApplyLabel] No zone needs label → wait
2026-04-22 14:50:28,436 INFO     [ApplyLabel] Entering state (zones: {'A': 'EMPTY', 'B': 'EMPTY'}  busy: {'A': True, 'B': False})
2026-04-22 14:50:28,436 DEBUG    [ApplyLabel] No zone needs label → wait
2026-04-22 14:50:28,938 INFO     [ApplyLabel] Entering state (zones: {'A': 'EMPTY', 'B': 'EMPTY'}  busy: {'A': True, 'B': False})
2026-04-22 14:50:28,938 DEBUG    [ApplyLabel] No zone needs label → wait
2026-04-22 14:50:29,440 INFO     [ApplyLabel] Entering state (zones: {'A': 'EMPTY', 'B': 'EMPTY'}  busy: {'A': True, 'B': False})
2026-04-22 14:50:29,440 DEBUG    [ApplyLabel] No zone needs label → wait
2026-04-22 14:50:29,562 INFO     [ZoneManager] Zone A: EMPTY → NEEDS_LABEL
2026-04-22 14:50:29,562 INFO     [DropToZone] Exiting: dropped (zone A)
2026-04-22 14:50:29,564 DEBUG    [TaskSelector] Evaluating zone states: {'A': 'NEEDS_LABEL', 'B': 'EMPTY'}  busy: {'A': False, 'B': False}
2026-04-22 14:50:29,564 INFO     [TaskSelector] → do_load (zone B empty)
2026-04-22 14:50:29,566 INFO     [FetchInput] Entering state
2026-04-22 14:50:29,942 INFO     [ApplyLabel] Entering state (zones: {'A': 'NEEDS_LABEL', 'B': 'EMPTY'}  busy: {'A': False, 'B': False})
2026-04-22 14:50:29,942 INFO     [ApplyLabel] Applying label to zone A (zone_number=1, depth=0.0581)
2026-04-22 14:50:29,942 INFO     [compute_label_joints] Requesting label pose for zone 1, item_depth=0.0581
2026-04-22 14:50:30,110 INFO     [Service] /compute_grasps → success=False msg='Found objects but could not compute valid grasp poses.'
2026-04-22 14:50:30,110 ERROR    [FETCH_INPUT] Unhandled exception: /compute_grasps service failed
2026-04-22 14:50:30,111 WARNING  [ARM1 Recovery] Pausing ARM1 — showing GUI (ARM2 continues)
2026-04-22 14:50:31,588 INFO     [Service] /compute_grasps_labelling → success=True msg='Zone1=OK, Zone2=FAIL'
2026-04-22 14:50:31,589 INFO     item_depth=0.0581  X=-0.1811 Y=-0.0557 Z=0.9419  pos(world)=[0.5157 0.2001 0.0381]  task_pos=[0.5157 0.2001 0.0581]  task_ori=[0.0674 0.9977 0.     0.    ]
2026-04-22 14:50:31,589 INFO     [compute_label_joints] Zone 1 received pose: x=0.5157 y=0.2001 z=0.0581  RPY r=180.00 p=0.00 y=172.28 deg
2026-04-22 14:50:31,589 INFO     [IK] compute_pick_joints called — task_pos=[0.5157 0.2001 0.0581] label_zone=1 max_attempts=10 check_collisions=True arm_number=2
2026-04-22 14:50:31,602 INFO     Arm2: cached 8 obstacles from '/home/ros_ws/src/devel_packages/orio/obstacles_files/obs_arm2_free.p'
2026-04-22 14:50:31,608 INFO     [IK] Arm2 compute_pick_joints attempt 1/10 OK — target=([0.5157 0.2001 0.0581]) pre=[-0.3682  0.3079  0.7464 -2.1921 -0.3087  2.3975 -1.6367] final=[-0.1038  0.4909  0.4483 -2.1886 -0.4079  2.6005 -1.5693] (FK err pre=0.0000 m final=0.0000 m)
2026-04-22 14:50:31,609 INFO     [ApplyLabel] IK pre_joints=[-0.3682  0.3079  0.7464 -2.1921 -0.3087  2.3975 -1.6367]  final_joints=[-0.1038  0.4909  0.4483 -2.1886 -0.4079  2.6005 -1.5693]
2026-04-22 14:50:31,609 INFO     [ApplyLabel] Registering label — item='fef' expiry='1234-56-78'
2026-04-22 14:50:36,729 ERROR    [RFID] Service call failed for /inventory/add_item: timeout exceeded while waiting for service /inventory/add_item
2026-04-22 14:50:46,941 INFO     [Service] /orio/lbl_cup/off → success=True msg='Labelling Cup OFF command sent'
2026-04-22 14:50:50,159 INFO     [IK] pose_to_joints 'LABELLING_SAFE' depth_offset=0.0000 → joints=[-0.065  -1.2718  0.0356 -2.707   0.0343  1.4354  0.7355]
2026-04-22 14:50:52,732 INFO     [Recovery] Zones updated: {'A': 'READY_FOR_PICKUP', 'B': 'EMPTY'}  busy: {'A': False, 'B': False}
2026-04-22 14:50:53,470 INFO     [Recovery] Zones updated: {'A': 'READY_FOR_PICKUP', 'B': 'EMPTY'}  busy: {'A': False, 'B': False}
2026-04-22 14:50:53,570 INFO     [ZoneManager] Zone A: READY_FOR_PICKUP → READY_FOR_PICKUP
2026-04-22 14:50:53,570 INFO     [ApplyLabel] Exiting: labeled (zone A)
2026-04-22 14:50:53,571 INFO     [GetLabel] Entering state
2026-04-22 14:50:54,684 INFO     [Recovery] Zones updated: {'A': 'READY_FOR_PICKUP', 'B': 'EMPTY'}  busy: {'A': False, 'B': False}
2026-04-22 14:50:54,686 INFO     [ARM1 Recovery] choice=FETCH_INPUT
2026-04-22 14:50:54,686 INFO     [ARM1 Recovery] resuming
2026-04-22 14:50:54,687 INFO     [FetchInput] Entering state
2026-04-22 14:50:55,238 INFO     [Service] /compute_grasps → success=False msg='Found objects but could not compute valid grasp poses.'
2026-04-22 14:50:55,238 ERROR    [FETCH_INPUT] Unhandled exception: /compute_grasps service failed
2026-04-22 14:50:55,240 WARNING  [ARM1 Recovery] Pausing ARM1 — showing GUI (ARM2 continues)
2026-04-22 14:50:58,898 INFO     [Recovery] Zones updated: {'A': 'READY_FOR_PICKUP', 'B': 'EMPTY'}  busy: {'A': False, 'B': False}
2026-04-22 14:50:58,902 INFO     [ARM1 Recovery] choice=DECIDE_HUB
2026-04-22 14:50:58,902 INFO     [ARM1 Recovery] resuming
2026-04-22 14:50:58,904 DEBUG    [TaskSelector] Evaluating zone states: {'A': 'READY_FOR_PICKUP', 'B': 'EMPTY'}  busy: {'A': False, 'B': False}
2026-04-22 14:50:58,904 INFO     [TaskSelector] → do_unload (zone A ready)
2026-04-22 14:50:58,905 INFO     [RetrieveFromZone] Entering state
2026-04-22 14:50:58,905 INFO     [RetrieveFromZone] Picking from zone A (depth=0.0581)
2026-04-22 14:50:58,917 INFO     [IK] pose_to_joints 'L1_INTER' depth_offset=0.0581 → joints=[-0.3189 -0.5121 -0.3495 -2.5562 -0.1916  2.0626  0.2502]
2026-04-22 14:50:58,928 INFO     [IK] pose_to_joints 'LABEL_ZONE_1' depth_offset=0.1581 → joints=[-0.2332  1.024  -0.1781 -0.8724  0.1598  1.8855  0.409 ]
2026-04-22 14:50:58,941 INFO     [IK] pose_to_joints 'LABEL_ZONE_1' depth_offset=0.0481 → joints=[-0.2369  1.1821 -0.1692 -0.8688  0.1756  2.0395  0.4038]
2026-04-22 14:50:58,942 INFO     [RetrieveFromZone] A pre_pick=[-0.2332  1.024  -0.1781 -0.8724  0.1598  1.8855  0.409 ] pick=[-0.2369  1.1821 -0.1692 -0.8688  0.1756  2.0395  0.4038]
2026-04-22 14:51:03,881 INFO     [Service] /orio/lbl_cup/on → success=True msg='Labelling Cup ON command sent'
2026-04-22 14:51:07,334 INFO     [IK] pose_to_joints 'LABELLING_SAFE' depth_offset=0.0000 → joints=[-0.065  -1.2718  0.0356 -2.707   0.0343  1.4354  0.7355]
2026-04-22 14:51:07,948 INFO     [Service] /orio/pnp_cup/on → success=True msg='PnP Cup ON command sent'
2026-04-22 14:51:08,950 INFO     [RetrieveFromZone] Retracting to pre-pick height
2026-04-22 14:51:10,539 INFO     [GetLabel] Exiting: succeeded
2026-04-22 14:51:10,540 INFO     [ApplyLabel] Entering state (zones: {'A': 'READY_FOR_PICKUP', 'B': 'EMPTY'}  busy: {'A': True, 'B': False})
2026-04-22 14:51:10,541 DEBUG    [ApplyLabel] No zone needs label → wait
2026-04-22 14:51:11,043 INFO     [ApplyLabel] Entering state (zones: {'A': 'READY_FOR_PICKUP', 'B': 'EMPTY'}  busy: {'A': True, 'B': False})
2026-04-22 14:51:11,043 DEBUG    [ApplyLabel] No zone needs label → wait
2026-04-22 14:51:11,545 INFO     [ApplyLabel] Entering state (zones: {'A': 'READY_FOR_PICKUP', 'B': 'EMPTY'}  busy: {'A': True, 'B': False})
2026-04-22 14:51:11,546 DEBUG    [ApplyLabel] No zone needs label → wait
2026-04-22 14:51:12,046 INFO     [ApplyLabel] Entering state (zones: {'A': 'READY_FOR_PICKUP', 'B': 'EMPTY'}  busy: {'A': True, 'B': False})
2026-04-22 14:51:12,047 DEBUG    [ApplyLabel] No zone needs label → wait
2026-04-22 14:51:12,549 INFO     [ApplyLabel] Entering state (zones: {'A': 'READY_FOR_PICKUP', 'B': 'EMPTY'}  busy: {'A': True, 'B': False})
2026-04-22 14:51:12,550 DEBUG    [ApplyLabel] No zone needs label → wait
2026-04-22 14:51:13,052 INFO     [ApplyLabel] Entering state (zones: {'A': 'READY_FOR_PICKUP', 'B': 'EMPTY'}  busy: {'A': True, 'B': False})
2026-04-22 14:51:13,052 DEBUG    [ApplyLabel] No zone needs label → wait
2026-04-22 14:51:13,554 INFO     [ApplyLabel] Entering state (zones: {'A': 'READY_FOR_PICKUP', 'B': 'EMPTY'}  busy: {'A': True, 'B': False})
2026-04-22 14:51:13,554 DEBUG    [ApplyLabel] No zone needs label → wait
2026-04-22 14:51:13,579 INFO     [ZoneManager] Zone A: READY_FOR_PICKUP → EMPTY
2026-04-22 14:51:13,579 INFO     [RetrieveFromZone] Exiting: picked (zone A)
2026-04-22 14:51:13,580 INFO     [PlaceOutput] Entering state (retrieved_depth=0.0581)
2026-04-22 14:51:13,592 INFO     [IK] pose_to_joints 'OUTPUT1' depth_offset=0.2081 → joints=[-1.471  -0.8484  2.7437 -0.7963  0.2951  1.6028  2.1751]
2026-04-22 14:51:13,601 INFO     [IK] pose_to_joints 'L2_INTER' depth_offset=0.0581 → joints=[ 0.0915 -0.5672  0.5553 -2.5491  0.3218  2.0317  1.2118]
2026-04-22 14:51:13,602 INFO     [PlaceOutput] drop_joints: [-1.471  -0.8484  2.7437 -0.7963  0.2951  1.6028  2.1751]
2026-04-22 14:51:14,056 INFO     [ApplyLabel] Entering state (zones: {'A': 'EMPTY', 'B': 'EMPTY'}  busy: {'A': False, 'B': False})
2026-04-22 14:51:14,056 DEBUG    [ApplyLabel] No zone needs label → wait
2026-04-22 14:51:14,558 INFO     [ApplyLabel] Entering state (zones: {'A': 'EMPTY', 'B': 'EMPTY'}  busy: {'A': False, 'B': False})
2026-04-22 14:51:14,558 DEBUG    [ApplyLabel] No zone needs label → wait
2026-04-22 14:51:15,060 INFO     [ApplyLabel] Entering state (zones: {'A': 'EMPTY', 'B': 'EMPTY'}  busy: {'A': False, 'B': False})
2026-04-22 14:51:15,060 DEBUG    [ApplyLabel] No zone needs label → wait
2026-04-22 14:51:15,564 INFO     [ApplyLabel] Entering state (zones: {'A': 'EMPTY', 'B': 'EMPTY'}  busy: {'A': False, 'B': False})
2026-04-22 14:51:15,564 DEBUG    [ApplyLabel] No zone needs label → wait
2026-04-22 14:51:16,065 INFO     [ApplyLabel] Entering state (zones: {'A': 'EMPTY', 'B': 'EMPTY'}  busy: {'A': False, 'B': False})
2026-04-22 14:51:16,066 DEBUG    [ApplyLabel] No zone needs label → wait
2026-04-22 14:51:16,567 INFO     [ApplyLabel] Entering state (zones: {'A': 'EMPTY', 'B': 'EMPTY'}  busy: {'A': False, 'B': False})
2026-04-22 14:51:16,567 DEBUG    [ApplyLabel] No zone needs label → wait
2026-04-22 14:51:17,070 INFO     [ApplyLabel] Entering state (zones: {'A': 'EMPTY', 'B': 'EMPTY'}  busy: {'A': False, 'B': False})
2026-04-22 14:51:17,071 DEBUG    [ApplyLabel] No zone needs label → wait
2026-04-22 14:51:17,572 INFO     [ApplyLabel] Entering state (zones: {'A': 'EMPTY', 'B': 'EMPTY'}  busy: {'A': False, 'B': False})
2026-04-22 14:51:17,572 DEBUG    [ApplyLabel] No zone needs label → wait
2026-04-22 14:51:18,074 INFO     [ApplyLabel] Entering state (zones: {'A': 'EMPTY', 'B': 'EMPTY'}  busy: {'A': False, 'B': False})
2026-04-22 14:51:18,074 DEBUG    [ApplyLabel] No zone needs label → wait
2026-04-22 14:51:18,576 INFO     [ApplyLabel] Entering state (zones: {'A': 'EMPTY', 'B': 'EMPTY'}  busy: {'A': False, 'B': False})
2026-04-22 14:51:18,576 DEBUG    [ApplyLabel] No zone needs label → wait
2026-04-22 14:51:19,077 INFO     [ApplyLabel] Entering state (zones: {'A': 'EMPTY', 'B': 'EMPTY'}  busy: {'A': False, 'B': False})
2026-04-22 14:51:19,077 DEBUG    [ApplyLabel] No zone needs label → wait
2026-04-22 14:51:19,579 INFO     [ApplyLabel] Entering state (zones: {'A': 'EMPTY', 'B': 'EMPTY'}  busy: {'A': False, 'B': False})
2026-04-22 14:51:19,579 DEBUG    [ApplyLabel] No zone needs label → wait
2026-04-22 14:51:20,081 INFO     [ApplyLabel] Entering state (zones: {'A': 'EMPTY', 'B': 'EMPTY'}  busy: {'A': False, 'B': False})
2026-04-22 14:51:20,081 DEBUG    [ApplyLabel] No zone needs label → wait
2026-04-22 14:51:20,210 INFO     [Service] /orio/pnp_cup/off → success=True msg='PnP Cup OFF command sent'
2026-04-22 14:51:20,583 INFO     [ApplyLabel] Entering state (zones: {'A': 'EMPTY', 'B': 'EMPTY'}  busy: {'A': False, 'B': False})
2026-04-22 14:51:20,583 DEBUG    [ApplyLabel] No zone needs label → wait
2026-04-22 14:51:21,085 INFO     [ApplyLabel] Entering state (zones: {'A': 'EMPTY', 'B': 'EMPTY'}  busy: {'A': False, 'B': False})
2026-04-22 14:51:21,085 DEBUG    [ApplyLabel] No zone needs label → wait
2026-04-22 14:51:21,586 INFO     [ApplyLabel] Entering state (zones: {'A': 'EMPTY', 'B': 'EMPTY'}  busy: {'A': False, 'B': False})
2026-04-22 14:51:21,586 DEBUG    [ApplyLabel] No zone needs label → wait
2026-04-22 14:51:22,089 INFO     [ApplyLabel] Entering state (zones: {'A': 'EMPTY', 'B': 'EMPTY'}  busy: {'A': False, 'B': False})
2026-04-22 14:51:22,089 DEBUG    [ApplyLabel] No zone needs label → wait
2026-04-22 14:51:22,590 INFO     [ApplyLabel] Entering state (zones: {'A': 'EMPTY', 'B': 'EMPTY'}  busy: {'A': False, 'B': False})
2026-04-22 14:51:22,591 DEBUG    [ApplyLabel] No zone needs label → wait
2026-04-22 14:51:23,094 INFO     [ApplyLabel] Entering state (zones: {'A': 'EMPTY', 'B': 'EMPTY'}  busy: {'A': False, 'B': False})
2026-04-22 14:51:23,095 DEBUG    [ApplyLabel] No zone needs label → wait
2026-04-22 14:51:23,596 INFO     [ApplyLabel] Entering state (zones: {'A': 'EMPTY', 'B': 'EMPTY'}  busy: {'A': False, 'B': False})
2026-04-22 14:51:23,596 DEBUG    [ApplyLabel] No zone needs label → wait
2026-04-22 14:51:24,099 INFO     [ApplyLabel] Entering state (zones: {'A': 'EMPTY', 'B': 'EMPTY'}  busy: {'A': False, 'B': False})
2026-04-22 14:51:24,099 DEBUG    [ApplyLabel] No zone needs label → wait
2026-04-22 14:51:24,601 INFO     [ApplyLabel] Entering state (zones: {'A': 'EMPTY', 'B': 'EMPTY'}  busy: {'A': False, 'B': False})
2026-04-22 14:51:24,601 DEBUG    [ApplyLabel] No zone needs label → wait
2026-04-22 14:51:24,676 INFO     [PlaceOutput] Exiting: succeeded (total items placed: 1)
2026-04-22 14:51:24,677 INFO     [FetchInput] Entering state
2026-04-22 14:51:25,104 INFO     [ApplyLabel] Entering state (zones: {'A': 'EMPTY', 'B': 'EMPTY'}  busy: {'A': False, 'B': False})
2026-04-22 14:51:25,104 DEBUG    [ApplyLabel] No zone needs label → wait
2026-04-22 14:51:25,233 INFO     [Service] /compute_grasps → success=False msg='Found objects but could not compute valid grasp poses.'
2026-04-22 14:51:25,234 ERROR    [FETCH_INPUT] Unhandled exception: /compute_grasps service failed
2026-04-22 14:51:25,237 WARNING  [ARM1 Recovery] Pausing ARM1 — showing GUI (ARM2 continues)
2026-04-22 14:52:16,229 INFO     [Recovery] Zones updated: {'A': 'EMPTY', 'B': 'EMPTY'}  busy: {'A': False, 'B': False}
2026-04-22 14:52:16,231 INFO     [ARM1 Recovery] choice=FETCH_INPUT
2026-04-22 14:52:16,231 INFO     [ARM1 Recovery] resuming
2026-04-22 14:52:16,233 INFO     [FetchInput] Entering state
2026-04-22 14:52:16,256 INFO     [ApplyLabel] Entering state (zones: {'A': 'EMPTY', 'B': 'EMPTY'}  busy: {'A': False, 'B': False})
2026-04-22 14:52:16,256 DEBUG    [ApplyLabel] No zone needs label → wait
2026-04-22 14:52:16,758 INFO     [ApplyLabel] Entering state (zones: {'A': 'EMPTY', 'B': 'EMPTY'}  busy: {'A': False, 'B': False})
2026-04-22 14:52:16,758 DEBUG    [ApplyLabel] No zone needs label → wait
2026-04-22 14:52:16,769 INFO     [Service] /compute_grasps → success=False msg='Found objects but could not compute valid grasp poses.'
2026-04-22 14:52:16,770 ERROR    [FETCH_INPUT] Unhandled exception: /compute_grasps service failed
2026-04-22 14:52:16,772 WARNING  [ARM1 Recovery] Pausing ARM1 — showing GUI (ARM2 continues)
2026-04-22 14:52:21,367 INFO     [Recovery] Zones updated: {'A': 'EMPTY', 'B': 'EMPTY'}  busy: {'A': False, 'B': False}
2026-04-22 14:52:21,371 INFO     [ARM1 Recovery] choice=DECIDE_HUB
2026-04-22 14:52:21,371 INFO     [ARM1 Recovery] resuming
2026-04-22 14:52:21,373 DEBUG    [TaskSelector] Evaluating zone states: {'A': 'EMPTY', 'B': 'EMPTY'}  busy: {'A': False, 'B': False}
2026-04-22 14:52:21,373 INFO     [TaskSelector] → do_load (zone A empty)
2026-04-22 14:52:21,374 INFO     [FetchInput] Entering state
2026-04-22 14:52:21,464 INFO     [ApplyLabel] Entering state (zones: {'A': 'EMPTY', 'B': 'EMPTY'}  busy: {'A': False, 'B': False})
2026-04-22 14:52:21,464 DEBUG    [ApplyLabel] No zone needs label → wait
2026-04-22 14:52:21,910 INFO     [Service] /compute_grasps → success=False msg='Found objects but could not compute valid grasp poses.'
2026-04-22 14:52:21,910 ERROR    [FETCH_INPUT] Unhandled exception: /compute_grasps service failed
2026-04-22 14:52:21,913 WARNING  [ARM1 Recovery] Pausing ARM1 — showing GUI (ARM2 continues)
2026-04-22 14:52:45,879 INFO     [Recovery] Zones updated: {'A': 'EMPTY', 'B': 'EMPTY'}  busy: {'A': False, 'B': False}
2026-04-22 14:52:45,881 INFO     [ARM1 Recovery] choice=DECIDE_HUB
2026-04-22 14:52:45,881 INFO     [ARM1 Recovery] resuming
2026-04-22 14:52:45,883 DEBUG    [TaskSelector] Evaluating zone states: {'A': 'EMPTY', 'B': 'EMPTY'}  busy: {'A': False, 'B': False}
2026-04-22 14:52:45,883 INFO     [TaskSelector] → do_load (zone A empty)
2026-04-22 14:52:45,884 INFO     [FetchInput] Entering state
2026-04-22 14:52:45,992 INFO     [ApplyLabel] Entering state (zones: {'A': 'EMPTY', 'B': 'EMPTY'}  busy: {'A': False, 'B': False})
2026-04-22 14:52:45,992 DEBUG    [ApplyLabel] No zone needs label → wait
2026-04-22 14:52:46,433 INFO     [Service] /compute_grasps → success=True msg='Published 1 PnP poses.'
2026-04-22 14:52:46,433 INFO     [FetchInput] Grasp pose received: x=0.3020 y=-0.4398 z=0.0647
2026-04-22 14:52:46,433 INFO     [IK] compute_pick_joints called — task_pos=[ 0.302  -0.4398  0.0647] label_zone=None max_attempts=10 check_collisions=False arm_number=None
2026-04-22 14:52:46,445 INFO     [IK] Arm? compute_pick_joints attempt 1/10 OK — target=([ 0.302  -0.4398  0.0647]) pre=[-0.2299  0.2238 -0.7405 -2.2643  0.2281  2.4177 -0.3447] final=[-0.5222  0.4232 -0.4176 -2.2661  0.3476  2.6308 -0.4274] (FK err pre=0.0000 m final=0.0000 m)
2026-04-22 14:52:46,446 INFO     [FetchInput] IK pre_joints:   [-0.2299  0.2238 -0.7405 -2.2643  0.2281  2.4177 -0.3447]
2026-04-22 14:52:46,446 INFO     [FetchInput] IK final_joints: [-0.5222  0.4232 -0.4176 -2.2661  0.3476  2.6308 -0.4274]
2026-04-22 14:52:46,446 INFO     [FetchInput] Moving to pre-pick
2026-04-22 14:52:46,496 INFO     [ApplyLabel] Entering state (zones: {'A': 'EMPTY', 'B': 'EMPTY'}  busy: {'A': False, 'B': False})
2026-04-22 14:52:46,497 DEBUG    [ApplyLabel] No zone needs label → wait
2026-04-22 14:52:46,999 INFO     [ApplyLabel] Entering state (zones: {'A': 'EMPTY', 'B': 'EMPTY'}  busy: {'A': False, 'B': False})
2026-04-22 14:52:47,000 DEBUG    [ApplyLabel] No zone needs label → wait
2026-04-22 14:52:47,501 INFO     [ApplyLabel] Entering state (zones: {'A': 'EMPTY', 'B': 'EMPTY'}  busy: {'A': False, 'B': False})
2026-04-22 14:52:47,501 DEBUG    [ApplyLabel] No zone needs label → wait
2026-04-22 14:52:48,004 INFO     [ApplyLabel] Entering state (zones: {'A': 'EMPTY', 'B': 'EMPTY'}  busy: {'A': False, 'B': False})
2026-04-22 14:52:48,004 DEBUG    [ApplyLabel] No zone needs label → wait
2026-04-22 14:52:48,505 INFO     [ApplyLabel] Entering state (zones: {'A': 'EMPTY', 'B': 'EMPTY'}  busy: {'A': False, 'B': False})
2026-04-22 14:52:48,505 DEBUG    [ApplyLabel] No zone needs label → wait
2026-04-22 14:52:49,007 INFO     [ApplyLabel] Entering state (zones: {'A': 'EMPTY', 'B': 'EMPTY'}  busy: {'A': False, 'B': False})
2026-04-22 14:52:49,007 DEBUG    [ApplyLabel] No zone needs label → wait
2026-04-22 14:52:49,509 INFO     [ApplyLabel] Entering state (zones: {'A': 'EMPTY', 'B': 'EMPTY'}  busy: {'A': False, 'B': False})
2026-04-22 14:52:49,509 DEBUG    [ApplyLabel] No zone needs label → wait
2026-04-22 14:52:49,875 INFO     [FetchInput] Descending to pick
2026-04-22 14:52:50,011 INFO     [ApplyLabel] Entering state (zones: {'A': 'EMPTY', 'B': 'EMPTY'}  busy: {'A': False, 'B': False})
2026-04-22 14:52:50,011 DEBUG    [ApplyLabel] No zone needs label → wait
2026-04-22 14:52:50,512 INFO     [ApplyLabel] Entering state (zones: {'A': 'EMPTY', 'B': 'EMPTY'}  busy: {'A': False, 'B': False})
2026-04-22 14:52:50,512 DEBUG    [ApplyLabel] No zone needs label → wait
2026-04-22 14:52:51,016 INFO     [ApplyLabel] Entering state (zones: {'A': 'EMPTY', 'B': 'EMPTY'}  busy: {'A': False, 'B': False})
2026-04-22 14:52:51,016 DEBUG    [ApplyLabel] No zone needs label → wait
2026-04-22 14:52:51,517 INFO     [ApplyLabel] Entering state (zones: {'A': 'EMPTY', 'B': 'EMPTY'}  busy: {'A': False, 'B': False})
2026-04-22 14:52:51,517 DEBUG    [ApplyLabel] No zone needs label → wait
2026-04-22 14:52:52,019 INFO     [ApplyLabel] Entering state (zones: {'A': 'EMPTY', 'B': 'EMPTY'}  busy: {'A': False, 'B': False})
2026-04-22 14:52:52,019 DEBUG    [ApplyLabel] No zone needs label → wait
2026-04-22 14:52:52,082 INFO     [Service] /orio/pnp_cup/on → success=True msg='PnP Cup ON command sent'
2026-04-22 14:52:52,521 INFO     [ApplyLabel] Entering state (zones: {'A': 'EMPTY', 'B': 'EMPTY'}  busy: {'A': False, 'B': False})
2026-04-22 14:52:52,521 DEBUG    [ApplyLabel] No zone needs label → wait
2026-04-22 14:52:53,022 INFO     [ApplyLabel] Entering state (zones: {'A': 'EMPTY', 'B': 'EMPTY'}  busy: {'A': False, 'B': False})
2026-04-22 14:52:53,023 DEBUG    [ApplyLabel] No zone needs label → wait
2026-04-22 14:52:53,083 INFO     [FetchInput] Retracting to pre-pick height
2026-04-22 14:52:53,524 INFO     [ApplyLabel] Entering state (zones: {'A': 'EMPTY', 'B': 'EMPTY'}  busy: {'A': False, 'B': False})
2026-04-22 14:52:53,524 DEBUG    [ApplyLabel] No zone needs label → wait
2026-04-22 14:52:54,026 INFO     [ApplyLabel] Entering state (zones: {'A': 'EMPTY', 'B': 'EMPTY'}  busy: {'A': False, 'B': False})
2026-04-22 14:52:54,026 DEBUG    [ApplyLabel] No zone needs label → wait
2026-04-22 14:52:54,528 INFO     [ApplyLabel] Entering state (zones: {'A': 'EMPTY', 'B': 'EMPTY'}  busy: {'A': False, 'B': False})
2026-04-22 14:52:54,528 DEBUG    [ApplyLabel] No zone needs label → wait
2026-04-22 14:52:55,029 INFO     [ApplyLabel] Entering state (zones: {'A': 'EMPTY', 'B': 'EMPTY'}  busy: {'A': False, 'B': False})
2026-04-22 14:52:55,030 DEBUG    [ApplyLabel] No zone needs label → wait
2026-04-22 14:52:55,287 INFO     [FetchInput] Exiting: succeeded (item_depth=0.0647)
2026-04-22 14:52:55,288 INFO     [DropToZone] Entering state (item_depth=0.0647)
2026-04-22 14:52:55,288 INFO     [DropToZone] Targeting zone A
2026-04-22 14:52:55,295 INFO     [IK] pose_to_joints 'L1_INTER' depth_offset=0.0647 → joints=[-0.3186 -0.5188 -0.3465 -2.544  -0.1903  2.0437  0.2505]
2026-04-22 14:52:55,303 INFO     [IK] pose_to_joints 'LABEL_ZONE_1' depth_offset=0.0747 → joints=[-0.2334  1.1325 -0.1731 -0.891   0.1733  2.0118  0.4033]
2026-04-22 14:52:55,303 INFO     [DropToZone] place_joints for LABEL_ZONE_1: [-0.2334  1.1325 -0.1731 -0.891   0.1733  2.0118  0.4033]
2026-04-22 14:52:55,532 INFO     [ApplyLabel] Entering state (zones: {'A': 'EMPTY', 'B': 'EMPTY'}  busy: {'A': True, 'B': False})
2026-04-22 14:52:55,532 DEBUG    [ApplyLabel] No zone needs label → wait
2026-04-22 14:52:56,033 INFO     [ApplyLabel] Entering state (zones: {'A': 'EMPTY', 'B': 'EMPTY'}  busy: {'A': True, 'B': False})
2026-04-22 14:52:56,033 DEBUG    [ApplyLabel] No zone needs label → wait
2026-04-22 14:52:56,535 INFO     [ApplyLabel] Entering state (zones: {'A': 'EMPTY', 'B': 'EMPTY'}  busy: {'A': True, 'B': False})
2026-04-22 14:52:56,535 DEBUG    [ApplyLabel] No zone needs label → wait
2026-04-22 14:52:57,036 INFO     [ApplyLabel] Entering state (zones: {'A': 'EMPTY', 'B': 'EMPTY'}  busy: {'A': True, 'B': False})
2026-04-22 14:52:57,036 DEBUG    [ApplyLabel] No zone needs label → wait
2026-04-22 14:52:57,538 INFO     [ApplyLabel] Entering state (zones: {'A': 'EMPTY', 'B': 'EMPTY'}  busy: {'A': True, 'B': False})
2026-04-22 14:52:57,539 DEBUG    [ApplyLabel] No zone needs label → wait
2026-04-22 14:52:58,040 INFO     [ApplyLabel] Entering state (zones: {'A': 'EMPTY', 'B': 'EMPTY'}  busy: {'A': True, 'B': False})
2026-04-22 14:52:58,040 DEBUG    [ApplyLabel] No zone needs label → wait
2026-04-22 14:52:58,542 INFO     [ApplyLabel] Entering state (zones: {'A': 'EMPTY', 'B': 'EMPTY'}  busy: {'A': True, 'B': False})
2026-04-22 14:52:58,543 DEBUG    [ApplyLabel] No zone needs label → wait
2026-04-22 14:52:59,044 INFO     [ApplyLabel] Entering state (zones: {'A': 'EMPTY', 'B': 'EMPTY'}  busy: {'A': True, 'B': False})
2026-04-22 14:52:59,044 DEBUG    [ApplyLabel] No zone needs label → wait
2026-04-22 14:52:59,547 INFO     [ApplyLabel] Entering state (zones: {'A': 'EMPTY', 'B': 'EMPTY'}  busy: {'A': True, 'B': False})
2026-04-22 14:52:59,547 DEBUG    [ApplyLabel] No zone needs label → wait
2026-04-22 14:53:00,048 INFO     [ApplyLabel] Entering state (zones: {'A': 'EMPTY', 'B': 'EMPTY'}  busy: {'A': True, 'B': False})
2026-04-22 14:53:00,048 DEBUG    [ApplyLabel] No zone needs label → wait
2026-04-22 14:53:00,550 INFO     [ApplyLabel] Entering state (zones: {'A': 'EMPTY', 'B': 'EMPTY'}  busy: {'A': True, 'B': False})
2026-04-22 14:53:00,550 DEBUG    [ApplyLabel] No zone needs label → wait
2026-04-22 14:53:01,051 INFO     [ApplyLabel] Entering state (zones: {'A': 'EMPTY', 'B': 'EMPTY'}  busy: {'A': True, 'B': False})
2026-04-22 14:53:01,051 DEBUG    [ApplyLabel] No zone needs label → wait
2026-04-22 14:53:01,553 INFO     [ApplyLabel] Entering state (zones: {'A': 'EMPTY', 'B': 'EMPTY'}  busy: {'A': True, 'B': False})
2026-04-22 14:53:01,553 DEBUG    [ApplyLabel] No zone needs label → wait
2026-04-22 14:53:02,055 INFO     [ApplyLabel] Entering state (zones: {'A': 'EMPTY', 'B': 'EMPTY'}  busy: {'A': True, 'B': False})
2026-04-22 14:53:02,055 DEBUG    [ApplyLabel] No zone needs label → wait
2026-04-22 14:53:02,168 INFO     [Service] /orio/pnp_cup/off → success=True msg='PnP Cup OFF command sent'
2026-04-22 14:53:02,558 INFO     [ApplyLabel] Entering state (zones: {'A': 'EMPTY', 'B': 'EMPTY'}  busy: {'A': True, 'B': False})
2026-04-22 14:53:02,558 DEBUG    [ApplyLabel] No zone needs label → wait
2026-04-22 14:53:03,060 INFO     [ApplyLabel] Entering state (zones: {'A': 'EMPTY', 'B': 'EMPTY'}  busy: {'A': True, 'B': False})
2026-04-22 14:53:03,060 DEBUG    [ApplyLabel] No zone needs label → wait
2026-04-22 14:53:03,562 INFO     [ApplyLabel] Entering state (zones: {'A': 'EMPTY', 'B': 'EMPTY'}  busy: {'A': True, 'B': False})
2026-04-22 14:53:03,562 DEBUG    [ApplyLabel] No zone needs label → wait
2026-04-22 14:53:04,063 INFO     [ApplyLabel] Entering state (zones: {'A': 'EMPTY', 'B': 'EMPTY'}  busy: {'A': True, 'B': False})
2026-04-22 14:53:04,063 DEBUG    [ApplyLabel] No zone needs label → wait
2026-04-22 14:53:04,565 INFO     [ApplyLabel] Entering state (zones: {'A': 'EMPTY', 'B': 'EMPTY'}  busy: {'A': True, 'B': False})
2026-04-22 14:53:04,565 DEBUG    [ApplyLabel] No zone needs label → wait
2026-04-22 14:53:05,067 INFO     [ApplyLabel] Entering state (zones: {'A': 'EMPTY', 'B': 'EMPTY'}  busy: {'A': True, 'B': False})
2026-04-22 14:53:05,067 DEBUG    [ApplyLabel] No zone needs label → wait
2026-04-22 14:53:05,569 INFO     [ApplyLabel] Entering state (zones: {'A': 'EMPTY', 'B': 'EMPTY'}  busy: {'A': True, 'B': False})
2026-04-22 14:53:05,570 DEBUG    [ApplyLabel] No zone needs label → wait
2026-04-22 14:53:05,648 INFO     [ZoneManager] Zone A: EMPTY → NEEDS_LABEL
2026-04-22 14:53:05,648 INFO     [DropToZone] Exiting: dropped (zone A)
2026-04-22 14:53:05,650 DEBUG    [TaskSelector] Evaluating zone states: {'A': 'NEEDS_LABEL', 'B': 'EMPTY'}  busy: {'A': False, 'B': False}
2026-04-22 14:53:05,650 INFO     [TaskSelector] → do_load (zone B empty)
2026-04-22 14:53:05,651 INFO     [FetchInput] Entering state
2026-04-22 14:53:05,893 INFO     [Service] /compute_grasps → success=False msg='GroundingDINO found 0 objects.'
2026-04-22 14:53:05,893 ERROR    [FETCH_INPUT] Unhandled exception: /compute_grasps service failed
2026-04-22 14:53:05,894 WARNING  [ARM1 Recovery] Pausing ARM1 — showing GUI (ARM2 continues)
2026-04-22 14:53:24,519 INFO     [Recovery] Zones updated: {'A': 'EMPTY', 'B': 'EMPTY'}  busy: {'A': False, 'B': False}
2026-04-22 14:53:54,393 INFO     [Recovery] Zones updated: {'A': 'EMPTY', 'B': 'EMPTY'}  busy: {'A': False, 'B': False}
2026-04-22 14:53:54,395 INFO     [ARM1 Recovery] choice=FETCH_INPUT
2026-04-22 14:53:54,395 INFO     [ARM1 Recovery] resuming
2026-04-22 14:53:54,397 INFO     [FetchInput] Entering state
2026-04-22 14:53:54,521 INFO     [ApplyLabel] Entering state (zones: {'A': 'EMPTY', 'B': 'EMPTY'}  busy: {'A': False, 'B': False})
2026-04-22 14:53:54,522 DEBUG    [ApplyLabel] No zone needs label → wait
2026-04-22 14:53:54,953 INFO     [Service] /compute_grasps → success=True msg='Published 1 PnP poses.'
2026-04-22 14:53:54,953 INFO     [FetchInput] Grasp pose received: x=0.3631 y=-0.4205 z=0.0146
2026-04-22 14:53:54,953 INFO     [IK] compute_pick_joints called — task_pos=[ 0.3631 -0.4205  0.0146] label_zone=None max_attempts=10 check_collisions=False arm_number=None
2026-04-22 14:53:54,967 INFO     [IK] Arm? compute_pick_joints attempt 1/10 OK — target=([ 0.3631 -0.4205  0.0146]) pre=[-0.2958  0.3762 -0.5571 -2.1933  0.3264  2.4908 -0.2986] final=[-0.5485  0.5742 -0.2788 -2.1601  0.3513  2.6923 -0.3178] (FK err pre=0.0000 m final=0.0000 m)
2026-04-22 14:53:54,968 INFO     [FetchInput] IK pre_joints:   [-0.2958  0.3762 -0.5571 -2.1933  0.3264  2.4908 -0.2986]
2026-04-22 14:53:54,968 INFO     [FetchInput] IK final_joints: [-0.5485  0.5742 -0.2788 -2.1601  0.3513  2.6923 -0.3178]
2026-04-22 14:53:54,968 INFO     [FetchInput] Moving to pre-pick
2026-04-22 14:53:55,024 INFO     [ApplyLabel] Entering state (zones: {'A': 'EMPTY', 'B': 'EMPTY'}  busy: {'A': False, 'B': False})
2026-04-22 14:53:55,024 DEBUG    [ApplyLabel] No zone needs label → wait
2026-04-22 14:53:55,526 INFO     [ApplyLabel] Entering state (zones: {'A': 'EMPTY', 'B': 'EMPTY'}  busy: {'A': False, 'B': False})
2026-04-22 14:53:55,526 DEBUG    [ApplyLabel] No zone needs label → wait
2026-04-22 14:53:56,030 INFO     [ApplyLabel] Entering state (zones: {'A': 'EMPTY', 'B': 'EMPTY'}  busy: {'A': False, 'B': False})
2026-04-22 14:53:56,030 DEBUG    [ApplyLabel] No zone needs label → wait
2026-04-22 14:53:56,532 INFO     [ApplyLabel] Entering state (zones: {'A': 'EMPTY', 'B': 'EMPTY'}  busy: {'A': False, 'B': False})
2026-04-22 14:53:56,532 DEBUG    [ApplyLabel] No zone needs label → wait
2026-04-22 14:53:57,037 INFO     [ApplyLabel] Entering state (zones: {'A': 'EMPTY', 'B': 'EMPTY'}  busy: {'A': False, 'B': False})
2026-04-22 14:53:57,037 DEBUG    [ApplyLabel] No zone needs label → wait
2026-04-22 14:53:57,538 INFO     [ApplyLabel] Entering state (zones: {'A': 'EMPTY', 'B': 'EMPTY'}  busy: {'A': False, 'B': False})
2026-04-22 14:53:57,538 DEBUG    [ApplyLabel] No zone needs label → wait
2026-04-22 14:53:58,041 INFO     [ApplyLabel] Entering state (zones: {'A': 'EMPTY', 'B': 'EMPTY'}  busy: {'A': False, 'B': False})
2026-04-22 14:53:58,041 DEBUG    [ApplyLabel] No zone needs label → wait
2026-04-22 14:53:58,435 INFO     [FetchInput] Descending to pick
2026-04-22 14:53:58,543 INFO     [ApplyLabel] Entering state (zones: {'A': 'EMPTY', 'B': 'EMPTY'}  busy: {'A': False, 'B': False})
2026-04-22 14:53:58,543 DEBUG    [ApplyLabel] No zone needs label → wait
2026-04-22 14:53:59,045 INFO     [ApplyLabel] Entering state (zones: {'A': 'EMPTY', 'B': 'EMPTY'}  busy: {'A': False, 'B': False})
2026-04-22 14:53:59,045 DEBUG    [ApplyLabel] No zone needs label → wait
2026-04-22 14:53:59,547 INFO     [ApplyLabel] Entering state (zones: {'A': 'EMPTY', 'B': 'EMPTY'}  busy: {'A': False, 'B': False})
2026-04-22 14:53:59,547 DEBUG    [ApplyLabel] No zone needs label → wait
2026-04-22 14:54:00,053 INFO     [ApplyLabel] Entering state (zones: {'A': 'EMPTY', 'B': 'EMPTY'}  busy: {'A': False, 'B': False})
2026-04-22 14:54:00,053 DEBUG    [ApplyLabel] No zone needs label → wait
2026-04-22 14:54:00,554 INFO     [ApplyLabel] Entering state (zones: {'A': 'EMPTY', 'B': 'EMPTY'}  busy: {'A': False, 'B': False})
2026-04-22 14:54:00,554 DEBUG    [ApplyLabel] No zone needs label → wait
2026-04-22 14:54:00,642 INFO     [Service] /orio/pnp_cup/on → success=True msg='PnP Cup ON command sent'
2026-04-22 14:54:01,057 INFO     [ApplyLabel] Entering state (zones: {'A': 'EMPTY', 'B': 'EMPTY'}  busy: {'A': False, 'B': False})
2026-04-22 14:54:01,057 DEBUG    [ApplyLabel] No zone needs label → wait
2026-04-22 14:54:01,559 INFO     [ApplyLabel] Entering state (zones: {'A': 'EMPTY', 'B': 'EMPTY'}  busy: {'A': False, 'B': False})
2026-04-22 14:54:01,559 DEBUG    [ApplyLabel] No zone needs label → wait
2026-04-22 14:54:01,643 INFO     [FetchInput] Retracting to pre-pick height
2026-04-22 14:54:02,061 INFO     [ApplyLabel] Entering state (zones: {'A': 'EMPTY', 'B': 'EMPTY'}  busy: {'A': False, 'B': False})
2026-04-22 14:54:02,061 DEBUG    [ApplyLabel] No zone needs label → wait
2026-04-22 14:54:02,563 INFO     [ApplyLabel] Entering state (zones: {'A': 'EMPTY', 'B': 'EMPTY'}  busy: {'A': False, 'B': False})
2026-04-22 14:54:02,563 DEBUG    [ApplyLabel] No zone needs label → wait
2026-04-22 14:54:03,068 INFO     [ApplyLabel] Entering state (zones: {'A': 'EMPTY', 'B': 'EMPTY'}  busy: {'A': False, 'B': False})
2026-04-22 14:54:03,068 DEBUG    [ApplyLabel] No zone needs label → wait
2026-04-22 14:54:03,570 INFO     [ApplyLabel] Entering state (zones: {'A': 'EMPTY', 'B': 'EMPTY'}  busy: {'A': False, 'B': False})
2026-04-22 14:54:03,570 DEBUG    [ApplyLabel] No zone needs label → wait
2026-04-22 14:54:03,848 INFO     [FetchInput] Exiting: succeeded (item_depth=0.0146)
2026-04-22 14:54:03,849 INFO     [DropToZone] Entering state (item_depth=0.0146)
2026-04-22 14:54:03,849 INFO     [DropToZone] Targeting zone A
2026-04-22 14:54:03,857 INFO     [IK] pose_to_joints 'L1_INTER' depth_offset=0.0146 → joints=[-0.3197 -0.4549 -0.3698 -2.629  -0.1965  2.1919  0.246 ]
2026-04-22 14:54:03,867 INFO     [IK] pose_to_joints 'LABEL_ZONE_1' depth_offset=0.0246 → joints=[-0.2412  1.2331 -0.1656 -0.8356  0.1769  2.0578  0.4054]
2026-04-22 14:54:03,867 INFO     [DropToZone] place_joints for LABEL_ZONE_1: [-0.2412  1.2331 -0.1656 -0.8356  0.1769  2.0578  0.4054]
2026-04-22 14:54:04,073 INFO     [ApplyLabel] Entering state (zones: {'A': 'EMPTY', 'B': 'EMPTY'}  busy: {'A': True, 'B': False})
2026-04-22 14:54:04,073 DEBUG    [ApplyLabel] No zone needs label → wait
2026-04-22 14:54:04,574 INFO     [ApplyLabel] Entering state (zones: {'A': 'EMPTY', 'B': 'EMPTY'}  busy: {'A': True, 'B': False})
2026-04-22 14:54:04,574 DEBUG    [ApplyLabel] No zone needs label → wait
2026-04-22 14:54:05,077 INFO     [ApplyLabel] Entering state (zones: {'A': 'EMPTY', 'B': 'EMPTY'}  busy: {'A': True, 'B': False})
2026-04-22 14:54:05,077 DEBUG    [ApplyLabel] No zone needs label → wait
2026-04-22 14:54:05,579 INFO     [ApplyLabel] Entering state (zones: {'A': 'EMPTY', 'B': 'EMPTY'}  busy: {'A': True, 'B': False})
2026-04-22 14:54:05,579 DEBUG    [ApplyLabel] No zone needs label → wait
2026-04-22 14:54:06,081 INFO     [ApplyLabel] Entering state (zones: {'A': 'EMPTY', 'B': 'EMPTY'}  busy: {'A': True, 'B': False})
2026-04-22 14:54:06,081 DEBUG    [ApplyLabel] No zone needs label → wait
2026-04-22 14:54:06,583 INFO     [ApplyLabel] Entering state (zones: {'A': 'EMPTY', 'B': 'EMPTY'}  busy: {'A': True, 'B': False})
2026-04-22 14:54:06,583 DEBUG    [ApplyLabel] No zone needs label → wait
2026-04-22 14:54:07,084 INFO     [ApplyLabel] Entering state (zones: {'A': 'EMPTY', 'B': 'EMPTY'}  busy: {'A': True, 'B': False})
2026-04-22 14:54:07,085 DEBUG    [ApplyLabel] No zone needs label → wait
2026-04-22 14:54:07,586 INFO     [ApplyLabel] Entering state (zones: {'A': 'EMPTY', 'B': 'EMPTY'}  busy: {'A': True, 'B': False})
2026-04-22 14:54:07,587 DEBUG    [ApplyLabel] No zone needs label → wait
2026-04-22 14:54:08,089 INFO     [ApplyLabel] Entering state (zones: {'A': 'EMPTY', 'B': 'EMPTY'}  busy: {'A': True, 'B': False})
2026-04-22 14:54:08,090 DEBUG    [ApplyLabel] No zone needs label → wait
2026-04-22 14:54:08,591 INFO     [ApplyLabel] Entering state (zones: {'A': 'EMPTY', 'B': 'EMPTY'}  busy: {'A': True, 'B': False})
2026-04-22 14:54:08,591 DEBUG    [ApplyLabel] No zone needs label → wait
2026-04-22 14:54:09,093 INFO     [ApplyLabel] Entering state (zones: {'A': 'EMPTY', 'B': 'EMPTY'}  busy: {'A': True, 'B': False})
2026-04-22 14:54:09,093 DEBUG    [ApplyLabel] No zone needs label → wait
2026-04-22 14:54:09,594 INFO     [ApplyLabel] Entering state (zones: {'A': 'EMPTY', 'B': 'EMPTY'}  busy: {'A': True, 'B': False})
2026-04-22 14:54:09,595 DEBUG    [ApplyLabel] No zone needs label → wait
2026-04-22 14:54:10,096 INFO     [ApplyLabel] Entering state (zones: {'A': 'EMPTY', 'B': 'EMPTY'}  busy: {'A': True, 'B': False})
2026-04-22 14:54:10,096 DEBUG    [ApplyLabel] No zone needs label → wait
2026-04-22 14:54:10,598 INFO     [ApplyLabel] Entering state (zones: {'A': 'EMPTY', 'B': 'EMPTY'}  busy: {'A': True, 'B': False})
2026-04-22 14:54:10,598 DEBUG    [ApplyLabel] No zone needs label → wait
2026-04-22 14:54:10,718 INFO     [Service] /orio/pnp_cup/off → success=True msg='PnP Cup OFF command sent'
2026-04-22 14:54:11,100 INFO     [ApplyLabel] Entering state (zones: {'A': 'EMPTY', 'B': 'EMPTY'}  busy: {'A': True, 'B': False})
2026-04-22 14:54:11,100 DEBUG    [ApplyLabel] No zone needs label → wait
2026-04-22 14:54:11,601 INFO     [ApplyLabel] Entering state (zones: {'A': 'EMPTY', 'B': 'EMPTY'}  busy: {'A': True, 'B': False})
2026-04-22 14:54:11,601 DEBUG    [ApplyLabel] No zone needs label → wait
2026-04-22 14:54:12,104 INFO     [ApplyLabel] Entering state (zones: {'A': 'EMPTY', 'B': 'EMPTY'}  busy: {'A': True, 'B': False})
2026-04-22 14:54:12,104 DEBUG    [ApplyLabel] No zone needs label → wait
2026-04-22 14:54:12,605 INFO     [ApplyLabel] Entering state (zones: {'A': 'EMPTY', 'B': 'EMPTY'}  busy: {'A': True, 'B': False})
2026-04-22 14:54:12,605 DEBUG    [ApplyLabel] No zone needs label → wait
2026-04-22 14:54:13,107 INFO     [ApplyLabel] Entering state (zones: {'A': 'EMPTY', 'B': 'EMPTY'}  busy: {'A': True, 'B': False})
2026-04-22 14:54:13,107 DEBUG    [ApplyLabel] No zone needs label → wait
2026-04-22 14:54:13,608 INFO     [ApplyLabel] Entering state (zones: {'A': 'EMPTY', 'B': 'EMPTY'}  busy: {'A': True, 'B': False})
2026-04-22 14:54:13,608 DEBUG    [ApplyLabel] No zone needs label → wait
2026-04-22 14:54:14,110 INFO     [ApplyLabel] Entering state (zones: {'A': 'EMPTY', 'B': 'EMPTY'}  busy: {'A': True, 'B': False})
2026-04-22 14:54:14,110 DEBUG    [ApplyLabel] No zone needs label → wait
2026-04-22 14:54:14,194 INFO     [ZoneManager] Zone A: EMPTY → NEEDS_LABEL
2026-04-22 14:54:14,194 INFO     [DropToZone] Exiting: dropped (zone A)
2026-04-22 14:54:14,195 DEBUG    [TaskSelector] Evaluating zone states: {'A': 'NEEDS_LABEL', 'B': 'EMPTY'}  busy: {'A': False, 'B': False}
2026-04-22 14:54:14,195 INFO     [TaskSelector] → do_load (zone B empty)
2026-04-22 14:54:14,196 INFO     [FetchInput] Entering state
2026-04-22 14:54:14,436 INFO     [Service] /compute_grasps → success=False msg='GroundingDINO found 0 objects.'
2026-04-22 14:54:14,436 ERROR    [FETCH_INPUT] Unhandled exception: /compute_grasps service failed
2026-04-22 14:54:14,438 WARNING  [ARM1 Recovery] Pausing ARM1 — showing GUI (ARM2 continues)
2026-04-22 14:54:30,449 INFO     [Recovery] Zones updated: {'A': 'NEEDS_LABEL', 'B': 'EMPTY'}  busy: {'A': False, 'B': False}
2026-04-22 14:54:30,452 INFO     [ARM1 Recovery] choice=DECIDE_HUB
2026-04-22 14:54:30,452 INFO     [ARM1 Recovery] resuming
2026-04-22 14:54:30,454 DEBUG    [TaskSelector] Evaluating zone states: {'A': 'NEEDS_LABEL', 'B': 'EMPTY'}  busy: {'A': False, 'B': False}
2026-04-22 14:54:30,454 INFO     [TaskSelector] → do_load (zone B empty)
2026-04-22 14:54:30,455 INFO     [FetchInput] Entering state
2026-04-22 14:54:30,629 INFO     [ApplyLabel] Entering state (zones: {'A': 'NEEDS_LABEL', 'B': 'EMPTY'}  busy: {'A': False, 'B': False})
2026-04-22 14:54:30,629 INFO     [ApplyLabel] Applying label to zone A (zone_number=1, depth=0.0146)
2026-04-22 14:54:30,629 INFO     [compute_label_joints] Requesting label pose for zone 1, item_depth=0.0146
2026-04-22 14:54:30,694 INFO     [Service] /compute_grasps → success=False msg='GroundingDINO found 0 objects.'
2026-04-22 14:54:30,694 ERROR    [FETCH_INPUT] Unhandled exception: /compute_grasps service failed
2026-04-22 14:54:30,697 WARNING  [ARM1 Recovery] Pausing ARM1 — showing GUI (ARM2 continues)
2026-04-22 14:54:32,254 INFO     [Service] /compute_grasps_labelling → success=True msg='Zone1=OK, Zone2=FAIL'
2026-04-22 14:54:32,254 INFO     item_depth=0.0146  X=-0.1641 Y=-0.0230 Z=0.9854  pos(world)=[ 0.483   0.1831 -0.0054]  task_pos=[0.483  0.1831 0.0146]  task_ori=[0.774  0.6332 0.     0.    ]
2026-04-22 14:54:32,255 INFO     [compute_label_joints] Zone 1 received pose: x=0.4830 y=0.1831 z=0.0146  RPY r=180.00 p=0.00 y=78.57 deg
2026-04-22 14:54:32,255 INFO     [IK] compute_pick_joints called — task_pos=[0.483  0.1831 0.0146] label_zone=1 max_attempts=10 check_collisions=True arm_number=2
2026-04-22 14:54:32,272 INFO     [IK] Arm2 compute_pick_joints attempt 1/10 OK — target=([0.483  0.1831 0.0146]) pre=[ 0.1764  0.2331  0.1805 -2.3428 -0.0768  2.5709 -0.1692] final=[ 0.412   0.4804 -0.0421 -2.3105  0.0566  2.79   -0.2643] (FK err pre=0.0000 m final=0.0000 m)
2026-04-22 14:54:32,273 INFO     [ApplyLabel] IK pre_joints=[ 0.1764  0.2331  0.1805 -2.3428 -0.0768  2.5709 -0.1692]  final_joints=[ 0.412   0.4804 -0.0421 -2.3105  0.0566  2.79   -0.2643]
2026-04-22 14:54:32,273 INFO     [ApplyLabel] Registering label — item='fef' expiry='1234-56-78'
2026-04-22 14:54:33,434 INFO     [Recovery] Zones updated: {'A': 'NEEDS_LABEL', 'B': 'EMPTY'}  busy: {'A': False, 'B': False}
2026-04-22 14:54:33,439 INFO     [ARM1 Recovery] choice=DECIDE_HUB
2026-04-22 14:54:33,439 INFO     [ARM1 Recovery] resuming
2026-04-22 14:54:33,441 DEBUG    [TaskSelector] Evaluating zone states: {'A': 'NEEDS_LABEL', 'B': 'EMPTY'}  busy: {'A': False, 'B': False}
2026-04-22 14:54:33,441 INFO     [TaskSelector] → do_load (zone B empty)
2026-04-22 14:54:33,442 INFO     [FetchInput] Entering state
2026-04-22 14:54:33,747 INFO     [Service] /compute_grasps → success=False msg='GroundingDINO found 0 objects.'
2026-04-22 14:54:33,747 ERROR    [FETCH_INPUT] Unhandled exception: /compute_grasps service failed
2026-04-22 14:54:33,749 WARNING  [ARM1 Recovery] Pausing ARM1 — showing GUI (ARM2 continues)
2026-04-22 14:54:37,418 ERROR    [RFID] Service call failed for /inventory/add_item: timeout exceeded while waiting for service /inventory/add_item
2026-04-22 14:54:48,628 ERROR    [APPLY_LABEL] Unhandled exception: LBL vacuum failed to pick up item (expected=True, actual=False)
2026-04-22 14:54:48,630 WARNING  [ARM2 Recovery] Pausing ARM2 — showing GUI (ARM1 continues)
2026-04-22 14:54:53,853 INFO     [Recovery] Zones updated: {'A': 'NEEDS_LABEL', 'B': 'EMPTY'}  busy: {'A': False, 'B': False}
2026-04-22 14:54:53,857 INFO     [ARM1 Recovery] choice=DECIDE_HUB
2026-04-22 14:54:53,907 INFO     [ARM1 Recovery] resuming
2026-04-22 14:55:28,483 INFO     [ARM2 Recovery] choice=shutdown
2026-04-22 14:55:28,483 INFO     [ARM2 Recovery] resuming
2026-04-22 14:55:28,549 DEBUG    [TaskSelector] Evaluating zone states: {'A': 'NEEDS_LABEL', 'B': 'EMPTY'}  busy: {'A': False, 'B': False}
2026-04-22 14:55:28,549 INFO     [TaskSelector] → do_load (zone B empty)
2026-04-22 14:55:28,550 INFO     [FetchInput] Entering state
2026-04-22 14:55:29,133 INFO     [Service] /compute_grasps → success=True msg='Published 1 PnP poses.'
2026-04-22 14:55:29,134 INFO     [FetchInput] Grasp pose received: x=0.2864 y=-0.5167 z=0.0096
2026-04-22 14:55:29,135 INFO     [IK] compute_pick_joints called — task_pos=[ 0.2864 -0.5167  0.0096] label_zone=None max_attempts=10 check_collisions=False arm_number=None
2026-04-22 14:55:29,153 INFO     [IK] Arm? compute_pick_joints attempt 1/10 OK — target=([ 0.2864 -0.5167  0.0096]) pre=[-0.4605  0.5003 -0.6175 -2.0525  0.4359  2.4236 -0.5697] final=[-0.6905  0.6714 -0.3543 -2.0167  0.4432  2.6141 -0.5762] (FK err pre=0.0000 m final=0.0000 m)
2026-04-22 14:55:29,154 INFO     [FetchInput] IK pre_joints:   [-0.4605  0.5003 -0.6175 -2.0525  0.4359  2.4236 -0.5697]
2026-04-22 14:55:29,154 INFO     [FetchInput] IK final_joints: [-0.6905  0.6714 -0.3543 -2.0167  0.4432  2.6141 -0.5762]
2026-04-22 14:55:29,155 INFO     [FetchInput] Moving to pre-pick
2026-04-22 14:55:32,591 INFO     [FetchInput] Descending to pick
2026-04-22 14:55:34,796 INFO     [Service] /orio/pnp_cup/on → success=True msg='PnP Cup ON command sent'
2026-04-22 14:55:35,796 INFO     [FetchInput] Retracting to pre-pick height
2026-04-22 14:55:38,000 INFO     [FetchInput] Exiting: succeeded (item_depth=0.0096)
2026-04-22 14:55:38,001 INFO     [DropToZone] Entering state (item_depth=0.0096)
2026-04-22 14:55:38,001 INFO     [DropToZone] Targeting zone B
2026-04-22 14:55:38,011 INFO     [IK] pose_to_joints 'L1_INTER' depth_offset=0.0096 → joints=[-0.3198 -0.4467 -0.3719 -2.6365 -0.1965  2.2074  0.2451]
2026-04-22 14:55:38,020 INFO     [IK] pose_to_joints 'L2_INTER' depth_offset=0.0096 → joints=[ 0.113  -0.493   0.5743 -2.6302  0.3193  2.1819  1.229 ]
2026-04-22 14:55:38,031 INFO     [IK] pose_to_joints 'LABEL_ZONE_2' depth_offset=0.0196 → joints=[ 0.3587  1.2394 -0.0763 -0.8286  0.082   2.0657  1.0802]
2026-04-22 14:55:38,031 INFO     [DropToZone] place_joints for LABEL_ZONE_2: [ 0.3587  1.2394 -0.0763 -0.8286  0.082   2.0657  1.0802]
2026-04-22 14:55:45,524 INFO     [Service] /orio/pnp_cup/off → success=True msg='PnP Cup OFF command sent'
2026-04-22 14:55:48,967 INFO     [ZoneManager] Zone B: EMPTY → NEEDS_LABEL
2026-04-22 14:55:48,968 INFO     [DropToZone] Exiting: dropped (zone B)
2026-04-22 14:55:48,976 INFO     [Main] State machine finished with outcome: done
2026-04-22 14:55:48,976 WARNING  [Main] Shutting down: turning off both vacuums
2026-04-22 14:55:48,976 INFO     [Main] Total items placed at output: 1
2026-04-22 14:55:48,978 INFO     [Service] /orio/pnp_cup/off → success=True msg='PnP Cup OFF command sent'
2026-04-22 14:55:48,979 INFO     [Service] /orio/lbl_cup/off → success=True msg='Labelling Cup OFF command sent'
