2026-04-22 15:04:30,801 INFO     [Logger] File log started: /home/ros_ws/src/devel_packages/orio/logs/orio_run_20260422_150430.log
2026-04-22 15:04:30,801 INFO     [Main] Node started. Log file: /home/ros_ws/src/devel_packages/orio/logs/orio_run_20260422_150430.log
2026-04-22 15:04:38,697 INFO     [Main] Operator input — item='bgffgb'  expiry='1234-56-78'
2026-04-22 15:04:38,697 INFO     [Hardware] Initializing Robot Hardware...
2026-04-22 15:04:39,216 INFO     [Hardware] Resetting both arms to home joints
2026-04-22 15:04:48,162 INFO     [Hardware] Poses loaded from joint_angles.json
2026-04-22 15:04:48,169 INFO     [Hardware] Initialization complete
2026-04-22 15:04:48,173 INFO     [Main] Starting state machine execution
2026-04-22 15:04:48,175 INFO     [GetLabel] Entering state
2026-04-22 15:04:48,176 DEBUG    [TaskSelector] Evaluating zone states: {'A': 'EMPTY', 'B': 'EMPTY'}  busy: {'A': False, 'B': False}
2026-04-22 15:04:48,176 INFO     [TaskSelector] → do_load (zone A empty)
2026-04-22 15:04:48,177 INFO     [FetchInput] Entering state
2026-04-22 15:04:48,729 INFO     [Service] /compute_grasps → success=True msg='Published 3 PnP poses.'
2026-04-22 15:04:48,729 INFO     [FetchInput] Grasp pose received: x=0.3718 y=-0.6469 z=0.0068
2026-04-22 15:04:48,730 INFO     [IK] compute_pick_joints called — task_pos=[ 0.3718 -0.6469  0.0068] label_zone=None max_attempts=10 check_collisions=False arm_number=None
2026-04-22 15:04:48,751 INFO     [IK] Arm? compute_pick_joints attempt 1/10 OK — target=([ 0.3718 -0.6469  0.0068]) pre=[-0.6399  0.9605 -0.6043 -1.2785  0.5597  2.0722 -0.5238] final=[-0.7964  1.0768 -0.3636 -1.2372  0.4115  2.2424 -0.4547] (FK err pre=0.0000 m final=0.0000 m)
2026-04-22 15:04:48,752 INFO     [FetchInput] IK pre_joints:   [-0.6399  0.9605 -0.6043 -1.2785  0.5597  2.0722 -0.5238]
2026-04-22 15:04:48,753 INFO     [FetchInput] IK final_joints: [-0.7964  1.0768 -0.3636 -1.2372  0.4115  2.2424 -0.4547]
2026-04-22 15:04:48,754 INFO     [FetchInput] Moving to pre-pick
2026-04-22 15:04:52,222 INFO     [FetchInput] Descending to pick
2026-04-22 15:04:54,430 INFO     [Service] /orio/pnp_cup/on → success=True msg='PnP Cup ON command sent'
2026-04-22 15:04:55,431 INFO     [FetchInput] Retracting to pre-pick height
2026-04-22 15:04:58,485 INFO     [FetchInput] Exiting: succeeded (item_depth=0.0068)
2026-04-22 15:04:58,486 INFO     [DropToZone] Entering state (item_depth=0.0068)
2026-04-22 15:04:58,486 INFO     [DropToZone] Targeting zone A
2026-04-22 15:04:58,496 INFO     [IK] pose_to_joints 'L1_INTER' depth_offset=0.0068 → joints=[-0.3199 -0.4421 -0.3731 -2.6405 -0.1964  2.216   0.2445]
2026-04-22 15:04:58,507 INFO     [IK] pose_to_joints 'LABEL_ZONE_1' depth_offset=0.0168 → joints=[-0.243   1.2517 -0.1643 -0.8212  0.1771  2.0623  0.4062]
2026-04-22 15:04:58,507 INFO     [DropToZone] place_joints for LABEL_ZONE_1: [-0.243   1.2517 -0.1643 -0.8212  0.1771  2.0623  0.4062]
2026-04-22 15:04:58,509 INFO     [Service] /orio/lbl_cup/on → success=True msg='Labelling Cup ON command sent'
2026-04-22 15:05:01,966 INFO     [IK] pose_to_joints 'LABELLING_SAFE' depth_offset=0.0000 → joints=[-0.065  -1.2718  0.0356 -2.707   0.0343  1.4354  0.7355]
2026-04-22 15:05:05,173 INFO     [GetLabel] Exiting: succeeded
2026-04-22 15:05:05,175 INFO     [ApplyLabel] Entering state (zones: {'A': 'EMPTY', 'B': 'EMPTY'}  busy: {'A': True, 'B': False})
2026-04-22 15:05:05,175 DEBUG    [ApplyLabel] No zone needs label → wait
2026-04-22 15:05:05,448 INFO     [Service] /orio/pnp_cup/off → success=True msg='PnP Cup OFF command sent'
2026-04-22 15:05:05,677 INFO     [ApplyLabel] Entering state (zones: {'A': 'EMPTY', 'B': 'EMPTY'}  busy: {'A': True, 'B': False})
2026-04-22 15:05:05,677 DEBUG    [ApplyLabel] No zone needs label → wait
2026-04-22 15:05:06,179 INFO     [ApplyLabel] Entering state (zones: {'A': 'EMPTY', 'B': 'EMPTY'}  busy: {'A': True, 'B': False})
2026-04-22 15:05:06,179 DEBUG    [ApplyLabel] No zone needs label → wait
2026-04-22 15:05:06,681 INFO     [ApplyLabel] Entering state (zones: {'A': 'EMPTY', 'B': 'EMPTY'}  busy: {'A': True, 'B': False})
2026-04-22 15:05:06,681 DEBUG    [ApplyLabel] No zone needs label → wait
2026-04-22 15:05:07,183 INFO     [ApplyLabel] Entering state (zones: {'A': 'EMPTY', 'B': 'EMPTY'}  busy: {'A': True, 'B': False})
2026-04-22 15:05:07,183 DEBUG    [ApplyLabel] No zone needs label → wait
2026-04-22 15:05:07,684 INFO     [ApplyLabel] Entering state (zones: {'A': 'EMPTY', 'B': 'EMPTY'}  busy: {'A': True, 'B': False})
2026-04-22 15:05:07,684 DEBUG    [ApplyLabel] No zone needs label → wait
2026-04-22 15:05:08,187 INFO     [ApplyLabel] Entering state (zones: {'A': 'EMPTY', 'B': 'EMPTY'}  busy: {'A': True, 'B': False})
2026-04-22 15:05:08,187 DEBUG    [ApplyLabel] No zone needs label → wait
2026-04-22 15:05:08,689 INFO     [ApplyLabel] Entering state (zones: {'A': 'EMPTY', 'B': 'EMPTY'}  busy: {'A': True, 'B': False})
2026-04-22 15:05:08,689 DEBUG    [ApplyLabel] No zone needs label → wait
2026-04-22 15:05:08,925 INFO     [ZoneManager] Zone A: EMPTY → NEEDS_LABEL
2026-04-22 15:05:08,925 INFO     [DropToZone] Exiting: dropped (zone A)
2026-04-22 15:05:08,928 DEBUG    [TaskSelector] Evaluating zone states: {'A': 'NEEDS_LABEL', 'B': 'EMPTY'}  busy: {'A': False, 'B': False}
2026-04-22 15:05:08,928 INFO     [TaskSelector] → do_load (zone B empty)
2026-04-22 15:05:08,930 INFO     [FetchInput] Entering state
2026-04-22 15:05:09,191 INFO     [ApplyLabel] Entering state (zones: {'A': 'NEEDS_LABEL', 'B': 'EMPTY'}  busy: {'A': False, 'B': False})
2026-04-22 15:05:09,191 INFO     [ApplyLabel] Applying label to zone A (zone_number=1, depth=0.0068)
2026-04-22 15:05:09,191 INFO     [compute_label_joints] Requesting label pose for zone 1, item_depth=0.0068
2026-04-22 15:05:09,578 INFO     [Service] /compute_grasps → success=True msg='Published 2 PnP poses.'
2026-04-22 15:05:09,578 INFO     [FetchInput] Grasp pose received: x=0.0597 y=-0.5057 z=0.0077
2026-04-22 15:05:09,579 INFO     [IK] compute_pick_joints called — task_pos=[ 0.0597 -0.5057  0.0077] label_zone=None max_attempts=10 check_collisions=False arm_number=None
2026-04-22 15:05:09,595 INFO     [IK] Arm? compute_pick_joints attempt 1/10 OK — target=([ 0.0597 -0.5057  0.0077]) pre=[-0.6039  0.3435 -0.8169 -2.3508  0.4508  2.543  -0.9857] final=[-0.919   0.5561 -0.4543 -2.2957  0.6248  2.7344 -1.1117] (FK err pre=0.0000 m final=0.0000 m)
2026-04-22 15:05:09,596 INFO     [FetchInput] IK pre_joints:   [-0.6039  0.3435 -0.8169 -2.3508  0.4508  2.543  -0.9857]
2026-04-22 15:05:09,596 INFO     [FetchInput] IK final_joints: [-0.919   0.5561 -0.4543 -2.2957  0.6248  2.7344 -1.1117]
2026-04-22 15:05:09,597 INFO     [FetchInput] Moving to pre-pick
2026-04-22 15:05:11,168 INFO     [Service] /compute_grasps_labelling → success=True msg='Zone1=OK, Zone2=FAIL'
2026-04-22 15:05:11,169 INFO     item_depth=0.0068  X=-0.2259 Y=-0.1147 Z=0.9932  pos(world)=[ 0.5747  0.2449 -0.0132]  task_pos=[0.5747 0.2449 0.0068]  task_ori=[-0.  1.  0.  0.]
2026-04-22 15:05:11,170 INFO     [compute_label_joints] Zone 1 received pose: x=0.5747 y=0.2449 z=0.0068  RPY r=180.00 p=0.00 y=-180.00 deg
2026-04-22 15:05:11,170 INFO     [IK] compute_pick_joints called — task_pos=[0.5747 0.2449 0.0068] label_zone=1 max_attempts=10 check_collisions=True arm_number=2
2026-04-22 15:05:11,190 INFO     Arm2: cached 8 obstacles from '/home/ros_ws/src/devel_packages/orio/obstacles_files/obs_arm2_free.p'
2026-04-22 15:05:11,199 WARNING  [IK] attempt 1/10 in collision (pre=False final=True), retrying with new seed
2026-04-22 15:05:11,199 ERROR    [APPLY_LABEL] Unhandled exception: `x0` is infeasible.
2026-04-22 15:05:11,201 WARNING  [ARM2 Recovery] Pausing ARM2 — showing GUI (ARM1 continues)
2026-04-22 15:05:12,701 INFO     [FetchInput] Descending to pick
2026-04-22 15:05:15,163 INFO     [Service] /orio/pnp_cup/on → success=True msg='PnP Cup ON command sent'
2026-04-22 15:05:16,164 INFO     [FetchInput] Retracting to pre-pick height
2026-04-22 15:05:18,620 INFO     [FetchInput] Exiting: succeeded (item_depth=0.0077)
2026-04-22 15:05:18,621 INFO     [DropToZone] Entering state (item_depth=0.0077)
2026-04-22 15:05:18,621 INFO     [DropToZone] Targeting zone B
2026-04-22 15:05:18,629 INFO     [IK] pose_to_joints 'L1_INTER' depth_offset=0.0077 → joints=[-0.3199 -0.4436 -0.3727 -2.6392 -0.1965  2.2131  0.2447]
2026-04-22 15:05:18,639 INFO     [IK] pose_to_joints 'L2_INTER' depth_offset=0.0077 → joints=[ 0.1162 -0.4888  0.5726 -2.633   0.3174  2.1883  1.2311]
2026-04-22 15:05:18,651 INFO     [IK] pose_to_joints 'LABEL_ZONE_2' depth_offset=0.0177 → joints=[ 0.3593  1.244  -0.0778 -0.8251  0.0838  2.0667  1.0798]
2026-04-22 15:05:18,652 INFO     [DropToZone] place_joints for LABEL_ZONE_2: [ 0.3593  1.244  -0.0778 -0.8251  0.0838  2.0667  1.0798]
2026-04-22 15:05:27,044 INFO     [Service] /orio/pnp_cup/off → success=True msg='PnP Cup OFF command sent'
2026-04-22 15:05:28,055 INFO     [ZoneManager] Zone B: EMPTY → NEEDS_LABEL
2026-04-22 15:05:28,055 INFO     [DropToZone] Exiting: dropped (zone B)
2026-04-22 15:06:22,873 INFO     [ARM2 Recovery] choice=shutdown
2026-04-22 15:06:22,874 INFO     [ARM2 Recovery] resuming
2026-04-22 15:06:22,918 DEBUG    [TaskSelector] Evaluating zone states: {'A': 'NEEDS_LABEL', 'B': 'NEEDS_LABEL'}  busy: {'A': False, 'B': False}
2026-04-22 15:06:22,918 DEBUG    [TaskSelector] → wait (no actionable zones)
2026-04-22 15:06:23,422 INFO     [Main] State machine finished with outcome: done
2026-04-22 15:06:23,422 WARNING  [Main] Shutting down: turning off both vacuums
2026-04-22 15:06:23,422 INFO     [Main] Total items placed at output: 0
2026-04-22 15:06:23,424 INFO     [Service] /orio/pnp_cup/off → success=True msg='PnP Cup OFF command sent'
2026-04-22 15:06:23,426 INFO     [Service] /orio/lbl_cup/off → success=True msg='Labelling Cup OFF command sent'
