2026-04-15 14:45:05,023 INFO     [Logger] File log started: /home/ros_ws/src/devel_packages/orio/logs/orio_run_20260415_144505.log
2026-04-15 14:45:05,023 INFO     [Main] Node started. Log file: /home/ros_ws/src/devel_packages/orio/logs/orio_run_20260415_144505.log
2026-04-15 14:45:05,023 INFO     [Hardware] Initializing Robot Hardware...
2026-04-15 14:45:05,528 INFO     [Hardware] Resetting both arms to home joints
2026-04-15 14:45:15,890 INFO     [Hardware] Poses loaded from joint_angles.json
2026-04-15 14:45:15,895 INFO     [Hardware] Initialization complete
2026-04-15 14:45:15,899 INFO     [Main] Starting state machine execution
2026-04-15 14:45:15,901 DEBUG    [TaskSelector] Evaluating zone states: {'A': 'EMPTY', 'B': 'EMPTY'}  busy: {'A': False, 'B': False}
2026-04-15 14:45:15,901 INFO     [TaskSelector] → do_load (zone A empty)
2026-04-15 14:45:15,902 INFO     [GetLabel] Entering state
2026-04-15 14:45:15,903 INFO     [FetchInput] Entering state
2026-04-15 14:45:16,507 INFO     [Service] /compute_grasps → success=True msg='Published 2 PnP poses.'
2026-04-15 14:45:16,507 INFO     [FetchInput] Grasp pose received: x=0.0358 y=-0.5309 z=0.0235
2026-04-15 14:45:16,507 INFO     [IK] compute_pick_joints called — task_pos=[ 0.0358 -0.5309  0.0235] label_zone=None max_attempts=10 check_collisions=False arm_number=None
2026-04-15 14:45:16,527 INFO     [IK] Arm? compute_pick_joints attempt 1/10 OK — target=([ 0.0358 -0.5309  0.0235]) pre=[-0.6357  0.3793 -0.8543 -2.2676  0.4651  2.4697 -1.0422] final=[-0.9237  0.57   -0.5202 -2.2285  0.6146  2.6577 -1.1461] (FK err pre=0.0000 m final=0.0000 m)
2026-04-15 14:45:16,528 INFO     [FetchInput] IK pre_joints:   [-0.6357  0.3793 -0.8543 -2.2676  0.4651  2.4697 -1.0422]
2026-04-15 14:45:16,529 INFO     [FetchInput] IK final_joints: [-0.9237  0.57   -0.5202 -2.2285  0.6146  2.6577 -1.1461]
2026-04-15 14:45:16,530 INFO     [FetchInput] Moving to pre-pick
2026-04-15 14:45:19,966 INFO     [FetchInput] Descending to pick
2026-04-15 14:45:22,177 INFO     [Service] /orio/pnp_cup/on → success=True msg='PnP Cup ON command sent'
2026-04-15 14:45:23,179 INFO     [FetchInput] Retracting to pre-pick height
2026-04-15 14:45:25,386 INFO     [FetchInput] Exiting: succeeded (item_depth=0.0235)
2026-04-15 14:45:25,387 INFO     [DropToZone] Entering state (item_depth=0.0235)
2026-04-15 14:45:25,387 INFO     [DropToZone] Targeting zone A
2026-04-15 14:45:25,405 INFO     [IK] pose_to_joints 'L1_INTER' depth_offset=0.0235 → joints=[-0.2969 -0.3257 -0.3143 -2.5027 -0.1216  2.1885  0.2604]
2026-04-15 14:45:25,418 INFO     [IK] pose_to_joints 'LABEL_ZONE_1' depth_offset=0.0335 → joints=[-0.2395  1.213  -0.1669 -0.8497  0.1764  2.0517  0.4047]
2026-04-15 14:45:25,418 INFO     [DropToZone] place_joints for LABEL_ZONE_1: [-0.2395  1.213  -0.1669 -0.8497  0.1764  2.0517  0.4047]
2026-04-15 14:45:26,215 INFO     [Service] /orio/lbl_cup/on → success=True msg='Labelling Cup ON command sent'
2026-04-15 14:45:29,665 INFO     [IK] pose_to_joints 'LABELLING_SAFE' depth_offset=0.0000 → joints=[-0.065  -1.2718  0.0356 -2.707   0.0343  1.4354  0.7355]
2026-04-15 14:45:31,979 INFO     [Service] /orio/pnp_cup/off → success=True msg='PnP Cup OFF command sent'
2026-04-15 14:45:32,870 INFO     [GetLabel] Exiting: succeeded
2026-04-15 14:45:32,871 INFO     [ApplyLabel] Entering state (zones: {'A': 'EMPTY', 'B': 'EMPTY'}  busy: {'A': True, 'B': False})
2026-04-15 14:45:32,871 DEBUG    [ApplyLabel] No zone needs label → wait
2026-04-15 14:45:33,374 INFO     [ApplyLabel] Entering state (zones: {'A': 'EMPTY', 'B': 'EMPTY'}  busy: {'A': True, 'B': False})
2026-04-15 14:45:33,374 DEBUG    [ApplyLabel] No zone needs label → wait
2026-04-15 14:45:33,876 INFO     [ApplyLabel] Entering state (zones: {'A': 'EMPTY', 'B': 'EMPTY'}  busy: {'A': True, 'B': False})
2026-04-15 14:45:33,876 DEBUG    [ApplyLabel] No zone needs label → wait
2026-04-15 14:45:34,380 INFO     [ApplyLabel] Entering state (zones: {'A': 'EMPTY', 'B': 'EMPTY'}  busy: {'A': True, 'B': False})
2026-04-15 14:45:34,380 DEBUG    [ApplyLabel] No zone needs label → wait
2026-04-15 14:45:34,881 INFO     [ApplyLabel] Entering state (zones: {'A': 'EMPTY', 'B': 'EMPTY'}  busy: {'A': True, 'B': False})
2026-04-15 14:45:34,881 DEBUG    [ApplyLabel] No zone needs label → wait
2026-04-15 14:45:35,385 INFO     [ApplyLabel] Entering state (zones: {'A': 'EMPTY', 'B': 'EMPTY'}  busy: {'A': True, 'B': False})
2026-04-15 14:45:35,385 DEBUG    [ApplyLabel] No zone needs label → wait
2026-04-15 14:45:35,464 INFO     [ZoneManager] Zone A: EMPTY → NEEDS_LABEL
2026-04-15 14:45:35,464 INFO     [DropToZone] Exiting: dropped (zone A)
2026-04-15 14:45:35,466 DEBUG    [TaskSelector] Evaluating zone states: {'A': 'NEEDS_LABEL', 'B': 'EMPTY'}  busy: {'A': False, 'B': False}
2026-04-15 14:45:35,466 INFO     [TaskSelector] → do_load (zone B empty)
2026-04-15 14:45:35,467 INFO     [FetchInput] Entering state
2026-04-15 14:45:35,888 INFO     [ApplyLabel] Entering state (zones: {'A': 'NEEDS_LABEL', 'B': 'EMPTY'}  busy: {'A': False, 'B': False})
2026-04-15 14:45:35,888 INFO     [ApplyLabel] Applying label to zone A (zone_number=1, depth=0.0235)
2026-04-15 14:45:35,888 INFO     [compute_label_joints] Requesting label pose for zone 1, item_depth=0.0260
2026-04-15 14:45:36,070 INFO     [Service] /compute_grasps → success=True msg='Published 1 PnP poses.'
2026-04-15 14:45:36,071 INFO     [FetchInput] Grasp pose received: x=0.3670 y=-0.6196 z=0.0249
2026-04-15 14:45:36,071 INFO     [IK] compute_pick_joints called — task_pos=[ 0.367  -0.6196  0.0249] label_zone=None max_attempts=10 check_collisions=False arm_number=None
2026-04-15 14:45:36,094 INFO     [IK] Arm? compute_pick_joints attempt 1/10 OK — target=([ 0.367  -0.6196  0.0249]) pre=[-0.5357  0.8681 -0.6745 -1.4383  0.5851  2.1006 -0.5503] final=[-0.6873  0.9768 -0.4517 -1.4173  0.4968  2.28   -0.5064] (FK err pre=0.0000 m final=0.0000 m)
2026-04-15 14:45:36,095 INFO     [FetchInput] IK pre_joints:   [-0.5357  0.8681 -0.6745 -1.4383  0.5851  2.1006 -0.5503]
2026-04-15 14:45:36,095 INFO     [FetchInput] IK final_joints: [-0.6873  0.9768 -0.4517 -1.4173  0.4968  2.28   -0.5064]
2026-04-15 14:45:36,095 INFO     [FetchInput] Moving to pre-pick
2026-04-15 14:45:37,577 INFO     [Service] /compute_grasps_labelling → success=True msg='Zone1=OK, Zone2=FAIL'
2026-04-15 14:45:37,577 INFO     item_depth=0.0260  X=-0.2209 Y=-0.0712 Z=0.9740  pos(world)=[0.5312 0.2399 0.006 ]  task_pos=[0.5312 0.2399 0.026 ]  task_ori=[0.6987 0.7154 0.     0.    ]
2026-04-15 14:45:37,578 INFO     [compute_label_joints] Zone 1 received pose: x=0.5312 y=0.2399 z=0.0260  RPY r=180.00 p=0.00 y=91.36 deg
2026-04-15 14:45:37,578 INFO     [IK] compute_pick_joints called — task_pos=[0.5312 0.2399 0.026 ] label_zone=1 max_attempts=10 check_collisions=True arm_number=2
2026-04-15 14:45:37,598 INFO     Arm2: cached 8 obstacles from '/home/ros_ws/src/devel_packages/orio/obstacles_files/obs_arm2_free.p'
2026-04-15 14:45:37,609 INFO     [IK] Arm2 compute_pick_joints attempt 1/10 OK — target=([0.5312 0.2399 0.026 ]) pre=[ 0.2653  0.3636  0.1609 -2.098  -0.09    2.4554  1.2709] final=[ 0.4807  0.5739 -0.053  -2.0761  0.0608  2.6486  1.168 ] (FK err pre=0.0000 m final=0.0000 m)
2026-04-15 14:45:37,610 INFO     [ApplyLabel] IK pre_joints=[ 0.2653  0.3636  0.1609 -2.098  -0.09    2.4554  1.2709]  final_joints=[ 0.4807  0.5739 -0.053  -2.0761  0.0608  2.6486  1.168 ]
2026-04-15 14:45:39,519 INFO     [FetchInput] Descending to pick
2026-04-15 14:45:41,724 INFO     [Service] /orio/pnp_cup/on → success=True msg='PnP Cup ON command sent'
2026-04-15 14:45:42,726 INFO     [FetchInput] Retracting to pre-pick height
2026-04-15 14:45:44,930 INFO     [FetchInput] Exiting: succeeded (item_depth=0.0249)
2026-04-15 14:45:44,932 INFO     [DropToZone] Entering state (item_depth=0.0249)
2026-04-15 14:45:44,932 INFO     [DropToZone] Targeting zone B
2026-04-15 14:45:44,942 INFO     [IK] pose_to_joints 'L1_INTER' depth_offset=0.0249 → joints=[-0.2961 -0.3278 -0.3147 -2.5005 -0.1222  2.1842  0.261 ]
2026-04-15 14:45:44,954 INFO     [IK] pose_to_joints 'L2_INTER' depth_offset=0.0249 → joints=[ 0.137  -0.3491  0.468  -2.4985  0.1888  2.1759  1.2576]
2026-04-15 14:45:44,968 INFO     [IK] pose_to_joints 'LABEL_ZONE_2' depth_offset=0.0349 → joints=[ 0.3534  1.2036 -0.0637 -0.854   0.0672  2.056   1.0845]
2026-04-15 14:45:44,969 INFO     [DropToZone] place_joints for LABEL_ZONE_2: [ 0.3534  1.2036 -0.0637 -0.854   0.0672  2.056   1.0845]
2026-04-15 14:45:47,821 INFO     [Service] /orio/lbl_cup/off → success=True msg='Labelling Cup OFF command sent'
2026-04-15 14:45:51,264 INFO     [IK] pose_to_joints 'LABELLING_SAFE' depth_offset=0.0000 → joints=[-0.065  -1.2718  0.0356 -2.707   0.0343  1.4354  0.7355]
2026-04-15 14:45:53,300 INFO     [Service] /orio/pnp_cup/off → success=True msg='PnP Cup OFF command sent'
2026-04-15 14:45:54,735 INFO     [ZoneManager] Zone A: NEEDS_LABEL → READY_FOR_PICKUP
2026-04-15 14:45:54,735 INFO     [ApplyLabel] Exiting: labeled (zone A)
2026-04-15 14:45:54,736 INFO     [GetLabel] Entering state
2026-04-15 14:45:56,775 INFO     [ZoneManager] Zone B: EMPTY → NEEDS_LABEL
2026-04-15 14:45:56,776 INFO     [DropToZone] Exiting: dropped (zone B)
2026-04-15 14:45:56,777 DEBUG    [TaskSelector] Evaluating zone states: {'A': 'READY_FOR_PICKUP', 'B': 'NEEDS_LABEL'}  busy: {'A': False, 'B': False}
2026-04-15 14:45:56,777 INFO     [TaskSelector] → do_unload (zone A ready)
2026-04-15 14:45:56,778 INFO     [RetrieveFromZone] Entering state
2026-04-15 14:45:56,778 INFO     [RetrieveFromZone] Picking from zone A (depth=0.0235)
2026-04-15 14:45:56,790 INFO     [IK] pose_to_joints 'L1_INTER' depth_offset=0.0235 → joints=[-0.2969 -0.3257 -0.3143 -2.5027 -0.1216  2.1885  0.2604]
2026-04-15 14:45:56,800 INFO     [IK] pose_to_joints 'LABEL_ZONE_1' depth_offset=0.1235 → joints=[-0.2312  1.0604 -0.1777 -0.8963  0.1664  1.9451  0.4054]
2026-04-15 14:45:56,811 INFO     [IK] pose_to_joints 'LABEL_ZONE_1' depth_offset=0.0135 → joints=[-0.2438  1.2601 -0.1637 -0.8145  0.1771  2.064   0.4066]
2026-04-15 14:45:56,812 INFO     [RetrieveFromZone] A pre_pick=[-0.2312  1.0604 -0.1777 -0.8963  0.1664  1.9451  0.4054] pick=[-0.2438  1.2601 -0.1637 -0.8145  0.1771  2.064   0.4066]
2026-04-15 14:46:04,948 INFO     [Service] /orio/lbl_cup/on → success=True msg='Labelling Cup ON command sent'
2026-04-15 14:46:05,854 INFO     [Service] /orio/pnp_cup/on → success=True msg='PnP Cup ON command sent'
2026-04-15 14:46:06,855 INFO     [RetrieveFromZone] Retracting to pre-pick height
2026-04-15 14:46:08,366 INFO     [IK] pose_to_joints 'LABELLING_SAFE' depth_offset=0.0000 → joints=[-0.065  -1.2718  0.0356 -2.707   0.0343  1.4354  0.7355]
2026-04-15 14:46:11,572 INFO     [GetLabel] Exiting: succeeded
2026-04-15 14:46:11,573 INFO     [ApplyLabel] Entering state (zones: {'A': 'READY_FOR_PICKUP', 'B': 'NEEDS_LABEL'}  busy: {'A': True, 'B': False})
2026-04-15 14:46:11,573 INFO     [ApplyLabel] Applying label to zone B (zone_number=2, depth=0.0249)
2026-04-15 14:46:11,573 INFO     [compute_label_joints] Requesting label pose for zone 2, item_depth=0.0274
2026-04-15 14:46:11,767 INFO     [ZoneManager] Zone A: READY_FOR_PICKUP → EMPTY
2026-04-15 14:46:11,768 INFO     [RetrieveFromZone] Exiting: picked (zone A)
2026-04-15 14:46:11,768 INFO     [PlaceOutput] Entering state (retrieved_depth=0.0235)
2026-04-15 14:46:11,782 INFO     [IK] pose_to_joints 'OUTPUT' depth_offset=0.1235 → joints=[-1.31   -0.8792  2.5317 -1.0464  0.4701  1.8     2.0829]
2026-04-15 14:46:11,782 INFO     [PlaceOutput] drop_joints: [-1.31   -0.8792  2.5317 -1.0464  0.4701  1.8     2.0829]
2026-04-15 14:46:13,101 INFO     [Service] /compute_grasps_labelling → success=True msg='Zone1=FAIL, Zone2=OK'
2026-04-15 14:46:13,101 INFO     item_depth=0.0274  X=0.1847 Y=-0.0337 Z=0.9726  pos(world)=[ 0.4937 -0.1657  0.0074]  task_pos=[ 0.4937 -0.1657  0.0274]  task_ori=[0.6917 0.7222 0.     0.    ]
2026-04-15 14:46:13,102 INFO     [compute_label_joints] Zone 2 received pose: x=0.4937 y=-0.1657 z=0.0274  RPY r=180.00 p=0.00 y=92.48 deg
2026-04-15 14:46:13,102 INFO     [IK] compute_pick_joints called — task_pos=[ 0.4937 -0.1657  0.0274] label_zone=2 max_attempts=10 check_collisions=True arm_number=2
2026-04-15 14:46:13,123 INFO     [IK] Arm2 compute_pick_joints attempt 1/10 OK — target=([ 0.4937 -0.1657  0.0274]) pre=[-0.1557  0.2131 -0.1648 -2.3265  0.061   2.536   0.4184] final=[-0.3759  0.4536  0.0455 -2.3046 -0.0531  2.7573  0.4996] (FK err pre=0.0000 m final=0.0000 m)
2026-04-15 14:46:13,124 INFO     [ApplyLabel] IK pre_joints=[-0.1557  0.2131 -0.1648 -2.3265  0.061   2.536   0.4184]  final_joints=[-0.3759  0.4536  0.0455 -2.3046 -0.0531  2.7573  0.4996]
2026-04-15 14:46:15,731 WARNING  [Main] Shutting down: turning off both vacuums
2026-04-15 14:46:15,732 INFO     [Main] Total items placed at output: 0
2026-04-15 14:46:15,734 INFO     [Service] /orio/pnp_cup/off → success=True msg='PnP Cup OFF command sent'
2026-04-15 14:46:15,736 INFO     [Service] /orio/lbl_cup/off → success=True msg='Labelling Cup OFF command sent'
