2026-04-15 15:23:11,331 INFO     [Logger] File log started: /home/ros_ws/src/devel_packages/orio/logs/orio_run_20260415_152311.log
2026-04-15 15:23:11,331 INFO     [Main] Node started. Log file: /home/ros_ws/src/devel_packages/orio/logs/orio_run_20260415_152311.log
2026-04-15 15:23:11,331 INFO     [Hardware] Initializing Robot Hardware...
2026-04-15 15:23:11,807 INFO     [Hardware] Resetting both arms to home joints
2026-04-15 15:23:22,066 INFO     [Hardware] Poses loaded from joint_angles.json
2026-04-15 15:23:22,074 INFO     [Hardware] Initialization complete
2026-04-15 15:23:22,081 INFO     [Main] Starting state machine execution
2026-04-15 15:23:22,085 INFO     [GetLabel] Entering state
2026-04-15 15:23:22,086 DEBUG    [TaskSelector] Evaluating zone states: {'A': 'EMPTY', 'B': 'EMPTY'}  busy: {'A': False, 'B': False}
2026-04-15 15:23:22,087 INFO     [TaskSelector] → do_load (zone A empty)
2026-04-15 15:23:22,091 INFO     [FetchInput] Entering state
2026-04-15 15:23:22,728 INFO     [Service] /compute_grasps → success=True msg='Published 3 PnP poses.'
2026-04-15 15:23:22,728 INFO     [FetchInput] Grasp pose received: x=0.0361 y=-0.5706 z=0.0216
2026-04-15 15:23:22,728 INFO     [IK] compute_pick_joints called — task_pos=[ 0.0361 -0.5706  0.0216] label_zone=None max_attempts=10 check_collisions=False arm_number=None
2026-04-15 15:23:22,748 INFO     [IK] Arm? compute_pick_joints attempt 1/10 OK — target=([ 0.0361 -0.5706  0.0216]) pre=[-0.6883  0.5046 -0.8339 -2.1147  0.5524  2.3906 -1.0937] final=[-0.9264  0.6652 -0.5497 -2.0798  0.6427  2.5736 -1.1533] (FK err pre=0.0000 m final=0.0000 m)
2026-04-15 15:23:22,749 INFO     [FetchInput] IK pre_joints:   [-0.6883  0.5046 -0.8339 -2.1147  0.5524  2.3906 -1.0937]
2026-04-15 15:23:22,750 INFO     [FetchInput] IK final_joints: [-0.9264  0.6652 -0.5497 -2.0798  0.6427  2.5736 -1.1533]
2026-04-15 15:23:22,750 INFO     [FetchInput] Moving to pre-pick
2026-04-15 15:23:26,226 INFO     [FetchInput] Descending to pick
2026-04-15 15:23:28,435 INFO     [Service] /orio/pnp_cup/on → success=True msg='PnP Cup ON command sent'
2026-04-15 15:23:29,435 INFO     [FetchInput] Retracting to pre-pick height
2026-04-15 15:23:31,640 INFO     [FetchInput] Exiting: succeeded (item_depth=0.0216)
2026-04-15 15:23:31,642 INFO     [DropToZone] Entering state (item_depth=0.0216)
2026-04-15 15:23:31,642 INFO     [DropToZone] Targeting zone A
2026-04-15 15:23:31,652 INFO     [IK] pose_to_joints 'L1_INTER' depth_offset=0.0216 → joints=[-0.2979 -0.3229 -0.3138 -2.5054 -0.1209  2.1938  0.2597]
2026-04-15 15:23:31,663 INFO     [IK] pose_to_joints 'LABEL_ZONE_1' depth_offset=0.0316 → joints=[-0.2398  1.217  -0.1667 -0.847   0.1766  2.053   0.4048]
2026-04-15 15:23:31,664 INFO     [DropToZone] place_joints for LABEL_ZONE_1: [-0.2398  1.217  -0.1667 -0.847   0.1766  2.053   0.4048]
2026-04-15 15:23:32,301 INFO     [Service] /orio/lbl_cup/on → success=True msg='Labelling Cup ON command sent'
2026-04-15 15:23:35,730 INFO     [IK] pose_to_joints 'LABELLING_SAFE' depth_offset=0.0000 → joints=[-0.065  -1.2718  0.0356 -2.707   0.0343  1.4354  0.7355]
2026-04-15 15:23:38,229 INFO     [Service] /orio/pnp_cup/off → success=True msg='PnP Cup OFF command sent'
2026-04-15 15:23:38,935 INFO     [GetLabel] Exiting: succeeded
2026-04-15 15:23:38,936 INFO     [ApplyLabel] Entering state (zones: {'A': 'EMPTY', 'B': 'EMPTY'}  busy: {'A': True, 'B': False})
2026-04-15 15:23:38,936 DEBUG    [ApplyLabel] No zone needs label → wait
2026-04-15 15:23:39,437 INFO     [ApplyLabel] Entering state (zones: {'A': 'EMPTY', 'B': 'EMPTY'}  busy: {'A': True, 'B': False})
2026-04-15 15:23:39,438 DEBUG    [ApplyLabel] No zone needs label → wait
2026-04-15 15:23:39,940 INFO     [ApplyLabel] Entering state (zones: {'A': 'EMPTY', 'B': 'EMPTY'}  busy: {'A': True, 'B': False})
2026-04-15 15:23:39,940 DEBUG    [ApplyLabel] No zone needs label → wait
2026-04-15 15:23:40,441 INFO     [ApplyLabel] Entering state (zones: {'A': 'EMPTY', 'B': 'EMPTY'}  busy: {'A': True, 'B': False})
2026-04-15 15:23:40,441 DEBUG    [ApplyLabel] No zone needs label → wait
2026-04-15 15:23:40,942 INFO     [ApplyLabel] Entering state (zones: {'A': 'EMPTY', 'B': 'EMPTY'}  busy: {'A': True, 'B': False})
2026-04-15 15:23:40,943 DEBUG    [ApplyLabel] No zone needs label → wait
2026-04-15 15:23:41,444 INFO     [ApplyLabel] Entering state (zones: {'A': 'EMPTY', 'B': 'EMPTY'}  busy: {'A': True, 'B': False})
2026-04-15 15:23:41,444 DEBUG    [ApplyLabel] No zone needs label → wait
2026-04-15 15:23:41,713 INFO     [ZoneManager] Zone A: EMPTY → NEEDS_LABEL
2026-04-15 15:23:41,713 INFO     [DropToZone] Exiting: dropped (zone A)
2026-04-15 15:23:41,714 DEBUG    [TaskSelector] Evaluating zone states: {'A': 'NEEDS_LABEL', 'B': 'EMPTY'}  busy: {'A': False, 'B': False}
2026-04-15 15:23:41,714 INFO     [TaskSelector] → do_load (zone B empty)
2026-04-15 15:23:41,715 INFO     [FetchInput] Entering state
2026-04-15 15:23:41,946 INFO     [ApplyLabel] Entering state (zones: {'A': 'NEEDS_LABEL', 'B': 'EMPTY'}  busy: {'A': False, 'B': False})
2026-04-15 15:23:41,946 INFO     [ApplyLabel] Applying label to zone A (zone_number=1, depth=0.0216)
2026-04-15 15:23:41,947 INFO     [compute_label_joints] Requesting label pose for zone 1, item_depth=0.0241
2026-04-15 15:23:42,369 INFO     [Service] /compute_grasps → success=True msg='Published 2 PnP poses.'
2026-04-15 15:23:42,369 INFO     [FetchInput] Grasp pose received: x=0.3628 y=-0.5711 z=0.0285
2026-04-15 15:23:42,369 INFO     [IK] compute_pick_joints called — task_pos=[ 0.3628 -0.5711  0.0285] label_zone=None max_attempts=10 check_collisions=False arm_number=None
2026-04-15 15:23:42,382 INFO     [IK] Arm? compute_pick_joints attempt 1/10 OK — target=([ 0.3628 -0.5711  0.0285]) pre=[-0.5071  0.6915 -0.5867 -1.6774  0.4618  2.2269 -0.4897] final=[-0.6892  0.8209 -0.3554 -1.6605  0.3913  2.4103 -0.4495] (FK err pre=0.0000 m final=0.0000 m)
2026-04-15 15:23:42,382 INFO     [FetchInput] IK pre_joints:   [-0.5071  0.6915 -0.5867 -1.6774  0.4618  2.2269 -0.4897]
2026-04-15 15:23:42,383 INFO     [FetchInput] IK final_joints: [-0.6892  0.8209 -0.3554 -1.6605  0.3913  2.4103 -0.4495]
2026-04-15 15:23:42,383 INFO     [FetchInput] Moving to pre-pick
2026-04-15 15:23:43,713 INFO     [Service] /compute_grasps_labelling → success=True msg='Zone1=OK, Zone2=FAIL'
2026-04-15 15:23:43,713 INFO     item_depth=0.0241  X=-0.2252 Y=-0.1133 Z=0.9759  pos(world)=[0.5733 0.2442 0.0041]  task_pos=[0.5733 0.2442 0.0241]  task_ori=[0.6959 0.7182 0.     0.    ]
2026-04-15 15:23:43,714 ERROR    [compute_label_joints] Zone 1 pose (x=0.5733, y=0.2442) is outside bounds {'x_min': 0.2, 'x_max': 0.55, 'y_min': -0.6, 'y_max': 0.6}
2026-04-15 15:23:45,763 INFO     [FetchInput] Descending to pick
2026-04-15 15:23:47,971 INFO     [Service] /orio/pnp_cup/on → success=True msg='PnP Cup ON command sent'
2026-04-15 15:23:48,972 INFO     [FetchInput] Retracting to pre-pick height
2026-04-15 15:23:51,177 INFO     [FetchInput] Exiting: succeeded (item_depth=0.0285)
2026-04-15 15:23:51,179 INFO     [DropToZone] Entering state (item_depth=0.0285)
2026-04-15 15:23:51,180 INFO     [DropToZone] Targeting zone B
2026-04-15 15:23:51,190 INFO     [IK] pose_to_joints 'L1_INTER' depth_offset=0.0285 → joints=[-0.2943 -0.333  -0.3154 -2.4952 -0.1234  2.174   0.2622]
2026-04-15 15:23:51,201 INFO     [IK] pose_to_joints 'L2_INTER' depth_offset=0.0285 → joints=[ 0.1351 -0.3546  0.4683 -2.4931  0.1903  2.1655  1.2559]
2026-04-15 15:23:51,210 INFO     [IK] pose_to_joints 'LABEL_ZONE_2' depth_offset=0.0385 → joints=[ 0.352   1.1958 -0.0606 -0.859   0.0637  2.0533  1.0856]
2026-04-15 15:23:51,211 INFO     [DropToZone] place_joints for LABEL_ZONE_2: [ 0.352   1.1958 -0.0606 -0.859   0.0637  2.0533  1.0856]
2026-04-15 15:23:59,544 INFO     [Service] /orio/pnp_cup/off → success=True msg='PnP Cup OFF command sent'
2026-04-15 15:24:01,460 WARNING  [Main] Shutting down: turning off both vacuums
2026-04-15 15:24:01,461 INFO     [Main] Total items placed at output: 0
2026-04-15 15:24:01,465 INFO     [Service] /orio/pnp_cup/off → success=True msg='PnP Cup OFF command sent'
2026-04-15 15:24:01,467 INFO     [Service] /orio/lbl_cup/off → success=True msg='Labelling Cup OFF command sent'
