2026-04-22 14:27:42,176 INFO     [Logger] File log started: /home/ros_ws/src/devel_packages/orio/logs/orio_run_20260422_142742.log
2026-04-22 14:27:42,177 INFO     [Main] Node started. Log file: /home/ros_ws/src/devel_packages/orio/logs/orio_run_20260422_142742.log
2026-04-22 14:27:48,524 INFO     [Main] Operator input — item='tgeg'  expiry='1234-56-78'
2026-04-22 14:27:48,525 INFO     [Hardware] Initializing Robot Hardware...
2026-04-22 14:27:49,133 INFO     [Hardware] Resetting both arms to home joints
2026-04-22 14:27:59,520 INFO     [Hardware] Poses loaded from joint_angles.json
2026-04-22 14:27:59,532 INFO     [Hardware] Initialization complete
2026-04-22 14:27:59,537 INFO     [Main] Starting state machine execution
2026-04-22 14:27:59,539 INFO     [GetLabel] Entering state
2026-04-22 14:27:59,540 DEBUG    [TaskSelector] Evaluating zone states: {'A': 'EMPTY', 'B': 'EMPTY'}  busy: {'A': False, 'B': False}
2026-04-22 14:27:59,540 INFO     [TaskSelector] → do_load (zone A empty)
2026-04-22 14:27:59,542 INFO     [FetchInput] Entering state
2026-04-22 14:28:00,141 INFO     [Service] /compute_grasps → success=True msg='Published 1 PnP poses.'
2026-04-22 14:28:00,141 INFO     [FetchInput] Grasp pose received: x=0.0481 y=-0.5664 z=0.0891
2026-04-22 14:28:00,142 INFO     [IK] compute_pick_joints called — task_pos=[ 0.0481 -0.5664  0.0891] label_zone=None max_attempts=10 check_collisions=False arm_number=None
2026-04-22 14:28:00,161 INFO     [IK] Arm? compute_pick_joints attempt 1/10 OK — target=([ 0.0481 -0.5664  0.0891]) pre=[-0.5763  0.353  -0.944  -2.1142  0.3813  2.2899 -0.9626] final=[-0.8223  0.5087 -0.6569 -2.1316  0.5078  2.4834 -1.0444] (FK err pre=0.0000 m final=0.0000 m)
2026-04-22 14:28:00,162 INFO     [FetchInput] IK pre_joints:   [-0.5763  0.353  -0.944  -2.1142  0.3813  2.2899 -0.9626]
2026-04-22 14:28:00,162 INFO     [FetchInput] IK final_joints: [-0.8223  0.5087 -0.6569 -2.1316  0.5078  2.4834 -1.0444]
2026-04-22 14:28:00,162 INFO     [FetchInput] Moving to pre-pick
2026-04-22 14:28:03,630 INFO     [FetchInput] Descending to pick
2026-04-22 14:28:05,836 INFO     [Service] /orio/pnp_cup/on → success=True msg='PnP Cup ON command sent'
2026-04-22 14:28:06,837 INFO     [FetchInput] Retracting to pre-pick height
2026-04-22 14:28:09,750 INFO     [FetchInput] Exiting: succeeded (item_depth=0.0891)
2026-04-22 14:28:09,752 INFO     [DropToZone] Entering state (item_depth=0.0891)
2026-04-22 14:28:09,752 INFO     [DropToZone] Targeting zone A
2026-04-22 14:28:09,769 INFO     [IK] pose_to_joints 'L1_INTER' depth_offset=0.0891 → joints=[-0.3037 -0.5419 -0.3476 -2.496  -0.1922  1.9742  0.257 ]
2026-04-22 14:28:09,785 INFO     [Service] /orio/lbl_cup/on → success=True msg='Labelling Cup ON command sent'
2026-04-22 14:28:09,787 INFO     [IK] pose_to_joints 'LABEL_ZONE_1' depth_offset=0.0991 → joints=[-0.2315  1.0935 -0.176  -0.8992  0.1704  1.9809  0.4038]
2026-04-22 14:28:09,787 INFO     [DropToZone] place_joints for LABEL_ZONE_1: [-0.2315  1.0935 -0.176  -0.8992  0.1704  1.9809  0.4038]
2026-04-22 14:28:13,286 INFO     [IK] pose_to_joints 'LABELLING_SAFE' depth_offset=0.0000 → joints=[-0.065  -1.2718  0.0356 -2.707   0.0343  1.4354  0.7355]
2026-04-22 14:28:16,490 INFO     [GetLabel] Exiting: succeeded
2026-04-22 14:28:16,492 INFO     [ApplyLabel] Entering state (zones: {'A': 'EMPTY', 'B': 'EMPTY'}  busy: {'A': True, 'B': False})
2026-04-22 14:28:16,493 DEBUG    [ApplyLabel] No zone needs label → wait
2026-04-22 14:28:16,725 INFO     [Service] /orio/pnp_cup/off → success=True msg='PnP Cup OFF command sent'
2026-04-22 14:28:16,995 INFO     [ApplyLabel] Entering state (zones: {'A': 'EMPTY', 'B': 'EMPTY'}  busy: {'A': True, 'B': False})
2026-04-22 14:28:16,995 DEBUG    [ApplyLabel] No zone needs label → wait
2026-04-22 14:28:17,497 INFO     [ApplyLabel] Entering state (zones: {'A': 'EMPTY', 'B': 'EMPTY'}  busy: {'A': True, 'B': False})
2026-04-22 14:28:17,497 DEBUG    [ApplyLabel] No zone needs label → wait
2026-04-22 14:28:17,998 INFO     [ApplyLabel] Entering state (zones: {'A': 'EMPTY', 'B': 'EMPTY'}  busy: {'A': True, 'B': False})
2026-04-22 14:28:17,999 DEBUG    [ApplyLabel] No zone needs label → wait
2026-04-22 14:28:18,502 INFO     [ApplyLabel] Entering state (zones: {'A': 'EMPTY', 'B': 'EMPTY'}  busy: {'A': True, 'B': False})
2026-04-22 14:28:18,502 DEBUG    [ApplyLabel] No zone needs label → wait
2026-04-22 14:28:19,004 INFO     [ApplyLabel] Entering state (zones: {'A': 'EMPTY', 'B': 'EMPTY'}  busy: {'A': True, 'B': False})
2026-04-22 14:28:19,004 DEBUG    [ApplyLabel] No zone needs label → wait
2026-04-22 14:28:19,507 INFO     [ApplyLabel] Entering state (zones: {'A': 'EMPTY', 'B': 'EMPTY'}  busy: {'A': True, 'B': False})
2026-04-22 14:28:19,507 DEBUG    [ApplyLabel] No zone needs label → wait
2026-04-22 14:28:20,009 INFO     [ApplyLabel] Entering state (zones: {'A': 'EMPTY', 'B': 'EMPTY'}  busy: {'A': True, 'B': False})
2026-04-22 14:28:20,009 DEBUG    [ApplyLabel] No zone needs label → wait
2026-04-22 14:28:20,213 INFO     [ZoneManager] Zone A: EMPTY → NEEDS_LABEL
2026-04-22 14:28:20,213 INFO     [DropToZone] Exiting: dropped (zone A)
2026-04-22 14:28:20,216 DEBUG    [TaskSelector] Evaluating zone states: {'A': 'NEEDS_LABEL', 'B': 'EMPTY'}  busy: {'A': False, 'B': False}
2026-04-22 14:28:20,216 INFO     [TaskSelector] → do_load (zone B empty)
2026-04-22 14:28:20,218 INFO     [FetchInput] Entering state
2026-04-22 14:28:20,514 INFO     [ApplyLabel] Entering state (zones: {'A': 'NEEDS_LABEL', 'B': 'EMPTY'}  busy: {'A': False, 'B': False})
2026-04-22 14:28:20,514 INFO     [ApplyLabel] Applying label to zone A (zone_number=1, depth=0.0891)
2026-04-22 14:28:20,514 INFO     [compute_label_joints] Requesting label pose for zone 1, item_depth=0.0891
2026-04-22 14:28:20,811 INFO     [Service] /compute_grasps → success=True msg='Published 1 PnP poses.'
2026-04-22 14:28:20,811 INFO     [FetchInput] Grasp pose received: x=0.3236 y=-0.5979 z=0.0157
2026-04-22 14:28:20,811 INFO     [IK] compute_pick_joints called — task_pos=[ 0.3236 -0.5979  0.0157] label_zone=None max_attempts=10 check_collisions=False arm_number=None
2026-04-22 14:28:20,829 INFO     [IK] Arm? compute_pick_joints attempt 1/10 OK — target=([ 0.3236 -0.5979  0.0157]) pre=[-0.5373  0.7454 -0.6403 -1.6582  0.5345  2.2217 -0.5972] final=[-0.719   0.8701 -0.4046 -1.631   0.464   2.4042 -0.5578] (FK err pre=0.0000 m final=0.0000 m)
2026-04-22 14:28:20,831 INFO     [FetchInput] IK pre_joints:   [-0.5373  0.7454 -0.6403 -1.6582  0.5345  2.2217 -0.5972]
2026-04-22 14:28:20,831 INFO     [FetchInput] IK final_joints: [-0.719   0.8701 -0.4046 -1.631   0.464   2.4042 -0.5578]
2026-04-22 14:28:20,831 INFO     [FetchInput] Moving to pre-pick
2026-04-22 14:28:22,618 INFO     [Service] /compute_grasps_labelling → success=True msg='Zone1=OK, Zone2=OK'
2026-04-22 14:28:22,619 INFO     item_depth=0.0891  X=-0.3091 Y=-0.0714 Z=0.9109  pos(world)=[0.5314 0.3281 0.0691]  task_pos=[0.5314 0.3281 0.0891]  task_ori=[0.6979 0.7162 0.     0.    ]
2026-04-22 14:28:22,620 INFO     [compute_label_joints] Zone 1 received pose: x=0.5314 y=0.3281 z=0.0891  RPY r=180.00 p=0.00 y=91.49 deg
2026-04-22 14:28:22,620 INFO     [IK] compute_pick_joints called — task_pos=[0.5314 0.3281 0.0891] label_zone=1 max_attempts=10 check_collisions=True arm_number=2
2026-04-22 14:28:22,635 INFO     Arm2: cached 8 obstacles from '/home/ros_ws/src/devel_packages/orio/obstacles_files/obs_arm2_free.p'
2026-04-22 14:28:22,646 INFO     [IK] Arm2 compute_pick_joints attempt 1/10 OK — target=([0.5314 0.3281 0.0891]) pre=[ 0.282   0.375   0.2926 -1.9029 -0.1371  2.2586 -0.1686] final=[ 0.4643  0.5317  0.0923 -1.9312 -0.0742  2.4596 -0.2098] (FK err pre=0.0000 m final=0.0000 m)
2026-04-22 14:28:22,648 INFO     [ApplyLabel] IK pre_joints=[ 0.282   0.375   0.2926 -1.9029 -0.1371  2.2586 -0.1686]  final_joints=[ 0.4643  0.5317  0.0923 -1.9312 -0.0742  2.4596 -0.2098]
2026-04-22 14:28:22,649 INFO     [ApplyLabel] Registering label — item='tgeg' expiry='1234-56-78'
2026-04-22 14:28:24,266 INFO     [FetchInput] Descending to pick
2026-04-22 14:28:26,478 INFO     [Service] /orio/pnp_cup/on → success=True msg='PnP Cup ON command sent'
2026-04-22 14:28:27,479 INFO     [FetchInput] Retracting to pre-pick height
2026-04-22 14:28:27,769 ERROR    [RFID] Service call failed for /inventory/add_item: timeout exceeded while waiting for service /inventory/add_item
2026-04-22 14:28:32,873 INFO     [FetchInput] Exiting: succeeded (item_depth=0.0157)
2026-04-22 14:28:32,874 INFO     [DropToZone] Entering state (item_depth=0.0157)
2026-04-22 14:28:32,874 INFO     [DropToZone] Targeting zone B
2026-04-22 14:28:32,886 INFO     [IK] pose_to_joints 'L1_INTER' depth_offset=0.0157 → joints=[-0.3197 -0.4567 -0.3693 -2.6272 -0.1965  2.1884  0.2461]
2026-04-22 14:28:32,900 INFO     [IK] pose_to_joints 'L2_INTER' depth_offset=0.0157 → joints=[ 0.1016 -0.5069  0.5806 -2.6204  0.3261  2.1605  1.2218]
2026-04-22 14:28:32,921 INFO     [IK] pose_to_joints 'LABEL_ZONE_2' depth_offset=0.0257 → joints=[ 0.3567  1.2246 -0.0714 -0.8396  0.0761  2.0622  1.0819]
2026-04-22 14:28:32,921 INFO     [DropToZone] place_joints for LABEL_ZONE_2: [ 0.3567  1.2246 -0.0714 -0.8396  0.0761  2.0622  1.0819]
2026-04-22 14:28:37,898 INFO     [Service] /orio/lbl_cup/off → success=True msg='Labelling Cup OFF command sent'
2026-04-22 14:28:41,017 INFO     [IK] pose_to_joints 'LABELLING_SAFE' depth_offset=0.0000 → joints=[-0.065  -1.2718  0.0356 -2.707   0.0343  1.4354  0.7355]
2026-04-22 14:28:41,313 INFO     [Service] /orio/pnp_cup/off → success=True msg='PnP Cup OFF command sent'
2026-04-22 14:28:44,436 INFO     [ZoneManager] Zone A: NEEDS_LABEL → READY_FOR_PICKUP
2026-04-22 14:28:44,436 INFO     [ApplyLabel] Exiting: labeled (zone A)
2026-04-22 14:28:44,437 INFO     [GetLabel] Entering state
2026-04-22 14:28:49,544 INFO     [ZoneManager] Zone B: EMPTY → NEEDS_LABEL
2026-04-22 14:28:49,545 INFO     [DropToZone] Exiting: dropped (zone B)
2026-04-22 14:28:49,548 DEBUG    [TaskSelector] Evaluating zone states: {'A': 'READY_FOR_PICKUP', 'B': 'NEEDS_LABEL'}  busy: {'A': False, 'B': False}
2026-04-22 14:28:49,549 INFO     [TaskSelector] → do_unload (zone A ready)
2026-04-22 14:28:49,551 INFO     [RetrieveFromZone] Entering state
2026-04-22 14:28:49,552 INFO     [RetrieveFromZone] Picking from zone A (depth=0.0891)
2026-04-22 14:28:49,568 INFO     [IK] pose_to_joints 'L1_INTER' depth_offset=0.0891 → joints=[-0.3037 -0.5419 -0.3476 -2.496  -0.1922  1.9742  0.257 ]
2026-04-22 14:28:49,580 INFO     [IK] pose_to_joints 'LABEL_ZONE_1' depth_offset=0.1891 → joints=[-0.2382  1.0041 -0.1761 -0.8282  0.1532  1.8224  0.4135]
2026-04-22 14:28:49,592 INFO     [IK] pose_to_joints 'LABEL_ZONE_1' depth_offset=0.0791 → joints=[-0.233   1.125  -0.1737 -0.8933  0.1729  2.0067  0.4033]
2026-04-22 14:28:49,592 INFO     [RetrieveFromZone] A pre_pick=[-0.2382  1.0041 -0.1761 -0.8282  0.1532  1.8224  0.4135] pick=[-0.233   1.125  -0.1737 -0.8933  0.1729  2.0067  0.4033]
2026-04-22 14:28:54,658 INFO     [Service] /orio/lbl_cup/on → success=True msg='Labelling Cup ON command sent'
2026-04-22 14:28:58,088 INFO     [IK] pose_to_joints 'LABELLING_SAFE' depth_offset=0.0000 → joints=[-0.065  -1.2718  0.0356 -2.707   0.0343  1.4354  0.7355]
2026-04-22 14:28:58,417 INFO     [Service] /orio/pnp_cup/on → success=True msg='PnP Cup ON command sent'
2026-04-22 14:28:59,417 INFO     [RetrieveFromZone] Retracting to pre-pick height
2026-04-22 14:29:02,295 ERROR    [GET_LABEL] Unhandled exception: LBL vacuum failed to pick up item (expected=True, actual=False)
2026-04-22 14:29:02,299 WARNING  [ARM2 Recovery] Pausing ARM2 — showing GUI (ARM1 continues)
2026-04-22 14:29:04,041 INFO     [ZoneManager] Zone A: READY_FOR_PICKUP → EMPTY
2026-04-22 14:29:04,041 INFO     [RetrieveFromZone] Exiting: picked (zone A)
2026-04-22 14:29:04,044 INFO     [PlaceOutput] Entering state (retrieved_depth=0.0891)
2026-04-22 14:29:04,137 INFO     [IK] pose_to_joints 'OUTPUT1' depth_offset=0.2391 → joints=[-1.5848 -0.9689  2.8933 -0.4655  0.2063  1.423   2.2304]
2026-04-22 14:29:04,146 INFO     [IK] pose_to_joints 'L2_INTER' depth_offset=0.0891 → joints=[ 0.163  -0.5731  0.4692 -2.4921  0.2679  1.957   1.2481]
2026-04-22 14:29:04,146 INFO     [PlaceOutput] drop_joints: [-1.5848 -0.9689  2.8933 -0.4655  0.2063  1.423   2.2304]
2026-04-22 14:29:10,458 INFO     [Service] /orio/pnp_cup/off → success=True msg='PnP Cup OFF command sent'
2026-04-22 14:29:45,061 INFO     [ARM2 Recovery] choice=shutdown
2026-04-22 14:29:45,061 INFO     [ARM2 Recovery] resuming
2026-04-22 14:31:51,489 WARNING  [Main] Shutting down: turning off both vacuums
2026-04-22 14:31:51,489 INFO     [Main] Total items placed at output: 0
2026-04-22 14:31:51,491 INFO     [Service] /orio/pnp_cup/off → success=True msg='PnP Cup OFF command sent'
2026-04-22 14:31:51,493 INFO     [Service] /orio/lbl_cup/off → success=True msg='Labelling Cup OFF command sent'
2026-04-22 14:31:51,850 ERROR    [PLACE_OUTPUT] Unhandled exception: service [/get_current_franka_interface_status_server_node_1/get_current_franka_interface_status_server] returned no response
