2026-04-15 13:49:08,025 INFO     [Logger] File log started: /home/ros_ws/src/devel_packages/orio/logs/orio_run_20260415_134908.log
2026-04-15 13:49:08,025 INFO     [Main] Node started. Log file: /home/ros_ws/src/devel_packages/orio/logs/orio_run_20260415_134908.log
2026-04-15 13:49:08,025 INFO     [Hardware] Initializing Robot Hardware...
2026-04-15 13:49:08,623 INFO     [Hardware] Resetting both arms to home joints
2026-04-15 13:49:15,107 INFO     [Hardware] Poses loaded from joint_angles.json
2026-04-15 13:49:15,111 INFO     [Hardware] Initialization complete
2026-04-15 13:49:15,116 INFO     [Main] Starting state machine execution
2026-04-15 13:49:15,118 DEBUG    [TaskSelector] Evaluating zone states: {'A': 'EMPTY', 'B': 'EMPTY'}  busy: {'A': False, 'B': False}
2026-04-15 13:49:15,118 INFO     [TaskSelector] → do_load (zone A empty)
2026-04-15 13:49:15,118 INFO     [GetLabel] Entering state
2026-04-15 13:49:15,119 INFO     [FetchInput] Entering state
2026-04-15 13:49:15,620 INFO     [Service] /compute_grasps → success=True msg='Published 1 PnP poses.'
2026-04-15 13:49:15,620 INFO     [FetchInput] Grasp pose received: x=0.0613 y=-0.5175 z=0.0248
2026-04-15 13:49:15,620 INFO     [IK] compute_pick_joints called — task_pos=[ 0.0613 -0.5175  0.0248] label_zone=None max_attempts=10 check_collisions=False arm_number=None
2026-04-15 13:49:15,643 INFO     [IK] Arm? compute_pick_joints attempt 1/10 OK — target=([ 0.0613 -0.5175  0.0248]) pre=[-0.4691  0.0507 -0.9877 -2.2691  0.0565  2.2962 -0.7084] final=[-0.7887  0.5725 -0.5926 -2.2595  0.6944  2.6491 -1.1514] (FK err pre=0.0000 m final=0.0000 m)
2026-04-15 13:49:15,644 INFO     [FetchInput] IK pre_joints:   [-0.4691  0.0507 -0.9877 -2.2691  0.0565  2.2962 -0.7084]
2026-04-15 13:49:15,644 INFO     [FetchInput] IK final_joints: [-0.7887  0.5725 -0.5926 -2.2595  0.6944  2.6491 -1.1514]
2026-04-15 13:49:15,645 INFO     [FetchInput] Moving to pre-pick
2026-04-15 13:49:18,850 INFO     [FetchInput] Descending to pick
2026-04-15 13:49:21,295 INFO     [Service] /orio/pnp_cup/on → success=True msg='PnP Cup ON command sent'
2026-04-15 13:49:22,296 INFO     [FetchInput] Retracting to pre-pick height
2026-04-15 13:49:23,793 INFO     [FetchInput] Exiting: succeeded (item_depth=0.0248)
2026-04-15 13:49:23,795 INFO     [DropToZone] Entering state (item_depth=0.0248)
2026-04-15 13:49:23,795 INFO     [DropToZone] Targeting zone A
2026-04-15 13:49:23,813 INFO     [IK] pose_to_joints 'L1_INTER' depth_offset=0.0248 → joints=[-0.1982 -0.3863 -0.173  -2.5651 -0.0793  2.1825  0.4723]
2026-04-15 13:49:23,823 INFO     [IK] pose_to_joints 'LABEL_ZONE_1' depth_offset=0.0348 → joints=[-0.2392  1.2101 -0.1671 -0.8516  0.1764  2.0507  0.4046]
2026-04-15 13:49:23,824 INFO     [DropToZone] place_joints for LABEL_ZONE_1: [-0.2392  1.2101 -0.1671 -0.8516  0.1764  2.0507  0.4046]
2026-04-15 13:49:25,330 INFO     [Service] /orio/lbl_cup/on → success=True msg='Labelling Cup ON command sent'
2026-04-15 13:49:28,816 INFO     [IK] pose_to_joints 'LABELLING_SAFE' depth_offset=0.0000 → joints=[-0.065  -1.2718  0.0356 -2.707   0.0343  1.4354  0.7355]
2026-04-15 13:49:30,423 INFO     [Service] /orio/pnp_cup/off → success=True msg='PnP Cup OFF command sent'
2026-04-15 13:49:32,022 INFO     [GetLabel] Exiting: succeeded
2026-04-15 13:49:32,023 INFO     [ApplyLabel] Entering state (zones: {'A': 'EMPTY', 'B': 'EMPTY'}  busy: {'A': True, 'B': False})
2026-04-15 13:49:32,023 DEBUG    [ApplyLabel] No zone needs label → wait
2026-04-15 13:49:32,525 INFO     [ApplyLabel] Entering state (zones: {'A': 'EMPTY', 'B': 'EMPTY'}  busy: {'A': True, 'B': False})
2026-04-15 13:49:32,525 DEBUG    [ApplyLabel] No zone needs label → wait
2026-04-15 13:49:33,026 INFO     [ApplyLabel] Entering state (zones: {'A': 'EMPTY', 'B': 'EMPTY'}  busy: {'A': True, 'B': False})
2026-04-15 13:49:33,027 DEBUG    [ApplyLabel] No zone needs label → wait
2026-04-15 13:49:33,529 INFO     [ApplyLabel] Entering state (zones: {'A': 'EMPTY', 'B': 'EMPTY'}  busy: {'A': True, 'B': False})
2026-04-15 13:49:33,530 DEBUG    [ApplyLabel] No zone needs label → wait
2026-04-15 13:49:33,910 INFO     [ZoneManager] Zone A: EMPTY → NEEDS_LABEL
2026-04-15 13:49:33,910 INFO     [DropToZone] Exiting: dropped (zone A)
2026-04-15 13:49:33,911 DEBUG    [TaskSelector] Evaluating zone states: {'A': 'NEEDS_LABEL', 'B': 'EMPTY'}  busy: {'A': False, 'B': False}
2026-04-15 13:49:33,911 INFO     [TaskSelector] → do_load (zone B empty)
2026-04-15 13:49:33,912 INFO     [FetchInput] Entering state
2026-04-15 13:49:34,032 INFO     [ApplyLabel] Entering state (zones: {'A': 'NEEDS_LABEL', 'B': 'EMPTY'}  busy: {'A': False, 'B': False})
2026-04-15 13:49:34,032 INFO     [ApplyLabel] Applying label to zone A (zone_number=1, depth=0.0248)
2026-04-15 13:49:34,032 INFO     [compute_label_joints] Requesting label pose for zone 1, item_depth=0.0248
2026-04-15 13:49:34,642 INFO     [Service] /compute_grasps → success=True msg='Published 2 PnP poses.'
2026-04-15 13:49:34,642 INFO     [FetchInput] Grasp pose received: x=0.3258 y=-0.3013 z=0.0258
2026-04-15 13:49:34,642 INFO     [IK] compute_pick_joints called — task_pos=[ 0.3258 -0.3013  0.0258] label_zone=None max_attempts=10 check_collisions=False arm_number=None
2026-04-15 13:49:34,658 INFO     [IK] Arm? compute_pick_joints attempt 1/10 OK — target=([ 0.3258 -0.3013  0.0258]) pre=[-0.2728 -0.2155 -0.4744 -2.5214 -0.1344  2.3245  0.1399] final=[-0.2652  0.3669 -0.3899 -2.5389  0.4896  2.8475 -0.3177] (FK err pre=0.0000 m final=0.0000 m)
2026-04-15 13:49:34,658 INFO     [FetchInput] IK pre_joints:   [-0.2728 -0.2155 -0.4744 -2.5214 -0.1344  2.3245  0.1399]
2026-04-15 13:49:34,658 INFO     [FetchInput] IK final_joints: [-0.2652  0.3669 -0.3899 -2.5389  0.4896  2.8475 -0.3177]
2026-04-15 13:49:34,659 INFO     [FetchInput] Moving to pre-pick
2026-04-15 13:49:35,874 INFO     [Service] /compute_grasps_labelling → success=True msg='Zone1=OK, Zone2=FAIL'
2026-04-15 13:49:35,875 INFO     item_depth=0.0248  X=-0.6226 Y=-0.3611 Z=0.9752  pos(world)=[0.8211 0.6416 0.0048]  task_pos=[0.8211 0.6416 0.0248]  task_ori=[0.7037 0.7105 0.     0.    ]
2026-04-15 13:49:35,877 ERROR    [compute_label_joints] Zone 1 pose (x=0.8211, y=0.6416) is outside bounds {'x_min': 0.2, 'x_max': 0.55, 'y_min': -0.6, 'y_max': 0.6}
2026-04-15 13:49:37,762 INFO     [FetchInput] Descending to pick
2026-04-15 13:49:38,358 WARNING  [Main] Shutting down: turning off both vacuums
2026-04-15 13:49:38,359 INFO     [Main] Total items placed at output: 0
2026-04-15 13:49:38,364 INFO     [Service] /orio/pnp_cup/off → success=True msg='PnP Cup OFF command sent'
2026-04-15 13:49:38,367 INFO     [Service] /orio/lbl_cup/off → success=True msg='Labelling Cup OFF command sent'
