2026-04-22 14:19:54,724 INFO     [Logger] File log started: /home/ros_ws/src/devel_packages/orio/logs/orio_run_20260422_141954.log
2026-04-22 14:19:54,724 INFO     [Main] Node started. Log file: /home/ros_ws/src/devel_packages/orio/logs/orio_run_20260422_141954.log
2026-04-22 14:20:02,401 INFO     [Main] Operator input — item='sss'  expiry='1234-56-78'
2026-04-22 14:20:02,401 INFO     [Hardware] Initializing Robot Hardware...
2026-04-22 14:20:02,968 INFO     [Hardware] Resetting both arms to home joints
2026-04-22 14:20:11,851 INFO     [Hardware] Poses loaded from joint_angles.json
2026-04-22 14:20:11,863 INFO     [Hardware] Initialization complete
2026-04-22 14:20:11,868 INFO     [Main] Starting state machine execution
2026-04-22 14:20:11,870 DEBUG    [TaskSelector] Evaluating zone states: {'A': 'EMPTY', 'B': 'EMPTY'}  busy: {'A': False, 'B': False}
2026-04-22 14:20:11,870 INFO     [TaskSelector] → do_load (zone A empty)
2026-04-22 14:20:11,870 INFO     [GetLabel] Entering state
2026-04-22 14:20:11,872 INFO     [FetchInput] Entering state
2026-04-22 14:20:12,495 INFO     [Service] /compute_grasps → success=True msg='Published 2 PnP poses.'
2026-04-22 14:20:12,496 INFO     [FetchInput] Grasp pose received: x=0.3467 y=-0.3248 z=0.0322
2026-04-22 14:20:12,496 INFO     [IK] compute_pick_joints called — task_pos=[ 0.3467 -0.3248  0.0322] label_zone=None max_attempts=10 check_collisions=False arm_number=None
2026-04-22 14:20:12,539 INFO     [IK] Arm? compute_pick_joints attempt 1/10 OK — target=([ 0.3467 -0.3248  0.0322]) pre=[-0.3034  0.1021 -0.4413 -2.4816  0.0809  2.5725 -0.0255] final=[-0.5805  0.3658 -0.1452 -2.4604  0.1638  2.8186 -0.0863] (FK err pre=0.0000 m final=0.0000 m)
2026-04-22 14:20:12,540 INFO     [FetchInput] IK pre_joints:   [-0.3034  0.1021 -0.4413 -2.4816  0.0809  2.5725 -0.0255]
2026-04-22 14:20:12,541 INFO     [FetchInput] IK final_joints: [-0.5805  0.3658 -0.1452 -2.4604  0.1638  2.8186 -0.0863]
2026-04-22 14:20:12,542 INFO     [FetchInput] Moving to pre-pick
2026-04-22 14:20:15,998 INFO     [FetchInput] Descending to pick
2026-04-22 14:20:18,451 INFO     [Service] /orio/pnp_cup/on → success=True msg='PnP Cup ON command sent'
2026-04-22 14:20:19,452 INFO     [FetchInput] Retracting to pre-pick height
2026-04-22 14:20:22,082 INFO     [FetchInput] Exiting: succeeded (item_depth=0.0322)
2026-04-22 14:20:22,084 INFO     [DropToZone] Entering state (item_depth=0.0322)
2026-04-22 14:20:22,084 INFO     [DropToZone] Targeting zone A
2026-04-22 14:20:22,095 INFO     [IK] pose_to_joints 'L1_INTER' depth_offset=0.0322 → joints=[-0.3194 -0.4808 -0.3617 -2.6012 -0.1954  2.1386  0.2483]
2026-04-22 14:20:22,110 INFO     [Service] /orio/lbl_cup/on → success=True msg='Labelling Cup ON command sent'
2026-04-22 14:20:22,111 INFO     [IK] pose_to_joints 'LABEL_ZONE_1' depth_offset=0.0422 → joints=[-0.2379  1.1942 -0.1683 -0.8617  0.1759  2.0447  0.4041]
2026-04-22 14:20:22,112 INFO     [DropToZone] place_joints for LABEL_ZONE_1: [-0.2379  1.1942 -0.1683 -0.8617  0.1759  2.0447  0.4041]
2026-04-22 14:20:25,564 INFO     [IK] pose_to_joints 'LABELLING_SAFE' depth_offset=0.0000 → joints=[-0.065  -1.2718  0.0356 -2.707   0.0343  1.4354  0.7355]
2026-04-22 14:20:29,008 INFO     [Service] /orio/pnp_cup/off → success=True msg='PnP Cup OFF command sent'
2026-04-22 14:20:29,773 ERROR    [GET_LABEL] Unhandled exception: LBL vacuum failed to pick up item (expected=True, actual=False)
2026-04-22 14:20:29,774 WARNING  [ARM2 Recovery] Pausing ARM2 — showing GUI (ARM1 continues)
2026-04-22 14:20:32,494 INFO     [ZoneManager] Zone A: EMPTY → NEEDS_LABEL
2026-04-22 14:20:32,495 INFO     [DropToZone] Exiting: dropped (zone A)
2026-04-22 14:20:42,046 INFO     [Recovery] Zones updated: {'A': 'NEEDS_LABEL', 'B': 'EMPTY'}  busy: {'A': False, 'B': False}
2026-04-22 14:20:43,586 INFO     [Recovery] Zones updated: {'A': 'NEEDS_LABEL', 'B': 'EMPTY'}  busy: {'A': False, 'B': False}
2026-04-22 14:20:43,590 INFO     [ARM2 Recovery] choice=APPLY
2026-04-22 14:20:43,590 INFO     [ARM2 Recovery] resuming
2026-04-22 14:20:43,592 INFO     [ApplyLabel] Entering state (zones: {'A': 'NEEDS_LABEL', 'B': 'EMPTY'}  busy: {'A': False, 'B': False})
2026-04-22 14:20:43,592 INFO     [ApplyLabel] Applying label to zone A (zone_number=1, depth=0.0322)
2026-04-22 14:20:43,592 INFO     [compute_label_joints] Requesting label pose for zone 1, item_depth=0.0322
2026-04-22 14:20:43,708 DEBUG    [TaskSelector] Evaluating zone states: {'A': 'NEEDS_LABEL', 'B': 'EMPTY'}  busy: {'A': True, 'B': False}
2026-04-22 14:20:43,708 INFO     [TaskSelector] → do_load (zone B empty)
2026-04-22 14:20:43,711 INFO     [FetchInput] Entering state
2026-04-22 14:20:44,351 INFO     [Service] /compute_grasps → success=True msg='Published 1 PnP poses.'
2026-04-22 14:20:44,352 INFO     [FetchInput] Grasp pose received: x=0.0031 y=-0.4908 z=0.0372
2026-04-22 14:20:44,352 INFO     [IK] compute_pick_joints called — task_pos=[ 0.0031 -0.4908  0.0372] label_zone=None max_attempts=10 check_collisions=False arm_number=None
2026-04-22 14:20:44,382 INFO     [IK] Arm? compute_pick_joints attempt 1/10 OK — target=([ 0.0031 -0.4908  0.0372]) pre=[-0.4665  0.2568 -1.0719 -2.4147  0.384   2.5039 -1.0528] final=[-0.8556  0.4801 -0.6227 -2.3747  0.6624  2.6883 -1.2487] (FK err pre=0.0000 m final=0.0000 m)
2026-04-22 14:20:44,385 INFO     [FetchInput] IK pre_joints:   [-0.4665  0.2568 -1.0719 -2.4147  0.384   2.5039 -1.0528]
2026-04-22 14:20:44,385 INFO     [FetchInput] IK final_joints: [-0.8556  0.4801 -0.6227 -2.3747  0.6624  2.6883 -1.2487]
2026-04-22 14:20:44,386 INFO     [FetchInput] Moving to pre-pick
2026-04-22 14:20:45,685 INFO     [Service] /compute_grasps_labelling → success=True msg='Zone1=OK, Zone2=FAIL'
2026-04-22 14:20:45,685 INFO     item_depth=0.0322  X=-0.3060 Y=-0.0451 Z=0.9678  pos(world)=[0.5051 0.325  0.0122]  task_pos=[0.5051 0.325  0.0322]  task_ori=[0.6909 0.723  0.     0.    ]
2026-04-22 14:20:45,686 INFO     [compute_label_joints] Zone 1 received pose: x=0.5051 y=0.3250 z=0.0322  RPY r=180.00 p=0.00 y=92.60 deg
2026-04-22 14:20:45,687 INFO     [IK] compute_pick_joints called — task_pos=[0.5051 0.325  0.0322] label_zone=1 max_attempts=10 check_collisions=True arm_number=2
2026-04-22 14:20:45,706 INFO     Arm2: cached 8 obstacles from '/home/ros_ws/src/devel_packages/orio/obstacles_files/obs_arm2_free.p'
2026-04-22 14:20:45,716 INFO     [IK] Arm2 compute_pick_joints attempt 1/10 OK — target=([0.5051 0.325  0.0322]) pre=[ 0.2916  0.407   0.2894 -2.0251 -0.1698  2.4096 -0.1455] final=[ 0.5049  0.5962  0.0648 -2.0098 -0.071   2.6039 -0.2113] (FK err pre=0.0000 m final=0.0000 m)
2026-04-22 14:20:45,717 INFO     [ApplyLabel] IK pre_joints=[ 0.2916  0.407   0.2894 -2.0251 -0.1698  2.4096 -0.1455]  final_joints=[ 0.5049  0.5962  0.0648 -2.0098 -0.071   2.6039 -0.2113]
2026-04-22 14:20:45,717 INFO     [ApplyLabel] Registering label — item='sss' expiry='1234-56-78'
2026-04-22 14:20:47,593 INFO     [FetchInput] Descending to pick
2026-04-22 14:20:50,038 INFO     [Service] /orio/pnp_cup/on → success=True msg='PnP Cup ON command sent'
2026-04-22 14:20:50,836 ERROR    [RFID] Service call failed for /inventory/add_item: timeout exceeded while waiting for service /inventory/add_item
2026-04-22 14:20:51,039 INFO     [FetchInput] Retracting to pre-pick height
2026-04-22 14:20:55,941 INFO     [FetchInput] Exiting: succeeded (item_depth=0.0372)
2026-04-22 14:20:55,943 INFO     [DropToZone] Entering state (item_depth=0.0372)
2026-04-22 14:20:55,943 INFO     [DropToZone] Targeting zone B
2026-04-22 14:20:55,952 INFO     [IK] pose_to_joints 'L1_INTER' depth_offset=0.0372 → joints=[-0.3193 -0.4875 -0.3594 -2.5929 -0.1948  2.1236  0.2488]
2026-04-22 14:20:55,963 INFO     [IK] pose_to_joints 'L2_INTER' depth_offset=0.0372 → joints=[ 0.0576 -0.5534  0.6038 -2.5842  0.3501  2.0864  1.1955]
2026-04-22 14:20:55,978 INFO     [IK] pose_to_joints 'LABEL_ZONE_2' depth_offset=0.0472 → joints=[ 0.3484  1.1772 -0.0529 -0.87    0.055   2.0461  1.0883]
2026-04-22 14:20:55,979 INFO     [DropToZone] place_joints for LABEL_ZONE_2: [ 0.3484  1.1772 -0.0529 -0.87    0.055   2.0461  1.0883]
2026-04-22 14:21:00,961 INFO     [Service] /orio/lbl_cup/off → success=True msg='Labelling Cup OFF command sent'
2026-04-22 14:21:04,079 INFO     [IK] pose_to_joints 'LABELLING_SAFE' depth_offset=0.0000 → joints=[-0.065  -1.2718  0.0356 -2.707   0.0343  1.4354  0.7355]
2026-04-22 14:21:04,415 INFO     [Service] /orio/pnp_cup/off → success=True msg='PnP Cup OFF command sent'
2026-04-22 14:21:07,524 INFO     [ZoneManager] Zone A: NEEDS_LABEL → READY_FOR_PICKUP
2026-04-22 14:21:07,524 INFO     [ApplyLabel] Exiting: labeled (zone A)
2026-04-22 14:21:07,528 INFO     [GetLabel] Entering state
2026-04-22 14:21:12,634 INFO     [ZoneManager] Zone B: EMPTY → NEEDS_LABEL
2026-04-22 14:21:12,636 INFO     [DropToZone] Exiting: dropped (zone B)
2026-04-22 14:21:12,639 DEBUG    [TaskSelector] Evaluating zone states: {'A': 'READY_FOR_PICKUP', 'B': 'NEEDS_LABEL'}  busy: {'A': False, 'B': False}
2026-04-22 14:21:12,639 INFO     [TaskSelector] → do_unload (zone A ready)
2026-04-22 14:21:12,640 INFO     [RetrieveFromZone] Entering state
2026-04-22 14:21:12,640 INFO     [RetrieveFromZone] Picking from zone A (depth=0.0322)
2026-04-22 14:21:12,650 INFO     [IK] pose_to_joints 'L1_INTER' depth_offset=0.0322 → joints=[-0.3194 -0.4808 -0.3617 -2.6012 -0.1954  2.1386  0.2483]
2026-04-22 14:21:12,659 INFO     [IK] pose_to_joints 'LABEL_ZONE_1' depth_offset=0.1322 → joints=[-0.2314  1.05   -0.178  -0.8925  0.1648  1.9311  0.4062]
2026-04-22 14:21:12,670 INFO     [IK] pose_to_joints 'LABEL_ZONE_1' depth_offset=0.0222 → joints=[-0.2417  1.2387 -0.1652 -0.8314  0.177   2.0593  0.4056]
2026-04-22 14:21:12,670 INFO     [RetrieveFromZone] A pre_pick=[-0.2314  1.05   -0.178  -0.8925  0.1648  1.9311  0.4062] pick=[-0.2417  1.2387 -0.1652 -0.8314  0.177   2.0593  0.4056]
2026-04-22 14:21:17,740 INFO     [Service] /orio/lbl_cup/on → success=True msg='Labelling Cup ON command sent'
2026-04-22 14:21:21,159 INFO     [IK] pose_to_joints 'LABELLING_SAFE' depth_offset=0.0000 → joints=[-0.065  -1.2718  0.0356 -2.707   0.0343  1.4354  0.7355]
2026-04-22 14:21:21,664 INFO     [Service] /orio/pnp_cup/on → success=True msg='PnP Cup ON command sent'
2026-04-22 14:21:22,664 INFO     [RetrieveFromZone] Retracting to pre-pick height
2026-04-22 14:21:24,364 INFO     [GetLabel] Exiting: succeeded
2026-04-22 14:21:24,368 INFO     [ApplyLabel] Entering state (zones: {'A': 'READY_FOR_PICKUP', 'B': 'NEEDS_LABEL'}  busy: {'A': True, 'B': False})
2026-04-22 14:21:24,368 INFO     [ApplyLabel] Applying label to zone B (zone_number=2, depth=0.0372)
2026-04-22 14:21:24,368 INFO     [compute_label_joints] Requesting label pose for zone 2, item_depth=0.0372
2026-04-22 14:21:26,404 INFO     [Service] /compute_grasps_labelling → success=True msg='Zone1=FAIL, Zone2=OK'
2026-04-22 14:21:26,405 INFO     item_depth=0.0372  X=0.1139 Y=0.0126 Z=0.9628  pos(world)=[ 0.4474 -0.0949  0.0172]  task_pos=[ 0.4474 -0.0949  0.0372]  task_ori=[0.7051 0.7091 0.     0.    ]
2026-04-22 14:21:26,405 INFO     [compute_label_joints] Zone 2 received pose: x=0.4474 y=-0.0949 z=0.0372  RPY r=180.00 p=0.00 y=90.33 deg
2026-04-22 14:21:26,405 INFO     [IK] compute_pick_joints called — task_pos=[ 0.4474 -0.0949  0.0372] label_zone=2 max_attempts=10 check_collisions=True arm_number=2
2026-04-22 14:21:26,431 INFO     [IK] Arm2 compute_pick_joints attempt 1/10 OK — target=([ 0.4474 -0.0949  0.0372]) pre=[-0.0874  0.0371 -0.1207 -2.5397  0.0084  2.5765 -1.0062] final=[-0.3214  0.3176  0.0945 -2.5233 -0.0988  2.8382 -0.9284] (FK err pre=0.0000 m final=0.0000 m)
2026-04-22 14:21:26,433 INFO     [ApplyLabel] IK pre_joints=[-0.0874  0.0371 -0.1207 -2.5397  0.0084  2.5765 -1.0062]  final_joints=[-0.3214  0.3176  0.0945 -2.5233 -0.0988  2.8382 -0.9284]
2026-04-22 14:21:26,434 INFO     [ApplyLabel] Registering label — item='sss' expiry='1234-56-78'
2026-04-22 14:21:26,717 INFO     [ZoneManager] Zone A: READY_FOR_PICKUP → EMPTY
2026-04-22 14:21:26,717 INFO     [RetrieveFromZone] Exiting: picked (zone A)
2026-04-22 14:21:26,720 INFO     [PlaceOutput] Entering state (retrieved_depth=0.0322)
2026-04-22 14:21:26,732 INFO     [IK] pose_to_joints 'OUTPUT1' depth_offset=0.1822 → joints=[-1.3906 -0.8493  2.6199 -0.901   0.3856  1.6712  2.1329]
2026-04-22 14:21:26,742 INFO     [IK] pose_to_joints 'L2_INTER' depth_offset=0.0322 → joints=[ 0.0614 -0.5452  0.6048 -2.5927  0.3491  2.1023  1.1981]
2026-04-22 14:21:26,742 INFO     [PlaceOutput] drop_joints: [-1.3906 -0.8493  2.6199 -0.901   0.3856  1.6712  2.1329]
2026-04-22 14:21:31,563 ERROR    [RFID] Service call failed for /inventory/add_item: timeout exceeded while waiting for service /inventory/add_item
2026-04-22 14:21:41,777 INFO     [Service] /orio/lbl_cup/off → success=True msg='Labelling Cup OFF command sent'
2026-04-22 14:21:45,232 INFO     [IK] pose_to_joints 'LABELLING_SAFE' depth_offset=0.0000 → joints=[-0.065  -1.2718  0.0356 -2.707   0.0343  1.4354  0.7355]
2026-04-22 14:21:48,677 INFO     [ZoneManager] Zone B: NEEDS_LABEL → READY_FOR_PICKUP
2026-04-22 14:21:48,677 INFO     [ApplyLabel] Exiting: labeled (zone B)
2026-04-22 14:21:48,678 INFO     [GetLabel] Entering state
2026-04-22 14:21:58,892 INFO     [Service] /orio/lbl_cup/on → success=True msg='Labelling Cup ON command sent'
2026-04-22 14:22:02,209 INFO     [IK] pose_to_joints 'LABELLING_SAFE' depth_offset=0.0000 → joints=[-0.065  -1.2718  0.0356 -2.707   0.0343  1.4354  0.7355]
2026-04-22 14:22:05,506 INFO     [GetLabel] Exiting: succeeded
2026-04-22 14:22:05,508 INFO     [ApplyLabel] Entering state (zones: {'A': 'EMPTY', 'B': 'READY_FOR_PICKUP'}  busy: {'A': False, 'B': False})
2026-04-22 14:22:05,508 DEBUG    [ApplyLabel] No zone needs label → wait
2026-04-22 14:22:06,011 INFO     [ApplyLabel] Entering state (zones: {'A': 'EMPTY', 'B': 'READY_FOR_PICKUP'}  busy: {'A': False, 'B': False})
2026-04-22 14:22:06,011 DEBUG    [ApplyLabel] No zone needs label → wait
2026-04-22 14:22:06,513 INFO     [ApplyLabel] Entering state (zones: {'A': 'EMPTY', 'B': 'READY_FOR_PICKUP'}  busy: {'A': False, 'B': False})
2026-04-22 14:22:06,513 DEBUG    [ApplyLabel] No zone needs label → wait
2026-04-22 14:22:07,018 INFO     [ApplyLabel] Entering state (zones: {'A': 'EMPTY', 'B': 'READY_FOR_PICKUP'}  busy: {'A': False, 'B': False})
2026-04-22 14:22:07,019 DEBUG    [ApplyLabel] No zone needs label → wait
2026-04-22 14:22:07,521 INFO     [ApplyLabel] Entering state (zones: {'A': 'EMPTY', 'B': 'READY_FOR_PICKUP'}  busy: {'A': False, 'B': False})
2026-04-22 14:22:07,521 DEBUG    [ApplyLabel] No zone needs label → wait
2026-04-22 14:22:08,023 INFO     [ApplyLabel] Entering state (zones: {'A': 'EMPTY', 'B': 'READY_FOR_PICKUP'}  busy: {'A': False, 'B': False})
2026-04-22 14:22:08,024 DEBUG    [ApplyLabel] No zone needs label → wait
2026-04-22 14:22:08,525 INFO     [ApplyLabel] Entering state (zones: {'A': 'EMPTY', 'B': 'READY_FOR_PICKUP'}  busy: {'A': False, 'B': False})
2026-04-22 14:22:08,526 DEBUG    [ApplyLabel] No zone needs label → wait
2026-04-22 14:22:09,029 INFO     [ApplyLabel] Entering state (zones: {'A': 'EMPTY', 'B': 'READY_FOR_PICKUP'}  busy: {'A': False, 'B': False})
2026-04-22 14:22:09,029 DEBUG    [ApplyLabel] No zone needs label → wait
2026-04-22 14:22:09,531 INFO     [ApplyLabel] Entering state (zones: {'A': 'EMPTY', 'B': 'READY_FOR_PICKUP'}  busy: {'A': False, 'B': False})
2026-04-22 14:22:09,531 DEBUG    [ApplyLabel] No zone needs label → wait
2026-04-22 14:22:10,033 INFO     [ApplyLabel] Entering state (zones: {'A': 'EMPTY', 'B': 'READY_FOR_PICKUP'}  busy: {'A': False, 'B': False})
2026-04-22 14:22:10,034 DEBUG    [ApplyLabel] No zone needs label → wait
2026-04-22 14:22:10,536 INFO     [ApplyLabel] Entering state (zones: {'A': 'EMPTY', 'B': 'READY_FOR_PICKUP'}  busy: {'A': False, 'B': False})
2026-04-22 14:22:10,536 DEBUG    [ApplyLabel] No zone needs label → wait
2026-04-22 14:22:11,038 INFO     [ApplyLabel] Entering state (zones: {'A': 'EMPTY', 'B': 'READY_FOR_PICKUP'}  busy: {'A': False, 'B': False})
2026-04-22 14:22:11,039 DEBUG    [ApplyLabel] No zone needs label → wait
2026-04-22 14:22:11,540 INFO     [ApplyLabel] Entering state (zones: {'A': 'EMPTY', 'B': 'READY_FOR_PICKUP'}  busy: {'A': False, 'B': False})
2026-04-22 14:22:11,540 DEBUG    [ApplyLabel] No zone needs label → wait
2026-04-22 14:22:12,042 INFO     [ApplyLabel] Entering state (zones: {'A': 'EMPTY', 'B': 'READY_FOR_PICKUP'}  busy: {'A': False, 'B': False})
2026-04-22 14:22:12,042 DEBUG    [ApplyLabel] No zone needs label → wait
2026-04-22 14:22:12,544 INFO     [ApplyLabel] Entering state (zones: {'A': 'EMPTY', 'B': 'READY_FOR_PICKUP'}  busy: {'A': False, 'B': False})
2026-04-22 14:22:12,545 DEBUG    [ApplyLabel] No zone needs label → wait
2026-04-22 14:22:13,047 INFO     [ApplyLabel] Entering state (zones: {'A': 'EMPTY', 'B': 'READY_FOR_PICKUP'}  busy: {'A': False, 'B': False})
2026-04-22 14:22:13,047 DEBUG    [ApplyLabel] No zone needs label → wait
2026-04-22 14:22:13,549 INFO     [ApplyLabel] Entering state (zones: {'A': 'EMPTY', 'B': 'READY_FOR_PICKUP'}  busy: {'A': False, 'B': False})
2026-04-22 14:22:13,549 DEBUG    [ApplyLabel] No zone needs label → wait
2026-04-22 14:22:14,051 INFO     [ApplyLabel] Entering state (zones: {'A': 'EMPTY', 'B': 'READY_FOR_PICKUP'}  busy: {'A': False, 'B': False})
2026-04-22 14:22:14,051 DEBUG    [ApplyLabel] No zone needs label → wait
2026-04-22 14:22:14,554 INFO     [ApplyLabel] Entering state (zones: {'A': 'EMPTY', 'B': 'READY_FOR_PICKUP'}  busy: {'A': False, 'B': False})
2026-04-22 14:22:14,554 DEBUG    [ApplyLabel] No zone needs label → wait
2026-04-22 14:22:15,057 INFO     [ApplyLabel] Entering state (zones: {'A': 'EMPTY', 'B': 'READY_FOR_PICKUP'}  busy: {'A': False, 'B': False})
2026-04-22 14:22:15,057 DEBUG    [ApplyLabel] No zone needs label → wait
2026-04-22 14:22:15,558 INFO     [ApplyLabel] Entering state (zones: {'A': 'EMPTY', 'B': 'READY_FOR_PICKUP'}  busy: {'A': False, 'B': False})
2026-04-22 14:22:15,559 DEBUG    [ApplyLabel] No zone needs label → wait
2026-04-22 14:22:16,063 INFO     [ApplyLabel] Entering state (zones: {'A': 'EMPTY', 'B': 'READY_FOR_PICKUP'}  busy: {'A': False, 'B': False})
2026-04-22 14:22:16,063 DEBUG    [ApplyLabel] No zone needs label → wait
2026-04-22 14:22:16,565 INFO     [ApplyLabel] Entering state (zones: {'A': 'EMPTY', 'B': 'READY_FOR_PICKUP'}  busy: {'A': False, 'B': False})
2026-04-22 14:22:16,565 DEBUG    [ApplyLabel] No zone needs label → wait
2026-04-22 14:22:17,067 INFO     [ApplyLabel] Entering state (zones: {'A': 'EMPTY', 'B': 'READY_FOR_PICKUP'}  busy: {'A': False, 'B': False})
2026-04-22 14:22:17,067 DEBUG    [ApplyLabel] No zone needs label → wait
2026-04-22 14:22:17,569 INFO     [ApplyLabel] Entering state (zones: {'A': 'EMPTY', 'B': 'READY_FOR_PICKUP'}  busy: {'A': False, 'B': False})
2026-04-22 14:22:17,569 DEBUG    [ApplyLabel] No zone needs label → wait
2026-04-22 14:22:18,071 INFO     [ApplyLabel] Entering state (zones: {'A': 'EMPTY', 'B': 'READY_FOR_PICKUP'}  busy: {'A': False, 'B': False})
2026-04-22 14:22:18,071 DEBUG    [ApplyLabel] No zone needs label → wait
2026-04-22 14:22:18,572 INFO     [ApplyLabel] Entering state (zones: {'A': 'EMPTY', 'B': 'READY_FOR_PICKUP'}  busy: {'A': False, 'B': False})
2026-04-22 14:22:18,573 DEBUG    [ApplyLabel] No zone needs label → wait
2026-04-22 14:22:19,074 INFO     [ApplyLabel] Entering state (zones: {'A': 'EMPTY', 'B': 'READY_FOR_PICKUP'}  busy: {'A': False, 'B': False})
2026-04-22 14:22:19,074 DEBUG    [ApplyLabel] No zone needs label → wait
2026-04-22 14:22:19,576 INFO     [ApplyLabel] Entering state (zones: {'A': 'EMPTY', 'B': 'READY_FOR_PICKUP'}  busy: {'A': False, 'B': False})
2026-04-22 14:22:19,576 DEBUG    [ApplyLabel] No zone needs label → wait
2026-04-22 14:22:20,077 INFO     [ApplyLabel] Entering state (zones: {'A': 'EMPTY', 'B': 'READY_FOR_PICKUP'}  busy: {'A': False, 'B': False})
2026-04-22 14:22:20,077 DEBUG    [ApplyLabel] No zone needs label → wait
2026-04-22 14:22:20,581 INFO     [ApplyLabel] Entering state (zones: {'A': 'EMPTY', 'B': 'READY_FOR_PICKUP'}  busy: {'A': False, 'B': False})
2026-04-22 14:22:20,581 DEBUG    [ApplyLabel] No zone needs label → wait
2026-04-22 14:22:21,082 INFO     [ApplyLabel] Entering state (zones: {'A': 'EMPTY', 'B': 'READY_FOR_PICKUP'}  busy: {'A': False, 'B': False})
2026-04-22 14:22:21,083 DEBUG    [ApplyLabel] No zone needs label → wait
2026-04-22 14:22:21,584 INFO     [ApplyLabel] Entering state (zones: {'A': 'EMPTY', 'B': 'READY_FOR_PICKUP'}  busy: {'A': False, 'B': False})
2026-04-22 14:22:21,584 DEBUG    [ApplyLabel] No zone needs label → wait
2026-04-22 14:22:22,086 INFO     [ApplyLabel] Entering state (zones: {'A': 'EMPTY', 'B': 'READY_FOR_PICKUP'}  busy: {'A': False, 'B': False})
2026-04-22 14:22:22,086 DEBUG    [ApplyLabel] No zone needs label → wait
2026-04-22 14:22:22,589 INFO     [ApplyLabel] Entering state (zones: {'A': 'EMPTY', 'B': 'READY_FOR_PICKUP'}  busy: {'A': False, 'B': False})
2026-04-22 14:22:22,589 DEBUG    [ApplyLabel] No zone needs label → wait
2026-04-22 14:22:23,090 INFO     [ApplyLabel] Entering state (zones: {'A': 'EMPTY', 'B': 'READY_FOR_PICKUP'}  busy: {'A': False, 'B': False})
2026-04-22 14:22:23,090 DEBUG    [ApplyLabel] No zone needs label → wait
2026-04-22 14:22:23,594 INFO     [ApplyLabel] Entering state (zones: {'A': 'EMPTY', 'B': 'READY_FOR_PICKUP'}  busy: {'A': False, 'B': False})
2026-04-22 14:22:23,595 DEBUG    [ApplyLabel] No zone needs label → wait
2026-04-22 14:22:24,097 INFO     [ApplyLabel] Entering state (zones: {'A': 'EMPTY', 'B': 'READY_FOR_PICKUP'}  busy: {'A': False, 'B': False})
2026-04-22 14:22:24,097 DEBUG    [ApplyLabel] No zone needs label → wait
2026-04-22 14:22:24,601 INFO     [ApplyLabel] Entering state (zones: {'A': 'EMPTY', 'B': 'READY_FOR_PICKUP'}  busy: {'A': False, 'B': False})
2026-04-22 14:22:24,601 DEBUG    [ApplyLabel] No zone needs label → wait
2026-04-22 14:22:25,102 INFO     [ApplyLabel] Entering state (zones: {'A': 'EMPTY', 'B': 'READY_FOR_PICKUP'}  busy: {'A': False, 'B': False})
2026-04-22 14:22:25,102 DEBUG    [ApplyLabel] No zone needs label → wait
2026-04-22 14:22:25,605 INFO     [ApplyLabel] Entering state (zones: {'A': 'EMPTY', 'B': 'READY_FOR_PICKUP'}  busy: {'A': False, 'B': False})
2026-04-22 14:22:25,605 DEBUG    [ApplyLabel] No zone needs label → wait
2026-04-22 14:22:26,106 INFO     [ApplyLabel] Entering state (zones: {'A': 'EMPTY', 'B': 'READY_FOR_PICKUP'}  busy: {'A': False, 'B': False})
2026-04-22 14:22:26,107 DEBUG    [ApplyLabel] No zone needs label → wait
2026-04-22 14:22:26,610 INFO     [ApplyLabel] Entering state (zones: {'A': 'EMPTY', 'B': 'READY_FOR_PICKUP'}  busy: {'A': False, 'B': False})
2026-04-22 14:22:26,611 DEBUG    [ApplyLabel] No zone needs label → wait
2026-04-22 14:22:27,112 INFO     [ApplyLabel] Entering state (zones: {'A': 'EMPTY', 'B': 'READY_FOR_PICKUP'}  busy: {'A': False, 'B': False})
2026-04-22 14:22:27,112 DEBUG    [ApplyLabel] No zone needs label → wait
2026-04-22 14:22:27,615 INFO     [ApplyLabel] Entering state (zones: {'A': 'EMPTY', 'B': 'READY_FOR_PICKUP'}  busy: {'A': False, 'B': False})
2026-04-22 14:22:27,615 DEBUG    [ApplyLabel] No zone needs label → wait
2026-04-22 14:22:28,117 INFO     [ApplyLabel] Entering state (zones: {'A': 'EMPTY', 'B': 'READY_FOR_PICKUP'}  busy: {'A': False, 'B': False})
2026-04-22 14:22:28,117 DEBUG    [ApplyLabel] No zone needs label → wait
2026-04-22 14:22:28,621 INFO     [ApplyLabel] Entering state (zones: {'A': 'EMPTY', 'B': 'READY_FOR_PICKUP'}  busy: {'A': False, 'B': False})
2026-04-22 14:22:28,622 DEBUG    [ApplyLabel] No zone needs label → wait
2026-04-22 14:22:29,125 INFO     [ApplyLabel] Entering state (zones: {'A': 'EMPTY', 'B': 'READY_FOR_PICKUP'}  busy: {'A': False, 'B': False})
2026-04-22 14:22:29,125 DEBUG    [ApplyLabel] No zone needs label → wait
2026-04-22 14:22:29,628 INFO     [ApplyLabel] Entering state (zones: {'A': 'EMPTY', 'B': 'READY_FOR_PICKUP'}  busy: {'A': False, 'B': False})
2026-04-22 14:22:29,629 DEBUG    [ApplyLabel] No zone needs label → wait
2026-04-22 14:22:30,130 INFO     [ApplyLabel] Entering state (zones: {'A': 'EMPTY', 'B': 'READY_FOR_PICKUP'}  busy: {'A': False, 'B': False})
2026-04-22 14:22:30,130 DEBUG    [ApplyLabel] No zone needs label → wait
2026-04-22 14:22:30,634 INFO     [ApplyLabel] Entering state (zones: {'A': 'EMPTY', 'B': 'READY_FOR_PICKUP'}  busy: {'A': False, 'B': False})
2026-04-22 14:22:30,635 DEBUG    [ApplyLabel] No zone needs label → wait
2026-04-22 14:22:31,137 INFO     [ApplyLabel] Entering state (zones: {'A': 'EMPTY', 'B': 'READY_FOR_PICKUP'}  busy: {'A': False, 'B': False})
2026-04-22 14:22:31,137 DEBUG    [ApplyLabel] No zone needs label → wait
2026-04-22 14:22:31,640 INFO     [ApplyLabel] Entering state (zones: {'A': 'EMPTY', 'B': 'READY_FOR_PICKUP'}  busy: {'A': False, 'B': False})
2026-04-22 14:22:31,640 DEBUG    [ApplyLabel] No zone needs label → wait
2026-04-22 14:22:32,142 INFO     [ApplyLabel] Entering state (zones: {'A': 'EMPTY', 'B': 'READY_FOR_PICKUP'}  busy: {'A': False, 'B': False})
2026-04-22 14:22:32,142 DEBUG    [ApplyLabel] No zone needs label → wait
2026-04-22 14:22:32,649 INFO     [ApplyLabel] Entering state (zones: {'A': 'EMPTY', 'B': 'READY_FOR_PICKUP'}  busy: {'A': False, 'B': False})
2026-04-22 14:22:32,649 DEBUG    [ApplyLabel] No zone needs label → wait
2026-04-22 14:22:33,151 INFO     [ApplyLabel] Entering state (zones: {'A': 'EMPTY', 'B': 'READY_FOR_PICKUP'}  busy: {'A': False, 'B': False})
2026-04-22 14:22:33,151 DEBUG    [ApplyLabel] No zone needs label → wait
2026-04-22 14:22:33,654 INFO     [ApplyLabel] Entering state (zones: {'A': 'EMPTY', 'B': 'READY_FOR_PICKUP'}  busy: {'A': False, 'B': False})
2026-04-22 14:22:33,654 DEBUG    [ApplyLabel] No zone needs label → wait
2026-04-22 14:22:34,156 INFO     [ApplyLabel] Entering state (zones: {'A': 'EMPTY', 'B': 'READY_FOR_PICKUP'}  busy: {'A': False, 'B': False})
2026-04-22 14:22:34,156 DEBUG    [ApplyLabel] No zone needs label → wait
2026-04-22 14:22:34,659 INFO     [ApplyLabel] Entering state (zones: {'A': 'EMPTY', 'B': 'READY_FOR_PICKUP'}  busy: {'A': False, 'B': False})
2026-04-22 14:22:34,659 DEBUG    [ApplyLabel] No zone needs label → wait
2026-04-22 14:22:35,161 INFO     [ApplyLabel] Entering state (zones: {'A': 'EMPTY', 'B': 'READY_FOR_PICKUP'}  busy: {'A': False, 'B': False})
2026-04-22 14:22:35,161 DEBUG    [ApplyLabel] No zone needs label → wait
2026-04-22 14:22:35,664 INFO     [ApplyLabel] Entering state (zones: {'A': 'EMPTY', 'B': 'READY_FOR_PICKUP'}  busy: {'A': False, 'B': False})
2026-04-22 14:22:35,664 DEBUG    [ApplyLabel] No zone needs label → wait
2026-04-22 14:22:36,166 INFO     [ApplyLabel] Entering state (zones: {'A': 'EMPTY', 'B': 'READY_FOR_PICKUP'}  busy: {'A': False, 'B': False})
2026-04-22 14:22:36,166 DEBUG    [ApplyLabel] No zone needs label → wait
2026-04-22 14:22:36,670 INFO     [ApplyLabel] Entering state (zones: {'A': 'EMPTY', 'B': 'READY_FOR_PICKUP'}  busy: {'A': False, 'B': False})
2026-04-22 14:22:36,670 DEBUG    [ApplyLabel] No zone needs label → wait
2026-04-22 14:22:37,171 INFO     [ApplyLabel] Entering state (zones: {'A': 'EMPTY', 'B': 'READY_FOR_PICKUP'}  busy: {'A': False, 'B': False})
2026-04-22 14:22:37,171 DEBUG    [ApplyLabel] No zone needs label → wait
2026-04-22 14:22:37,675 INFO     [ApplyLabel] Entering state (zones: {'A': 'EMPTY', 'B': 'READY_FOR_PICKUP'}  busy: {'A': False, 'B': False})
2026-04-22 14:22:37,675 DEBUG    [ApplyLabel] No zone needs label → wait
2026-04-22 14:22:38,178 INFO     [ApplyLabel] Entering state (zones: {'A': 'EMPTY', 'B': 'READY_FOR_PICKUP'}  busy: {'A': False, 'B': False})
2026-04-22 14:22:38,178 DEBUG    [ApplyLabel] No zone needs label → wait
2026-04-22 14:22:38,681 INFO     [ApplyLabel] Entering state (zones: {'A': 'EMPTY', 'B': 'READY_FOR_PICKUP'}  busy: {'A': False, 'B': False})
2026-04-22 14:22:38,682 DEBUG    [ApplyLabel] No zone needs label → wait
2026-04-22 14:22:39,183 INFO     [ApplyLabel] Entering state (zones: {'A': 'EMPTY', 'B': 'READY_FOR_PICKUP'}  busy: {'A': False, 'B': False})
2026-04-22 14:22:39,183 DEBUG    [ApplyLabel] No zone needs label → wait
2026-04-22 14:22:39,687 INFO     [ApplyLabel] Entering state (zones: {'A': 'EMPTY', 'B': 'READY_FOR_PICKUP'}  busy: {'A': False, 'B': False})
2026-04-22 14:22:39,687 DEBUG    [ApplyLabel] No zone needs label → wait
2026-04-22 14:22:39,891 WARNING  [Main] Shutting down: turning off both vacuums
2026-04-22 14:22:39,891 INFO     [Main] Total items placed at output: 0
2026-04-22 14:22:39,894 INFO     [Service] /orio/pnp_cup/off → success=True msg='PnP Cup OFF command sent'
2026-04-22 14:22:39,898 INFO     [Service] /orio/lbl_cup/off → success=True msg='Labelling Cup OFF command sent'
2026-04-22 14:22:40,189 INFO     [ApplyLabel] Entering state (zones: {'A': 'EMPTY', 'B': 'READY_FOR_PICKUP'}  busy: {'A': False, 'B': False})
2026-04-22 14:22:40,189 DEBUG    [ApplyLabel] No zone needs label → wait
2026-04-22 14:22:40,693 INFO     [ApplyLabel] Entering state (zones: {'A': 'EMPTY', 'B': 'READY_FOR_PICKUP'}  busy: {'A': False, 'B': False})
2026-04-22 14:22:40,693 DEBUG    [ApplyLabel] No zone needs label → wait
2026-04-22 14:22:41,195 INFO     [ApplyLabel] Entering state (zones: {'A': 'EMPTY', 'B': 'READY_FOR_PICKUP'}  busy: {'A': False, 'B': False})
2026-04-22 14:22:41,195 DEBUG    [ApplyLabel] No zone needs label → wait
2026-04-22 14:22:41,698 INFO     [ApplyLabel] Entering state (zones: {'A': 'EMPTY', 'B': 'READY_FOR_PICKUP'}  busy: {'A': False, 'B': False})
2026-04-22 14:22:41,698 DEBUG    [ApplyLabel] No zone needs label → wait
2026-04-22 14:22:42,060 ERROR    [PLACE_OUTPUT] Unhandled exception: service [/get_current_franka_interface_status_server_node_1/get_current_franka_interface_status_server] returned no response
