2026-04-15 10:52:12,179 INFO     [Logger] File log started: /home/ros_ws/src/devel_packages/orio/logs/orio_run_20260415_105212.log
2026-04-15 10:52:12,180 INFO     [Main] Node started. Log file: /home/ros_ws/src/devel_packages/orio/logs/orio_run_20260415_105212.log
2026-04-15 10:52:12,180 INFO     [Hardware] Initializing Robot Hardware...
2026-04-15 10:52:12,743 INFO     [Hardware] Resetting both arms to home joints
2026-04-15 10:52:19,126 INFO     [Hardware] Poses loaded from joint_angles.json
2026-04-15 10:52:19,130 INFO     [Hardware] Initialization complete
2026-04-15 10:52:19,134 INFO     [Main] Starting state machine execution
2026-04-15 10:52:19,137 INFO     [GetLabel] Entering state
2026-04-15 10:52:19,138 DEBUG    [TaskSelector] Evaluating zone states: {'A': 'EMPTY', 'B': 'EMPTY'}  busy: {'A': False, 'B': False}
2026-04-15 10:52:19,138 INFO     [TaskSelector] → do_load (zone A empty)
2026-04-15 10:52:19,140 INFO     [FetchInput] Entering state
2026-04-15 10:52:19,666 INFO     [Service] /compute_grasps → success=True msg='Published 1 PnP poses.'
2026-04-15 10:52:19,666 INFO     [FetchInput] Grasp pose received: x=0.0532 y=-0.5774 z=0.0203
2026-04-15 10:52:29,347 INFO     [Service] /orio/lbl_cup/on → success=True msg='Labelling Cup ON command sent'
2026-04-15 10:52:32,759 INFO     [IK] pose_to_joints 'LABELLING_SAFE' depth_offset=0.0000 → joints=[-0.065  -1.2718  0.0356 -2.707   0.0343  1.4354  0.7355]
2026-04-15 10:52:35,963 INFO     [GetLabel] Exiting: succeeded
2026-04-15 10:52:35,966 INFO     [ApplyLabel] Entering state (zones: {'A': 'EMPTY', 'B': 'EMPTY'}  busy: {'A': False, 'B': False})
2026-04-15 10:52:35,966 DEBUG    [ApplyLabel] No zone needs label → wait
2026-04-15 10:52:36,469 INFO     [ApplyLabel] Entering state (zones: {'A': 'EMPTY', 'B': 'EMPTY'}  busy: {'A': False, 'B': False})
2026-04-15 10:52:36,469 DEBUG    [ApplyLabel] No zone needs label → wait
2026-04-15 10:52:36,972 INFO     [ApplyLabel] Entering state (zones: {'A': 'EMPTY', 'B': 'EMPTY'}  busy: {'A': False, 'B': False})
2026-04-15 10:52:36,972 DEBUG    [ApplyLabel] No zone needs label → wait
2026-04-15 10:52:37,475 INFO     [ApplyLabel] Entering state (zones: {'A': 'EMPTY', 'B': 'EMPTY'}  busy: {'A': False, 'B': False})
2026-04-15 10:52:37,475 DEBUG    [ApplyLabel] No zone needs label → wait
2026-04-15 10:52:37,978 INFO     [ApplyLabel] Entering state (zones: {'A': 'EMPTY', 'B': 'EMPTY'}  busy: {'A': False, 'B': False})
2026-04-15 10:52:37,978 DEBUG    [ApplyLabel] No zone needs label → wait
2026-04-15 10:52:38,480 INFO     [ApplyLabel] Entering state (zones: {'A': 'EMPTY', 'B': 'EMPTY'}  busy: {'A': False, 'B': False})
2026-04-15 10:52:38,480 DEBUG    [ApplyLabel] No zone needs label → wait
2026-04-15 10:52:38,982 INFO     [ApplyLabel] Entering state (zones: {'A': 'EMPTY', 'B': 'EMPTY'}  busy: {'A': False, 'B': False})
2026-04-15 10:52:38,983 DEBUG    [ApplyLabel] No zone needs label → wait
2026-04-15 10:52:39,485 INFO     [ApplyLabel] Entering state (zones: {'A': 'EMPTY', 'B': 'EMPTY'}  busy: {'A': False, 'B': False})
2026-04-15 10:52:39,485 DEBUG    [ApplyLabel] No zone needs label → wait
2026-04-15 10:52:39,993 INFO     [ApplyLabel] Entering state (zones: {'A': 'EMPTY', 'B': 'EMPTY'}  busy: {'A': False, 'B': False})
2026-04-15 10:52:39,993 DEBUG    [ApplyLabel] No zone needs label → wait
2026-04-15 10:52:40,428 WARNING  [Main] Shutting down: turning off both vacuums
2026-04-15 10:52:40,428 INFO     [Main] Total items placed at output: 0
2026-04-15 10:52:40,430 INFO     [Service] /orio/pnp_cup/off → success=True msg='PnP Cup OFF command sent'
2026-04-15 10:52:40,432 INFO     [Service] /orio/lbl_cup/off → success=True msg='Labelling Cup OFF command sent'
