2026-04-22 22:18:01,320 INFO     [Logger] File log started: /home/ros_ws/src/devel_packages/orio/logs/orio_run_20260422_221801.log
2026-04-22 22:18:01,320 INFO     [Main] Node started. Log file: /home/ros_ws/src/devel_packages/orio/logs/orio_run_20260422_221801.log
2026-04-22 22:18:14,740 INFO     [Main] Operator input — item='hd'  expiry='1234-23-23'
2026-04-22 22:18:14,741 INFO     [Hardware] Initializing Robot Hardware...
2026-04-22 22:18:15,259 INFO     [Hardware] Resetting both arms to home joints
2026-04-22 22:18:21,685 INFO     [Hardware] Poses loaded from joint_angles.json
2026-04-22 22:18:21,706 INFO     [Hardware] Initialization complete
2026-04-22 22:18:21,715 INFO     [Main] Starting state machine execution
2026-04-22 22:18:21,717 DEBUG    [TaskSelector] Evaluating zone states: {'A': 'EMPTY', 'B': 'EMPTY'}  busy: {'A': False, 'B': False}
2026-04-22 22:18:21,717 INFO     [TaskSelector] → do_load (empty zone available)
2026-04-22 22:18:21,717 INFO     [GetLabel] Entering state
2026-04-22 22:18:21,721 INFO     [FetchInput] Entering state
2026-04-22 22:18:23,446 INFO     [Service] /compute_grasps → success=True msg='Published 2 PnP poses.'
2026-04-22 22:18:23,447 INFO     [FetchInput] Grasp pose received: x=0.0844 y=-0.5273 z=0.1752
2026-04-22 22:18:23,447 INFO     [IK] compute_pick_joints called — task_pos=[ 0.0844 -0.5273  0.1752] label_zone=None max_attempts=10 check_collisions=False arm_number=None
2026-04-22 22:18:23,468 INFO     [IK] Arm? compute_pick_joints attempt 1/10 OK — target=([ 0.0844 -0.5273  0.1752]) pre=[-0.4608 -0.0067 -0.9501 -2.1665 -0.0066  2.1626 -0.6218] final=[-0.3869  0.2869 -1.0345 -2.2503  0.3555  2.3677 -0.877 ] (FK err pre=0.0000 m final=0.0000 m)
2026-04-22 22:18:23,468 INFO     [FetchInput] IK pre_joints:   [-0.4608 -0.0067 -0.9501 -2.1665 -0.0066  2.1626 -0.6218]
2026-04-22 22:18:23,469 INFO     [FetchInput] IK final_joints: [-0.3869  0.2869 -1.0345 -2.2503  0.3555  2.3677 -0.877 ]
2026-04-22 22:18:23,469 INFO     [FetchInput] Moving to pre-pick
2026-04-22 22:18:26,674 INFO     [FetchInput] Descending to pick
2026-04-22 22:18:29,130 INFO     [Service] /orio/pnp_cup/on → success=True msg='PnP Cup ON command sent'
2026-04-22 22:18:30,131 INFO     [FetchInput] Retracting to pre-pick height
2026-04-22 22:18:31,930 INFO     [Service] /orio/lbl_cup/on → success=True msg='Labelling Cup ON command sent'
2026-04-22 22:18:32,577 INFO     [IK] pose_to_joints 'FETCH_SAFE' depth_offset=0.1752 → joints=[-0.1038 -0.8344  0.0718 -2.4944  0.0534  1.6612  0.7251]
2026-04-22 22:18:34,060 INFO     [IK] pose_to_joints 'LABELLING_SAFE' depth_offset=0.0000 → joints=[-0.065  -1.2718  0.0356 -2.707   0.0343  1.4354  0.7355]
2026-04-22 22:18:35,329 INFO     [GetLabel] Exiting: succeeded
2026-04-22 22:18:35,331 INFO     [ApplyLabel] Entering state (zones: {'A': 'EMPTY', 'B': 'EMPTY'}  busy: {'A': False, 'B': False})
2026-04-22 22:18:35,331 DEBUG    [ApplyLabel] No zone needs label → wait
2026-04-22 22:18:35,334 INFO     [Service] /get_depth_at_grasp → success=True msg='0.11794035052774798'
2026-04-22 22:18:35,334 INFO     [FetchInput] grasp_depth=0.1752 m  after_grasp_depth=0.1179 m  item_height=0.0572 m
2026-04-22 22:18:35,833 INFO     [ApplyLabel] Entering state (zones: {'A': 'EMPTY', 'B': 'EMPTY'}  busy: {'A': False, 'B': False})
2026-04-22 22:18:35,833 DEBUG    [ApplyLabel] No zone needs label → wait
2026-04-22 22:18:35,835 INFO     [FetchInput] Exiting: succeeded (item_depth=0.0572)
2026-04-22 22:18:35,838 INFO     [DropToZone] Entering state (item_depth=0.0572)
2026-04-22 22:18:35,838 INFO     [DropToZone] Targeting zone A
2026-04-22 22:18:35,849 INFO     [IK] pose_to_joints 'L1_INTER' depth_offset=0.0572 → joints=[-0.3189 -0.5112 -0.35   -2.5578 -0.1917  2.0651  0.2502]
2026-04-22 22:18:35,862 INFO     [IK] pose_to_joints 'LABEL_ZONE_1' depth_offset=0.0672 → joints=[-0.2343  1.1456 -0.1719 -0.8862  0.1739  2.0203  0.4034]
2026-04-22 22:18:35,862 INFO     [DropToZone] place_joints for LABEL_ZONE_1: [-0.2343  1.1456 -0.1719 -0.8862  0.1739  2.0203  0.4034]
2026-04-22 22:18:36,336 INFO     [ApplyLabel] Entering state (zones: {'A': 'EMPTY', 'B': 'EMPTY'}  busy: {'A': True, 'B': False})
2026-04-22 22:18:36,336 DEBUG    [ApplyLabel] No zone needs label → wait
2026-04-22 22:18:36,838 INFO     [ApplyLabel] Entering state (zones: {'A': 'EMPTY', 'B': 'EMPTY'}  busy: {'A': True, 'B': False})
2026-04-22 22:18:36,838 DEBUG    [ApplyLabel] No zone needs label → wait
2026-04-22 22:18:37,340 INFO     [ApplyLabel] Entering state (zones: {'A': 'EMPTY', 'B': 'EMPTY'}  busy: {'A': True, 'B': False})
2026-04-22 22:18:37,341 DEBUG    [ApplyLabel] No zone needs label → wait
2026-04-22 22:18:37,843 INFO     [ApplyLabel] Entering state (zones: {'A': 'EMPTY', 'B': 'EMPTY'}  busy: {'A': True, 'B': False})
2026-04-22 22:18:37,843 DEBUG    [ApplyLabel] No zone needs label → wait
2026-04-22 22:18:38,348 INFO     [ApplyLabel] Entering state (zones: {'A': 'EMPTY', 'B': 'EMPTY'}  busy: {'A': True, 'B': False})
2026-04-22 22:18:38,348 DEBUG    [ApplyLabel] No zone needs label → wait
2026-04-22 22:18:38,849 INFO     [ApplyLabel] Entering state (zones: {'A': 'EMPTY', 'B': 'EMPTY'}  busy: {'A': True, 'B': False})
2026-04-22 22:18:38,850 DEBUG    [ApplyLabel] No zone needs label → wait
2026-04-22 22:18:39,352 INFO     [ApplyLabel] Entering state (zones: {'A': 'EMPTY', 'B': 'EMPTY'}  busy: {'A': True, 'B': False})
2026-04-22 22:18:39,352 DEBUG    [ApplyLabel] No zone needs label → wait
2026-04-22 22:18:39,853 INFO     [ApplyLabel] Entering state (zones: {'A': 'EMPTY', 'B': 'EMPTY'}  busy: {'A': True, 'B': False})
2026-04-22 22:18:39,853 DEBUG    [ApplyLabel] No zone needs label → wait
2026-04-22 22:18:40,358 INFO     [ApplyLabel] Entering state (zones: {'A': 'EMPTY', 'B': 'EMPTY'}  busy: {'A': True, 'B': False})
2026-04-22 22:18:40,358 DEBUG    [ApplyLabel] No zone needs label → wait
2026-04-22 22:18:40,861 INFO     [ApplyLabel] Entering state (zones: {'A': 'EMPTY', 'B': 'EMPTY'}  busy: {'A': True, 'B': False})
2026-04-22 22:18:40,861 DEBUG    [ApplyLabel] No zone needs label → wait
2026-04-22 22:18:41,366 INFO     [ApplyLabel] Entering state (zones: {'A': 'EMPTY', 'B': 'EMPTY'}  busy: {'A': True, 'B': False})
2026-04-22 22:18:41,366 DEBUG    [ApplyLabel] No zone needs label → wait
2026-04-22 22:18:41,868 INFO     [ApplyLabel] Entering state (zones: {'A': 'EMPTY', 'B': 'EMPTY'}  busy: {'A': True, 'B': False})
2026-04-22 22:18:41,868 DEBUG    [ApplyLabel] No zone needs label → wait
2026-04-22 22:18:42,371 INFO     [ApplyLabel] Entering state (zones: {'A': 'EMPTY', 'B': 'EMPTY'}  busy: {'A': True, 'B': False})
2026-04-22 22:18:42,371 DEBUG    [ApplyLabel] No zone needs label → wait
2026-04-22 22:18:42,458 INFO     [Service] /orio/pnp_cup/off → success=True msg='PnP Cup OFF command sent'
2026-04-22 22:18:42,873 INFO     [ApplyLabel] Entering state (zones: {'A': 'EMPTY', 'B': 'EMPTY'}  busy: {'A': True, 'B': False})
2026-04-22 22:18:42,873 DEBUG    [ApplyLabel] No zone needs label → wait
2026-04-22 22:18:43,376 INFO     [ApplyLabel] Entering state (zones: {'A': 'EMPTY', 'B': 'EMPTY'}  busy: {'A': True, 'B': False})
2026-04-22 22:18:43,376 DEBUG    [ApplyLabel] No zone needs label → wait
2026-04-22 22:18:43,766 INFO     [ZoneManager] Zone A: EMPTY → NEEDS_LABEL
2026-04-22 22:18:43,766 INFO     [DropToZone] Exiting: dropped (zone A)
2026-04-22 22:18:43,771 DEBUG    [TaskSelector] Evaluating zone states: {'A': 'NEEDS_LABEL', 'B': 'EMPTY'}  busy: {'A': False, 'B': False}
2026-04-22 22:18:43,771 INFO     [TaskSelector] → do_load (empty zone available)
2026-04-22 22:18:43,774 INFO     [FetchInput] Entering state
2026-04-22 22:18:43,878 INFO     [ApplyLabel] Entering state (zones: {'A': 'NEEDS_LABEL', 'B': 'EMPTY'}  busy: {'A': False, 'B': False})
2026-04-22 22:18:43,878 INFO     [ApplyLabel] Applying label to zone A (zone_number=1, depth=0.0572)
2026-04-22 22:18:43,878 INFO     [compute_label_joints] Requesting label pose for zone 1, item_depth=0.0572
2026-04-22 22:18:44,419 INFO     [Service] /compute_grasps → success=True msg='Published 2 PnP poses.'
2026-04-22 22:18:44,420 INFO     [FetchInput] Grasp pose received: x=0.0853 y=-0.5239 z=0.1195
2026-04-22 22:18:44,421 INFO     [IK] compute_pick_joints called — task_pos=[ 0.0853 -0.5239  0.1195] label_zone=None max_attempts=10 check_collisions=False arm_number=None
2026-04-22 22:18:44,456 INFO     [IK] Arm? compute_pick_joints attempt 1/10 OK — target=([ 0.0853 -0.5239  0.1195]) pre=[-0.4848  0.1047 -0.9331 -2.2392  0.1127  2.2986 -0.705 ] final=[-0.8382  0.2978 -0.559  -2.2856  0.2716  2.5227 -0.8148] (FK err pre=0.0000 m final=0.0000 m)
2026-04-22 22:18:44,457 INFO     [FetchInput] IK pre_joints:   [-0.4848  0.1047 -0.9331 -2.2392  0.1127  2.2986 -0.705 ]
2026-04-22 22:18:44,457 INFO     [FetchInput] IK final_joints: [-0.8382  0.2978 -0.559  -2.2856  0.2716  2.5227 -0.8148]
2026-04-22 22:18:44,457 INFO     [FetchInput] Moving to pre-pick
2026-04-22 22:18:45,733 INFO     [Service] /compute_grasps_labelling → success=True msg='Zone1=OK, Zone2=FAIL'
2026-04-22 22:18:45,734 INFO     item_depth=0.0572  X=-0.2213 Y=-0.1238 Z=0.9428  pos(world)=[0.5838 0.2403 0.0372]  task_pos=[0.5838 0.2403 0.0572]  task_ori=[0.0084 1.     0.     0.    ]
2026-04-22 22:18:45,735 INFO     [compute_label_joints] Zone 1 received pose: x=0.5838 y=0.2403 z=0.0572  RPY r=180.00 p=0.00 y=179.04 deg
2026-04-22 22:18:45,735 INFO     [IK] compute_pick_joints called — task_pos=[0.5838 0.2403 0.0572] label_zone=1 max_attempts=10 check_collisions=True arm_number=2
2026-04-22 22:18:45,752 INFO     Arm2: cached 8 obstacles from '/home/ros_ws/src/devel_packages/orio/obstacles_files/obs_arm2_free.p'
2026-04-22 22:18:45,760 INFO     [IK] Arm2 compute_pick_joints attempt 1/10 OK — target=([0.5838 0.2403 0.0572]) pre=[-0.3439  0.5943  0.8176 -1.8678 -0.5408  2.2252 -1.6091] final=[-0.1609  0.7186  0.5837 -1.8668 -0.5751  2.4114 -1.589 ] (FK err pre=0.0000 m final=0.0000 m)
2026-04-22 22:18:45,763 INFO     [ApplyLabel] IK pre_joints=[-0.3439  0.5943  0.8176 -1.8678 -0.5408  2.2252 -1.6091]  final_joints=[-0.1609  0.7186  0.5837 -1.8668 -0.5751  2.4114 -1.589 ]
2026-04-22 22:18:45,764 INFO     [ApplyLabel] Registering label — item='hd' expiry='1234-23-23'
2026-04-22 22:18:45,935 INFO     [FetchInput] Descending to pick
2026-04-22 22:18:50,885 ERROR    [RFID] Service call failed for /inventory/add_item: timeout exceeded while waiting for service /inventory/add_item
2026-04-22 22:19:00,912 ERROR    [APPLY_LABEL] Unhandled exception: Communication w/ FrankaInterface ran into a problem: FrankaInterface status not ready for 10s. FrankaInterface is probably not ready.
2026-04-22 22:19:00,916 WARNING  [ARM2 Recovery] Pausing ARM2 — showing GUI (ARM1 continues)
2026-04-22 22:19:06,294 INFO     [ARM2 Recovery] choice=shutdown
2026-04-22 22:19:06,295 INFO     [ARM2 Recovery] resuming
2026-04-22 22:19:08,928 WARNING  [Main] Shutting down: turning off both vacuums
2026-04-22 22:19:08,928 INFO     [Main] Total items placed at output: 0
2026-04-22 22:19:08,932 INFO     [Service] /orio/pnp_cup/off → success=True msg='PnP Cup OFF command sent'
2026-04-22 22:19:08,934 INFO     [Service] /orio/lbl_cup/off → success=True msg='Labelling Cup OFF command sent'
2026-04-22 22:19:09,098 ERROR    [FETCH_INPUT] Unhandled exception: service [/get_current_franka_interface_status_server_node_1/get_current_franka_interface_status_server] returned no response
