2026-04-22 17:26:53,087 INFO     [Logger] File log started: /home/ros_ws/src/devel_packages/orio/logs/orio_run_20260422_172653.log
2026-04-22 17:26:53,087 INFO     [Main] Node started. Log file: /home/ros_ws/src/devel_packages/orio/logs/orio_run_20260422_172653.log
2026-04-22 17:27:23,298 INFO     [Main] Operator input — item='jyfyu1234'  expiry='1234-12-14'
2026-04-22 17:27:23,300 INFO     [Hardware] Initializing Robot Hardware...
2026-04-22 17:27:23,914 INFO     [Hardware] Resetting both arms to home joints
2026-04-22 17:27:34,302 INFO     [Hardware] Poses loaded from joint_angles.json
2026-04-22 17:27:34,316 INFO     [Hardware] Initialization complete
2026-04-22 17:27:34,325 INFO     [Main] Starting state machine execution
2026-04-22 17:27:34,328 DEBUG    [TaskSelector] Evaluating zone states: {'A': 'EMPTY', 'B': 'EMPTY'}  busy: {'A': False, 'B': False}
2026-04-22 17:27:34,328 INFO     [TaskSelector] → do_load (empty zone available)
2026-04-22 17:27:34,328 INFO     [GetLabel] Entering state
2026-04-22 17:27:34,329 INFO     [FetchInput] Entering state
2026-04-22 17:27:34,954 INFO     [Service] /compute_grasps → success=True msg='Published 2 PnP poses.'
2026-04-22 17:27:34,954 INFO     [FetchInput] Grasp pose received: x=0.3621 y=-0.5023 z=0.0394
2026-04-22 17:27:34,955 INFO     [IK] compute_pick_joints called — task_pos=[ 0.3621 -0.5023  0.0394] label_zone=None max_attempts=10 check_collisions=False arm_number=None
2026-04-22 17:27:34,997 INFO     [IK] Arm? compute_pick_joints attempt 1/10 OK — target=([ 0.3621 -0.5023  0.0394]) pre=[-0.2265  0.5778 -0.7799 -1.9253  0.5332  2.2849 -0.5019] final=[-0.4261  0.7136 -0.5331 -1.9105  0.5648  2.471  -0.5212] (FK err pre=0.0000 m final=0.0000 m)
2026-04-22 17:27:34,998 INFO     [FetchInput] IK pre_joints:   [-0.2265  0.5778 -0.7799 -1.9253  0.5332  2.2849 -0.5019]
2026-04-22 17:27:34,999 INFO     [FetchInput] IK final_joints: [-0.4261  0.7136 -0.5331 -1.9105  0.5648  2.471  -0.5212]
2026-04-22 17:27:35,000 INFO     [FetchInput] Moving to pre-pick
2026-04-22 17:27:38,433 INFO     [FetchInput] Descending to pick
2026-04-22 17:27:40,640 INFO     [Service] /orio/pnp_cup/on → success=True msg='PnP Cup ON command sent'
2026-04-22 17:27:41,641 INFO     [FetchInput] Retracting to pre-pick height
2026-04-22 17:27:44,538 INFO     [FetchInput] Exiting: succeeded (item_depth=0.0394)
2026-04-22 17:27:44,540 INFO     [DropToZone] Entering state (item_depth=0.0394)
2026-04-22 17:27:44,540 INFO     [DropToZone] Targeting zone A
2026-04-22 17:27:44,553 INFO     [IK] pose_to_joints 'L1_INTER' depth_offset=0.0394 → joints=[-0.3193 -0.4904 -0.3583 -2.5891 -0.1945  2.117   0.249 ]
2026-04-22 17:27:44,553 INFO     [Service] /orio/lbl_cup/on → success=True msg='Labelling Cup ON command sent'
2026-04-22 17:27:44,564 INFO     [IK] pose_to_joints 'LABEL_ZONE_1' depth_offset=0.0494 → joints=[-0.2367  1.1794 -0.1694 -0.8702  0.1755  2.0383  0.4038]
2026-04-22 17:27:44,564 INFO     [DropToZone] place_joints for LABEL_ZONE_1: [-0.2367  1.1794 -0.1694 -0.8702  0.1755  2.0383  0.4038]
2026-04-22 17:27:48,069 INFO     [IK] pose_to_joints 'LABELLING_SAFE' depth_offset=0.0000 → joints=[-0.065  -1.2718  0.0356 -2.707   0.0343  1.4354  0.7355]
2026-04-22 17:27:51,276 INFO     [GetLabel] Exiting: succeeded
2026-04-22 17:27:51,278 INFO     [ApplyLabel] Entering state (zones: {'A': 'EMPTY', 'B': 'EMPTY'}  busy: {'A': True, 'B': False})
2026-04-22 17:27:51,278 DEBUG    [ApplyLabel] No zone needs label → wait
2026-04-22 17:27:51,427 INFO     [Service] /orio/pnp_cup/off → success=True msg='PnP Cup OFF command sent'
2026-04-22 17:27:51,780 INFO     [ApplyLabel] Entering state (zones: {'A': 'EMPTY', 'B': 'EMPTY'}  busy: {'A': True, 'B': False})
2026-04-22 17:27:51,780 DEBUG    [ApplyLabel] No zone needs label → wait
2026-04-22 17:27:52,283 INFO     [ApplyLabel] Entering state (zones: {'A': 'EMPTY', 'B': 'EMPTY'}  busy: {'A': True, 'B': False})
2026-04-22 17:27:52,283 DEBUG    [ApplyLabel] No zone needs label → wait
2026-04-22 17:27:52,785 INFO     [ApplyLabel] Entering state (zones: {'A': 'EMPTY', 'B': 'EMPTY'}  busy: {'A': True, 'B': False})
2026-04-22 17:27:52,785 DEBUG    [ApplyLabel] No zone needs label → wait
2026-04-22 17:27:53,289 INFO     [ApplyLabel] Entering state (zones: {'A': 'EMPTY', 'B': 'EMPTY'}  busy: {'A': True, 'B': False})
2026-04-22 17:27:53,289 DEBUG    [ApplyLabel] No zone needs label → wait
2026-04-22 17:27:53,791 INFO     [ApplyLabel] Entering state (zones: {'A': 'EMPTY', 'B': 'EMPTY'}  busy: {'A': True, 'B': False})
2026-04-22 17:27:53,791 DEBUG    [ApplyLabel] No zone needs label → wait
2026-04-22 17:27:54,296 INFO     [ApplyLabel] Entering state (zones: {'A': 'EMPTY', 'B': 'EMPTY'}  busy: {'A': True, 'B': False})
2026-04-22 17:27:54,296 DEBUG    [ApplyLabel] No zone needs label → wait
2026-04-22 17:27:54,798 INFO     [ApplyLabel] Entering state (zones: {'A': 'EMPTY', 'B': 'EMPTY'}  busy: {'A': True, 'B': False})
2026-04-22 17:27:54,798 DEBUG    [ApplyLabel] No zone needs label → wait
2026-04-22 17:27:54,910 INFO     [ZoneManager] Zone A: EMPTY → NEEDS_LABEL
2026-04-22 17:27:54,910 INFO     [DropToZone] Exiting: dropped (zone A)
2026-04-22 17:27:54,912 DEBUG    [TaskSelector] Evaluating zone states: {'A': 'NEEDS_LABEL', 'B': 'EMPTY'}  busy: {'A': False, 'B': False}
2026-04-22 17:27:54,912 INFO     [TaskSelector] → do_load (empty zone available)
2026-04-22 17:27:54,913 INFO     [FetchInput] Entering state
2026-04-22 17:27:55,303 INFO     [ApplyLabel] Entering state (zones: {'A': 'NEEDS_LABEL', 'B': 'EMPTY'}  busy: {'A': False, 'B': False})
2026-04-22 17:27:55,303 INFO     [ApplyLabel] Applying label to zone A (zone_number=1, depth=0.0394)
2026-04-22 17:27:55,303 INFO     [compute_label_joints] Requesting label pose for zone 1, item_depth=0.0394
2026-04-22 17:27:55,529 INFO     [Service] /compute_grasps → success=True msg='Published 1 PnP poses.'
2026-04-22 17:27:55,529 INFO     [FetchInput] Grasp pose received: x=0.0334 y=-0.4505 z=0.0100
2026-04-22 17:27:55,529 INFO     [IK] compute_pick_joints called — task_pos=[ 0.0334 -0.4505  0.01  ] label_zone=None max_attempts=10 check_collisions=False arm_number=None
2026-04-22 17:27:55,552 INFO     [IK] Arm? compute_pick_joints attempt 1/10 OK — target=([ 0.0334 -0.4505  0.01  ]) pre=[-0.5292  0.1644 -0.9289 -2.5559  0.2756  2.6389 -0.9091] final=[-0.8875  0.4645 -0.4844 -2.4771  0.7171  2.8186 -1.2328] (FK err pre=0.0000 m final=0.0000 m)
2026-04-22 17:27:55,553 INFO     [FetchInput] IK pre_joints:   [-0.5292  0.1644 -0.9289 -2.5559  0.2756  2.6389 -0.9091]
2026-04-22 17:27:55,553 INFO     [FetchInput] IK final_joints: [-0.8875  0.4645 -0.4844 -2.4771  0.7171  2.8186 -1.2328]
2026-04-22 17:27:55,554 INFO     [FetchInput] Moving to pre-pick
2026-04-22 17:27:57,228 INFO     [Service] /compute_grasps_labelling → success=True msg='Zone1=OK, Zone2=FAIL'
2026-04-22 17:27:57,228 INFO     item_depth=0.0394  X=-0.1504 Y=-0.0409 Z=0.9606  pos(world)=[0.5009 0.1694 0.0194]  task_pos=[0.5009 0.1694 0.0394]  task_ori=[0.9997 0.0257 0.     0.    ]
2026-04-22 17:27:57,229 INFO     [compute_label_joints] Zone 1 received pose: x=0.5009 y=0.1694 z=0.0394  RPY r=180.00 p=0.00 y=2.95 deg
2026-04-22 17:27:57,229 INFO     [IK] compute_pick_joints called — task_pos=[0.5009 0.1694 0.0394] label_zone=1 max_attempts=10 check_collisions=True arm_number=2
2026-04-22 17:27:57,257 INFO     Arm2: cached 8 obstacles from '/home/ros_ws/src/devel_packages/orio/obstacles_files/obs_arm2_free.p'
2026-04-22 17:27:57,264 INFO     [IK] Arm2 compute_pick_joints attempt 1/10 OK — target=([0.5009 0.1694 0.0394]) pre=[ 0.1624  0.2061  0.1619 -2.2954 -0.055   2.4982  1.0988] final=[ 0.3764  0.4371 -0.0451 -2.2833  0.0467  2.7196  1.0268] (FK err pre=0.0000 m final=0.0000 m)
2026-04-22 17:27:57,265 INFO     [ApplyLabel] IK pre_joints=[ 0.1624  0.2061  0.1619 -2.2954 -0.055   2.4982  1.0988]  final_joints=[ 0.3764  0.4371 -0.0451 -2.2833  0.0467  2.7196  1.0268]
2026-04-22 17:27:57,265 INFO     [ApplyLabel] Registering label — item='jyfyu1234' expiry='1234-12-14'
2026-04-22 17:27:58,659 INFO     [FetchInput] Descending to pick
2026-04-22 17:28:01,147 INFO     [Service] /orio/pnp_cup/on → success=True msg='PnP Cup ON command sent'
2026-04-22 17:28:02,148 INFO     [FetchInput] Retracting to pre-pick height
2026-04-22 17:28:02,387 ERROR    [RFID] Service call failed for /inventory/add_item: timeout exceeded while waiting for service /inventory/add_item
2026-04-22 17:28:07,495 INFO     [FetchInput] Exiting: succeeded (item_depth=0.0100)
2026-04-22 17:28:07,497 INFO     [DropToZone] Entering state (item_depth=0.0100)
2026-04-22 17:28:07,497 INFO     [DropToZone] Targeting zone B
2026-04-22 17:28:07,517 INFO     [IK] pose_to_joints 'L1_INTER' depth_offset=0.0100 → joints=[-0.3198 -0.4474 -0.3717 -2.6358 -0.1965  2.2061  0.2452]
2026-04-22 17:28:07,529 INFO     [IK] pose_to_joints 'L2_INTER' depth_offset=0.0100 → joints=[ 0.1123 -0.4939  0.5747 -2.6295  0.3198  2.1804  1.2286]
2026-04-22 17:28:07,542 INFO     [IK] pose_to_joints 'LABEL_ZONE_2' depth_offset=0.0200 → joints=[ 0.3586  1.2384 -0.076  -0.8294  0.0816  2.0655  1.0804]
2026-04-22 17:28:07,542 INFO     [DropToZone] place_joints for LABEL_ZONE_2: [ 0.3586  1.2384 -0.076  -0.8294  0.0816  2.0655  1.0804]
2026-04-22 17:28:12,624 INFO     [Service] /orio/lbl_cup/off → success=True msg='Labelling Cup OFF command sent'
2026-04-22 17:28:15,927 INFO     [Service] /orio/pnp_cup/off → success=True msg='PnP Cup OFF command sent'
2026-04-22 17:28:16,050 INFO     [IK] pose_to_joints 'LABELLING_SAFE' depth_offset=0.0000 → joints=[-0.065  -1.2718  0.0356 -2.707   0.0343  1.4354  0.7355]
2026-04-22 17:28:19,504 INFO     [ZoneManager] Zone B: EMPTY → NEEDS_LABEL
2026-04-22 17:28:19,505 INFO     [DropToZone] Exiting: dropped (zone B)
2026-04-22 17:28:19,506 INFO     [ZoneManager] Zone A: NEEDS_LABEL → READY_FOR_PICKUP
2026-04-22 17:28:19,506 INFO     [ApplyLabel] Exiting: labeled (zone A)
2026-04-22 17:28:19,508 DEBUG    [TaskSelector] Evaluating zone states: {'A': 'READY_FOR_PICKUP', 'B': 'NEEDS_LABEL'}  busy: {'A': False, 'B': False}
2026-04-22 17:28:19,508 INFO     [TaskSelector] → do_unload (both zones occupied, ready zone exists)
2026-04-22 17:28:19,509 INFO     [GetLabel] Entering state
2026-04-22 17:28:19,511 INFO     [RetrieveFromZone] Entering state
2026-04-22 17:28:19,511 INFO     [RetrieveFromZone] Picking from zone A (depth=0.0394)
2026-04-22 17:28:19,526 INFO     [IK] pose_to_joints 'L1_INTER' depth_offset=0.0394 → joints=[-0.3193 -0.4904 -0.3583 -2.5891 -0.1945  2.117   0.249 ]
2026-04-22 17:28:19,542 INFO     [IK] pose_to_joints 'LABEL_ZONE_1' depth_offset=0.1394 → joints=[-0.2317  1.042  -0.1782 -0.8883  0.1635  1.9189  0.4069]
2026-04-22 17:28:19,556 INFO     [IK] pose_to_joints 'LABEL_ZONE_1' depth_offset=0.0294 → joints=[-0.2402  1.222  -0.1663 -0.8436  0.1767  2.0546  0.405 ]
2026-04-22 17:28:19,556 INFO     [RetrieveFromZone] A pre_pick=[-0.2317  1.042  -0.1782 -0.8883  0.1635  1.9189  0.4069] pick=[-0.2402  1.222  -0.1663 -0.8436  0.1767  2.0546  0.405 ]
2026-04-22 17:28:28,572 INFO     [Service] /orio/pnp_cup/on → success=True msg='PnP Cup ON command sent'
2026-04-22 17:28:29,572 INFO     [RetrieveFromZone] Retracting to pre-pick height
2026-04-22 17:28:29,741 INFO     [Service] /orio/lbl_cup/on → success=True msg='Labelling Cup ON command sent'
2026-04-22 17:28:33,139 INFO     [IK] pose_to_joints 'LABELLING_SAFE' depth_offset=0.0000 → joints=[-0.065  -1.2718  0.0356 -2.707   0.0343  1.4354  0.7355]
2026-04-22 17:28:36,346 INFO     [GetLabel] Exiting: succeeded
2026-04-22 17:28:36,346 INFO     [ZoneManager] Zone A: READY_FOR_PICKUP → EMPTY
2026-04-22 17:28:36,347 INFO     [RetrieveFromZone] Exiting: picked (zone A)
2026-04-22 17:28:36,349 INFO     [ApplyLabel] Entering state (zones: {'A': 'EMPTY', 'B': 'NEEDS_LABEL'}  busy: {'A': False, 'B': False})
2026-04-22 17:28:36,349 INFO     [ApplyLabel] Applying label to zone B (zone_number=2, depth=0.0100)
2026-04-22 17:28:36,349 INFO     [compute_label_joints] Requesting label pose for zone 2, item_depth=0.0100
2026-04-22 17:28:36,350 INFO     [PlaceOutput] Entering state (retrieved_depth=0.0394)
2026-04-22 17:28:36,368 INFO     [IK] pose_to_joints 'OUTPUT1' depth_offset=0.1894 → joints=[-1.4067 -0.8486  2.6408 -0.8753  0.3698  1.6527  2.1415]
2026-04-22 17:28:36,379 INFO     [IK] pose_to_joints 'L2_INTER' depth_offset=0.0394 → joints=[ 0.0613 -0.5551  0.5985 -2.5806  0.3471  2.0805  1.1972]
2026-04-22 17:28:36,380 INFO     [PlaceOutput] drop_joints: [-1.4067 -0.8486  2.6408 -0.8753  0.3698  1.6527  2.1415]
2026-04-22 17:28:38,276 INFO     [Service] /compute_grasps_labelling → success=True msg='Zone1=FAIL, Zone2=OK'
2026-04-22 17:28:38,276 INFO     item_depth=0.0100  X=0.2726 Y=0.0306 Z=0.9900  pos(world)=[ 0.4294 -0.2536 -0.01  ]  task_pos=[ 0.4294 -0.2536  0.01  ]  task_ori=[0.9993 0.0376 0.     0.    ]
2026-04-22 17:28:38,278 INFO     [compute_label_joints] Zone 2 received pose: x=0.4294 y=-0.2536 z=0.0100  RPY r=180.00 p=0.00 y=4.31 deg
2026-04-22 17:28:38,278 INFO     [IK] compute_pick_joints called — task_pos=[ 0.4294 -0.2536  0.01  ] label_zone=2 max_attempts=10 check_collisions=True arm_number=2
2026-04-22 17:28:38,311 INFO     [IK] Arm2 compute_pick_joints attempt 1/10 OK — target=([ 0.4294 -0.2536  0.01  ]) pre=[-0.2766  0.2064 -0.2477 -2.4048  0.0981  2.6029  0.1067] final=[-0.526   0.4628 -0.0061 -2.3687  0.009   2.8315  0.1701] (FK err pre=0.0000 m final=0.0000 m)
2026-04-22 17:28:38,312 INFO     [ApplyLabel] IK pre_joints=[-0.2766  0.2064 -0.2477 -2.4048  0.0981  2.6029  0.1067]  final_joints=[-0.526   0.4628 -0.0061 -2.3687  0.009   2.8315  0.1701]
2026-04-22 17:28:38,312 INFO     [ApplyLabel] Registering label — item='jyfyu1234' expiry='1234-12-14'
2026-04-22 17:28:39,849 INFO     [Service] /orio/pnp_cup/off → success=True msg='PnP Cup OFF command sent'
2026-04-22 17:28:43,432 ERROR    [RFID] Service call failed for /inventory/add_item: timeout exceeded while waiting for service /inventory/add_item
2026-04-22 17:28:48,539 INFO     [PlaceOutput] Exiting: succeeded (total items placed: 1)
2026-04-22 17:28:48,542 INFO     [FetchInput] Entering state
2026-04-22 17:28:49,131 INFO     [Service] /compute_grasps → success=True msg='Published 1 PnP poses.'
2026-04-22 17:28:49,131 INFO     [FetchInput] Grasp pose received: x=0.3712 y=-0.5798 z=0.0872
2026-04-22 17:28:49,132 INFO     [IK] compute_pick_joints called — task_pos=[ 0.3712 -0.5798  0.0872] label_zone=None max_attempts=10 check_collisions=False arm_number=None
2026-04-22 17:28:49,167 INFO     [IK] Arm? compute_pick_joints attempt 1/10 OK — target=([ 0.3712 -0.5798  0.0872]) pre=[-0.4236  0.6818 -0.7223 -1.5895  0.4973  2.0797 -0.4969] final=[-0.5626  0.7824 -0.5237 -1.6186  0.4788  2.2702 -0.4884] (FK err pre=0.0000 m final=0.0000 m)
2026-04-22 17:28:49,168 INFO     [FetchInput] IK pre_joints:   [-0.4236  0.6818 -0.7223 -1.5895  0.4973  2.0797 -0.4969]
2026-04-22 17:28:49,169 INFO     [FetchInput] IK final_joints: [-0.5626  0.7824 -0.5237 -1.6186  0.4788  2.2702 -0.4884]
2026-04-22 17:28:49,169 INFO     [FetchInput] Moving to pre-pick
2026-04-22 17:28:52,578 INFO     [FetchInput] Descending to pick
2026-04-22 17:28:53,558 INFO     [Service] /orio/lbl_cup/off → success=True msg='Labelling Cup OFF command sent'
2026-04-22 17:28:54,794 INFO     [Service] /orio/pnp_cup/on → success=True msg='PnP Cup ON command sent'
2026-04-22 17:28:55,795 INFO     [FetchInput] Retracting to pre-pick height
2026-04-22 17:28:56,963 INFO     [IK] pose_to_joints 'LABELLING_SAFE' depth_offset=0.0000 → joints=[-0.065  -1.2718  0.0356 -2.707   0.0343  1.4354  0.7355]
2026-04-22 17:29:00,412 INFO     [FetchInput] Exiting: succeeded (item_depth=0.0872)
2026-04-22 17:29:00,412 INFO     [ZoneManager] Zone B: NEEDS_LABEL → READY_FOR_PICKUP
2026-04-22 17:29:00,412 INFO     [ApplyLabel] Exiting: labeled (zone B)
2026-04-22 17:29:00,414 INFO     [DropToZone] Entering state (item_depth=0.0872)
2026-04-22 17:29:00,414 INFO     [DropToZone] Targeting zone A
2026-04-22 17:29:00,415 INFO     [GetLabel] Entering state
2026-04-22 17:29:00,437 INFO     [IK] pose_to_joints 'L1_INTER' depth_offset=0.0872 → joints=[-0.305  -0.5403 -0.3474 -2.4999 -0.192   1.9795  0.2565]
2026-04-22 17:29:00,447 INFO     [IK] pose_to_joints 'LABEL_ZONE_1' depth_offset=0.0972 → joints=[-0.2316  1.0963 -0.1759 -0.8989  0.1707  1.9835  0.4038]
2026-04-22 17:29:00,448 INFO     [DropToZone] place_joints for LABEL_ZONE_1: [-0.2316  1.0963 -0.1759 -0.8989  0.1707  1.9835  0.4038]
2026-04-22 17:29:07,314 INFO     [Service] /orio/pnp_cup/off → success=True msg='PnP Cup OFF command sent'
2026-04-22 17:29:10,662 INFO     [Service] /orio/lbl_cup/on → success=True msg='Labelling Cup ON command sent'
2026-04-22 17:29:10,787 INFO     [ZoneManager] Zone A: EMPTY → NEEDS_LABEL
2026-04-22 17:29:10,787 INFO     [DropToZone] Exiting: dropped (zone A)
2026-04-22 17:29:10,788 DEBUG    [TaskSelector] Evaluating zone states: {'A': 'NEEDS_LABEL', 'B': 'READY_FOR_PICKUP'}  busy: {'A': False, 'B': False}
2026-04-22 17:29:10,788 INFO     [TaskSelector] → do_unload (both zones occupied, ready zone exists)
2026-04-22 17:29:10,789 INFO     [RetrieveFromZone] Entering state
2026-04-22 17:29:10,789 INFO     [RetrieveFromZone] Picking from zone B (depth=0.0100)
2026-04-22 17:29:10,802 INFO     [IK] pose_to_joints 'L2_INTER' depth_offset=0.0100 → joints=[ 0.1123 -0.4939  0.5747 -2.6295  0.3198  2.1804  1.2286]
2026-04-22 17:29:10,824 INFO     [IK] pose_to_joints 'LABEL_ZONE_2' depth_offset=0.1100 → joints=[ 0.3229  1.0702 -0.0023 -0.9015  0.0021  1.9717  1.1064]
2026-04-22 17:29:10,840 INFO     [IK] pose_to_joints 'LABEL_ZONE_2' depth_offset=0.0000 → joints=[ 0.3605  1.2908 -0.0837 -0.7851  0.0919  2.0732  1.0784]
2026-04-22 17:29:10,841 INFO     [RetrieveFromZone] B pre_pick=[ 0.3229  1.0702 -0.0023 -0.9015  0.0021  1.9717  1.1064] pick=[ 0.3605  1.2908 -0.0837 -0.7851  0.0919  2.0732  1.0784]
2026-04-22 17:29:14,061 INFO     [IK] pose_to_joints 'LABELLING_SAFE' depth_offset=0.0000 → joints=[-0.065  -1.2718  0.0356 -2.707   0.0343  1.4354  0.7355]
2026-04-22 17:29:17,267 INFO     [GetLabel] Exiting: succeeded
2026-04-22 17:29:17,272 INFO     [ApplyLabel] Entering state (zones: {'A': 'NEEDS_LABEL', 'B': 'READY_FOR_PICKUP'}  busy: {'A': False, 'B': True})
2026-04-22 17:29:17,273 INFO     [ApplyLabel] Applying label to zone A (zone_number=1, depth=0.0872)
2026-04-22 17:29:17,273 INFO     [compute_label_joints] Requesting label pose for zone 1, item_depth=0.0872
2026-04-22 17:29:19,393 INFO     [Service] /compute_grasps_labelling → success=True msg='Zone1=OK, Zone2=OK'
2026-04-22 17:29:19,393 INFO     item_depth=0.0872  X=-0.2620 Y=-0.0008 Z=0.9128  pos(world)=[0.4608 0.281  0.0672]  task_pos=[0.4608 0.281  0.0872]  task_ori=[0.0129 0.9999 0.     0.    ]
2026-04-22 17:29:19,394 INFO     [compute_label_joints] Zone 1 received pose: x=0.4608 y=0.2810 z=0.0872  RPY r=180.00 p=0.00 y=178.52 deg
2026-04-22 17:29:19,394 INFO     [IK] compute_pick_joints called — task_pos=[0.4608 0.281  0.0872] label_zone=1 max_attempts=10 check_collisions=True arm_number=2
2026-04-22 17:29:19,425 INFO     [IK] Arm2 compute_pick_joints attempt 1/10 OK — target=([0.4608 0.281  0.0872]) pre=[-0.2543  0.2022  0.8106 -2.2301 -0.208   2.3596 -1.6357] final=[ 0.0428  0.3907  0.4846 -2.2498 -0.3361  2.5736 -1.5482] (FK err pre=0.0000 m final=0.0000 m)
2026-04-22 17:29:19,426 INFO     [ApplyLabel] IK pre_joints=[-0.2543  0.2022  0.8106 -2.2301 -0.208   2.3596 -1.6357]  final_joints=[ 0.0428  0.3907  0.4846 -2.2498 -0.3361  2.5736 -1.5482]
2026-04-22 17:29:19,427 INFO     [ApplyLabel] Registering label — item='jyfyu1234' expiry='1234-12-14'
2026-04-22 17:29:19,869 INFO     [Service] /orio/pnp_cup/on → success=True msg='PnP Cup ON command sent'
2026-04-22 17:29:20,870 INFO     [RetrieveFromZone] Retracting to pre-pick height
2026-04-22 17:29:24,547 ERROR    [RFID] Service call failed for /inventory/add_item: timeout exceeded while waiting for service /inventory/add_item
2026-04-22 17:29:29,651 INFO     [ZoneManager] Zone B: READY_FOR_PICKUP → EMPTY
2026-04-22 17:29:29,652 INFO     [RetrieveFromZone] Exiting: picked (zone B)
2026-04-22 17:29:29,655 INFO     [PlaceOutput] Entering state (retrieved_depth=0.0100)
2026-04-22 17:29:29,768 INFO     [IK] pose_to_joints 'OUTPUT2' depth_offset=0.1600 → joints=[ 1.2352e+00  1.0821e+00  5.0000e-04 -4.6700e-01 -4.0000e-04  1.5512e+00
  2.0208e+00]
2026-04-22 17:29:29,780 INFO     [IK] pose_to_joints 'L2_INTER' depth_offset=0.0100 → joints=[ 0.1123 -0.4939  0.5747 -2.6295  0.3198  2.1804  1.2286]
2026-04-22 17:29:29,780 INFO     [PlaceOutput] drop_joints: [ 1.2352e+00  1.0821e+00  5.0000e-04 -4.6700e-01 -4.0000e-04  1.5512e+00
  2.0208e+00]
2026-04-22 17:29:34,792 INFO     [Service] /orio/lbl_cup/off → success=True msg='Labelling Cup OFF command sent'
2026-04-22 17:29:35,740 INFO     [Service] /orio/pnp_cup/off → success=True msg='PnP Cup OFF command sent'
2026-04-22 17:29:38,012 INFO     [IK] pose_to_joints 'LABELLING_SAFE' depth_offset=0.0000 → joints=[-0.065  -1.2718  0.0356 -2.707   0.0343  1.4354  0.7355]
2026-04-22 17:29:41,425 INFO     [ZoneManager] Zone A: NEEDS_LABEL → READY_FOR_PICKUP
2026-04-22 17:29:41,425 INFO     [ApplyLabel] Exiting: labeled (zone A)
2026-04-22 17:29:41,426 INFO     [PlaceOutput] Exiting: succeeded (total items placed: 2)
2026-04-22 17:29:41,427 INFO     [GetLabel] Entering state
2026-04-22 17:29:41,429 INFO     [FetchInput] Entering state
2026-04-22 17:29:42,041 INFO     [Service] /compute_grasps → success=True msg='Published 1 PnP poses.'
2026-04-22 17:29:42,042 INFO     [FetchInput] Grasp pose received: x=0.0625 y=-0.4141 z=0.0935
2026-04-22 17:29:42,042 INFO     [IK] compute_pick_joints called — task_pos=[ 0.0625 -0.4141  0.0935] label_zone=None max_attempts=10 check_collisions=False arm_number=None
2026-04-22 17:29:42,083 INFO     [IK] Arm? compute_pick_joints attempt 1/10 OK — target=([ 0.0625 -0.4141  0.0935]) pre=[-0.5204 -0.3224 -0.9288 -2.6186 -0.3785  2.3846 -0.3568] final=[-0.2254  0.1805 -1.1238 -2.6551  0.3923  2.7043 -0.916 ] (FK err pre=0.0000 m final=0.0000 m)
2026-04-22 17:29:42,084 INFO     [FetchInput] IK pre_joints:   [-0.5204 -0.3224 -0.9288 -2.6186 -0.3785  2.3846 -0.3568]
2026-04-22 17:29:42,084 INFO     [FetchInput] IK final_joints: [-0.2254  0.1805 -1.1238 -2.6551  0.3923  2.7043 -0.916 ]
2026-04-22 17:29:42,085 INFO     [FetchInput] Moving to pre-pick
2026-04-22 17:29:45,301 INFO     [FetchInput] Descending to pick
2026-04-22 17:29:47,749 INFO     [Service] /orio/pnp_cup/on → success=True msg='PnP Cup ON command sent'
2026-04-22 17:29:48,750 INFO     [FetchInput] Retracting to pre-pick height
2026-04-22 17:29:51,645 INFO     [FetchInput] Exiting: succeeded (item_depth=0.0935)
2026-04-22 17:29:51,647 INFO     [DropToZone] Entering state (item_depth=0.0935)
2026-04-22 17:29:51,647 INFO     [DropToZone] Targeting zone B
2026-04-22 17:29:51,656 INFO     [IK] pose_to_joints 'L1_INTER' depth_offset=0.0935 → joints=[-0.3007 -0.5455 -0.348  -2.4869 -0.1925  1.9619  0.2582]
2026-04-22 17:29:51,658 INFO     [Service] /orio/lbl_cup/on → success=True msg='Labelling Cup ON command sent'
2026-04-22 17:29:51,666 INFO     [IK] pose_to_joints 'L2_INTER' depth_offset=0.0935 → joints=[ 0.1828 -0.571   0.4494 -2.4838  0.2553  1.9479  1.2578]
2026-04-22 17:29:51,677 INFO     [IK] pose_to_joints 'LABEL_ZONE_2' depth_offset=0.1035 → joints=[ 0.3254  1.0794 -0.0071 -0.9018  0.0069  1.9811  1.1047]
2026-04-22 17:29:51,678 INFO     [DropToZone] place_joints for LABEL_ZONE_2: [ 0.3254  1.0794 -0.0071 -0.9018  0.0069  1.9811  1.1047]
2026-04-22 17:29:55,065 INFO     [IK] pose_to_joints 'LABELLING_SAFE' depth_offset=0.0000 → joints=[-0.065  -1.2718  0.0356 -2.707   0.0343  1.4354  0.7355]
2026-04-22 17:29:58,275 INFO     [GetLabel] Exiting: succeeded
2026-04-22 17:29:58,276 INFO     [ApplyLabel] Entering state (zones: {'A': 'READY_FOR_PICKUP', 'B': 'EMPTY'}  busy: {'A': False, 'B': True})
2026-04-22 17:29:58,276 DEBUG    [ApplyLabel] No zone needs label → wait
2026-04-22 17:29:58,778 INFO     [ApplyLabel] Entering state (zones: {'A': 'READY_FOR_PICKUP', 'B': 'EMPTY'}  busy: {'A': False, 'B': True})
2026-04-22 17:29:58,778 DEBUG    [ApplyLabel] No zone needs label → wait
2026-04-22 17:29:59,279 INFO     [ApplyLabel] Entering state (zones: {'A': 'READY_FOR_PICKUP', 'B': 'EMPTY'}  busy: {'A': False, 'B': True})
2026-04-22 17:29:59,280 DEBUG    [ApplyLabel] No zone needs label → wait
2026-04-22 17:29:59,782 INFO     [ApplyLabel] Entering state (zones: {'A': 'READY_FOR_PICKUP', 'B': 'EMPTY'}  busy: {'A': False, 'B': True})
2026-04-22 17:29:59,782 DEBUG    [ApplyLabel] No zone needs label → wait
2026-04-22 17:30:00,011 INFO     [Service] /orio/pnp_cup/off → success=True msg='PnP Cup OFF command sent'
2026-04-22 17:30:00,284 INFO     [ApplyLabel] Entering state (zones: {'A': 'READY_FOR_PICKUP', 'B': 'EMPTY'}  busy: {'A': False, 'B': True})
2026-04-22 17:30:00,284 DEBUG    [ApplyLabel] No zone needs label → wait
2026-04-22 17:30:00,787 INFO     [ApplyLabel] Entering state (zones: {'A': 'READY_FOR_PICKUP', 'B': 'EMPTY'}  busy: {'A': False, 'B': True})
2026-04-22 17:30:00,787 DEBUG    [ApplyLabel] No zone needs label → wait
2026-04-22 17:30:01,289 INFO     [ApplyLabel] Entering state (zones: {'A': 'READY_FOR_PICKUP', 'B': 'EMPTY'}  busy: {'A': False, 'B': True})
2026-04-22 17:30:01,289 DEBUG    [ApplyLabel] No zone needs label → wait
2026-04-22 17:30:01,791 INFO     [ApplyLabel] Entering state (zones: {'A': 'READY_FOR_PICKUP', 'B': 'EMPTY'}  busy: {'A': False, 'B': True})
2026-04-22 17:30:01,791 DEBUG    [ApplyLabel] No zone needs label → wait
2026-04-22 17:30:02,293 INFO     [ApplyLabel] Entering state (zones: {'A': 'READY_FOR_PICKUP', 'B': 'EMPTY'}  busy: {'A': False, 'B': True})
2026-04-22 17:30:02,294 DEBUG    [ApplyLabel] No zone needs label → wait
2026-04-22 17:30:02,796 INFO     [ApplyLabel] Entering state (zones: {'A': 'READY_FOR_PICKUP', 'B': 'EMPTY'}  busy: {'A': False, 'B': True})
2026-04-22 17:30:02,796 DEBUG    [ApplyLabel] No zone needs label → wait
2026-04-22 17:30:03,298 INFO     [ApplyLabel] Entering state (zones: {'A': 'READY_FOR_PICKUP', 'B': 'EMPTY'}  busy: {'A': False, 'B': True})
2026-04-22 17:30:03,299 DEBUG    [ApplyLabel] No zone needs label → wait
2026-04-22 17:30:03,508 INFO     [ZoneManager] Zone B: EMPTY → NEEDS_LABEL
2026-04-22 17:30:03,508 INFO     [DropToZone] Exiting: dropped (zone B)
2026-04-22 17:30:03,509 DEBUG    [TaskSelector] Evaluating zone states: {'A': 'READY_FOR_PICKUP', 'B': 'NEEDS_LABEL'}  busy: {'A': False, 'B': False}
2026-04-22 17:30:03,510 INFO     [TaskSelector] → do_unload (both zones occupied, ready zone exists)
2026-04-22 17:30:03,511 INFO     [RetrieveFromZone] Entering state
2026-04-22 17:30:03,511 INFO     [RetrieveFromZone] Picking from zone A (depth=0.0872)
2026-04-22 17:30:03,527 INFO     [IK] pose_to_joints 'L1_INTER' depth_offset=0.0872 → joints=[-0.305  -0.5403 -0.3474 -2.4999 -0.192   1.9795  0.2565]
2026-04-22 17:30:03,546 INFO     [IK] pose_to_joints 'LABEL_ZONE_1' depth_offset=0.1872 → joints=[-0.2378  1.0049 -0.1763 -0.8317  0.1536  1.8266  0.4132]
2026-04-22 17:30:03,565 INFO     [IK] pose_to_joints 'LABEL_ZONE_1' depth_offset=0.0772 → joints=[-0.2332  1.1282 -0.1734 -0.8924  0.1731  2.0089  0.4033]
2026-04-22 17:30:03,566 INFO     [RetrieveFromZone] A pre_pick=[-0.2378  1.0049 -0.1763 -0.8317  0.1536  1.8266  0.4132] pick=[-0.2332  1.1282 -0.1734 -0.8924  0.1731  2.0089  0.4033]
2026-04-22 17:30:03,801 INFO     [ApplyLabel] Entering state (zones: {'A': 'READY_FOR_PICKUP', 'B': 'NEEDS_LABEL'}  busy: {'A': True, 'B': False})
2026-04-22 17:30:03,801 INFO     [ApplyLabel] Applying label to zone B (zone_number=2, depth=0.0935)
2026-04-22 17:30:03,801 INFO     [compute_label_joints] Requesting label pose for zone 2, item_depth=0.0935
2026-04-22 17:30:05,757 INFO     [Service] /compute_grasps_labelling → success=True msg='Zone1=OK, Zone2=OK'
2026-04-22 17:30:05,757 INFO     item_depth=0.0935  X=0.2850 Y=-0.1329 Z=0.9065  pos(world)=[ 0.5929 -0.266   0.0735]  task_pos=[ 0.5929 -0.266   0.0935]  task_ori=[0.0059 1.     0.     0.    ]
2026-04-22 17:30:05,758 INFO     [compute_label_joints] Zone 2 received pose: x=0.5929 y=-0.2660 z=0.0935  RPY r=180.00 p=0.00 y=179.33 deg
2026-04-22 17:30:05,758 INFO     [IK] compute_pick_joints called — task_pos=[ 0.5929 -0.266   0.0935] label_zone=2 max_attempts=10 check_collisions=True arm_number=2
2026-04-22 17:30:05,789 INFO     [IK] Arm2 compute_pick_joints attempt 1/10 OK — target=([ 0.5929 -0.266   0.0935]) pre=[-1.2966  0.7314  1.058  -1.7504 -0.7124  2.0436 -2.3432] final=[-1.1771  0.8302  0.869  -1.7745 -0.7847  2.2182 -2.3058] (FK err pre=0.0000 m final=0.0000 m)
2026-04-22 17:30:05,790 INFO     [ApplyLabel] IK pre_joints=[-1.2966  0.7314  1.058  -1.7504 -0.7124  2.0436 -2.3432]  final_joints=[-1.1771  0.8302  0.869  -1.7745 -0.7847  2.2182 -2.3058]
2026-04-22 17:30:05,790 INFO     [ApplyLabel] Registering label — item='jyfyu1234' expiry='1234-12-14'
2026-04-22 17:30:10,910 ERROR    [RFID] Service call failed for /inventory/add_item: timeout exceeded while waiting for service /inventory/add_item
2026-04-22 17:30:12,324 INFO     [Service] /orio/pnp_cup/on → success=True msg='PnP Cup ON command sent'
2026-04-22 17:30:13,324 INFO     [RetrieveFromZone] Retracting to pre-pick height
2026-04-22 17:30:21,119 INFO     [ZoneManager] Zone A: READY_FOR_PICKUP → EMPTY
2026-04-22 17:30:21,119 INFO     [RetrieveFromZone] Exiting: picked (zone A)
2026-04-22 17:30:21,121 INFO     [PlaceOutput] Entering state (retrieved_depth=0.0872)
2026-04-22 17:30:21,141 INFO     [Service] /orio/lbl_cup/off → success=True msg='Labelling Cup OFF command sent'
2026-04-22 17:30:21,150 INFO     [IK] pose_to_joints 'OUTPUT1' depth_offset=0.2372 → joints=[-1.5161 -0.9558  2.6984 -0.5253  0.361   1.4413  2.1923]
2026-04-22 17:30:21,158 INFO     [IK] pose_to_joints 'L2_INTER' depth_offset=0.0872 → joints=[ 0.1561 -0.5737  0.4765 -2.4957  0.2725  1.9611  1.2446]
2026-04-22 17:30:21,159 INFO     [PlaceOutput] drop_joints: [-1.5161 -0.9558  2.6984 -0.5253  0.361   1.4413  2.1923]
2026-04-22 17:30:24,263 INFO     [IK] pose_to_joints 'LABELLING_SAFE' depth_offset=0.0000 → joints=[-0.065  -1.2718  0.0356 -2.707   0.0343  1.4354  0.7355]
2026-04-22 17:30:24,630 INFO     [Service] /orio/pnp_cup/off → success=True msg='PnP Cup OFF command sent'
2026-04-22 17:30:27,740 INFO     [ZoneManager] Zone B: NEEDS_LABEL → READY_FOR_PICKUP
2026-04-22 17:30:27,740 INFO     [ApplyLabel] Exiting: labeled (zone B)
2026-04-22 17:30:27,741 INFO     [GetLabel] Entering state
2026-04-22 17:30:32,846 INFO     [PlaceOutput] Exiting: succeeded (total items placed: 3)
2026-04-22 17:30:32,848 INFO     [FetchInput] Entering state
2026-04-22 17:30:33,422 INFO     [Service] /compute_grasps → success=True msg='Published 1 PnP poses.'
2026-04-22 17:30:33,423 INFO     [FetchInput] Grasp pose received: x=0.0622 y=-0.4726 z=0.0374
2026-04-22 17:30:33,423 INFO     [IK] compute_pick_joints called — task_pos=[ 0.0622 -0.4726  0.0374] label_zone=None max_attempts=10 check_collisions=False arm_number=None
2026-04-22 17:30:33,451 INFO     [IK] Arm? compute_pick_joints attempt 1/10 OK — target=([ 0.0622 -0.4726  0.0374]) pre=[-0.3405  0.1823 -1.0745 -2.4682  0.2842  2.5368 -0.8584] final=[-0.7041  0.4567 -0.6389 -2.4203  0.6776  2.7087 -1.1376] (FK err pre=0.0000 m final=0.0000 m)
2026-04-22 17:30:33,453 INFO     [FetchInput] IK pre_joints:   [-0.3405  0.1823 -1.0745 -2.4682  0.2842  2.5368 -0.8584]
2026-04-22 17:30:33,457 INFO     [FetchInput] IK final_joints: [-0.7041  0.4567 -0.6389 -2.4203  0.6776  2.7087 -1.1376]
2026-04-22 17:30:33,458 INFO     [FetchInput] Moving to pre-pick
2026-04-22 17:30:36,567 INFO     [FetchInput] Descending to pick
2026-04-22 17:30:37,960 INFO     [Service] /orio/lbl_cup/on → success=True msg='Labelling Cup ON command sent'
2026-04-22 17:30:39,046 INFO     [Service] /orio/pnp_cup/on → success=True msg='PnP Cup ON command sent'
2026-04-22 17:30:40,047 INFO     [FetchInput] Retracting to pre-pick height
2026-04-22 17:30:41,280 INFO     [IK] pose_to_joints 'LABELLING_SAFE' depth_offset=0.0000 → joints=[-0.065  -1.2718  0.0356 -2.707   0.0343  1.4354  0.7355]
2026-04-22 17:30:44,571 INFO     [GetLabel] Exiting: succeeded
2026-04-22 17:30:44,571 INFO     [FetchInput] Exiting: succeeded (item_depth=0.0374)
2026-04-22 17:30:44,573 INFO     [ApplyLabel] Entering state (zones: {'A': 'EMPTY', 'B': 'READY_FOR_PICKUP'}  busy: {'A': False, 'B': False})
2026-04-22 17:30:44,573 DEBUG    [ApplyLabel] No zone needs label → wait
2026-04-22 17:30:44,574 INFO     [DropToZone] Entering state (item_depth=0.0374)
2026-04-22 17:30:44,574 INFO     [DropToZone] Targeting zone A
2026-04-22 17:30:44,589 INFO     [IK] pose_to_joints 'L1_INTER' depth_offset=0.0374 → joints=[-0.3193 -0.4877 -0.3593 -2.5926 -0.1948  2.1231  0.2488]
2026-04-22 17:30:44,610 INFO     [IK] pose_to_joints 'LABEL_ZONE_1' depth_offset=0.0474 → joints=[-0.237   1.1836 -0.1691 -0.8679  0.1756  2.0402  0.4039]
2026-04-22 17:30:44,611 INFO     [DropToZone] place_joints for LABEL_ZONE_1: [-0.237   1.1836 -0.1691 -0.8679  0.1756  2.0402  0.4039]
2026-04-22 17:30:45,079 INFO     [ApplyLabel] Entering state (zones: {'A': 'EMPTY', 'B': 'READY_FOR_PICKUP'}  busy: {'A': True, 'B': False})
2026-04-22 17:30:45,080 DEBUG    [ApplyLabel] No zone needs label → wait
2026-04-22 17:30:45,581 INFO     [ApplyLabel] Entering state (zones: {'A': 'EMPTY', 'B': 'READY_FOR_PICKUP'}  busy: {'A': True, 'B': False})
2026-04-22 17:30:45,581 DEBUG    [ApplyLabel] No zone needs label → wait
2026-04-22 17:30:46,084 INFO     [ApplyLabel] Entering state (zones: {'A': 'EMPTY', 'B': 'READY_FOR_PICKUP'}  busy: {'A': True, 'B': False})
2026-04-22 17:30:46,085 DEBUG    [ApplyLabel] No zone needs label → wait
2026-04-22 17:30:46,586 INFO     [ApplyLabel] Entering state (zones: {'A': 'EMPTY', 'B': 'READY_FOR_PICKUP'}  busy: {'A': True, 'B': False})
2026-04-22 17:30:46,586 DEBUG    [ApplyLabel] No zone needs label → wait
2026-04-22 17:30:47,091 INFO     [ApplyLabel] Entering state (zones: {'A': 'EMPTY', 'B': 'READY_FOR_PICKUP'}  busy: {'A': True, 'B': False})
2026-04-22 17:30:47,092 DEBUG    [ApplyLabel] No zone needs label → wait
2026-04-22 17:30:47,593 INFO     [ApplyLabel] Entering state (zones: {'A': 'EMPTY', 'B': 'READY_FOR_PICKUP'}  busy: {'A': True, 'B': False})
2026-04-22 17:30:47,593 DEBUG    [ApplyLabel] No zone needs label → wait
2026-04-22 17:30:48,096 INFO     [ApplyLabel] Entering state (zones: {'A': 'EMPTY', 'B': 'READY_FOR_PICKUP'}  busy: {'A': True, 'B': False})
2026-04-22 17:30:48,096 DEBUG    [ApplyLabel] No zone needs label → wait
2026-04-22 17:30:48,598 INFO     [ApplyLabel] Entering state (zones: {'A': 'EMPTY', 'B': 'READY_FOR_PICKUP'}  busy: {'A': True, 'B': False})
2026-04-22 17:30:48,598 DEBUG    [ApplyLabel] No zone needs label → wait
2026-04-22 17:30:49,107 INFO     [ApplyLabel] Entering state (zones: {'A': 'EMPTY', 'B': 'READY_FOR_PICKUP'}  busy: {'A': True, 'B': False})
2026-04-22 17:30:49,107 DEBUG    [ApplyLabel] No zone needs label → wait
2026-04-22 17:30:49,609 INFO     [ApplyLabel] Entering state (zones: {'A': 'EMPTY', 'B': 'READY_FOR_PICKUP'}  busy: {'A': True, 'B': False})
2026-04-22 17:30:49,609 DEBUG    [ApplyLabel] No zone needs label → wait
2026-04-22 17:30:50,112 INFO     [ApplyLabel] Entering state (zones: {'A': 'EMPTY', 'B': 'READY_FOR_PICKUP'}  busy: {'A': True, 'B': False})
2026-04-22 17:30:50,112 DEBUG    [ApplyLabel] No zone needs label → wait
2026-04-22 17:30:50,613 INFO     [ApplyLabel] Entering state (zones: {'A': 'EMPTY', 'B': 'READY_FOR_PICKUP'}  busy: {'A': True, 'B': False})
2026-04-22 17:30:50,614 DEBUG    [ApplyLabel] No zone needs label → wait
2026-04-22 17:30:51,117 INFO     [ApplyLabel] Entering state (zones: {'A': 'EMPTY', 'B': 'READY_FOR_PICKUP'}  busy: {'A': True, 'B': False})
2026-04-22 17:30:51,117 DEBUG    [ApplyLabel] No zone needs label → wait
2026-04-22 17:30:51,225 INFO     [Service] /orio/pnp_cup/off → success=True msg='PnP Cup OFF command sent'
2026-04-22 17:30:51,619 INFO     [ApplyLabel] Entering state (zones: {'A': 'EMPTY', 'B': 'READY_FOR_PICKUP'}  busy: {'A': True, 'B': False})
2026-04-22 17:30:51,619 DEBUG    [ApplyLabel] No zone needs label → wait
2026-04-22 17:30:52,124 INFO     [ApplyLabel] Entering state (zones: {'A': 'EMPTY', 'B': 'READY_FOR_PICKUP'}  busy: {'A': True, 'B': False})
2026-04-22 17:30:52,124 DEBUG    [ApplyLabel] No zone needs label → wait
2026-04-22 17:30:52,626 INFO     [ApplyLabel] Entering state (zones: {'A': 'EMPTY', 'B': 'READY_FOR_PICKUP'}  busy: {'A': True, 'B': False})
2026-04-22 17:30:52,626 DEBUG    [ApplyLabel] No zone needs label → wait
2026-04-22 17:30:53,129 INFO     [ApplyLabel] Entering state (zones: {'A': 'EMPTY', 'B': 'READY_FOR_PICKUP'}  busy: {'A': True, 'B': False})
2026-04-22 17:30:53,129 DEBUG    [ApplyLabel] No zone needs label → wait
2026-04-22 17:30:53,631 INFO     [ApplyLabel] Entering state (zones: {'A': 'EMPTY', 'B': 'READY_FOR_PICKUP'}  busy: {'A': True, 'B': False})
2026-04-22 17:30:53,631 DEBUG    [ApplyLabel] No zone needs label → wait
2026-04-22 17:30:54,133 INFO     [ApplyLabel] Entering state (zones: {'A': 'EMPTY', 'B': 'READY_FOR_PICKUP'}  busy: {'A': True, 'B': False})
2026-04-22 17:30:54,134 DEBUG    [ApplyLabel] No zone needs label → wait
2026-04-22 17:30:54,635 INFO     [ApplyLabel] Entering state (zones: {'A': 'EMPTY', 'B': 'READY_FOR_PICKUP'}  busy: {'A': True, 'B': False})
2026-04-22 17:30:54,635 DEBUG    [ApplyLabel] No zone needs label → wait
2026-04-22 17:30:54,704 INFO     [ZoneManager] Zone A: EMPTY → NEEDS_LABEL
2026-04-22 17:30:54,705 INFO     [DropToZone] Exiting: dropped (zone A)
2026-04-22 17:30:54,706 DEBUG    [TaskSelector] Evaluating zone states: {'A': 'NEEDS_LABEL', 'B': 'READY_FOR_PICKUP'}  busy: {'A': False, 'B': False}
2026-04-22 17:30:54,706 INFO     [TaskSelector] → do_unload (both zones occupied, ready zone exists)
2026-04-22 17:30:54,707 INFO     [RetrieveFromZone] Entering state
2026-04-22 17:30:54,707 INFO     [RetrieveFromZone] Picking from zone B (depth=0.0935)
2026-04-22 17:30:54,722 INFO     [IK] pose_to_joints 'L2_INTER' depth_offset=0.0935 → joints=[ 0.1828 -0.571   0.4494 -2.4838  0.2553  1.9479  1.2578]
2026-04-22 17:30:54,740 INFO     [IK] pose_to_joints 'LABEL_ZONE_2' depth_offset=0.1935 → joints=[ 0.2999  0.9962  0.0462 -0.8216 -0.04    1.8171  1.1202]
2026-04-22 17:30:54,754 INFO     [IK] pose_to_joints 'LABEL_ZONE_2' depth_offset=0.0835 → joints=[ 0.3306  1.1101 -0.0172 -0.8976  0.017   2.0076  1.1012]
2026-04-22 17:30:54,755 INFO     [RetrieveFromZone] B pre_pick=[ 0.2999  0.9962  0.0462 -0.8216 -0.04    1.8171  1.1202] pick=[ 0.3306  1.1101 -0.0172 -0.8976  0.017   2.0076  1.1012]
2026-04-22 17:30:55,142 INFO     [ApplyLabel] Entering state (zones: {'A': 'NEEDS_LABEL', 'B': 'READY_FOR_PICKUP'}  busy: {'A': False, 'B': True})
2026-04-22 17:30:55,142 INFO     [ApplyLabel] Applying label to zone A (zone_number=1, depth=0.0374)
2026-04-22 17:30:55,142 INFO     [compute_label_joints] Requesting label pose for zone 1, item_depth=0.0374
2026-04-22 17:30:57,084 INFO     [Service] /compute_grasps_labelling → success=True msg='Zone1=OK, Zone2=OK'
2026-04-22 17:30:57,084 INFO     item_depth=0.0374  X=-0.2514 Y=-0.1647 Z=0.9626  pos(world)=[0.6247 0.2704 0.0174]  task_pos=[0.6247 0.2704 0.0374]  task_ori=[0.6856 0.728  0.     0.    ]
2026-04-22 17:30:57,086 INFO     [compute_label_joints] Zone 1 received pose: x=0.6247 y=0.2704 z=0.0374  RPY r=180.00 p=0.00 y=93.44 deg
2026-04-22 17:30:57,086 INFO     [IK] compute_pick_joints called — task_pos=[0.6247 0.2704 0.0374] label_zone=1 max_attempts=10 check_collisions=True arm_number=2
2026-04-22 17:30:57,120 INFO     [IK] Arm2 compute_pick_joints attempt 1/10 OK — target=([0.6247 0.2704 0.0374]) pre=[ 0.2218  0.6058  0.2173 -1.671  -0.1597  2.2594 -0.3421] final=[ 0.402   0.7701  0.0074 -1.6588 -0.0079  2.4289 -0.4322] (FK err pre=0.0000 m final=0.0000 m)
2026-04-22 17:30:57,121 INFO     [ApplyLabel] IK pre_joints=[ 0.2218  0.6058  0.2173 -1.671  -0.1597  2.2594 -0.3421]  final_joints=[ 0.402   0.7701  0.0074 -1.6588 -0.0079  2.4289 -0.4322]
2026-04-22 17:30:57,122 INFO     [ApplyLabel] Registering label — item='jyfyu1234' expiry='1234-12-14'
2026-04-22 17:31:02,242 ERROR    [RFID] Service call failed for /inventory/add_item: timeout exceeded while waiting for service /inventory/add_item
2026-04-22 17:31:03,527 INFO     [Service] /orio/pnp_cup/on → success=True msg='PnP Cup ON command sent'
2026-04-22 17:31:04,528 INFO     [RetrieveFromZone] Retracting to pre-pick height
2026-04-22 17:31:12,359 INFO     [ZoneManager] Zone B: READY_FOR_PICKUP → EMPTY
2026-04-22 17:31:12,360 INFO     [RetrieveFromZone] Exiting: picked (zone B)
2026-04-22 17:31:12,361 INFO     [PlaceOutput] Entering state (retrieved_depth=0.0935)
2026-04-22 17:31:12,381 INFO     [Service] /orio/lbl_cup/off → success=True msg='Labelling Cup OFF command sent'
2026-04-22 17:31:12,463 INFO     [IK] pose_to_joints 'OUTPUT2' depth_offset=0.2435 → joints=[ 1.2350e+00  9.7510e-01  9.0000e-04 -4.6700e-01 -8.0000e-04  1.4470e+00
  2.0208e+00]
2026-04-22 17:31:12,473 INFO     [IK] pose_to_joints 'L2_INTER' depth_offset=0.0935 → joints=[ 0.1828 -0.571   0.4494 -2.4838  0.2553  1.9479  1.2578]
2026-04-22 17:31:12,473 INFO     [PlaceOutput] drop_joints: [ 1.2350e+00  9.7510e-01  9.0000e-04 -4.6700e-01 -8.0000e-04  1.4470e+00
  2.0208e+00]
2026-04-22 17:31:15,620 INFO     [IK] pose_to_joints 'LABELLING_SAFE' depth_offset=0.0000 → joints=[-0.065  -1.2718  0.0356 -2.707   0.0343  1.4354  0.7355]
2026-04-22 17:31:18,563 INFO     [Service] /orio/pnp_cup/off → success=True msg='PnP Cup OFF command sent'
2026-04-22 17:31:18,924 INFO     [ZoneManager] Zone A: NEEDS_LABEL → READY_FOR_PICKUP
2026-04-22 17:31:18,925 INFO     [ApplyLabel] Exiting: labeled (zone A)
2026-04-22 17:31:18,925 INFO     [GetLabel] Entering state
2026-04-22 17:31:23,195 WARNING  [Main] Shutting down: turning off both vacuums
2026-04-22 17:31:23,196 INFO     [Main] Total items placed at output: 3
2026-04-22 17:31:23,198 INFO     [Service] /orio/pnp_cup/off → success=True msg='PnP Cup OFF command sent'
2026-04-22 17:31:23,200 INFO     [Service] /orio/lbl_cup/off → success=True msg='Labelling Cup OFF command sent'
2026-04-22 17:31:23,234 INFO     [PlaceOutput] Exiting: succeeded (total items placed: 4)
2026-04-22 17:31:23,237 INFO     [FetchInput] Entering state
2026-04-22 17:31:23,463 ERROR    [GET_LABEL] Unhandled exception: service [/get_current_franka_interface_status_server_node_2/get_current_franka_interface_status_server] returned no response
