2026-04-22 19:52:22,464 INFO     [Logger] File log started: /home/ros_ws/src/devel_packages/orio/logs/orio_run_20260422_195222.log
2026-04-22 19:52:22,464 INFO     [Main] Node started. Log file: /home/ros_ws/src/devel_packages/orio/logs/orio_run_20260422_195222.log
2026-04-22 19:52:38,506 INFO     [Main] Operator input — item='sfsv'  expiry='1234-45-54'
2026-04-22 19:52:38,507 INFO     [Hardware] Initializing Robot Hardware...
2026-04-22 19:52:39,050 INFO     [Hardware] Resetting both arms to home joints
2026-04-22 19:52:49,462 INFO     [Hardware] Poses loaded from joint_angles.json
2026-04-22 19:52:49,473 INFO     [Hardware] Initialization complete
2026-04-22 19:52:49,478 INFO     [Main] Starting state machine execution
2026-04-22 19:52:49,480 DEBUG    [TaskSelector] Evaluating zone states: {'A': 'EMPTY', 'B': 'EMPTY'}  busy: {'A': False, 'B': False}
2026-04-22 19:52:49,480 INFO     [TaskSelector] → do_load (empty zone available)
2026-04-22 19:52:49,480 INFO     [GetLabel] Entering state
2026-04-22 19:52:49,482 INFO     [FetchInput] Entering state
2026-04-22 19:52:50,106 INFO     [Service] /compute_grasps → success=True msg='Published 1 PnP poses.'
2026-04-22 19:52:50,107 INFO     [FetchInput] Grasp pose received: x=0.3371 y=-0.5360 z=0.0829
2026-04-22 19:52:50,107 INFO     [IK] compute_pick_joints called — task_pos=[ 0.3371 -0.536   0.0829] label_zone=None max_attempts=10 check_collisions=False arm_number=None
2026-04-22 19:52:50,140 INFO     [IK] Arm? compute_pick_joints attempt 1/10 OK — target=([ 0.3371 -0.536   0.0829]) pre=[-0.3385  0.5164 -0.7477 -1.8551  0.4294  2.2036 -0.4962] final=[-0.5183  0.6419 -0.5235 -1.8755  0.4571  2.3964 -0.5128] (FK err pre=0.0000 m final=0.0000 m)
2026-04-22 19:52:50,142 INFO     [FetchInput] IK pre_joints:   [-0.3385  0.5164 -0.7477 -1.8551  0.4294  2.2036 -0.4962]
2026-04-22 19:52:50,143 INFO     [FetchInput] IK final_joints: [-0.5183  0.6419 -0.5235 -1.8755  0.4571  2.3964 -0.5128]
2026-04-22 19:52:50,143 INFO     [FetchInput] Moving to pre-pick
2026-04-22 19:52:53,615 INFO     [FetchInput] Descending to pick
2026-04-22 19:52:55,825 INFO     [Service] /orio/pnp_cup/on → success=True msg='PnP Cup ON command sent'
2026-04-22 19:52:56,827 INFO     [FetchInput] Retracting to pre-pick height
2026-04-22 19:52:59,055 INFO     [IK] pose_to_joints 'FETCH_SAFE' depth_offset=0.0829 → joints=[-0.1013 -0.8354  0.0871 -2.7301  0.0681  1.8959  0.7208]
2026-04-22 19:52:59,794 INFO     [Service] /orio/lbl_cup/on → success=True msg='Labelling Cup ON command sent'
2026-04-22 19:53:03,266 INFO     [IK] pose_to_joints 'LABELLING_SAFE' depth_offset=0.0000 → joints=[-0.065  -1.2718  0.0356 -2.707   0.0343  1.4354  0.7355]
2026-04-22 19:53:03,271 INFO     [Service] /get_depth_at_grasp → success=True msg='0.91'
2026-04-22 19:53:03,272 INFO     [FetchInput] grasp_depth=0.0829 m  after_grasp_depth=0.9100 m  item_height=-0.8271 m
2026-04-22 19:53:03,272 INFO     [FetchInput] Exiting: succeeded (item_depth=-0.8271)
2026-04-22 19:53:03,274 INFO     [DropToZone] Entering state (item_depth=-0.8271)
2026-04-22 19:53:03,274 INFO     [DropToZone] Targeting zone A
2026-04-22 19:53:03,297 INFO     [IK] pose_to_joints 'L1_INTER' depth_offset=-0.8271 → joints=[-0.6947  1.7628  0.     -1.5729  0.      3.3296  0.0906]
2026-04-22 19:53:03,324 INFO     [IK] pose_to_joints 'LABEL_ZONE_1' depth_offset=-0.8171 → joints=[-0.3217  1.7628 -0.     -1.1103  0.      2.8794  0.4636]
2026-04-22 19:53:03,325 INFO     [DropToZone] place_joints for LABEL_ZONE_1: [-0.3217  1.7628 -0.     -1.1103  0.      2.8794  0.4636]
2026-04-22 19:53:03,330 ERROR    [DROP_TO_ZONE] Unhandled exception: Target joints in collision with virtual walls!
2026-04-22 19:53:03,332 WARNING  [ARM1 Recovery] Pausing ARM1 — showing GUI (ARM2 continues)
2026-04-22 19:53:07,476 ERROR    [GET_LABEL] Unhandled exception: LBL vacuum failed to pick up item (expected=True, actual=False)
2026-04-22 19:53:07,480 WARNING  [ARM2 Recovery] Pausing ARM2 — showing GUI (ARM1 continues)
2026-04-22 19:53:11,893 INFO     [ARM1 Recovery] choice=shutdown
2026-04-22 19:53:11,948 INFO     [ARM1 Recovery] resuming
2026-04-22 19:53:15,380 INFO     [ARM2 Recovery] choice=shutdown
2026-04-22 19:53:15,380 INFO     [ARM2 Recovery] resuming
2026-04-22 19:53:15,383 INFO     [Main] State machine finished with outcome: done
2026-04-22 19:53:15,383 WARNING  [Main] Shutting down: turning off both vacuums
2026-04-22 19:53:15,383 INFO     [Main] Total items placed at output: 0
2026-04-22 19:53:15,387 INFO     [Service] /orio/pnp_cup/off → success=True msg='PnP Cup OFF command sent'
2026-04-22 19:53:15,389 INFO     [Service] /orio/lbl_cup/off → success=True msg='Labelling Cup OFF command sent'
