2026-04-15 10:55:30,671 INFO     [Logger] File log started: /home/ros_ws/src/devel_packages/orio/logs/orio_run_20260415_105530.log
2026-04-15 10:55:30,671 INFO     [Main] Node started. Log file: /home/ros_ws/src/devel_packages/orio/logs/orio_run_20260415_105530.log
2026-04-15 10:55:30,671 INFO     [Hardware] Initializing Robot Hardware...
2026-04-15 10:55:31,134 INFO     [Hardware] Resetting both arms to home joints
2026-04-15 10:55:36,729 INFO     [Hardware] Poses loaded from joint_angles.json
2026-04-15 10:55:36,733 INFO     [Hardware] Initialization complete
2026-04-15 10:55:36,737 INFO     [Main] Starting state machine execution
2026-04-15 10:55:36,740 INFO     [GetLabel] Entering state
2026-04-15 10:55:36,741 DEBUG    [TaskSelector] Evaluating zone states: {'A': 'EMPTY', 'B': 'EMPTY'}  busy: {'A': False, 'B': False}
2026-04-15 10:55:36,741 INFO     [TaskSelector] → do_load (zone A empty)
2026-04-15 10:55:36,742 INFO     [FetchInput] Entering state
2026-04-15 10:55:37,268 INFO     [Service] /compute_grasps → success=True msg='Published 1 PnP poses.'
2026-04-15 10:55:37,268 INFO     [FetchInput] Grasp pose received: x=0.0546 y=-0.5770 z=0.0204
2026-04-15 10:55:37,286 INFO     [IK] Arm? compute_pick_joints attempt 1/10 OK — target=([ 0.0546 -0.577   0.0204]) pre=[-0.5607  0.3298 -0.9657 -2.0499  0.3393  2.2139 -0.9235] final=[-0.9851  0.6536 -0.4659 -2.0585  0.5488  2.5905 -1.0597]
2026-04-15 10:55:37,287 INFO     [FetchInput] IK pre_joints:   [-0.5607  0.3298 -0.9657 -2.0499  0.3393  2.2139 -0.9235]
2026-04-15 10:55:37,287 INFO     [FetchInput] IK final_joints: [-0.9851  0.6536 -0.4659 -2.0585  0.5488  2.5905 -1.0597]
2026-04-15 10:55:37,288 INFO     [FetchInput] Moving to pre-pick
2026-04-15 10:55:40,663 INFO     [FetchInput] Descending to pick
2026-04-15 10:55:43,127 INFO     [Service] /orio/pnp_cup/on → success=True msg='PnP Cup ON command sent'
2026-04-15 10:55:44,128 INFO     [FetchInput] Retracting to pre-pick height
2026-04-15 10:55:45,617 INFO     [FetchInput] Exiting: succeeded (item_depth=0.0204)
2026-04-15 10:55:45,618 INFO     [DropToZone] Entering state (item_depth=0.0204)
2026-04-15 10:55:45,618 INFO     [DropToZone] Targeting zone A
2026-04-15 10:55:45,629 INFO     [IK] pose_to_joints 'L1_INTER' depth_offset=0.0204 → joints=[-0.1984 -0.3801 -0.1737 -2.5717 -0.0791  2.1954  0.4719]
2026-04-15 10:55:45,643 INFO     [IK] pose_to_joints 'LABEL_ZONE_1' depth_offset=0.0304 → joints=[-0.2401  1.2199 -0.1665 -0.845   0.1766  2.0539  0.4049]
2026-04-15 10:55:45,646 INFO     [DropToZone] place_joints for LABEL_ZONE_1: [-0.2401  1.2199 -0.1665 -0.845   0.1766  2.0539  0.4049]
2026-04-15 10:55:46,951 INFO     [Service] /orio/lbl_cup/on → success=True msg='Labelling Cup ON command sent'
2026-04-15 10:55:50,362 INFO     [IK] pose_to_joints 'LABELLING_SAFE' depth_offset=0.0000 → joints=[-0.065  -1.2718  0.0356 -2.707   0.0343  1.4354  0.7355]
2026-04-15 10:55:52,266 INFO     [Service] /orio/pnp_cup/off → success=True msg='PnP Cup OFF command sent'
2026-04-15 10:55:53,566 INFO     [GetLabel] Exiting: succeeded
2026-04-15 10:55:53,567 INFO     [ApplyLabel] Entering state (zones: {'A': 'EMPTY', 'B': 'EMPTY'}  busy: {'A': True, 'B': False})
2026-04-15 10:55:53,567 DEBUG    [ApplyLabel] No zone needs label → wait
2026-04-15 10:55:54,069 INFO     [ApplyLabel] Entering state (zones: {'A': 'EMPTY', 'B': 'EMPTY'}  busy: {'A': True, 'B': False})
2026-04-15 10:55:54,069 DEBUG    [ApplyLabel] No zone needs label → wait
2026-04-15 10:55:54,572 INFO     [ApplyLabel] Entering state (zones: {'A': 'EMPTY', 'B': 'EMPTY'}  busy: {'A': True, 'B': False})
2026-04-15 10:55:54,573 DEBUG    [ApplyLabel] No zone needs label → wait
2026-04-15 10:55:55,074 INFO     [ApplyLabel] Entering state (zones: {'A': 'EMPTY', 'B': 'EMPTY'}  busy: {'A': True, 'B': False})
2026-04-15 10:55:55,074 DEBUG    [ApplyLabel] No zone needs label → wait
2026-04-15 10:55:55,578 INFO     [ApplyLabel] Entering state (zones: {'A': 'EMPTY', 'B': 'EMPTY'}  busy: {'A': True, 'B': False})
2026-04-15 10:55:55,578 DEBUG    [ApplyLabel] No zone needs label → wait
2026-04-15 10:55:55,743 INFO     [ZoneManager] Zone A: EMPTY → NEEDS_LABEL
2026-04-15 10:55:55,743 INFO     [DropToZone] Exiting: dropped (zone A)
2026-04-15 10:55:55,744 DEBUG    [TaskSelector] Evaluating zone states: {'A': 'NEEDS_LABEL', 'B': 'EMPTY'}  busy: {'A': False, 'B': False}
2026-04-15 10:55:55,744 INFO     [TaskSelector] → do_load (zone B empty)
2026-04-15 10:55:55,745 INFO     [FetchInput] Entering state
2026-04-15 10:55:56,080 INFO     [ApplyLabel] Entering state (zones: {'A': 'NEEDS_LABEL', 'B': 'EMPTY'}  busy: {'A': False, 'B': False})
2026-04-15 10:55:56,080 INFO     [ApplyLabel] Applying label to zone A (zone_number=1, depth=0.0204)
2026-04-15 10:55:56,080 INFO     [compute_label_joints] Requesting label pose for zone 1, item_depth=0.0204
2026-04-15 10:55:56,262 INFO     [Service] /compute_grasps → success=True msg='Published 1 PnP poses.'
2026-04-15 10:55:56,262 INFO     [FetchInput] Grasp pose received: x=0.0539 y=-0.5768 z=0.0203
2026-04-15 10:55:56,277 INFO     [IK] Arm? compute_pick_joints attempt 1/10 OK — target=([ 0.0539 -0.5768  0.0203]) pre=[-0.56    0.3294 -0.9674 -2.0512  0.3394  2.2144 -0.9247] final=[-0.9853  0.6534 -0.4665 -2.0596  0.5499  2.5909 -1.0616]
2026-04-15 10:55:56,278 INFO     [FetchInput] IK pre_joints:   [-0.56    0.3294 -0.9674 -2.0512  0.3394  2.2144 -0.9247]
2026-04-15 10:55:56,278 INFO     [FetchInput] IK final_joints: [-0.9853  0.6534 -0.4665 -2.0596  0.5499  2.5909 -1.0616]
2026-04-15 10:55:56,278 INFO     [FetchInput] Moving to pre-pick
2026-04-15 10:55:57,673 INFO     [Service] /compute_grasps_labelling → success=True msg='Zone1=OK, Zone2=FAIL'
2026-04-15 10:55:57,674 INFO     [compute_label_joints] Zone 1 received pose: x=0.4692 y=0.2254 z=0.0204  RPY r=180.00 p=0.00 y=94.05 deg  yaw=1.6415 rad
2026-04-15 10:55:59,483 INFO     [FetchInput] Descending to pick
2026-04-15 10:56:08,590 WARNING  [Main] Shutting down: turning off both vacuums
2026-04-15 10:56:08,592 INFO     [Main] Total items placed at output: 0
2026-04-15 10:56:08,596 INFO     [Service] /orio/pnp_cup/off → success=True msg='PnP Cup OFF command sent'
2026-04-15 10:56:08,598 INFO     [Service] /orio/lbl_cup/off → success=True msg='Labelling Cup OFF command sent'
