2026-04-15 15:15:56,218 INFO     [Logger] File log started: /home/ros_ws/src/devel_packages/orio/logs/orio_run_20260415_151556.log
2026-04-15 15:15:56,218 INFO     [Main] Node started. Log file: /home/ros_ws/src/devel_packages/orio/logs/orio_run_20260415_151556.log
2026-04-15 15:15:56,218 INFO     [Hardware] Initializing Robot Hardware...
2026-04-15 15:15:56,703 INFO     [Hardware] Resetting both arms to home joints
2026-04-15 15:16:07,060 INFO     [Hardware] Poses loaded from joint_angles.json
2026-04-15 15:16:07,065 INFO     [Hardware] Initialization complete
2026-04-15 15:16:07,071 INFO     [Main] Starting state machine execution
2026-04-15 15:16:07,073 DEBUG    [TaskSelector] Evaluating zone states: {'A': 'EMPTY', 'B': 'EMPTY'}  busy: {'A': False, 'B': False}
2026-04-15 15:16:07,074 INFO     [TaskSelector] → do_load (zone A empty)
2026-04-15 15:16:07,074 INFO     [GetLabel] Entering state
2026-04-15 15:16:07,076 INFO     [FetchInput] Entering state
2026-04-15 15:16:08,148 INFO     [Service] /compute_grasps → success=False msg='GroundingDINO found 0 objects.'
2026-04-15 15:16:08,148 ERROR    [FetchInput] /compute_grasps service failed → exiting: failed
2026-04-15 15:16:08,150 DEBUG    [TaskSelector] Evaluating zone states: {'A': 'EMPTY', 'B': 'EMPTY'}  busy: {'A': False, 'B': False}
2026-04-15 15:16:08,150 INFO     [TaskSelector] → do_load (zone A empty)
2026-04-15 15:16:08,151 INFO     [FetchInput] Entering state
2026-04-15 15:16:08,769 INFO     [Service] /compute_grasps → success=True msg='Published 1 PnP poses.'
2026-04-15 15:16:08,770 INFO     [FetchInput] Grasp pose received: x=0.3494 y=-0.5995 z=0.1066
2026-04-15 15:16:08,770 INFO     [IK] compute_pick_joints called — task_pos=[ 0.3494 -0.5995  0.1066] label_zone=None max_attempts=10 check_collisions=False arm_number=None
2026-04-15 15:16:08,788 INFO     [IK] Arm? compute_pick_joints attempt 1/10 OK — target=([ 0.3494 -0.5995  0.1066]) pre=[-0.4151  0.712  -0.8134 -1.5412  0.5525  2.0112 -0.5618] final=[-0.5336  0.7994 -0.6269 -1.5866  0.5488  2.2037 -0.5629] (FK err pre=0.0000 m final=0.0000 m)
2026-04-15 15:16:08,789 INFO     [FetchInput] IK pre_joints:   [-0.4151  0.712  -0.8134 -1.5412  0.5525  2.0112 -0.5618]
2026-04-15 15:16:08,790 INFO     [FetchInput] IK final_joints: [-0.5336  0.7994 -0.6269 -1.5866  0.5488  2.2037 -0.5629]
2026-04-15 15:16:08,790 INFO     [FetchInput] Moving to pre-pick
2026-04-15 15:16:12,246 INFO     [FetchInput] Descending to pick
2026-04-15 15:16:14,452 INFO     [Service] /orio/pnp_cup/on → success=True msg='PnP Cup ON command sent'
2026-04-15 15:16:15,453 INFO     [FetchInput] Retracting to pre-pick height
2026-04-15 15:16:17,289 INFO     [Service] /orio/lbl_cup/on → success=True msg='Labelling Cup ON command sent'
2026-04-15 15:16:17,658 INFO     [FetchInput] Exiting: succeeded (item_depth=0.1066)
2026-04-15 15:16:17,660 INFO     [DropToZone] Entering state (item_depth=0.1066)
2026-04-15 15:16:17,660 INFO     [DropToZone] Targeting zone A
2026-04-15 15:16:17,669 INFO     [IK] pose_to_joints 'L1_INTER' depth_offset=0.1066 → joints=[-0.2647 -0.4127 -0.3172 -2.3544 -0.1355  1.9569  0.2799]
2026-04-15 15:16:17,680 INFO     [IK] pose_to_joints 'LABEL_ZONE_1' depth_offset=0.1166 → joints=[-0.2311  1.0691 -0.1773 -0.8982  0.1677  1.9556  0.4049]
2026-04-15 15:16:17,681 INFO     [DropToZone] place_joints for LABEL_ZONE_1: [-0.2311  1.0691 -0.1773 -0.8982  0.1677  1.9556  0.4049]
2026-04-15 15:16:20,787 INFO     [IK] pose_to_joints 'LABELLING_SAFE' depth_offset=0.0000 → joints=[-0.065  -1.2718  0.0356 -2.707   0.0343  1.4354  0.7355]
2026-04-15 15:16:23,992 INFO     [GetLabel] Exiting: succeeded
2026-04-15 15:16:23,996 INFO     [ApplyLabel] Entering state (zones: {'A': 'EMPTY', 'B': 'EMPTY'}  busy: {'A': True, 'B': False})
2026-04-15 15:16:23,996 DEBUG    [ApplyLabel] No zone needs label → wait
2026-04-15 15:16:24,498 INFO     [ApplyLabel] Entering state (zones: {'A': 'EMPTY', 'B': 'EMPTY'}  busy: {'A': True, 'B': False})
2026-04-15 15:16:24,499 DEBUG    [ApplyLabel] No zone needs label → wait
2026-04-15 15:16:24,520 INFO     [Service] /orio/pnp_cup/off → success=True msg='PnP Cup OFF command sent'
2026-04-15 15:16:25,003 INFO     [ApplyLabel] Entering state (zones: {'A': 'EMPTY', 'B': 'EMPTY'}  busy: {'A': True, 'B': False})
2026-04-15 15:16:25,003 DEBUG    [ApplyLabel] No zone needs label → wait
2026-04-15 15:16:25,505 INFO     [ApplyLabel] Entering state (zones: {'A': 'EMPTY', 'B': 'EMPTY'}  busy: {'A': True, 'B': False})
2026-04-15 15:16:25,505 DEBUG    [ApplyLabel] No zone needs label → wait
2026-04-15 15:16:26,008 INFO     [ApplyLabel] Entering state (zones: {'A': 'EMPTY', 'B': 'EMPTY'}  busy: {'A': True, 'B': False})
2026-04-15 15:16:26,008 DEBUG    [ApplyLabel] No zone needs label → wait
2026-04-15 15:16:26,510 INFO     [ApplyLabel] Entering state (zones: {'A': 'EMPTY', 'B': 'EMPTY'}  busy: {'A': True, 'B': False})
2026-04-15 15:16:26,510 DEBUG    [ApplyLabel] No zone needs label → wait
2026-04-15 15:16:27,013 INFO     [ApplyLabel] Entering state (zones: {'A': 'EMPTY', 'B': 'EMPTY'}  busy: {'A': True, 'B': False})
2026-04-15 15:16:27,013 DEBUG    [ApplyLabel] No zone needs label → wait
2026-04-15 15:16:27,515 INFO     [ApplyLabel] Entering state (zones: {'A': 'EMPTY', 'B': 'EMPTY'}  busy: {'A': True, 'B': False})
2026-04-15 15:16:27,515 DEBUG    [ApplyLabel] No zone needs label → wait
2026-04-15 15:16:27,999 INFO     [ZoneManager] Zone A: EMPTY → NEEDS_LABEL
2026-04-15 15:16:27,999 INFO     [DropToZone] Exiting: dropped (zone A)
2026-04-15 15:16:28,000 DEBUG    [TaskSelector] Evaluating zone states: {'A': 'NEEDS_LABEL', 'B': 'EMPTY'}  busy: {'A': False, 'B': False}
2026-04-15 15:16:28,001 INFO     [TaskSelector] → do_load (zone B empty)
2026-04-15 15:16:28,001 INFO     [FetchInput] Entering state
2026-04-15 15:16:28,021 INFO     [ApplyLabel] Entering state (zones: {'A': 'NEEDS_LABEL', 'B': 'EMPTY'}  busy: {'A': False, 'B': False})
2026-04-15 15:16:28,022 INFO     [ApplyLabel] Applying label to zone A (zone_number=1, depth=0.1066)
2026-04-15 15:16:28,022 INFO     [compute_label_joints] Requesting label pose for zone 1, item_depth=0.1091
2026-04-15 15:16:28,248 INFO     [Service] /compute_grasps → success=False msg='GroundingDINO found 0 objects.'
2026-04-15 15:16:28,248 ERROR    [FetchInput] /compute_grasps service failed → exiting: failed
2026-04-15 15:16:28,250 DEBUG    [TaskSelector] Evaluating zone states: {'A': 'NEEDS_LABEL', 'B': 'EMPTY'}  busy: {'A': True, 'B': False}
2026-04-15 15:16:28,250 INFO     [TaskSelector] → do_load (zone B empty)
2026-04-15 15:16:28,250 INFO     [FetchInput] Entering state
2026-04-15 15:16:28,498 INFO     [Service] /compute_grasps_labelling → success=False msg='GroundingDINO found 0 objects.'
2026-04-15 15:16:28,840 INFO     [Service] /compute_grasps → success=True msg='Published 1 PnP poses.'
2026-04-15 15:16:28,841 INFO     [FetchInput] Grasp pose received: x=0.3547 y=-0.6006 z=0.0879
2026-04-15 15:16:28,841 INFO     [IK] compute_pick_joints called — task_pos=[ 0.3547 -0.6006  0.0879] label_zone=None max_attempts=10 check_collisions=False arm_number=None
2026-04-15 15:16:28,853 INFO     [IK] Arm? compute_pick_joints attempt 1/10 OK — target=([ 0.3547 -0.6006  0.0879]) pre=[-0.4316  0.7389 -0.7847 -1.5367  0.5624  2.0388 -0.559 ] final=[-0.5595  0.8308 -0.5889 -1.5671  0.5451  2.2289 -0.5524] (FK err pre=0.0000 m final=0.0000 m)
2026-04-15 15:16:28,853 INFO     [FetchInput] IK pre_joints:   [-0.4316  0.7389 -0.7847 -1.5367  0.5624  2.0388 -0.559 ]
2026-04-15 15:16:28,854 INFO     [FetchInput] IK final_joints: [-0.5595  0.8308 -0.5889 -1.5671  0.5451  2.2289 -0.5524]
2026-04-15 15:16:28,854 INFO     [FetchInput] Moving to pre-pick
2026-04-15 15:16:32,261 INFO     [FetchInput] Descending to pick
2026-04-15 15:16:34,469 INFO     [Service] /orio/pnp_cup/on → success=True msg='PnP Cup ON command sent'
2026-04-15 15:16:35,470 INFO     [FetchInput] Retracting to pre-pick height
2026-04-15 15:16:37,677 INFO     [FetchInput] Exiting: succeeded (item_depth=0.0879)
2026-04-15 15:16:37,681 INFO     [DropToZone] Entering state (item_depth=0.0879)
2026-04-15 15:16:37,681 INFO     [DropToZone] Targeting zone B
2026-04-15 15:16:37,690 INFO     [IK] pose_to_joints 'L1_INTER' depth_offset=0.0879 → joints=[-0.2714 -0.3991 -0.3177 -2.3919 -0.1343  2.0074  0.2769]
2026-04-15 15:16:37,698 INFO     [IK] pose_to_joints 'L2_INTER' depth_offset=0.0879 → joints=[ 0.0962 -0.4279  0.4744 -2.3891  0.2095  1.9953  1.2313]
2026-04-15 15:16:37,707 INFO     [IK] pose_to_joints 'LABEL_ZONE_2' depth_offset=0.0979 → joints=[ 0.3274  1.0875 -0.011  -0.9013  0.0107  1.9888  1.1034]
2026-04-15 15:16:37,708 INFO     [DropToZone] place_joints for LABEL_ZONE_2: [ 0.3274  1.0875 -0.011  -0.9013  0.0107  1.9888  1.1034]
2026-04-15 15:16:46,145 INFO     [Service] /orio/pnp_cup/off → success=True msg='PnP Cup OFF command sent'
2026-04-15 15:16:49,620 INFO     [ZoneManager] Zone B: EMPTY → NEEDS_LABEL
2026-04-15 15:16:49,621 INFO     [DropToZone] Exiting: dropped (zone B)
2026-04-15 15:16:49,625 DEBUG    [TaskSelector] Evaluating zone states: {'A': 'NEEDS_LABEL', 'B': 'NEEDS_LABEL'}  busy: {'A': True, 'B': False}
2026-04-15 15:16:49,625 DEBUG    [TaskSelector] → wait (no actionable zones)
2026-04-15 15:16:50,129 DEBUG    [TaskSelector] Evaluating zone states: {'A': 'NEEDS_LABEL', 'B': 'NEEDS_LABEL'}  busy: {'A': True, 'B': False}
2026-04-15 15:16:50,129 DEBUG    [TaskSelector] → wait (no actionable zones)
2026-04-15 15:16:50,632 DEBUG    [TaskSelector] Evaluating zone states: {'A': 'NEEDS_LABEL', 'B': 'NEEDS_LABEL'}  busy: {'A': True, 'B': False}
2026-04-15 15:16:50,632 DEBUG    [TaskSelector] → wait (no actionable zones)
2026-04-15 15:16:51,136 DEBUG    [TaskSelector] Evaluating zone states: {'A': 'NEEDS_LABEL', 'B': 'NEEDS_LABEL'}  busy: {'A': True, 'B': False}
2026-04-15 15:16:51,136 DEBUG    [TaskSelector] → wait (no actionable zones)
2026-04-15 15:16:51,641 DEBUG    [TaskSelector] Evaluating zone states: {'A': 'NEEDS_LABEL', 'B': 'NEEDS_LABEL'}  busy: {'A': True, 'B': False}
2026-04-15 15:16:51,641 DEBUG    [TaskSelector] → wait (no actionable zones)
2026-04-15 15:16:52,144 DEBUG    [TaskSelector] Evaluating zone states: {'A': 'NEEDS_LABEL', 'B': 'NEEDS_LABEL'}  busy: {'A': True, 'B': False}
2026-04-15 15:16:52,144 DEBUG    [TaskSelector] → wait (no actionable zones)
2026-04-15 15:16:52,648 DEBUG    [TaskSelector] Evaluating zone states: {'A': 'NEEDS_LABEL', 'B': 'NEEDS_LABEL'}  busy: {'A': True, 'B': False}
2026-04-15 15:16:52,648 DEBUG    [TaskSelector] → wait (no actionable zones)
2026-04-15 15:16:53,154 DEBUG    [TaskSelector] Evaluating zone states: {'A': 'NEEDS_LABEL', 'B': 'NEEDS_LABEL'}  busy: {'A': True, 'B': False}
2026-04-15 15:16:53,154 DEBUG    [TaskSelector] → wait (no actionable zones)
2026-04-15 15:16:53,657 DEBUG    [TaskSelector] Evaluating zone states: {'A': 'NEEDS_LABEL', 'B': 'NEEDS_LABEL'}  busy: {'A': True, 'B': False}
2026-04-15 15:16:53,657 DEBUG    [TaskSelector] → wait (no actionable zones)
2026-04-15 15:16:54,161 DEBUG    [TaskSelector] Evaluating zone states: {'A': 'NEEDS_LABEL', 'B': 'NEEDS_LABEL'}  busy: {'A': True, 'B': False}
2026-04-15 15:16:54,161 DEBUG    [TaskSelector] → wait (no actionable zones)
2026-04-15 15:16:54,663 DEBUG    [TaskSelector] Evaluating zone states: {'A': 'NEEDS_LABEL', 'B': 'NEEDS_LABEL'}  busy: {'A': True, 'B': False}
2026-04-15 15:16:54,663 DEBUG    [TaskSelector] → wait (no actionable zones)
2026-04-15 15:16:55,167 DEBUG    [TaskSelector] Evaluating zone states: {'A': 'NEEDS_LABEL', 'B': 'NEEDS_LABEL'}  busy: {'A': True, 'B': False}
2026-04-15 15:16:55,167 DEBUG    [TaskSelector] → wait (no actionable zones)
2026-04-15 15:16:55,674 DEBUG    [TaskSelector] Evaluating zone states: {'A': 'NEEDS_LABEL', 'B': 'NEEDS_LABEL'}  busy: {'A': True, 'B': False}
2026-04-15 15:16:55,674 DEBUG    [TaskSelector] → wait (no actionable zones)
2026-04-15 15:16:56,178 DEBUG    [TaskSelector] Evaluating zone states: {'A': 'NEEDS_LABEL', 'B': 'NEEDS_LABEL'}  busy: {'A': True, 'B': False}
2026-04-15 15:16:56,178 DEBUG    [TaskSelector] → wait (no actionable zones)
2026-04-15 15:16:56,681 DEBUG    [TaskSelector] Evaluating zone states: {'A': 'NEEDS_LABEL', 'B': 'NEEDS_LABEL'}  busy: {'A': True, 'B': False}
2026-04-15 15:16:56,681 DEBUG    [TaskSelector] → wait (no actionable zones)
2026-04-15 15:16:57,184 DEBUG    [TaskSelector] Evaluating zone states: {'A': 'NEEDS_LABEL', 'B': 'NEEDS_LABEL'}  busy: {'A': True, 'B': False}
2026-04-15 15:16:57,184 DEBUG    [TaskSelector] → wait (no actionable zones)
2026-04-15 15:16:57,687 DEBUG    [TaskSelector] Evaluating zone states: {'A': 'NEEDS_LABEL', 'B': 'NEEDS_LABEL'}  busy: {'A': True, 'B': False}
2026-04-15 15:16:57,688 DEBUG    [TaskSelector] → wait (no actionable zones)
2026-04-15 15:16:58,195 DEBUG    [TaskSelector] Evaluating zone states: {'A': 'NEEDS_LABEL', 'B': 'NEEDS_LABEL'}  busy: {'A': True, 'B': False}
2026-04-15 15:16:58,195 DEBUG    [TaskSelector] → wait (no actionable zones)
2026-04-15 15:16:58,698 DEBUG    [TaskSelector] Evaluating zone states: {'A': 'NEEDS_LABEL', 'B': 'NEEDS_LABEL'}  busy: {'A': True, 'B': False}
2026-04-15 15:16:58,698 DEBUG    [TaskSelector] → wait (no actionable zones)
2026-04-15 15:16:59,202 DEBUG    [TaskSelector] Evaluating zone states: {'A': 'NEEDS_LABEL', 'B': 'NEEDS_LABEL'}  busy: {'A': True, 'B': False}
2026-04-15 15:16:59,202 DEBUG    [TaskSelector] → wait (no actionable zones)
2026-04-15 15:16:59,705 DEBUG    [TaskSelector] Evaluating zone states: {'A': 'NEEDS_LABEL', 'B': 'NEEDS_LABEL'}  busy: {'A': True, 'B': False}
2026-04-15 15:16:59,705 DEBUG    [TaskSelector] → wait (no actionable zones)
2026-04-15 15:17:00,003 WARNING  [Main] Shutting down: turning off both vacuums
2026-04-15 15:17:00,003 INFO     [Main] Total items placed at output: 0
2026-04-15 15:17:00,007 INFO     [Service] /orio/pnp_cup/off → success=True msg='PnP Cup OFF command sent'
2026-04-15 15:17:00,008 INFO     [Service] /orio/lbl_cup/off → success=True msg='Labelling Cup OFF command sent'
