2026-04-15 16:46:12,267 INFO     [Logger] File log started: /home/ros_ws/src/devel_packages/orio/logs/orio_run_20260415_164612.log
2026-04-15 16:46:12,267 INFO     [Main] Node started. Log file: /home/ros_ws/src/devel_packages/orio/logs/orio_run_20260415_164612.log
2026-04-15 16:46:16,902 INFO     [Main] Operator input — item='jhzvsudvbSI'  expiry='dthe'
2026-04-15 16:46:16,902 INFO     [Hardware] Initializing Robot Hardware...
2026-04-15 16:46:17,384 INFO     [Hardware] Resetting both arms to home joints
2026-04-15 16:46:23,046 INFO     [Hardware] Poses loaded from joint_angles.json
2026-04-15 16:46:23,052 INFO     [Hardware] Initialization complete
2026-04-15 16:46:23,058 INFO     [Main] Starting state machine execution
2026-04-15 16:46:23,063 DEBUG    [TaskSelector] Evaluating zone states: {'A': 'EMPTY', 'B': 'EMPTY'}  busy: {'A': False, 'B': False}
2026-04-15 16:46:23,063 INFO     [TaskSelector] → do_load (zone A empty)
2026-04-15 16:46:23,063 INFO     [GetLabel] Entering state
2026-04-15 16:46:23,064 INFO     [FetchInput] Entering state
2026-04-15 16:46:23,646 INFO     [Service] /compute_grasps → success=True msg='Published 2 PnP poses.'
2026-04-15 16:46:23,646 ERROR    [FetchInput] Grasp pose (x=-0.0124 y=-0.6630 z=0.0225) outside safe bounds {'x_min': 0.0, 'x_max': 0.55, 'y_min': -0.8, 'y_max': -0.1, 'z_min': 0.0, 'z_max': 0.5} — aborting
2026-04-15 16:46:23,648 DEBUG    [TaskSelector] Evaluating zone states: {'A': 'EMPTY', 'B': 'EMPTY'}  busy: {'A': False, 'B': False}
2026-04-15 16:46:23,648 INFO     [TaskSelector] → do_load (zone A empty)
2026-04-15 16:46:23,650 INFO     [FetchInput] Entering state
2026-04-15 16:46:24,244 INFO     [Service] /compute_grasps → success=True msg='Published 2 PnP poses.'
2026-04-15 16:46:24,244 ERROR    [FetchInput] Grasp pose (x=-0.0127 y=-0.6635 z=0.0226) outside safe bounds {'x_min': 0.0, 'x_max': 0.55, 'y_min': -0.8, 'y_max': -0.1, 'z_min': 0.0, 'z_max': 0.5} — aborting
2026-04-15 16:46:24,246 DEBUG    [TaskSelector] Evaluating zone states: {'A': 'EMPTY', 'B': 'EMPTY'}  busy: {'A': False, 'B': False}
2026-04-15 16:46:24,246 INFO     [TaskSelector] → do_load (zone A empty)
2026-04-15 16:46:24,247 INFO     [FetchInput] Entering state
2026-04-15 16:46:24,853 INFO     [Service] /compute_grasps → success=True msg='Published 2 PnP poses.'
2026-04-15 16:46:24,853 ERROR    [FetchInput] Grasp pose (x=-0.0124 y=-0.6634 z=0.0226) outside safe bounds {'x_min': 0.0, 'x_max': 0.55, 'y_min': -0.8, 'y_max': -0.1, 'z_min': 0.0, 'z_max': 0.5} — aborting
2026-04-15 16:46:24,854 DEBUG    [TaskSelector] Evaluating zone states: {'A': 'EMPTY', 'B': 'EMPTY'}  busy: {'A': False, 'B': False}
2026-04-15 16:46:24,854 INFO     [TaskSelector] → do_load (zone A empty)
2026-04-15 16:46:24,855 INFO     [FetchInput] Entering state
2026-04-15 16:46:25,453 INFO     [Service] /compute_grasps → success=True msg='Published 2 PnP poses.'
2026-04-15 16:46:25,454 ERROR    [FetchInput] Grasp pose (x=-0.0124 y=-0.6628 z=0.0225) outside safe bounds {'x_min': 0.0, 'x_max': 0.55, 'y_min': -0.8, 'y_max': -0.1, 'z_min': 0.0, 'z_max': 0.5} — aborting
2026-04-15 16:46:25,455 DEBUG    [TaskSelector] Evaluating zone states: {'A': 'EMPTY', 'B': 'EMPTY'}  busy: {'A': False, 'B': False}
2026-04-15 16:46:25,455 INFO     [TaskSelector] → do_load (zone A empty)
2026-04-15 16:46:25,455 INFO     [FetchInput] Entering state
2026-04-15 16:46:26,065 INFO     [Service] /compute_grasps → success=True msg='Published 2 PnP poses.'
2026-04-15 16:46:26,066 ERROR    [FetchInput] Grasp pose (x=-0.0124 y=-0.6624 z=0.0224) outside safe bounds {'x_min': 0.0, 'x_max': 0.55, 'y_min': -0.8, 'y_max': -0.1, 'z_min': 0.0, 'z_max': 0.5} — aborting
2026-04-15 16:46:26,069 DEBUG    [TaskSelector] Evaluating zone states: {'A': 'EMPTY', 'B': 'EMPTY'}  busy: {'A': False, 'B': False}
2026-04-15 16:46:26,069 INFO     [TaskSelector] → do_load (zone A empty)
2026-04-15 16:46:26,071 INFO     [FetchInput] Entering state
2026-04-15 16:46:26,667 INFO     [Service] /compute_grasps → success=True msg='Published 2 PnP poses.'
2026-04-15 16:46:26,668 ERROR    [FetchInput] Grasp pose (x=-0.0122 y=-0.6623 z=0.0224) outside safe bounds {'x_min': 0.0, 'x_max': 0.55, 'y_min': -0.8, 'y_max': -0.1, 'z_min': 0.0, 'z_max': 0.5} — aborting
2026-04-15 16:46:26,669 DEBUG    [TaskSelector] Evaluating zone states: {'A': 'EMPTY', 'B': 'EMPTY'}  busy: {'A': False, 'B': False}
2026-04-15 16:46:26,670 INFO     [TaskSelector] → do_load (zone A empty)
2026-04-15 16:46:26,671 INFO     [FetchInput] Entering state
2026-04-15 16:46:27,266 INFO     [Service] /compute_grasps → success=True msg='Published 2 PnP poses.'
2026-04-15 16:46:27,267 ERROR    [FetchInput] Grasp pose (x=-0.0122 y=-0.6623 z=0.0224) outside safe bounds {'x_min': 0.0, 'x_max': 0.55, 'y_min': -0.8, 'y_max': -0.1, 'z_min': 0.0, 'z_max': 0.5} — aborting
2026-04-15 16:46:27,269 DEBUG    [TaskSelector] Evaluating zone states: {'A': 'EMPTY', 'B': 'EMPTY'}  busy: {'A': False, 'B': False}
2026-04-15 16:46:27,269 INFO     [TaskSelector] → do_load (zone A empty)
2026-04-15 16:46:27,270 INFO     [FetchInput] Entering state
2026-04-15 16:46:27,882 INFO     [Service] /compute_grasps → success=True msg='Published 2 PnP poses.'
2026-04-15 16:46:27,882 ERROR    [FetchInput] Grasp pose (x=-0.0126 y=-0.6629 z=0.0225) outside safe bounds {'x_min': 0.0, 'x_max': 0.55, 'y_min': -0.8, 'y_max': -0.1, 'z_min': 0.0, 'z_max': 0.5} — aborting
2026-04-15 16:46:27,884 DEBUG    [TaskSelector] Evaluating zone states: {'A': 'EMPTY', 'B': 'EMPTY'}  busy: {'A': False, 'B': False}
2026-04-15 16:46:27,884 INFO     [TaskSelector] → do_load (zone A empty)
2026-04-15 16:46:27,885 INFO     [FetchInput] Entering state
2026-04-15 16:46:28,479 INFO     [Service] /compute_grasps → success=True msg='Published 2 PnP poses.'
2026-04-15 16:46:28,480 ERROR    [FetchInput] Grasp pose (x=-0.0123 y=-0.6623 z=0.0225) outside safe bounds {'x_min': 0.0, 'x_max': 0.55, 'y_min': -0.8, 'y_max': -0.1, 'z_min': 0.0, 'z_max': 0.5} — aborting
2026-04-15 16:46:28,482 DEBUG    [TaskSelector] Evaluating zone states: {'A': 'EMPTY', 'B': 'EMPTY'}  busy: {'A': False, 'B': False}
2026-04-15 16:46:28,482 INFO     [TaskSelector] → do_load (zone A empty)
2026-04-15 16:46:28,484 INFO     [FetchInput] Entering state
2026-04-15 16:46:29,090 INFO     [Service] /compute_grasps → success=True msg='Published 2 PnP poses.'
2026-04-15 16:46:29,090 ERROR    [FetchInput] Grasp pose (x=-0.0125 y=-0.6625 z=0.0225) outside safe bounds {'x_min': 0.0, 'x_max': 0.55, 'y_min': -0.8, 'y_max': -0.1, 'z_min': 0.0, 'z_max': 0.5} — aborting
2026-04-15 16:46:29,092 DEBUG    [TaskSelector] Evaluating zone states: {'A': 'EMPTY', 'B': 'EMPTY'}  busy: {'A': False, 'B': False}
2026-04-15 16:46:29,092 INFO     [TaskSelector] → do_load (zone A empty)
2026-04-15 16:46:29,093 INFO     [FetchInput] Entering state
2026-04-15 16:46:29,715 INFO     [Service] /compute_grasps → success=True msg='Published 2 PnP poses.'
2026-04-15 16:46:29,715 ERROR    [FetchInput] Grasp pose (x=-0.0118 y=-0.6621 z=0.0225) outside safe bounds {'x_min': 0.0, 'x_max': 0.55, 'y_min': -0.8, 'y_max': -0.1, 'z_min': 0.0, 'z_max': 0.5} — aborting
2026-04-15 16:46:29,718 DEBUG    [TaskSelector] Evaluating zone states: {'A': 'EMPTY', 'B': 'EMPTY'}  busy: {'A': False, 'B': False}
2026-04-15 16:46:29,719 INFO     [TaskSelector] → do_load (zone A empty)
2026-04-15 16:46:29,721 INFO     [FetchInput] Entering state
2026-04-15 16:46:30,354 INFO     [Service] /compute_grasps → success=True msg='Published 2 PnP poses.'
2026-04-15 16:46:30,354 ERROR    [FetchInput] Grasp pose (x=-0.0122 y=-0.6623 z=0.0225) outside safe bounds {'x_min': 0.0, 'x_max': 0.55, 'y_min': -0.8, 'y_max': -0.1, 'z_min': 0.0, 'z_max': 0.5} — aborting
2026-04-15 16:46:30,355 DEBUG    [TaskSelector] Evaluating zone states: {'A': 'EMPTY', 'B': 'EMPTY'}  busy: {'A': False, 'B': False}
2026-04-15 16:46:30,355 INFO     [TaskSelector] → do_load (zone A empty)
2026-04-15 16:46:30,356 INFO     [FetchInput] Entering state
2026-04-15 16:46:30,950 INFO     [Service] /compute_grasps → success=True msg='Published 2 PnP poses.'
2026-04-15 16:46:30,950 ERROR    [FetchInput] Grasp pose (x=-0.0124 y=-0.6624 z=0.0225) outside safe bounds {'x_min': 0.0, 'x_max': 0.55, 'y_min': -0.8, 'y_max': -0.1, 'z_min': 0.0, 'z_max': 0.5} — aborting
2026-04-15 16:46:30,952 DEBUG    [TaskSelector] Evaluating zone states: {'A': 'EMPTY', 'B': 'EMPTY'}  busy: {'A': False, 'B': False}
2026-04-15 16:46:30,953 INFO     [TaskSelector] → do_load (zone A empty)
2026-04-15 16:46:30,954 INFO     [FetchInput] Entering state
2026-04-15 16:46:31,563 INFO     [Service] /compute_grasps → success=True msg='Published 2 PnP poses.'
2026-04-15 16:46:31,563 ERROR    [FetchInput] Grasp pose (x=-0.0127 y=-0.6636 z=0.0226) outside safe bounds {'x_min': 0.0, 'x_max': 0.55, 'y_min': -0.8, 'y_max': -0.1, 'z_min': 0.0, 'z_max': 0.5} — aborting
2026-04-15 16:46:31,566 DEBUG    [TaskSelector] Evaluating zone states: {'A': 'EMPTY', 'B': 'EMPTY'}  busy: {'A': False, 'B': False}
2026-04-15 16:46:31,566 INFO     [TaskSelector] → do_load (zone A empty)
2026-04-15 16:46:31,567 INFO     [FetchInput] Entering state
2026-04-15 16:46:32,170 INFO     [Service] /compute_grasps → success=True msg='Published 2 PnP poses.'
2026-04-15 16:46:32,170 ERROR    [FetchInput] Grasp pose (x=-0.0122 y=-0.6625 z=0.0225) outside safe bounds {'x_min': 0.0, 'x_max': 0.55, 'y_min': -0.8, 'y_max': -0.1, 'z_min': 0.0, 'z_max': 0.5} — aborting
2026-04-15 16:46:32,172 DEBUG    [TaskSelector] Evaluating zone states: {'A': 'EMPTY', 'B': 'EMPTY'}  busy: {'A': False, 'B': False}
2026-04-15 16:46:32,172 INFO     [TaskSelector] → do_load (zone A empty)
2026-04-15 16:46:32,173 INFO     [FetchInput] Entering state
2026-04-15 16:46:32,765 INFO     [Service] /compute_grasps → success=True msg='Published 2 PnP poses.'
2026-04-15 16:46:32,766 ERROR    [FetchInput] Grasp pose (x=-0.0118 y=-0.6627 z=0.0226) outside safe bounds {'x_min': 0.0, 'x_max': 0.55, 'y_min': -0.8, 'y_max': -0.1, 'z_min': 0.0, 'z_max': 0.5} — aborting
2026-04-15 16:46:32,767 DEBUG    [TaskSelector] Evaluating zone states: {'A': 'EMPTY', 'B': 'EMPTY'}  busy: {'A': False, 'B': False}
2026-04-15 16:46:32,768 INFO     [TaskSelector] → do_load (zone A empty)
2026-04-15 16:46:32,769 INFO     [FetchInput] Entering state
2026-04-15 16:46:33,380 INFO     [Service] /orio/lbl_cup/on → success=True msg='Labelling Cup ON command sent'
2026-04-15 16:46:33,566 INFO     [Service] /compute_grasps → success=True msg='Published 2 PnP poses.'
2026-04-15 16:46:33,566 ERROR    [FetchInput] Grasp pose (x=-0.0124 y=-0.6632 z=0.0226) outside safe bounds {'x_min': 0.0, 'x_max': 0.55, 'y_min': -0.8, 'y_max': -0.1, 'z_min': 0.0, 'z_max': 0.5} — aborting
2026-04-15 16:46:33,567 DEBUG    [TaskSelector] Evaluating zone states: {'A': 'EMPTY', 'B': 'EMPTY'}  busy: {'A': False, 'B': False}
2026-04-15 16:46:33,567 INFO     [TaskSelector] → do_load (zone A empty)
2026-04-15 16:46:33,568 INFO     [FetchInput] Entering state
2026-04-15 16:46:34,166 INFO     [Service] /compute_grasps → success=True msg='Published 2 PnP poses.'
2026-04-15 16:46:34,166 ERROR    [FetchInput] Grasp pose (x=-0.0124 y=-0.6630 z=0.0225) outside safe bounds {'x_min': 0.0, 'x_max': 0.55, 'y_min': -0.8, 'y_max': -0.1, 'z_min': 0.0, 'z_max': 0.5} — aborting
2026-04-15 16:46:34,167 DEBUG    [TaskSelector] Evaluating zone states: {'A': 'EMPTY', 'B': 'EMPTY'}  busy: {'A': False, 'B': False}
2026-04-15 16:46:34,167 INFO     [TaskSelector] → do_load (zone A empty)
2026-04-15 16:46:34,168 INFO     [FetchInput] Entering state
2026-04-15 16:46:34,723 INFO     [Service] /compute_grasps → success=True msg='Published 2 PnP poses.'
2026-04-15 16:46:34,723 ERROR    [FetchInput] Grasp pose (x=-0.0123 y=-0.6629 z=0.0225) outside safe bounds {'x_min': 0.0, 'x_max': 0.55, 'y_min': -0.8, 'y_max': -0.1, 'z_min': 0.0, 'z_max': 0.5} — aborting
2026-04-15 16:46:34,724 DEBUG    [TaskSelector] Evaluating zone states: {'A': 'EMPTY', 'B': 'EMPTY'}  busy: {'A': False, 'B': False}
2026-04-15 16:46:34,724 INFO     [TaskSelector] → do_load (zone A empty)
2026-04-15 16:46:34,726 INFO     [FetchInput] Entering state
2026-04-15 16:46:35,316 INFO     [Service] /compute_grasps → success=True msg='Published 2 PnP poses.'
2026-04-15 16:46:35,316 ERROR    [FetchInput] Grasp pose (x=-0.0113 y=-0.6625 z=0.0225) outside safe bounds {'x_min': 0.0, 'x_max': 0.55, 'y_min': -0.8, 'y_max': -0.1, 'z_min': 0.0, 'z_max': 0.5} — aborting
2026-04-15 16:46:35,318 DEBUG    [TaskSelector] Evaluating zone states: {'A': 'EMPTY', 'B': 'EMPTY'}  busy: {'A': False, 'B': False}
2026-04-15 16:46:35,318 INFO     [TaskSelector] → do_load (zone A empty)
2026-04-15 16:46:35,319 INFO     [FetchInput] Entering state
2026-04-15 16:46:35,926 INFO     [Service] /compute_grasps → success=True msg='Published 2 PnP poses.'
2026-04-15 16:46:35,926 ERROR    [FetchInput] Grasp pose (x=-0.0117 y=-0.6626 z=0.0224) outside safe bounds {'x_min': 0.0, 'x_max': 0.55, 'y_min': -0.8, 'y_max': -0.1, 'z_min': 0.0, 'z_max': 0.5} — aborting
2026-04-15 16:46:35,931 DEBUG    [TaskSelector] Evaluating zone states: {'A': 'EMPTY', 'B': 'EMPTY'}  busy: {'A': False, 'B': False}
2026-04-15 16:46:35,931 INFO     [TaskSelector] → do_load (zone A empty)
2026-04-15 16:46:35,934 INFO     [FetchInput] Entering state
2026-04-15 16:46:36,525 INFO     [Service] /compute_grasps → success=True msg='Published 2 PnP poses.'
2026-04-15 16:46:36,525 ERROR    [FetchInput] Grasp pose (x=-0.0124 y=-0.6623 z=0.0223) outside safe bounds {'x_min': 0.0, 'x_max': 0.55, 'y_min': -0.8, 'y_max': -0.1, 'z_min': 0.0, 'z_max': 0.5} — aborting
2026-04-15 16:46:36,527 DEBUG    [TaskSelector] Evaluating zone states: {'A': 'EMPTY', 'B': 'EMPTY'}  busy: {'A': False, 'B': False}
2026-04-15 16:46:36,527 INFO     [TaskSelector] → do_load (zone A empty)
2026-04-15 16:46:36,528 INFO     [FetchInput] Entering state
2026-04-15 16:46:36,835 INFO     [IK] pose_to_joints 'LABELLING_SAFE' depth_offset=0.0000 → joints=[-0.065  -1.2718  0.0356 -2.707   0.0343  1.4354  0.7355]
2026-04-15 16:46:37,145 INFO     [Service] /compute_grasps → success=True msg='Published 2 PnP poses.'
2026-04-15 16:46:37,146 ERROR    [FetchInput] Grasp pose (x=-0.0125 y=-0.6625 z=0.0224) outside safe bounds {'x_min': 0.0, 'x_max': 0.55, 'y_min': -0.8, 'y_max': -0.1, 'z_min': 0.0, 'z_max': 0.5} — aborting
2026-04-15 16:46:37,150 DEBUG    [TaskSelector] Evaluating zone states: {'A': 'EMPTY', 'B': 'EMPTY'}  busy: {'A': False, 'B': False}
2026-04-15 16:46:37,150 INFO     [TaskSelector] → do_load (zone A empty)
2026-04-15 16:46:37,153 INFO     [FetchInput] Entering state
2026-04-15 16:46:37,776 INFO     [Service] /compute_grasps → success=True msg='Published 2 PnP poses.'
2026-04-15 16:46:37,776 ERROR    [FetchInput] Grasp pose (x=-0.0122 y=-0.6622 z=0.0223) outside safe bounds {'x_min': 0.0, 'x_max': 0.55, 'y_min': -0.8, 'y_max': -0.1, 'z_min': 0.0, 'z_max': 0.5} — aborting
2026-04-15 16:46:37,780 DEBUG    [TaskSelector] Evaluating zone states: {'A': 'EMPTY', 'B': 'EMPTY'}  busy: {'A': False, 'B': False}
2026-04-15 16:46:37,781 INFO     [TaskSelector] → do_load (zone A empty)
2026-04-15 16:46:37,783 INFO     [FetchInput] Entering state
2026-04-15 16:46:38,061 WARNING  [Main] Shutting down: turning off both vacuums
2026-04-15 16:46:38,061 INFO     [Main] Total items placed at output: 0
2026-04-15 16:46:38,066 INFO     [Service] /orio/pnp_cup/off → success=True msg='PnP Cup OFF command sent'
2026-04-15 16:46:38,069 INFO     [Service] /orio/lbl_cup/off → success=True msg='Labelling Cup OFF command sent'
