2026-04-15 13:24:15,161 INFO     [Logger] File log started: /home/ros_ws/src/devel_packages/orio/logs/orio_run_20260415_132415.log
2026-04-15 13:24:15,161 INFO     [Main] Node started. Log file: /home/ros_ws/src/devel_packages/orio/logs/orio_run_20260415_132415.log
2026-04-15 13:24:15,161 INFO     [Hardware] Initializing Robot Hardware...
2026-04-15 13:24:15,686 INFO     [Hardware] Resetting both arms to home joints
2026-04-15 13:24:22,070 INFO     [Hardware] Poses loaded from joint_angles.json
2026-04-15 13:24:22,073 INFO     [Hardware] Initialization complete
2026-04-15 13:24:22,078 INFO     [Main] Starting state machine execution
2026-04-15 13:24:22,080 INFO     [GetLabel] Entering state
2026-04-15 13:24:22,082 DEBUG    [TaskSelector] Evaluating zone states: {'A': 'EMPTY', 'B': 'EMPTY'}  busy: {'A': False, 'B': False}
2026-04-15 13:24:22,083 INFO     [TaskSelector] → do_load (zone A empty)
2026-04-15 13:24:22,084 INFO     [FetchInput] Entering state
2026-04-15 13:24:22,622 INFO     [Service] /compute_grasps → success=True msg='Published 2 PnP poses.'
2026-04-15 13:24:22,622 INFO     [FetchInput] Grasp pose received: x=0.0271 y=-0.6381 z=0.0627
2026-04-15 13:24:22,622 INFO     [IK] compute_pick_joints called — task_pos=[ 0.0271 -0.6381  0.0627] label_zone=None max_attempts=10 check_collisions=False arm_number=None
2026-04-15 13:24:22,642 INFO     [IK] Arm? compute_pick_joints attempt 1/10 OK — target=([ 0.0271 -0.6381  0.0627]) pre=[-0.6975  0.5021 -0.9727 -1.7537  0.4552  2.0108 -1.0277] final=[-0.9688  0.7316 -0.6025 -1.8363  0.5833  2.3839 -1.1034] (FK err pre=0.0000 m final=0.0000 m)
2026-04-15 13:24:22,643 INFO     [FetchInput] IK pre_joints:   [-0.6975  0.5021 -0.9727 -1.7537  0.4552  2.0108 -1.0277]
2026-04-15 13:24:22,644 INFO     [FetchInput] IK final_joints: [-0.9688  0.7316 -0.6025 -1.8363  0.5833  2.3839 -1.1034]
2026-04-15 13:24:22,644 INFO     [FetchInput] Moving to pre-pick
2026-04-15 13:24:26,096 INFO     [FetchInput] Descending to pick
2026-04-15 13:24:28,305 INFO     [Service] /orio/pnp_cup/on → success=True msg='PnP Cup ON command sent'
2026-04-15 13:24:29,306 INFO     [FetchInput] Retracting to pre-pick height
2026-04-15 13:24:30,806 INFO     [FetchInput] Exiting: succeeded (item_depth=0.0627)
2026-04-15 13:24:30,807 INFO     [DropToZone] Entering state (item_depth=0.0627)
2026-04-15 13:24:30,807 INFO     [DropToZone] Targeting zone A
2026-04-15 13:24:30,816 INFO     [IK] pose_to_joints 'L1_INTER' depth_offset=0.0627 → joints=[-0.196  -0.432  -0.1677 -2.5014 -0.0798  2.0734  0.4753]
2026-04-15 13:24:30,826 INFO     [IK] pose_to_joints 'LABEL_ZONE_1' depth_offset=0.0727 → joints=[-0.2337  1.1359 -0.1727 -0.8899  0.1734  2.0141  0.4033]
2026-04-15 13:24:30,826 INFO     [DropToZone] place_joints for LABEL_ZONE_1: [-0.2337  1.1359 -0.1727 -0.8899  0.1734  2.0141  0.4033]
2026-04-15 13:24:32,294 INFO     [Service] /orio/lbl_cup/on → success=True msg='Labelling Cup ON command sent'
2026-04-15 13:24:35,733 INFO     [IK] pose_to_joints 'LABELLING_SAFE' depth_offset=0.0000 → joints=[-0.065  -1.2718  0.0356 -2.707   0.0343  1.4354  0.7355]
2026-04-15 13:24:37,450 INFO     [Service] /orio/pnp_cup/off → success=True msg='PnP Cup OFF command sent'
2026-04-15 13:24:38,938 INFO     [GetLabel] Exiting: succeeded
2026-04-15 13:24:38,940 INFO     [ApplyLabel] Entering state (zones: {'A': 'EMPTY', 'B': 'EMPTY'}  busy: {'A': True, 'B': False})
2026-04-15 13:24:38,940 DEBUG    [ApplyLabel] No zone needs label → wait
2026-04-15 13:24:39,442 INFO     [ApplyLabel] Entering state (zones: {'A': 'EMPTY', 'B': 'EMPTY'}  busy: {'A': True, 'B': False})
2026-04-15 13:24:39,442 DEBUG    [ApplyLabel] No zone needs label → wait
2026-04-15 13:24:39,944 INFO     [ApplyLabel] Entering state (zones: {'A': 'EMPTY', 'B': 'EMPTY'}  busy: {'A': True, 'B': False})
2026-04-15 13:24:39,944 DEBUG    [ApplyLabel] No zone needs label → wait
2026-04-15 13:24:40,447 INFO     [ApplyLabel] Entering state (zones: {'A': 'EMPTY', 'B': 'EMPTY'}  busy: {'A': True, 'B': False})
2026-04-15 13:24:40,447 DEBUG    [ApplyLabel] No zone needs label → wait
2026-04-15 13:24:40,931 INFO     [ZoneManager] Zone A: EMPTY → NEEDS_LABEL
2026-04-15 13:24:40,931 INFO     [DropToZone] Exiting: dropped (zone A)
2026-04-15 13:24:40,932 DEBUG    [TaskSelector] Evaluating zone states: {'A': 'NEEDS_LABEL', 'B': 'EMPTY'}  busy: {'A': False, 'B': False}
2026-04-15 13:24:40,932 INFO     [TaskSelector] → do_load (zone B empty)
2026-04-15 13:24:40,933 INFO     [FetchInput] Entering state
2026-04-15 13:24:40,950 INFO     [ApplyLabel] Entering state (zones: {'A': 'NEEDS_LABEL', 'B': 'EMPTY'}  busy: {'A': False, 'B': False})
2026-04-15 13:24:40,950 INFO     [ApplyLabel] Applying label to zone A (zone_number=1, depth=0.0627)
2026-04-15 13:24:40,950 INFO     [compute_label_joints] Requesting label pose for zone 1, item_depth=0.0627
2026-04-15 13:24:41,808 INFO     [Service] /compute_grasps → success=True msg='Published 2 PnP poses.'
2026-04-15 13:24:41,809 ERROR    [FetchInput] Grasp pose (x=-0.0827 y=-0.2963 z=0.0042) outside safe bounds {'x_min': 0.0, 'x_max': 0.55, 'y_min': -0.8, 'y_max': -0.1, 'z_min': 0.0, 'z_max': 0.5} — aborting
2026-04-15 13:24:41,810 DEBUG    [TaskSelector] Evaluating zone states: {'A': 'NEEDS_LABEL', 'B': 'EMPTY'}  busy: {'A': True, 'B': False}
2026-04-15 13:24:41,810 INFO     [TaskSelector] → do_load (zone B empty)
2026-04-15 13:24:41,811 INFO     [FetchInput] Entering state
2026-04-15 13:24:42,445 INFO     [Service] /compute_grasps → success=True msg='Published 2 PnP poses.'
2026-04-15 13:24:42,446 INFO     [FetchInput] Grasp pose received: x=0.2878 y=-0.6212 z=0.0191
2026-04-15 13:24:42,446 INFO     [IK] compute_pick_joints called — task_pos=[ 0.2878 -0.6212  0.0191] label_zone=None max_attempts=10 check_collisions=False arm_number=None
2026-04-15 13:24:42,464 INFO     [IK] Arm? compute_pick_joints attempt 1/10 OK — target=([ 0.2878 -0.6212  0.0191]) pre=[-0.5433  0.6306 -0.7434 -1.5849  0.4619  2.0325 -0.6148] final=[-0.8007  0.87   -0.3868 -1.6115  0.4381  2.3942 -0.6031] (FK err pre=0.0000 m final=0.0000 m)
2026-04-15 13:24:42,465 INFO     [FetchInput] IK pre_joints:   [-0.5433  0.6306 -0.7434 -1.5849  0.4619  2.0325 -0.6148]
2026-04-15 13:24:42,465 INFO     [FetchInput] IK final_joints: [-0.8007  0.87   -0.3868 -1.6115  0.4381  2.3942 -0.6031]
2026-04-15 13:24:42,465 INFO     [FetchInput] Moving to pre-pick
2026-04-15 13:24:42,920 INFO     [Service] /compute_grasps_labelling → success=True msg='Zone1=OK, Zone2=OK'
2026-04-15 13:24:42,921 ERROR    [compute_label_joints] Zone 1 pose (x=-0.5985, y=-0.3470) is outside bounds {'x_min': 0.2, 'x_max': 0.55, 'y_min': -0.6, 'y_max': 0.6}
2026-04-15 13:24:45,881 INFO     [FetchInput] Descending to pick
2026-04-15 13:24:48,087 INFO     [Service] /orio/pnp_cup/on → success=True msg='PnP Cup ON command sent'
2026-04-15 13:24:49,088 INFO     [FetchInput] Retracting to pre-pick height
2026-04-15 13:24:49,667 WARNING  [Main] Shutting down: turning off both vacuums
2026-04-15 13:24:49,667 INFO     [Main] Total items placed at output: 0
2026-04-15 13:24:49,669 INFO     [Service] /orio/pnp_cup/off → success=True msg='PnP Cup OFF command sent'
2026-04-15 13:24:49,671 INFO     [Service] /orio/lbl_cup/off → success=True msg='Labelling Cup OFF command sent'
