2026-04-15 14:06:13,246 INFO     [Logger] File log started: /home/ros_ws/src/devel_packages/orio/logs/orio_run_20260415_140613.log
2026-04-15 14:06:13,246 INFO     [Main] Node started. Log file: /home/ros_ws/src/devel_packages/orio/logs/orio_run_20260415_140613.log
2026-04-15 14:06:13,246 INFO     [Hardware] Initializing Robot Hardware...
2026-04-15 14:06:13,775 INFO     [Hardware] Resetting both arms to home joints
2026-04-15 14:06:24,139 INFO     [Hardware] Poses loaded from joint_angles.json
2026-04-15 14:06:24,144 INFO     [Hardware] Initialization complete
2026-04-15 14:06:24,149 INFO     [Main] Starting state machine execution
2026-04-15 14:06:24,151 DEBUG    [TaskSelector] Evaluating zone states: {'A': 'EMPTY', 'B': 'EMPTY'}  busy: {'A': False, 'B': False}
2026-04-15 14:06:24,151 INFO     [TaskSelector] → do_load (zone A empty)
2026-04-15 14:06:24,151 INFO     [GetLabel] Entering state
2026-04-15 14:06:24,153 INFO     [FetchInput] Entering state
2026-04-15 14:06:24,745 INFO     [Service] /compute_grasps → success=True msg='Published 3 PnP poses.'
2026-04-15 14:06:24,745 INFO     [FetchInput] Grasp pose received: x=0.0659 y=-0.5704 z=0.0237
2026-04-15 14:06:24,746 INFO     [IK] compute_pick_joints called — task_pos=[ 0.0659 -0.5704  0.0237] label_zone=None max_attempts=10 check_collisions=False arm_number=None
2026-04-15 14:06:24,762 INFO     [IK] Arm? compute_pick_joints attempt 1/10 OK — target=([ 0.0659 -0.5704  0.0237]) pre=[-0.5413  0.2947 -0.9576 -2.0698  0.3029  2.2202 -0.8794] final=[-0.9803  0.6277 -0.4478 -2.0841  0.519   2.6034 -1.0216] (FK err pre=0.0000 m final=0.0000 m)
2026-04-15 14:06:24,763 INFO     [FetchInput] IK pre_joints:   [-0.5413  0.2947 -0.9576 -2.0698  0.3029  2.2202 -0.8794]
2026-04-15 14:06:24,763 INFO     [FetchInput] IK final_joints: [-0.9803  0.6277 -0.4478 -2.0841  0.519   2.6034 -1.0216]
2026-04-15 14:06:24,763 INFO     [FetchInput] Moving to pre-pick
2026-04-15 14:06:28,220 INFO     [FetchInput] Descending to pick
2026-04-15 14:06:30,695 INFO     [Service] /orio/pnp_cup/on → success=True msg='PnP Cup ON command sent'
2026-04-15 14:06:31,696 INFO     [FetchInput] Retracting to pre-pick height
2026-04-15 14:06:33,183 INFO     [FetchInput] Exiting: succeeded (item_depth=0.0237)
2026-04-15 14:06:33,184 INFO     [DropToZone] Entering state (item_depth=0.0237)
2026-04-15 14:06:33,184 INFO     [DropToZone] Targeting zone A
2026-04-15 14:06:33,193 INFO     [IK] pose_to_joints 'L1_INTER' depth_offset=0.0237 → joints=[-0.1982 -0.3849 -0.1732 -2.5667 -0.0793  2.1856  0.4722]
2026-04-15 14:06:33,204 INFO     [IK] pose_to_joints 'LABEL_ZONE_1' depth_offset=0.0337 → joints=[-0.2394  1.2124 -0.167  -0.8501  0.1764  2.0515  0.4047]
2026-04-15 14:06:33,205 INFO     [DropToZone] place_joints for LABEL_ZONE_1: [-0.2394  1.2124 -0.167  -0.8501  0.1764  2.0515  0.4047]
2026-04-15 14:06:34,367 INFO     [Service] /orio/lbl_cup/on → success=True msg='Labelling Cup ON command sent'
2026-04-15 14:06:37,858 INFO     [IK] pose_to_joints 'LABELLING_SAFE' depth_offset=0.0000 → joints=[-0.065  -1.2718  0.0356 -2.707   0.0343  1.4354  0.7355]
2026-04-15 14:06:39,816 INFO     [Service] /orio/pnp_cup/off → success=True msg='PnP Cup OFF command sent'
2026-04-15 14:06:41,065 INFO     [GetLabel] Exiting: succeeded
2026-04-15 14:06:41,066 INFO     [ApplyLabel] Entering state (zones: {'A': 'EMPTY', 'B': 'EMPTY'}  busy: {'A': True, 'B': False})
2026-04-15 14:06:41,067 DEBUG    [ApplyLabel] No zone needs label → wait
2026-04-15 14:06:41,568 INFO     [ApplyLabel] Entering state (zones: {'A': 'EMPTY', 'B': 'EMPTY'}  busy: {'A': True, 'B': False})
2026-04-15 14:06:41,568 DEBUG    [ApplyLabel] No zone needs label → wait
2026-04-15 14:06:42,069 INFO     [ApplyLabel] Entering state (zones: {'A': 'EMPTY', 'B': 'EMPTY'}  busy: {'A': True, 'B': False})
2026-04-15 14:06:42,069 DEBUG    [ApplyLabel] No zone needs label → wait
2026-04-15 14:06:42,571 INFO     [ApplyLabel] Entering state (zones: {'A': 'EMPTY', 'B': 'EMPTY'}  busy: {'A': True, 'B': False})
2026-04-15 14:06:42,571 DEBUG    [ApplyLabel] No zone needs label → wait
2026-04-15 14:06:43,073 INFO     [ApplyLabel] Entering state (zones: {'A': 'EMPTY', 'B': 'EMPTY'}  busy: {'A': True, 'B': False})
2026-04-15 14:06:43,073 DEBUG    [ApplyLabel] No zone needs label → wait
2026-04-15 14:06:43,296 INFO     [ZoneManager] Zone A: EMPTY → NEEDS_LABEL
2026-04-15 14:06:43,296 INFO     [DropToZone] Exiting: dropped (zone A)
2026-04-15 14:06:43,298 DEBUG    [TaskSelector] Evaluating zone states: {'A': 'NEEDS_LABEL', 'B': 'EMPTY'}  busy: {'A': False, 'B': False}
2026-04-15 14:06:43,298 INFO     [TaskSelector] → do_load (zone B empty)
2026-04-15 14:06:43,299 INFO     [FetchInput] Entering state
2026-04-15 14:06:43,576 INFO     [ApplyLabel] Entering state (zones: {'A': 'NEEDS_LABEL', 'B': 'EMPTY'}  busy: {'A': False, 'B': False})
2026-04-15 14:06:43,576 INFO     [ApplyLabel] Applying label to zone A (zone_number=1, depth=0.0237)
2026-04-15 14:06:43,576 INFO     [compute_label_joints] Requesting label pose for zone 1, item_depth=0.0237
2026-04-15 14:06:43,891 INFO     [Service] /compute_grasps → success=True msg='Published 2 PnP poses.'
2026-04-15 14:06:43,892 INFO     [FetchInput] Grasp pose received: x=0.3368 y=-0.6038 z=0.0190
2026-04-15 14:06:43,892 INFO     [IK] compute_pick_joints called — task_pos=[ 0.3368 -0.6038  0.019 ] label_zone=None max_attempts=10 check_collisions=False arm_number=None
2026-04-15 14:06:43,910 INFO     [IK] Arm? compute_pick_joints attempt 1/10 OK — target=([ 0.3368 -0.6038  0.019 ]) pre=[-0.4322  0.6851 -0.8127 -1.5446  0.5292  1.9983 -0.5702] final=[-0.678   0.9083 -0.4535 -1.571   0.5119  2.3587 -0.5629] (FK err pre=0.0000 m final=0.0000 m)
2026-04-15 14:06:43,911 INFO     [FetchInput] IK pre_joints:   [-0.4322  0.6851 -0.8127 -1.5446  0.5292  1.9983 -0.5702]
2026-04-15 14:06:43,912 INFO     [FetchInput] IK final_joints: [-0.678   0.9083 -0.4535 -1.571   0.5119  2.3587 -0.5629]
2026-04-15 14:06:43,912 INFO     [FetchInput] Moving to pre-pick
2026-04-15 14:06:45,493 INFO     [Service] /compute_grasps_labelling → success=True msg='Zone1=OK, Zone2=FAIL'
2026-04-15 14:06:45,494 INFO     item_depth=0.0237  X=-0.2033 Y=-0.0539 Z=0.9763  pos(world)=[0.5139 0.2223 0.0037]  task_pos=[0.5139 0.2223 0.0237]  task_ori=[0.9979 0.065  0.     0.    ]
2026-04-15 14:06:45,494 INFO     [compute_label_joints] Zone 1 received pose: x=0.5139 y=0.2223 z=0.0237  RPY r=180.00 p=0.00 y=7.45 deg
2026-04-15 14:06:45,495 INFO     [IK] compute_pick_joints called — task_pos=[0.5139 0.2223 0.0237] label_zone=1 max_attempts=10 check_collisions=True arm_number=2
2026-04-15 14:06:45,516 INFO     Arm2: cached 8 obstacles from '/home/ros_ws/src/devel_packages/orio/obstacles_files/obs_arm2_free.p'
2026-04-15 14:06:45,526 INFO     [IK] Arm2 compute_pick_joints attempt 1/10 OK — target=([0.5139 0.2223 0.0237]) pre=[ 0.1695  0.1391  0.2438 -2.1316 -0.0436  2.2662  1.2243] final=[ 0.4382  0.5343 -0.0272 -2.1616  0.0321  2.6956  1.1713] (FK err pre=0.0000 m final=0.0000 m)
2026-04-15 14:06:45,527 INFO     [ApplyLabel] IK pre_joints=[ 0.1695  0.1391  0.2438 -2.1316 -0.0436  2.2662  1.2243]  final_joints=[ 0.4382  0.5343 -0.0272 -2.1616  0.0321  2.6956  1.1713]
2026-04-15 14:06:47,342 INFO     [FetchInput] Descending to pick
2026-04-15 14:06:49,808 INFO     [Service] /orio/pnp_cup/on → success=True msg='PnP Cup ON command sent'
2026-04-15 14:06:50,808 INFO     [FetchInput] Retracting to pre-pick height
2026-04-15 14:06:52,293 INFO     [FetchInput] Exiting: succeeded (item_depth=0.0190)
2026-04-15 14:06:52,295 INFO     [DropToZone] Entering state (item_depth=0.0190)
2026-04-15 14:06:52,295 INFO     [DropToZone] Targeting zone B
2026-04-15 14:06:52,305 INFO     [IK] pose_to_joints 'L1_INTER' depth_offset=0.0190 → joints=[-0.1984 -0.3781 -0.1739 -2.5738 -0.079   2.1994  0.4717]
2026-04-15 14:06:52,315 INFO     [IK] pose_to_joints 'L2_INTER' depth_offset=0.0190 → joints=[ 0.1539 -0.2489  0.4174 -2.4337  0.124   2.2018  1.2718]
2026-04-15 14:06:52,327 INFO     [IK] pose_to_joints 'LABEL_ZONE_2' depth_offset=0.0290 → joints=[ 0.3556  1.217  -0.0687 -0.845   0.073   2.0601  1.0828]
2026-04-15 14:06:52,328 INFO     [DropToZone] place_joints for LABEL_ZONE_2: [ 0.3556  1.217  -0.0687 -0.845   0.073   2.0601  1.0828]
2026-04-15 14:06:55,740 INFO     [Service] /orio/lbl_cup/off → success=True msg='Labelling Cup OFF command sent'
2026-04-15 14:06:59,162 INFO     [IK] pose_to_joints 'LABELLING_SAFE' depth_offset=0.0000 → joints=[-0.065  -1.2718  0.0356 -2.707   0.0343  1.4354  0.7355]
2026-04-15 14:07:00,415 INFO     [Service] /orio/pnp_cup/off → success=True msg='PnP Cup OFF command sent'
2026-04-15 14:07:02,620 INFO     [ZoneManager] Zone A: NEEDS_LABEL → READY_FOR_PICKUP
2026-04-15 14:07:02,621 INFO     [ApplyLabel] Exiting: labeled (zone A)
2026-04-15 14:07:02,624 INFO     [GetLabel] Entering state
2026-04-15 14:07:03,893 INFO     [ZoneManager] Zone B: EMPTY → NEEDS_LABEL
2026-04-15 14:07:03,893 INFO     [DropToZone] Exiting: dropped (zone B)
2026-04-15 14:07:03,895 DEBUG    [TaskSelector] Evaluating zone states: {'A': 'READY_FOR_PICKUP', 'B': 'NEEDS_LABEL'}  busy: {'A': False, 'B': False}
2026-04-15 14:07:03,895 INFO     [TaskSelector] → do_unload (zone A ready)
2026-04-15 14:07:03,897 INFO     [RetrieveFromZone] Entering state
2026-04-15 14:07:03,897 INFO     [RetrieveFromZone] Picking from zone A (depth=0.0237)
2026-04-15 14:07:03,906 INFO     [IK] pose_to_joints 'L1_INTER' depth_offset=0.0237 → joints=[-0.1982 -0.3849 -0.1732 -2.5667 -0.0793  2.1856  0.4722]
2026-04-15 14:07:03,917 INFO     [IK] pose_to_joints 'LABEL_ZONE_1' depth_offset=0.2237 → joints=[-0.2485  1.0029 -0.1706 -0.7407  0.1456  1.7352  0.4205]
2026-04-15 14:07:03,927 INFO     [IK] pose_to_joints 'LABEL_ZONE_1' depth_offset=0.0137 → joints=[-0.2437  1.2594 -0.1637 -0.815   0.1771  2.0639  0.4066]
2026-04-15 14:07:03,927 INFO     [RetrieveFromZone] A pre_pick=[-0.2485  1.0029 -0.1706 -0.7407  0.1456  1.7352  0.4205] pick=[-0.2437  1.2594 -0.1637 -0.815   0.1771  2.0639  0.4066]
2026-04-15 14:07:12,835 INFO     [Service] /orio/lbl_cup/on → success=True msg='Labelling Cup ON command sent'
2026-04-15 14:07:12,977 INFO     [Service] /orio/pnp_cup/on → success=True msg='PnP Cup ON command sent'
2026-04-15 14:07:13,978 INFO     [RetrieveFromZone] Retracting to pre-pick height
2026-04-15 14:07:16,253 INFO     [IK] pose_to_joints 'LABELLING_SAFE' depth_offset=0.0000 → joints=[-0.065  -1.2718  0.0356 -2.707   0.0343  1.4354  0.7355]
2026-04-15 14:07:18,620 INFO     [ZoneManager] Zone A: READY_FOR_PICKUP → EMPTY
2026-04-15 14:07:18,620 INFO     [RetrieveFromZone] Exiting: picked (zone A)
2026-04-15 14:07:18,621 INFO     [PlaceOutput] Entering state (retrieved_depth=0.0237)
2026-04-15 14:07:18,650 INFO     [IK] pose_to_joints 'OUTPUT' depth_offset=0.1237 → joints=[-1.31   -0.8791  2.5316 -1.0459  0.4701  1.7994  2.0829]
2026-04-15 14:07:18,651 INFO     [PlaceOutput] drop_joints: [-1.31   -0.8791  2.5316 -1.0459  0.4701  1.7994  2.0829]
2026-04-15 14:07:19,458 INFO     [GetLabel] Exiting: succeeded
2026-04-15 14:07:19,461 INFO     [ApplyLabel] Entering state (zones: {'A': 'EMPTY', 'B': 'NEEDS_LABEL'}  busy: {'A': False, 'B': False})
2026-04-15 14:07:19,461 INFO     [ApplyLabel] Applying label to zone B (zone_number=2, depth=0.0190)
2026-04-15 14:07:19,461 INFO     [compute_label_joints] Requesting label pose for zone 2, item_depth=0.0190
2026-04-15 14:07:21,154 INFO     [Service] /compute_grasps_labelling → success=True msg='Zone1=FAIL, Zone2=OK'
2026-04-15 14:07:21,155 INFO     item_depth=0.0190  X=0.2376 Y=-0.0333 Z=0.9810  pos(world)=[ 0.4933 -0.2186 -0.001 ]  task_pos=[ 0.4933 -0.2186  0.019 ]  task_ori=[0.6953 0.7187 0.     0.    ]
2026-04-15 14:07:21,156 INFO     [compute_label_joints] Zone 2 received pose: x=0.4933 y=-0.2186 z=0.0190  RPY r=180.00 p=0.00 y=91.90 deg
2026-04-15 14:07:21,156 INFO     [IK] compute_pick_joints called — task_pos=[ 0.4933 -0.2186  0.019 ] label_zone=2 max_attempts=10 check_collisions=True arm_number=2
2026-04-15 14:07:21,178 INFO     [IK] Arm2 compute_pick_joints attempt 1/10 OK — target=([ 0.4933 -0.2186  0.019 ]) pre=[-0.2003  0.0891 -0.2189 -2.2097  0.0258  2.2965  0.3498] final=[-0.4603  0.5089  0.0379 -2.2324 -0.0474  2.7406  0.4018] (FK err pre=0.0000 m final=0.0000 m)
2026-04-15 14:07:21,178 INFO     [ApplyLabel] IK pre_joints=[-0.2003  0.0891 -0.2189 -2.2097  0.0258  2.2965  0.3498]  final_joints=[-0.4603  0.5089  0.0379 -2.2324 -0.0474  2.7406  0.4018]
2026-04-15 14:07:23,759 INFO     [Service] /orio/pnp_cup/off → success=True msg='PnP Cup OFF command sent'
2026-04-15 14:07:23,759 INFO     [PlaceOutput] Exiting: succeeded (total items placed: 1)
2026-04-15 14:07:23,760 DEBUG    [TaskSelector] Evaluating zone states: {'A': 'EMPTY', 'B': 'NEEDS_LABEL'}  busy: {'A': False, 'B': True}
2026-04-15 14:07:23,760 INFO     [TaskSelector] → do_load (zone A empty)
2026-04-15 14:07:23,761 INFO     [FetchInput] Entering state
2026-04-15 14:07:24,305 INFO     [Service] /compute_grasps → success=True msg='Published 2 PnP poses.'
2026-04-15 14:07:24,305 INFO     [FetchInput] Grasp pose received: x=0.3245 y=-0.3427 z=0.0683
2026-04-15 14:07:24,305 INFO     [IK] compute_pick_joints called — task_pos=[ 0.3245 -0.3427  0.0683] label_zone=None max_attempts=10 check_collisions=False arm_number=None
2026-04-15 14:07:24,324 INFO     [IK] Arm? compute_pick_joints attempt 1/10 OK — target=([ 0.3245 -0.3427  0.0683]) pre=[-0.157  -0.2188 -0.6395 -2.3798 -0.1606  2.1971  0.095 ] final=[ 0.0533  0.3782 -0.7854 -2.4585  0.597   2.6586 -0.452 ] (FK err pre=0.0000 m final=0.0000 m)
2026-04-15 14:07:24,325 INFO     [FetchInput] IK pre_joints:   [-0.157  -0.2188 -0.6395 -2.3798 -0.1606  2.1971  0.095 ]
2026-04-15 14:07:24,325 INFO     [FetchInput] IK final_joints: [ 0.0533  0.3782 -0.7854 -2.4585  0.597   2.6586 -0.452 ]
2026-04-15 14:07:24,326 INFO     [FetchInput] Moving to pre-pick
2026-04-15 14:07:27,830 INFO     [FetchInput] Descending to pick
2026-04-15 14:07:30,302 INFO     [Service] /orio/pnp_cup/on → success=True msg='PnP Cup ON command sent'
2026-04-15 14:07:31,302 INFO     [FetchInput] Retracting to pre-pick height
2026-04-15 14:07:31,397 INFO     [Service] /orio/lbl_cup/off → success=True msg='Labelling Cup OFF command sent'
2026-04-15 14:07:32,792 INFO     [FetchInput] Exiting: succeeded (item_depth=0.0683)
2026-04-15 14:07:32,794 INFO     [DropToZone] Entering state (item_depth=0.0683)
2026-04-15 14:07:32,794 INFO     [DropToZone] Targeting zone A
2026-04-15 14:07:32,806 INFO     [IK] pose_to_joints 'L1_INTER' depth_offset=0.0683 → joints=[-0.1956 -0.4374 -0.1669 -2.4911 -0.0797  2.0577  0.4757]
2026-04-15 14:07:32,816 INFO     [IK] pose_to_joints 'LABEL_ZONE_1' depth_offset=0.0783 → joints=[-0.233   1.1263 -0.1736 -0.893   0.173   2.0075  0.4033]
2026-04-15 14:07:32,816 INFO     [DropToZone] place_joints for LABEL_ZONE_1: [-0.233   1.1263 -0.1736 -0.893   0.173   2.0075  0.4033]
2026-04-15 14:07:34,882 INFO     [IK] pose_to_joints 'LABELLING_SAFE' depth_offset=0.0000 → joints=[-0.065  -1.2718  0.0356 -2.707   0.0343  1.4354  0.7355]
2026-04-15 14:07:38,331 INFO     [ZoneManager] Zone B: NEEDS_LABEL → READY_FOR_PICKUP
2026-04-15 14:07:38,331 INFO     [ApplyLabel] Exiting: labeled (zone B)
2026-04-15 14:07:38,332 INFO     [GetLabel] Entering state
2026-04-15 14:07:39,402 INFO     [Service] /orio/pnp_cup/off → success=True msg='PnP Cup OFF command sent'
2026-04-15 14:07:42,881 INFO     [ZoneManager] Zone A: EMPTY → NEEDS_LABEL
2026-04-15 14:07:42,881 INFO     [DropToZone] Exiting: dropped (zone A)
2026-04-15 14:07:42,882 DEBUG    [TaskSelector] Evaluating zone states: {'A': 'NEEDS_LABEL', 'B': 'READY_FOR_PICKUP'}  busy: {'A': False, 'B': False}
2026-04-15 14:07:42,882 INFO     [TaskSelector] → do_unload (zone B ready)
2026-04-15 14:07:42,883 INFO     [RetrieveFromZone] Entering state
2026-04-15 14:07:42,883 INFO     [RetrieveFromZone] Picking from zone B (depth=0.0190)
2026-04-15 14:07:42,895 INFO     [IK] pose_to_joints 'L2_INTER' depth_offset=0.0190 → joints=[ 0.1539 -0.2489  0.4174 -2.4337  0.124   2.2018  1.2718]
2026-04-15 14:07:42,908 INFO     [IK] pose_to_joints 'LABEL_ZONE_2' depth_offset=0.2190 → joints=[ 0.2956  0.9958  0.0595 -0.7576 -0.0508  1.7524  1.1225]
2026-04-15 14:07:42,921 INFO     [IK] pose_to_joints 'LABEL_ZONE_2' depth_offset=0.0090 → joints=[ 0.3602  1.2663 -0.0811 -0.8069  0.0882  2.0706  1.0789]
2026-04-15 14:07:42,922 INFO     [RetrieveFromZone] B pre_pick=[ 0.2956  0.9958  0.0595 -0.7576 -0.0508  1.7524  1.1225] pick=[ 0.3602  1.2663 -0.0811 -0.8069  0.0882  2.0706  1.0789]
2026-04-15 14:07:48,543 INFO     [Service] /orio/lbl_cup/on → success=True msg='Labelling Cup ON command sent'
2026-04-15 14:07:51,967 INFO     [IK] pose_to_joints 'LABELLING_SAFE' depth_offset=0.0000 → joints=[-0.065  -1.2718  0.0356 -2.707   0.0343  1.4354  0.7355]
2026-04-15 14:07:51,975 INFO     [Service] /orio/pnp_cup/on → success=True msg='PnP Cup ON command sent'
2026-04-15 14:07:52,975 INFO     [RetrieveFromZone] Retracting to pre-pick height
2026-04-15 14:07:55,175 INFO     [GetLabel] Exiting: succeeded
2026-04-15 14:07:55,176 INFO     [ApplyLabel] Entering state (zones: {'A': 'NEEDS_LABEL', 'B': 'READY_FOR_PICKUP'}  busy: {'A': False, 'B': True})
2026-04-15 14:07:55,176 INFO     [ApplyLabel] Applying label to zone A (zone_number=1, depth=0.0683)
2026-04-15 14:07:55,176 INFO     [compute_label_joints] Requesting label pose for zone 1, item_depth=0.0683
2026-04-15 14:07:56,874 INFO     [Service] /compute_grasps_labelling → success=True msg='Zone1=OK, Zone2=OK'
2026-04-15 14:07:56,874 INFO     item_depth=0.0683  X=-0.2076 Y=-0.0607 Z=0.9317  pos(world)=[0.5207 0.2266 0.0483]  task_pos=[0.5207 0.2266 0.0683]  task_ori=[0.6988 0.7153 0.     0.    ]
2026-04-15 14:07:56,875 INFO     [compute_label_joints] Zone 1 received pose: x=0.5207 y=0.2266 z=0.0683  RPY r=180.00 p=0.00 y=91.34 deg
2026-04-15 14:07:56,876 INFO     [IK] compute_pick_joints called — task_pos=[0.5207 0.2266 0.0683] label_zone=1 max_attempts=10 check_collisions=True arm_number=2
2026-04-15 14:07:56,900 INFO     [IK] Arm2 compute_pick_joints attempt 1/10 OK — target=([0.5207 0.2266 0.0683]) pre=[ 0.1607  0.1038  0.2559 -2.0529 -0.0314  2.1531  1.218 ] final=[ 0.423   0.4452 -0.0121 -2.1526  0.0101  2.5978  1.1889] (FK err pre=0.0000 m final=0.0000 m)
2026-04-15 14:07:56,901 INFO     [ApplyLabel] IK pre_joints=[ 0.1607  0.1038  0.2559 -2.0529 -0.0314  2.1531  1.218 ]  final_joints=[ 0.423   0.4452 -0.0121 -2.1526  0.0101  2.5978  1.1889]
2026-04-15 14:07:57,895 INFO     [ZoneManager] Zone B: READY_FOR_PICKUP → EMPTY
2026-04-15 14:07:57,895 INFO     [RetrieveFromZone] Exiting: picked (zone B)
2026-04-15 14:07:57,896 INFO     [PlaceOutput] Entering state (retrieved_depth=0.0190)
2026-04-15 14:07:57,916 INFO     [IK] pose_to_joints 'OUTPUT' depth_offset=0.1190 → joints=[-1.3091 -0.881   2.5342 -1.0544  0.4703  1.8097  2.0817]
2026-04-15 14:07:57,916 INFO     [PlaceOutput] drop_joints: [-1.3091 -0.881   2.5342 -1.0544  0.4703  1.8097  2.0817]
2026-04-15 14:08:03,023 INFO     [Service] /orio/pnp_cup/off → success=True msg='PnP Cup OFF command sent'
2026-04-15 14:08:03,023 INFO     [PlaceOutput] Exiting: succeeded (total items placed: 2)
2026-04-15 14:08:03,024 DEBUG    [TaskSelector] Evaluating zone states: {'A': 'NEEDS_LABEL', 'B': 'EMPTY'}  busy: {'A': True, 'B': False}
2026-04-15 14:08:03,024 INFO     [TaskSelector] → do_load (zone B empty)
2026-04-15 14:08:03,025 INFO     [FetchInput] Entering state
2026-04-15 14:08:03,591 INFO     [Service] /compute_grasps → success=True msg='Published 1 PnP poses.'
2026-04-15 14:08:03,592 INFO     [FetchInput] Grasp pose received: x=0.1841 y=-0.4820 z=0.0219
2026-04-15 14:08:03,592 INFO     [IK] compute_pick_joints called — task_pos=[ 0.1841 -0.482   0.0219] label_zone=None max_attempts=10 check_collisions=False arm_number=None
2026-04-15 14:08:03,615 INFO     [IK] Arm? compute_pick_joints attempt 1/10 OK — target=([ 0.1841 -0.482   0.0219]) pre=[-0.438   0.0254 -0.7694 -2.2899  0.0239  2.308  -0.4379] final=[-0.6664  0.5282 -0.4722 -2.2883  0.5725  2.7047 -0.825 ] (FK err pre=0.0000 m final=0.0000 m)
2026-04-15 14:08:03,615 INFO     [FetchInput] IK pre_joints:   [-0.438   0.0254 -0.7694 -2.2899  0.0239  2.308  -0.4379]
2026-04-15 14:08:03,616 INFO     [FetchInput] IK final_joints: [-0.6664  0.5282 -0.4722 -2.2883  0.5725  2.7047 -0.825 ]
2026-04-15 14:08:03,616 INFO     [FetchInput] Moving to pre-pick
2026-04-15 14:08:07,106 INFO     [FetchInput] Descending to pick
2026-04-15 14:08:07,115 INFO     [Service] /orio/lbl_cup/off → success=True msg='Labelling Cup OFF command sent'
2026-04-15 14:08:09,564 INFO     [Service] /orio/pnp_cup/on → success=True msg='PnP Cup ON command sent'
2026-04-15 14:08:10,564 INFO     [FetchInput] Retracting to pre-pick height
2026-04-15 14:08:10,585 INFO     [IK] pose_to_joints 'LABELLING_SAFE' depth_offset=0.0000 → joints=[-0.065  -1.2718  0.0356 -2.707   0.0343  1.4354  0.7355]
2026-04-15 14:08:12,062 INFO     [FetchInput] Exiting: succeeded (item_depth=0.0219)
2026-04-15 14:08:12,063 INFO     [DropToZone] Entering state (item_depth=0.0219)
2026-04-15 14:08:12,064 INFO     [DropToZone] Targeting zone B
2026-04-15 14:08:12,074 INFO     [IK] pose_to_joints 'L1_INTER' depth_offset=0.0219 → joints=[-0.1983 -0.3823 -0.1735 -2.5694 -0.0792  2.1908  0.472 ]
2026-04-15 14:08:12,084 INFO     [IK] pose_to_joints 'L2_INTER' depth_offset=0.0219 → joints=[ 0.1526 -0.2533  0.4178 -2.4296  0.1255  2.1936  1.2705]
2026-04-15 14:08:12,098 INFO     [IK] pose_to_joints 'LABEL_ZONE_2' depth_offset=0.0319 → joints=[ 0.3545  1.2104 -0.0662 -0.8496  0.0702  2.0582  1.0836]
2026-04-15 14:08:12,099 INFO     [DropToZone] place_joints for LABEL_ZONE_2: [ 0.3545  1.2104 -0.0662 -0.8496  0.0702  2.0582  1.0836]
2026-04-15 14:08:14,037 INFO     [ZoneManager] Zone A: NEEDS_LABEL → READY_FOR_PICKUP
2026-04-15 14:08:14,037 INFO     [ApplyLabel] Exiting: labeled (zone A)
2026-04-15 14:08:14,039 INFO     [GetLabel] Entering state
2026-04-15 14:08:19,897 INFO     [Service] /orio/pnp_cup/off → success=True msg='PnP Cup OFF command sent'
2026-04-15 14:08:23,373 INFO     [ZoneManager] Zone B: EMPTY → NEEDS_LABEL
2026-04-15 14:08:23,374 INFO     [DropToZone] Exiting: dropped (zone B)
2026-04-15 14:08:23,376 DEBUG    [TaskSelector] Evaluating zone states: {'A': 'READY_FOR_PICKUP', 'B': 'NEEDS_LABEL'}  busy: {'A': False, 'B': False}
2026-04-15 14:08:23,376 INFO     [TaskSelector] → do_unload (zone A ready)
2026-04-15 14:08:23,379 INFO     [RetrieveFromZone] Entering state
2026-04-15 14:08:23,379 INFO     [RetrieveFromZone] Picking from zone A (depth=0.0683)
2026-04-15 14:08:23,389 INFO     [IK] pose_to_joints 'L1_INTER' depth_offset=0.0683 → joints=[-0.1956 -0.4374 -0.1669 -2.4911 -0.0797  2.0577  0.4757]
2026-04-15 14:08:23,491 INFO     [IK] pose_to_joints 'LABEL_ZONE_1' depth_offset=0.2683 → joints=[-3.2160e-01  1.0865e+00 -6.0000e-04 -4.6700e-01  5.0000e-04  1.5537e+00
  4.6350e-01]
2026-04-15 14:08:23,508 INFO     [IK] pose_to_joints 'LABEL_ZONE_1' depth_offset=0.0583 → joints=[-0.2354  1.1621 -0.1707 -0.8791  0.1748  2.0297  0.4035]
2026-04-15 14:08:23,510 INFO     [RetrieveFromZone] A pre_pick=[-3.2160e-01  1.0865e+00 -6.0000e-04 -4.6700e-01  5.0000e-04  1.5537e+00
  4.6350e-01] pick=[-0.2354  1.1621 -0.1707 -0.8791  0.1748  2.0297  0.4035]
2026-04-15 14:08:24,256 INFO     [Service] /orio/lbl_cup/on → success=True msg='Labelling Cup ON command sent'
2026-04-15 14:08:27,676 INFO     [IK] pose_to_joints 'LABELLING_SAFE' depth_offset=0.0000 → joints=[-0.065  -1.2718  0.0356 -2.707   0.0343  1.4354  0.7355]
2026-04-15 14:08:30,881 INFO     [GetLabel] Exiting: succeeded
2026-04-15 14:08:30,884 INFO     [ApplyLabel] Entering state (zones: {'A': 'READY_FOR_PICKUP', 'B': 'NEEDS_LABEL'}  busy: {'A': True, 'B': False})
2026-04-15 14:08:30,884 INFO     [ApplyLabel] Applying label to zone B (zone_number=2, depth=0.0219)
2026-04-15 14:08:30,884 INFO     [compute_label_joints] Requesting label pose for zone 2, item_depth=0.0219
2026-04-15 14:08:32,328 INFO     [Service] /orio/pnp_cup/on → success=True msg='PnP Cup ON command sent'
2026-04-15 14:08:32,669 INFO     [Service] /compute_grasps_labelling → success=True msg='Zone1=OK, Zone2=OK'
2026-04-15 14:08:32,669 INFO     item_depth=0.0219  X=0.2525 Y=-0.0630 Z=0.9781  pos(world)=[ 0.523  -0.2335  0.0019]  task_pos=[ 0.523  -0.2335  0.0219]  task_ori=[0.0377 0.9993 0.     0.    ]
2026-04-15 14:08:32,670 INFO     [compute_label_joints] Zone 2 received pose: x=0.5230 y=-0.2335 z=0.0219  RPY r=180.00 p=0.00 y=175.67 deg
2026-04-15 14:08:32,670 INFO     [IK] compute_pick_joints called — task_pos=[ 0.523  -0.2335  0.0219] label_zone=2 max_attempts=10 check_collisions=True arm_number=2
2026-04-15 14:08:32,688 INFO     [IK] Arm2 compute_pick_joints attempt 1/10 OK — target=([ 0.523  -0.2335  0.0219]) pre=[-0.2029  0.177  -0.2234 -2.085   0.0505  2.2571  0.3305] final=[-0.469   0.5636  0.0453 -2.112  -0.0538  2.6746  0.4027] (FK err pre=0.0000 m final=0.0000 m)
2026-04-15 14:08:32,689 INFO     [ApplyLabel] IK pre_joints=[-0.2029  0.177  -0.2234 -2.085   0.0505  2.2571  0.3305]  final_joints=[-0.469   0.5636  0.0453 -2.112  -0.0538  2.6746  0.4027]
2026-04-15 14:08:33,328 INFO     [RetrieveFromZone] Retracting to pre-pick height
2026-04-15 14:08:37,972 INFO     [ZoneManager] Zone A: READY_FOR_PICKUP → EMPTY
2026-04-15 14:08:37,972 INFO     [RetrieveFromZone] Exiting: picked (zone A)
2026-04-15 14:08:37,973 INFO     [PlaceOutput] Entering state (retrieved_depth=0.0683)
2026-04-15 14:08:37,991 INFO     [IK] pose_to_joints 'OUTPUT' depth_offset=0.1683 → joints=[-1.3801 -0.8456  2.6207 -0.9456  0.3855  1.7093  2.1272]
2026-04-15 14:08:37,991 INFO     [PlaceOutput] drop_joints: [-1.3801 -0.8456  2.6207 -0.9456  0.3855  1.7093  2.1272]
2026-04-15 14:08:42,904 INFO     [Service] /orio/lbl_cup/off → success=True msg='Labelling Cup OFF command sent'
2026-04-15 14:08:43,200 INFO     [Service] /orio/pnp_cup/off → success=True msg='PnP Cup OFF command sent'
2026-04-15 14:08:43,200 INFO     [PlaceOutput] Exiting: succeeded (total items placed: 3)
2026-04-15 14:08:43,201 DEBUG    [TaskSelector] Evaluating zone states: {'A': 'EMPTY', 'B': 'NEEDS_LABEL'}  busy: {'A': False, 'B': True}
2026-04-15 14:08:43,201 INFO     [TaskSelector] → do_load (zone A empty)
2026-04-15 14:08:43,202 INFO     [FetchInput] Entering state
2026-04-15 14:08:43,742 INFO     [Service] /compute_grasps → success=True msg='Published 2 PnP poses.'
2026-04-15 14:08:43,742 INFO     [FetchInput] Grasp pose received: x=0.2186 y=-0.5754 z=0.0212
2026-04-15 14:08:43,743 INFO     [IK] compute_pick_joints called — task_pos=[ 0.2186 -0.5754  0.0212] label_zone=None max_attempts=10 check_collisions=False arm_number=None
2026-04-15 14:08:43,756 INFO     [IK] Arm? compute_pick_joints attempt 1/10 OK — target=([ 0.2186 -0.5754  0.0212]) pre=[-0.503   0.394  -0.7699 -1.9069  0.3297  2.171  -0.6387] final=[-0.8398  0.6969 -0.366  -1.9269  0.4233  2.5482 -0.6978] (FK err pre=0.0000 m final=0.0000 m)
2026-04-15 14:08:43,757 INFO     [FetchInput] IK pre_joints:   [-0.503   0.394  -0.7699 -1.9069  0.3297  2.171  -0.6387]
2026-04-15 14:08:43,757 INFO     [FetchInput] IK final_joints: [-0.8398  0.6969 -0.366  -1.9269  0.4233  2.5482 -0.6978]
2026-04-15 14:08:43,757 INFO     [FetchInput] Moving to pre-pick
2026-04-15 14:08:46,320 INFO     [IK] pose_to_joints 'LABELLING_SAFE' depth_offset=0.0000 → joints=[-0.065  -1.2718  0.0356 -2.707   0.0343  1.4354  0.7355]
2026-04-15 14:08:47,181 INFO     [FetchInput] Descending to pick
2026-04-15 14:08:49,644 INFO     [Service] /orio/pnp_cup/on → success=True msg='PnP Cup ON command sent'
2026-04-15 14:08:49,760 INFO     [ZoneManager] Zone B: NEEDS_LABEL → READY_FOR_PICKUP
2026-04-15 14:08:49,760 INFO     [ApplyLabel] Exiting: labeled (zone B)
2026-04-15 14:08:49,761 INFO     [GetLabel] Entering state
2026-04-15 14:08:50,646 INFO     [FetchInput] Retracting to pre-pick height
2026-04-15 14:08:52,131 INFO     [FetchInput] Exiting: succeeded (item_depth=0.0212)
2026-04-15 14:08:52,132 INFO     [DropToZone] Entering state (item_depth=0.0212)
2026-04-15 14:08:52,132 INFO     [DropToZone] Targeting zone A
2026-04-15 14:08:52,143 INFO     [IK] pose_to_joints 'L1_INTER' depth_offset=0.0212 → joints=[-0.1983 -0.3813 -0.1736 -2.5705 -0.0792  2.1929  0.4719]
2026-04-15 14:08:52,155 INFO     [IK] pose_to_joints 'LABEL_ZONE_1' depth_offset=0.0312 → joints=[-0.2399  1.218  -0.1666 -0.8463  0.1766  2.0533  0.4048]
2026-04-15 14:08:52,156 INFO     [DropToZone] place_joints for LABEL_ZONE_1: [-0.2399  1.218  -0.1666 -0.8463  0.1766  2.0533  0.4048]
2026-04-15 14:08:58,763 INFO     [Service] /orio/pnp_cup/off → success=True msg='PnP Cup OFF command sent'
2026-04-15 14:08:59,970 INFO     [Service] /orio/lbl_cup/on → success=True msg='Labelling Cup ON command sent'
2026-04-15 14:09:02,243 INFO     [ZoneManager] Zone A: EMPTY → NEEDS_LABEL
2026-04-15 14:09:02,243 INFO     [DropToZone] Exiting: dropped (zone A)
2026-04-15 14:09:02,245 DEBUG    [TaskSelector] Evaluating zone states: {'A': 'NEEDS_LABEL', 'B': 'READY_FOR_PICKUP'}  busy: {'A': False, 'B': False}
2026-04-15 14:09:02,245 INFO     [TaskSelector] → do_unload (zone B ready)
2026-04-15 14:09:02,245 INFO     [RetrieveFromZone] Entering state
2026-04-15 14:09:02,245 INFO     [RetrieveFromZone] Picking from zone B (depth=0.0219)
2026-04-15 14:09:02,255 INFO     [IK] pose_to_joints 'L2_INTER' depth_offset=0.0219 → joints=[ 0.1526 -0.2533  0.4178 -2.4296  0.1255  2.1936  1.2705]
2026-04-15 14:09:02,269 INFO     [IK] pose_to_joints 'LABEL_ZONE_2' depth_offset=0.2219 → joints=[ 0.2953  0.9969  0.0609 -0.7484 -0.0519  1.7442  1.1227]
2026-04-15 14:09:02,285 INFO     [IK] pose_to_joints 'LABEL_ZONE_2' depth_offset=0.0119 → joints=[ 0.3601  1.2587 -0.0803 -0.8132  0.087   2.0694  1.0791]
2026-04-15 14:09:02,286 INFO     [RetrieveFromZone] B pre_pick=[ 0.2953  0.9969  0.0609 -0.7484 -0.0519  1.7442  1.1227] pick=[ 0.3601  1.2587 -0.0803 -0.8132  0.087   2.0694  1.0791]
2026-04-15 14:09:03,394 INFO     [IK] pose_to_joints 'LABELLING_SAFE' depth_offset=0.0000 → joints=[-0.065  -1.2718  0.0356 -2.707   0.0343  1.4354  0.7355]
2026-04-15 14:09:06,599 INFO     [GetLabel] Exiting: succeeded
2026-04-15 14:09:06,600 INFO     [ApplyLabel] Entering state (zones: {'A': 'NEEDS_LABEL', 'B': 'READY_FOR_PICKUP'}  busy: {'A': False, 'B': True})
2026-04-15 14:09:06,600 INFO     [ApplyLabel] Applying label to zone A (zone_number=1, depth=0.0212)
2026-04-15 14:09:06,600 INFO     [compute_label_joints] Requesting label pose for zone 1, item_depth=0.0212
2026-04-15 14:09:08,268 INFO     [Service] /compute_grasps_labelling → success=True msg='Zone1=OK, Zone2=OK'
2026-04-15 14:09:08,268 INFO     item_depth=0.0212  X=-0.1014 Y=0.0556 Z=0.9788  pos(world)=[0.4044 0.1204 0.0012]  task_pos=[0.4044 0.1204 0.0212]  task_ori=[-0.  1.  0.  0.]
2026-04-15 14:09:08,269 INFO     [compute_label_joints] Zone 1 received pose: x=0.4044 y=0.1204 z=0.0212  RPY r=180.00 p=0.00 y=-180.00 deg
2026-04-15 14:09:08,269 INFO     [IK] compute_pick_joints called — task_pos=[0.4044 0.1204 0.0212] label_zone=1 max_attempts=10 check_collisions=True arm_number=2
2026-04-15 14:09:08,293 INFO     [IK] Arm2 compute_pick_joints attempt 1/10 OK — target=([0.4044 0.1204 0.0212]) pre=[ 0.0748 -0.2548  0.2173 -2.5951  0.0761  2.3446  1.0175] final=[-0.1671  0.3425  0.3539 -2.6034 -0.5016  2.897   1.4422] (FK err pre=0.0000 m final=0.0000 m)
2026-04-15 14:09:08,294 INFO     [ApplyLabel] IK pre_joints=[ 0.0748 -0.2548  0.2173 -2.5951  0.0761  2.3446  1.0175]  final_joints=[-0.1671  0.3425  0.3539 -2.6034 -0.5016  2.897   1.4422]
2026-04-15 14:09:11,322 INFO     [Service] /orio/pnp_cup/on → success=True msg='PnP Cup ON command sent'
2026-04-15 14:09:12,322 INFO     [RetrieveFromZone] Retracting to pre-pick height
2026-04-15 14:09:17,252 INFO     [ZoneManager] Zone B: READY_FOR_PICKUP → EMPTY
2026-04-15 14:09:17,252 INFO     [RetrieveFromZone] Exiting: picked (zone B)
2026-04-15 14:09:17,253 INFO     [PlaceOutput] Entering state (retrieved_depth=0.0219)
2026-04-15 14:09:17,270 INFO     [IK] pose_to_joints 'OUTPUT' depth_offset=0.1219 → joints=[-1.3096 -0.8798  2.5325 -1.0492  0.4702  1.8034  2.0824]
2026-04-15 14:09:17,270 INFO     [PlaceOutput] drop_joints: [-1.3096 -0.8798  2.5325 -1.0492  0.4702  1.8034  2.0824]
2026-04-15 14:09:18,512 INFO     [Service] /orio/lbl_cup/off → success=True msg='Labelling Cup OFF command sent'
2026-04-15 14:09:21,913 INFO     [IK] pose_to_joints 'LABELLING_SAFE' depth_offset=0.0000 → joints=[-0.065  -1.2718  0.0356 -2.707   0.0343  1.4354  0.7355]
2026-04-15 14:09:22,480 INFO     [Service] /orio/pnp_cup/off → success=True msg='PnP Cup OFF command sent'
2026-04-15 14:09:22,480 INFO     [PlaceOutput] Exiting: succeeded (total items placed: 4)
2026-04-15 14:09:22,481 DEBUG    [TaskSelector] Evaluating zone states: {'A': 'NEEDS_LABEL', 'B': 'EMPTY'}  busy: {'A': True, 'B': False}
2026-04-15 14:09:22,481 INFO     [TaskSelector] → do_load (zone B empty)
2026-04-15 14:09:22,482 INFO     [FetchInput] Entering state
2026-04-15 14:09:23,034 INFO     [Service] /compute_grasps → success=True msg='Published 2 PnP poses.'
2026-04-15 14:09:23,034 INFO     [FetchInput] Grasp pose received: x=0.0082 y=-0.4555 z=0.0218
2026-04-15 14:09:23,034 INFO     [IK] compute_pick_joints called — task_pos=[ 0.0082 -0.4555  0.0218] label_zone=None max_attempts=10 check_collisions=False arm_number=None
2026-04-15 14:09:23,058 INFO     [IK] Arm? compute_pick_joints attempt 1/10 OK — target=([ 0.0082 -0.4555  0.0218]) pre=[-0.4656 -0.3145 -1.0833 -2.4767 -0.3719  2.2903 -0.4908] final=[-0.7599  0.4892 -0.6603 -2.4612  0.8238  2.7379 -1.3574] (FK err pre=0.0000 m final=0.0000 m)
2026-04-15 14:09:23,060 INFO     [FetchInput] IK pre_joints:   [-0.4656 -0.3145 -1.0833 -2.4767 -0.3719  2.2903 -0.4908]
2026-04-15 14:09:23,060 INFO     [FetchInput] IK final_joints: [-0.7599  0.4892 -0.6603 -2.4612  0.8238  2.7379 -1.3574]
2026-04-15 14:09:23,061 INFO     [FetchInput] Moving to pre-pick
2026-04-15 14:09:25,354 INFO     [ZoneManager] Zone A: NEEDS_LABEL → READY_FOR_PICKUP
2026-04-15 14:09:25,354 INFO     [ApplyLabel] Exiting: labeled (zone A)
2026-04-15 14:09:25,357 INFO     [GetLabel] Entering state
2026-04-15 14:09:26,449 INFO     [FetchInput] Descending to pick
2026-04-15 14:09:28,933 INFO     [Service] /orio/pnp_cup/on → success=True msg='PnP Cup ON command sent'
2026-04-15 14:09:29,934 INFO     [FetchInput] Retracting to pre-pick height
2026-04-15 14:09:31,430 INFO     [FetchInput] Exiting: succeeded (item_depth=0.0218)
2026-04-15 14:09:31,431 INFO     [DropToZone] Entering state (item_depth=0.0218)
2026-04-15 14:09:31,431 INFO     [DropToZone] Targeting zone B
2026-04-15 14:09:31,441 INFO     [IK] pose_to_joints 'L1_INTER' depth_offset=0.0218 → joints=[-0.1983 -0.3821 -0.1735 -2.5696 -0.0792  2.1912  0.472 ]
2026-04-15 14:09:31,457 INFO     [IK] pose_to_joints 'L2_INTER' depth_offset=0.0218 → joints=[ 0.1527 -0.2531  0.4178 -2.4298  0.1254  2.1939  1.2705]
2026-04-15 14:09:31,474 INFO     [IK] pose_to_joints 'LABEL_ZONE_2' depth_offset=0.0318 → joints=[ 0.3546  1.2106 -0.0663 -0.8494  0.0703  2.0582  1.0836]
2026-04-15 14:09:31,474 INFO     [DropToZone] place_joints for LABEL_ZONE_2: [ 0.3546  1.2106 -0.0663 -0.8494  0.0703  2.0582  1.0836]
2026-04-15 14:09:35,474 INFO     [Service] /orio/lbl_cup/on → success=True msg='Labelling Cup ON command sent'
2026-04-15 14:09:38,881 INFO     [IK] pose_to_joints 'LABELLING_SAFE' depth_offset=0.0000 → joints=[-0.065  -1.2718  0.0356 -2.707   0.0343  1.4354  0.7355]
2026-04-15 14:09:39,556 INFO     [Service] /orio/pnp_cup/off → success=True msg='PnP Cup OFF command sent'
2026-04-15 14:09:42,086 INFO     [GetLabel] Exiting: succeeded
2026-04-15 14:09:42,087 INFO     [ApplyLabel] Entering state (zones: {'A': 'READY_FOR_PICKUP', 'B': 'EMPTY'}  busy: {'A': False, 'B': True})
2026-04-15 14:09:42,087 DEBUG    [ApplyLabel] No zone needs label → wait
2026-04-15 14:09:42,590 INFO     [ApplyLabel] Entering state (zones: {'A': 'READY_FOR_PICKUP', 'B': 'EMPTY'}  busy: {'A': False, 'B': True})
2026-04-15 14:09:42,591 DEBUG    [ApplyLabel] No zone needs label → wait
2026-04-15 14:09:43,035 INFO     [ZoneManager] Zone B: EMPTY → NEEDS_LABEL
2026-04-15 14:09:43,035 INFO     [DropToZone] Exiting: dropped (zone B)
2026-04-15 14:09:43,036 DEBUG    [TaskSelector] Evaluating zone states: {'A': 'READY_FOR_PICKUP', 'B': 'NEEDS_LABEL'}  busy: {'A': False, 'B': False}
2026-04-15 14:09:43,036 INFO     [TaskSelector] → do_unload (zone A ready)
2026-04-15 14:09:43,036 INFO     [RetrieveFromZone] Entering state
2026-04-15 14:09:43,036 INFO     [RetrieveFromZone] Picking from zone A (depth=0.0212)
2026-04-15 14:09:43,045 INFO     [IK] pose_to_joints 'L1_INTER' depth_offset=0.0212 → joints=[-0.1983 -0.3813 -0.1736 -2.5705 -0.0792  2.1929  0.4719]
2026-04-15 14:09:43,055 INFO     [IK] pose_to_joints 'LABEL_ZONE_1' depth_offset=0.2212 → joints=[-0.2475  1.0018 -0.1711 -0.7491  0.1461  1.7424  0.4199]
2026-04-15 14:09:43,066 INFO     [IK] pose_to_joints 'LABEL_ZONE_1' depth_offset=0.0112 → joints=[-0.2444  1.2658 -0.1633 -0.8097  0.1771  2.065   0.4069]
2026-04-15 14:09:43,066 INFO     [RetrieveFromZone] A pre_pick=[-0.2475  1.0018 -0.1711 -0.7491  0.1461  1.7424  0.4199] pick=[-0.2444  1.2658 -0.1633 -0.8097  0.1771  2.065   0.4069]
2026-04-15 14:09:43,092 INFO     [ApplyLabel] Entering state (zones: {'A': 'READY_FOR_PICKUP', 'B': 'NEEDS_LABEL'}  busy: {'A': True, 'B': False})
2026-04-15 14:09:43,092 INFO     [ApplyLabel] Applying label to zone B (zone_number=2, depth=0.0218)
2026-04-15 14:09:43,092 INFO     [compute_label_joints] Requesting label pose for zone 2, item_depth=0.0218
2026-04-15 14:09:44,807 INFO     [Service] /compute_grasps_labelling → success=True msg='Zone1=OK, Zone2=OK'
2026-04-15 14:09:44,808 INFO     item_depth=0.0218  X=0.2700 Y=-0.0397 Z=0.9782  pos(world)=[ 0.4997 -0.251   0.0018]  task_pos=[ 0.4997 -0.251   0.0218]  task_ori=[0.7019 0.7123 0.     0.    ]
2026-04-15 14:09:44,810 INFO     [compute_label_joints] Zone 2 received pose: x=0.4997 y=-0.2510 z=0.0218  RPY r=180.00 p=0.00 y=90.84 deg
2026-04-15 14:09:44,810 INFO     [IK] compute_pick_joints called — task_pos=[ 0.4997 -0.251   0.0218] label_zone=2 max_attempts=10 check_collisions=True arm_number=2
2026-04-15 14:09:44,832 INFO     [IK] Arm2 compute_pick_joints attempt 1/10 OK — target=([ 0.4997 -0.251   0.0218]) pre=[-0.2229  0.1402 -0.2476 -2.1358  0.0448  2.2713  0.2884] final=[-0.496   0.5377  0.0276 -2.1629 -0.0331  2.7002  0.3431] (FK err pre=0.0000 m final=0.0000 m)
2026-04-15 14:09:44,833 INFO     [ApplyLabel] IK pre_joints=[-0.2229  0.1402 -0.2476 -2.1358  0.0448  2.2713  0.2884]  final_joints=[-0.496   0.5377  0.0276 -2.1629 -0.0331  2.7002  0.3431]
2026-04-15 14:09:52,112 INFO     [Service] /orio/pnp_cup/on → success=True msg='PnP Cup ON command sent'
2026-04-15 14:09:53,113 INFO     [RetrieveFromZone] Retracting to pre-pick height
2026-04-15 14:09:55,044 INFO     [Service] /orio/lbl_cup/off → success=True msg='Labelling Cup OFF command sent'
2026-04-15 14:09:58,043 INFO     [ZoneManager] Zone A: READY_FOR_PICKUP → EMPTY
2026-04-15 14:09:58,043 INFO     [RetrieveFromZone] Exiting: picked (zone A)
2026-04-15 14:09:58,045 INFO     [PlaceOutput] Entering state (retrieved_depth=0.0212)
2026-04-15 14:09:58,060 INFO     [IK] pose_to_joints 'OUTPUT' depth_offset=0.1212 → joints=[-1.3095 -0.8801  2.5329 -1.0505  0.4703  1.8049  2.0822]
2026-04-15 14:09:58,060 INFO     [PlaceOutput] drop_joints: [-1.3095 -0.8801  2.5329 -1.0505  0.4703  1.8049  2.0822]
2026-04-15 14:09:58,437 INFO     [IK] pose_to_joints 'LABELLING_SAFE' depth_offset=0.0000 → joints=[-0.065  -1.2718  0.0356 -2.707   0.0343  1.4354  0.7355]
2026-04-15 14:10:01,886 INFO     [ZoneManager] Zone B: NEEDS_LABEL → READY_FOR_PICKUP
2026-04-15 14:10:01,886 INFO     [ApplyLabel] Exiting: labeled (zone B)
2026-04-15 14:10:01,887 INFO     [GetLabel] Entering state
2026-04-15 14:10:03,266 INFO     [Service] /orio/pnp_cup/off → success=True msg='PnP Cup OFF command sent'
2026-04-15 14:10:03,266 INFO     [PlaceOutput] Exiting: succeeded (total items placed: 5)
2026-04-15 14:10:03,267 DEBUG    [TaskSelector] Evaluating zone states: {'A': 'EMPTY', 'B': 'READY_FOR_PICKUP'}  busy: {'A': False, 'B': False}
2026-04-15 14:10:03,267 INFO     [TaskSelector] → do_unload (zone B ready)
2026-04-15 14:10:03,268 INFO     [RetrieveFromZone] Entering state
2026-04-15 14:10:03,268 INFO     [RetrieveFromZone] Picking from zone B (depth=0.0218)
2026-04-15 14:10:03,278 INFO     [IK] pose_to_joints 'L2_INTER' depth_offset=0.0218 → joints=[ 0.1527 -0.2531  0.4178 -2.4298  0.1254  2.1939  1.2705]
2026-04-15 14:10:03,288 INFO     [IK] pose_to_joints 'LABEL_ZONE_2' depth_offset=0.2218 → joints=[ 0.2953  0.9968  0.0608 -0.7487 -0.0519  1.7445  1.1227]
2026-04-15 14:10:03,300 INFO     [IK] pose_to_joints 'LABEL_ZONE_2' depth_offset=0.0118 → joints=[ 0.3601  1.259  -0.0803 -0.813   0.0871  2.0694  1.0791]
2026-04-15 14:10:03,301 INFO     [RetrieveFromZone] B pre_pick=[ 0.2953  0.9968  0.0608 -0.7487 -0.0519  1.7445  1.1227] pick=[ 0.3601  1.259  -0.0803 -0.813   0.0871  2.0694  1.0791]
2026-04-15 14:10:12,101 INFO     [Service] /orio/lbl_cup/on → success=True msg='Labelling Cup ON command sent'
2026-04-15 14:10:12,713 INFO     [Service] /orio/pnp_cup/on → success=True msg='PnP Cup ON command sent'
2026-04-15 14:10:13,714 INFO     [RetrieveFromZone] Retracting to pre-pick height
2026-04-15 14:10:15,517 INFO     [IK] pose_to_joints 'LABELLING_SAFE' depth_offset=0.0000 → joints=[-0.065  -1.2718  0.0356 -2.707   0.0343  1.4354  0.7355]
2026-04-15 14:10:18,643 INFO     [ZoneManager] Zone B: READY_FOR_PICKUP → EMPTY
2026-04-15 14:10:18,643 INFO     [RetrieveFromZone] Exiting: picked (zone B)
2026-04-15 14:10:18,644 INFO     [PlaceOutput] Entering state (retrieved_depth=0.0218)
2026-04-15 14:10:18,662 INFO     [IK] pose_to_joints 'OUTPUT' depth_offset=0.1218 → joints=[-1.3096 -0.8799  2.5325 -1.0494  0.4702  1.8036  2.0824]
2026-04-15 14:10:18,663 INFO     [PlaceOutput] drop_joints: [-1.3096 -0.8799  2.5325 -1.0494  0.4702  1.8036  2.0824]
2026-04-15 14:10:18,723 INFO     [GetLabel] Exiting: succeeded
2026-04-15 14:10:18,725 INFO     [ApplyLabel] Entering state (zones: {'A': 'EMPTY', 'B': 'EMPTY'}  busy: {'A': False, 'B': False})
2026-04-15 14:10:18,725 DEBUG    [ApplyLabel] No zone needs label → wait
2026-04-15 14:10:19,226 INFO     [ApplyLabel] Entering state (zones: {'A': 'EMPTY', 'B': 'EMPTY'}  busy: {'A': False, 'B': False})
2026-04-15 14:10:19,226 DEBUG    [ApplyLabel] No zone needs label → wait
2026-04-15 14:10:19,728 INFO     [ApplyLabel] Entering state (zones: {'A': 'EMPTY', 'B': 'EMPTY'}  busy: {'A': False, 'B': False})
2026-04-15 14:10:19,728 DEBUG    [ApplyLabel] No zone needs label → wait
2026-04-15 14:10:20,230 INFO     [ApplyLabel] Entering state (zones: {'A': 'EMPTY', 'B': 'EMPTY'}  busy: {'A': False, 'B': False})
2026-04-15 14:10:20,230 DEBUG    [ApplyLabel] No zone needs label → wait
2026-04-15 14:10:20,731 INFO     [ApplyLabel] Entering state (zones: {'A': 'EMPTY', 'B': 'EMPTY'}  busy: {'A': False, 'B': False})
2026-04-15 14:10:20,731 DEBUG    [ApplyLabel] No zone needs label → wait
2026-04-15 14:10:21,234 INFO     [ApplyLabel] Entering state (zones: {'A': 'EMPTY', 'B': 'EMPTY'}  busy: {'A': False, 'B': False})
2026-04-15 14:10:21,234 DEBUG    [ApplyLabel] No zone needs label → wait
2026-04-15 14:10:21,735 INFO     [ApplyLabel] Entering state (zones: {'A': 'EMPTY', 'B': 'EMPTY'}  busy: {'A': False, 'B': False})
2026-04-15 14:10:21,735 DEBUG    [ApplyLabel] No zone needs label → wait
2026-04-15 14:10:22,238 INFO     [ApplyLabel] Entering state (zones: {'A': 'EMPTY', 'B': 'EMPTY'}  busy: {'A': False, 'B': False})
2026-04-15 14:10:22,238 DEBUG    [ApplyLabel] No zone needs label → wait
2026-04-15 14:10:22,740 INFO     [ApplyLabel] Entering state (zones: {'A': 'EMPTY', 'B': 'EMPTY'}  busy: {'A': False, 'B': False})
2026-04-15 14:10:22,740 DEBUG    [ApplyLabel] No zone needs label → wait
2026-04-15 14:10:23,243 INFO     [ApplyLabel] Entering state (zones: {'A': 'EMPTY', 'B': 'EMPTY'}  busy: {'A': False, 'B': False})
2026-04-15 14:10:23,244 DEBUG    [ApplyLabel] No zone needs label → wait
2026-04-15 14:10:23,745 INFO     [ApplyLabel] Entering state (zones: {'A': 'EMPTY', 'B': 'EMPTY'}  busy: {'A': False, 'B': False})
2026-04-15 14:10:23,745 DEBUG    [ApplyLabel] No zone needs label → wait
2026-04-15 14:10:23,770 INFO     [Service] /orio/pnp_cup/off → success=True msg='PnP Cup OFF command sent'
2026-04-15 14:10:23,770 INFO     [PlaceOutput] Exiting: succeeded (total items placed: 6)
2026-04-15 14:10:23,772 DEBUG    [TaskSelector] Evaluating zone states: {'A': 'EMPTY', 'B': 'EMPTY'}  busy: {'A': False, 'B': False}
2026-04-15 14:10:23,772 INFO     [TaskSelector] → do_load (zone A empty)
2026-04-15 14:10:23,774 INFO     [FetchInput] Entering state
2026-04-15 14:10:24,248 INFO     [ApplyLabel] Entering state (zones: {'A': 'EMPTY', 'B': 'EMPTY'}  busy: {'A': False, 'B': False})
2026-04-15 14:10:24,248 DEBUG    [ApplyLabel] No zone needs label → wait
2026-04-15 14:10:24,315 INFO     [Service] /compute_grasps → success=True msg='Published 1 PnP poses.'
2026-04-15 14:10:24,316 INFO     [FetchInput] Grasp pose received: x=0.3021 y=-0.5013 z=0.0220
2026-04-15 14:10:24,316 INFO     [IK] compute_pick_joints called — task_pos=[ 0.3021 -0.5013  0.022 ] label_zone=None max_attempts=10 check_collisions=False arm_number=None
2026-04-15 14:10:24,331 INFO     [IK] Arm? compute_pick_joints attempt 1/10 OK — target=([ 0.3021 -0.5013  0.022 ]) pre=[-0.3231  0.2765 -0.7405 -2.0318  0.2342  2.2249 -0.4032] final=[-0.7085  0.6174 -0.3025 -2.0526  0.3541  2.6211 -0.4827] (FK err pre=0.0000 m final=0.0000 m)
2026-04-15 14:10:24,331 INFO     [FetchInput] IK pre_joints:   [-0.3231  0.2765 -0.7405 -2.0318  0.2342  2.2249 -0.4032]
2026-04-15 14:10:24,331 INFO     [FetchInput] IK final_joints: [-0.7085  0.6174 -0.3025 -2.0526  0.3541  2.6211 -0.4827]
2026-04-15 14:10:24,332 INFO     [FetchInput] Moving to pre-pick
2026-04-15 14:10:24,749 INFO     [ApplyLabel] Entering state (zones: {'A': 'EMPTY', 'B': 'EMPTY'}  busy: {'A': False, 'B': False})
2026-04-15 14:10:24,749 DEBUG    [ApplyLabel] No zone needs label → wait
2026-04-15 14:10:25,251 INFO     [ApplyLabel] Entering state (zones: {'A': 'EMPTY', 'B': 'EMPTY'}  busy: {'A': False, 'B': False})
2026-04-15 14:10:25,251 DEBUG    [ApplyLabel] No zone needs label → wait
2026-04-15 14:10:25,752 INFO     [ApplyLabel] Entering state (zones: {'A': 'EMPTY', 'B': 'EMPTY'}  busy: {'A': False, 'B': False})
2026-04-15 14:10:25,753 DEBUG    [ApplyLabel] No zone needs label → wait
2026-04-15 14:10:26,256 INFO     [ApplyLabel] Entering state (zones: {'A': 'EMPTY', 'B': 'EMPTY'}  busy: {'A': False, 'B': False})
2026-04-15 14:10:26,256 DEBUG    [ApplyLabel] No zone needs label → wait
2026-04-15 14:10:26,758 INFO     [ApplyLabel] Entering state (zones: {'A': 'EMPTY', 'B': 'EMPTY'}  busy: {'A': False, 'B': False})
2026-04-15 14:10:26,758 DEBUG    [ApplyLabel] No zone needs label → wait
2026-04-15 14:10:27,261 INFO     [ApplyLabel] Entering state (zones: {'A': 'EMPTY', 'B': 'EMPTY'}  busy: {'A': False, 'B': False})
2026-04-15 14:10:27,262 DEBUG    [ApplyLabel] No zone needs label → wait
2026-04-15 14:10:27,728 INFO     [FetchInput] Descending to pick
2026-04-15 14:10:27,764 INFO     [ApplyLabel] Entering state (zones: {'A': 'EMPTY', 'B': 'EMPTY'}  busy: {'A': False, 'B': False})
2026-04-15 14:10:27,764 DEBUG    [ApplyLabel] No zone needs label → wait
2026-04-15 14:10:28,267 INFO     [ApplyLabel] Entering state (zones: {'A': 'EMPTY', 'B': 'EMPTY'}  busy: {'A': False, 'B': False})
2026-04-15 14:10:28,267 DEBUG    [ApplyLabel] No zone needs label → wait
2026-04-15 14:10:28,768 INFO     [ApplyLabel] Entering state (zones: {'A': 'EMPTY', 'B': 'EMPTY'}  busy: {'A': False, 'B': False})
2026-04-15 14:10:28,768 DEBUG    [ApplyLabel] No zone needs label → wait
2026-04-15 14:10:29,271 INFO     [ApplyLabel] Entering state (zones: {'A': 'EMPTY', 'B': 'EMPTY'}  busy: {'A': False, 'B': False})
2026-04-15 14:10:29,271 DEBUG    [ApplyLabel] No zone needs label → wait
2026-04-15 14:10:29,773 INFO     [ApplyLabel] Entering state (zones: {'A': 'EMPTY', 'B': 'EMPTY'}  busy: {'A': False, 'B': False})
2026-04-15 14:10:29,773 DEBUG    [ApplyLabel] No zone needs label → wait
2026-04-15 14:10:30,187 INFO     [Service] /orio/pnp_cup/on → success=True msg='PnP Cup ON command sent'
2026-04-15 14:10:30,275 INFO     [ApplyLabel] Entering state (zones: {'A': 'EMPTY', 'B': 'EMPTY'}  busy: {'A': False, 'B': False})
2026-04-15 14:10:30,275 DEBUG    [ApplyLabel] No zone needs label → wait
2026-04-15 14:10:30,777 INFO     [ApplyLabel] Entering state (zones: {'A': 'EMPTY', 'B': 'EMPTY'}  busy: {'A': False, 'B': False})
2026-04-15 14:10:30,777 DEBUG    [ApplyLabel] No zone needs label → wait
2026-04-15 14:10:31,188 INFO     [FetchInput] Retracting to pre-pick height
2026-04-15 14:10:31,279 INFO     [ApplyLabel] Entering state (zones: {'A': 'EMPTY', 'B': 'EMPTY'}  busy: {'A': False, 'B': False})
2026-04-15 14:10:31,279 DEBUG    [ApplyLabel] No zone needs label → wait
2026-04-15 14:10:31,781 INFO     [ApplyLabel] Entering state (zones: {'A': 'EMPTY', 'B': 'EMPTY'}  busy: {'A': False, 'B': False})
2026-04-15 14:10:31,781 DEBUG    [ApplyLabel] No zone needs label → wait
2026-04-15 14:10:32,283 INFO     [ApplyLabel] Entering state (zones: {'A': 'EMPTY', 'B': 'EMPTY'}  busy: {'A': False, 'B': False})
2026-04-15 14:10:32,283 DEBUG    [ApplyLabel] No zone needs label → wait
2026-04-15 14:10:32,674 INFO     [FetchInput] Exiting: succeeded (item_depth=0.0220)
2026-04-15 14:10:32,675 INFO     [DropToZone] Entering state (item_depth=0.0220)
2026-04-15 14:10:32,675 INFO     [DropToZone] Targeting zone A
2026-04-15 14:10:32,683 INFO     [IK] pose_to_joints 'L1_INTER' depth_offset=0.0220 → joints=[-0.1983 -0.3825 -0.1734 -2.5693 -0.0792  2.1905  0.472 ]
2026-04-15 14:10:32,693 INFO     [IK] pose_to_joints 'LABEL_ZONE_1' depth_offset=0.0320 → joints=[-0.2397  1.2162 -0.1667 -0.8476  0.1765  2.0527  0.4048]
2026-04-15 14:10:32,693 INFO     [DropToZone] place_joints for LABEL_ZONE_1: [-0.2397  1.2162 -0.1667 -0.8476  0.1765  2.0527  0.4048]
2026-04-15 14:10:32,785 INFO     [ApplyLabel] Entering state (zones: {'A': 'EMPTY', 'B': 'EMPTY'}  busy: {'A': True, 'B': False})
2026-04-15 14:10:32,786 DEBUG    [ApplyLabel] No zone needs label → wait
2026-04-15 14:10:33,287 INFO     [ApplyLabel] Entering state (zones: {'A': 'EMPTY', 'B': 'EMPTY'}  busy: {'A': True, 'B': False})
2026-04-15 14:10:33,287 DEBUG    [ApplyLabel] No zone needs label → wait
2026-04-15 14:10:33,789 INFO     [ApplyLabel] Entering state (zones: {'A': 'EMPTY', 'B': 'EMPTY'}  busy: {'A': True, 'B': False})
2026-04-15 14:10:33,790 DEBUG    [ApplyLabel] No zone needs label → wait
2026-04-15 14:10:34,293 INFO     [ApplyLabel] Entering state (zones: {'A': 'EMPTY', 'B': 'EMPTY'}  busy: {'A': True, 'B': False})
2026-04-15 14:10:34,293 DEBUG    [ApplyLabel] No zone needs label → wait
2026-04-15 14:10:34,795 INFO     [ApplyLabel] Entering state (zones: {'A': 'EMPTY', 'B': 'EMPTY'}  busy: {'A': True, 'B': False})
2026-04-15 14:10:34,795 DEBUG    [ApplyLabel] No zone needs label → wait
2026-04-15 14:10:35,297 INFO     [ApplyLabel] Entering state (zones: {'A': 'EMPTY', 'B': 'EMPTY'}  busy: {'A': True, 'B': False})
2026-04-15 14:10:35,297 DEBUG    [ApplyLabel] No zone needs label → wait
2026-04-15 14:10:35,798 INFO     [ApplyLabel] Entering state (zones: {'A': 'EMPTY', 'B': 'EMPTY'}  busy: {'A': True, 'B': False})
2026-04-15 14:10:35,798 DEBUG    [ApplyLabel] No zone needs label → wait
2026-04-15 14:10:36,300 INFO     [ApplyLabel] Entering state (zones: {'A': 'EMPTY', 'B': 'EMPTY'}  busy: {'A': True, 'B': False})
2026-04-15 14:10:36,300 DEBUG    [ApplyLabel] No zone needs label → wait
2026-04-15 14:10:36,801 INFO     [ApplyLabel] Entering state (zones: {'A': 'EMPTY', 'B': 'EMPTY'}  busy: {'A': True, 'B': False})
2026-04-15 14:10:36,801 DEBUG    [ApplyLabel] No zone needs label → wait
2026-04-15 14:10:37,302 INFO     [ApplyLabel] Entering state (zones: {'A': 'EMPTY', 'B': 'EMPTY'}  busy: {'A': True, 'B': False})
2026-04-15 14:10:37,302 DEBUG    [ApplyLabel] No zone needs label → wait
2026-04-15 14:10:37,804 INFO     [ApplyLabel] Entering state (zones: {'A': 'EMPTY', 'B': 'EMPTY'}  busy: {'A': True, 'B': False})
2026-04-15 14:10:37,804 DEBUG    [ApplyLabel] No zone needs label → wait
2026-04-15 14:10:38,306 INFO     [ApplyLabel] Entering state (zones: {'A': 'EMPTY', 'B': 'EMPTY'}  busy: {'A': True, 'B': False})
2026-04-15 14:10:38,306 DEBUG    [ApplyLabel] No zone needs label → wait
2026-04-15 14:10:38,809 INFO     [ApplyLabel] Entering state (zones: {'A': 'EMPTY', 'B': 'EMPTY'}  busy: {'A': True, 'B': False})
2026-04-15 14:10:38,810 DEBUG    [ApplyLabel] No zone needs label → wait
2026-04-15 14:10:39,309 INFO     [Service] /orio/pnp_cup/off → success=True msg='PnP Cup OFF command sent'
2026-04-15 14:10:39,311 INFO     [ApplyLabel] Entering state (zones: {'A': 'EMPTY', 'B': 'EMPTY'}  busy: {'A': True, 'B': False})
2026-04-15 14:10:39,311 DEBUG    [ApplyLabel] No zone needs label → wait
2026-04-15 14:10:39,814 INFO     [ApplyLabel] Entering state (zones: {'A': 'EMPTY', 'B': 'EMPTY'}  busy: {'A': True, 'B': False})
2026-04-15 14:10:39,814 DEBUG    [ApplyLabel] No zone needs label → wait
2026-04-15 14:10:40,316 INFO     [ApplyLabel] Entering state (zones: {'A': 'EMPTY', 'B': 'EMPTY'}  busy: {'A': True, 'B': False})
2026-04-15 14:10:40,316 DEBUG    [ApplyLabel] No zone needs label → wait
2026-04-15 14:10:40,818 INFO     [ApplyLabel] Entering state (zones: {'A': 'EMPTY', 'B': 'EMPTY'}  busy: {'A': True, 'B': False})
2026-04-15 14:10:40,818 DEBUG    [ApplyLabel] No zone needs label → wait
2026-04-15 14:10:41,320 INFO     [ApplyLabel] Entering state (zones: {'A': 'EMPTY', 'B': 'EMPTY'}  busy: {'A': True, 'B': False})
2026-04-15 14:10:41,320 DEBUG    [ApplyLabel] No zone needs label → wait
2026-04-15 14:10:41,822 INFO     [ApplyLabel] Entering state (zones: {'A': 'EMPTY', 'B': 'EMPTY'}  busy: {'A': True, 'B': False})
2026-04-15 14:10:41,823 DEBUG    [ApplyLabel] No zone needs label → wait
2026-04-15 14:10:42,324 INFO     [ApplyLabel] Entering state (zones: {'A': 'EMPTY', 'B': 'EMPTY'}  busy: {'A': True, 'B': False})
2026-04-15 14:10:42,324 DEBUG    [ApplyLabel] No zone needs label → wait
2026-04-15 14:10:42,786 INFO     [ZoneManager] Zone A: EMPTY → NEEDS_LABEL
2026-04-15 14:10:42,786 INFO     [DropToZone] Exiting: dropped (zone A)
2026-04-15 14:10:42,787 DEBUG    [TaskSelector] Evaluating zone states: {'A': 'NEEDS_LABEL', 'B': 'EMPTY'}  busy: {'A': False, 'B': False}
2026-04-15 14:10:42,787 INFO     [TaskSelector] → do_load (zone B empty)
2026-04-15 14:10:42,788 INFO     [FetchInput] Entering state
2026-04-15 14:10:42,830 INFO     [ApplyLabel] Entering state (zones: {'A': 'NEEDS_LABEL', 'B': 'EMPTY'}  busy: {'A': False, 'B': False})
2026-04-15 14:10:42,830 INFO     [ApplyLabel] Applying label to zone A (zone_number=1, depth=0.0220)
2026-04-15 14:10:42,830 INFO     [compute_label_joints] Requesting label pose for zone 1, item_depth=0.0220
2026-04-15 14:10:43,056 INFO     [Service] /compute_grasps → success=False msg='GroundingDINO found 0 objects.'
2026-04-15 14:10:43,056 ERROR    [FetchInput] /compute_grasps service failed → exiting: failed
2026-04-15 14:10:43,057 DEBUG    [TaskSelector] Evaluating zone states: {'A': 'NEEDS_LABEL', 'B': 'EMPTY'}  busy: {'A': True, 'B': False}
2026-04-15 14:10:43,058 INFO     [TaskSelector] → do_load (zone B empty)
2026-04-15 14:10:43,058 INFO     [FetchInput] Entering state
2026-04-15 14:10:43,246 INFO     [Service] /compute_grasps_labelling → success=False msg='GroundingDINO found 0 objects.'
2026-04-15 14:10:43,292 INFO     [Service] /compute_grasps → success=False msg='GroundingDINO found 0 objects.'
2026-04-15 14:10:43,292 ERROR    [FetchInput] /compute_grasps service failed → exiting: failed
2026-04-15 14:10:43,295 DEBUG    [TaskSelector] Evaluating zone states: {'A': 'NEEDS_LABEL', 'B': 'EMPTY'}  busy: {'A': True, 'B': False}
2026-04-15 14:10:43,295 INFO     [TaskSelector] → do_load (zone B empty)
2026-04-15 14:10:43,298 INFO     [FetchInput] Entering state
2026-04-15 14:10:43,496 INFO     [Service] /compute_grasps → success=False msg='GroundingDINO found 0 objects.'
2026-04-15 14:10:43,496 ERROR    [FetchInput] /compute_grasps service failed → exiting: failed
2026-04-15 14:10:43,500 DEBUG    [TaskSelector] Evaluating zone states: {'A': 'NEEDS_LABEL', 'B': 'EMPTY'}  busy: {'A': True, 'B': False}
2026-04-15 14:10:43,500 INFO     [TaskSelector] → do_load (zone B empty)
2026-04-15 14:10:43,502 INFO     [FetchInput] Entering state
2026-04-15 14:10:43,696 INFO     [Service] /compute_grasps → success=False msg='GroundingDINO found 0 objects.'
2026-04-15 14:10:43,696 ERROR    [FetchInput] /compute_grasps service failed → exiting: failed
2026-04-15 14:10:43,700 DEBUG    [TaskSelector] Evaluating zone states: {'A': 'NEEDS_LABEL', 'B': 'EMPTY'}  busy: {'A': True, 'B': False}
2026-04-15 14:10:43,700 INFO     [TaskSelector] → do_load (zone B empty)
2026-04-15 14:10:43,703 INFO     [FetchInput] Entering state
2026-04-15 14:10:43,895 INFO     [Service] /compute_grasps → success=False msg='GroundingDINO found 0 objects.'
2026-04-15 14:10:43,895 ERROR    [FetchInput] /compute_grasps service failed → exiting: failed
2026-04-15 14:10:43,898 DEBUG    [TaskSelector] Evaluating zone states: {'A': 'NEEDS_LABEL', 'B': 'EMPTY'}  busy: {'A': True, 'B': False}
2026-04-15 14:10:43,898 INFO     [TaskSelector] → do_load (zone B empty)
2026-04-15 14:10:43,901 INFO     [FetchInput] Entering state
2026-04-15 14:10:44,092 INFO     [Service] /compute_grasps → success=False msg='GroundingDINO found 0 objects.'
2026-04-15 14:10:44,093 ERROR    [FetchInput] /compute_grasps service failed → exiting: failed
2026-04-15 14:10:44,096 DEBUG    [TaskSelector] Evaluating zone states: {'A': 'NEEDS_LABEL', 'B': 'EMPTY'}  busy: {'A': True, 'B': False}
2026-04-15 14:10:44,096 INFO     [TaskSelector] → do_load (zone B empty)
2026-04-15 14:10:44,098 INFO     [FetchInput] Entering state
2026-04-15 14:10:44,302 INFO     [Service] /compute_grasps → success=False msg='GroundingDINO found 0 objects.'
2026-04-15 14:10:44,302 ERROR    [FetchInput] /compute_grasps service failed → exiting: failed
2026-04-15 14:10:44,307 DEBUG    [TaskSelector] Evaluating zone states: {'A': 'NEEDS_LABEL', 'B': 'EMPTY'}  busy: {'A': True, 'B': False}
2026-04-15 14:10:44,307 INFO     [TaskSelector] → do_load (zone B empty)
2026-04-15 14:10:44,310 INFO     [FetchInput] Entering state
2026-04-15 14:10:44,503 INFO     [Service] /compute_grasps → success=False msg='GroundingDINO found 0 objects.'
2026-04-15 14:10:44,504 ERROR    [FetchInput] /compute_grasps service failed → exiting: failed
2026-04-15 14:10:44,509 DEBUG    [TaskSelector] Evaluating zone states: {'A': 'NEEDS_LABEL', 'B': 'EMPTY'}  busy: {'A': True, 'B': False}
2026-04-15 14:10:44,509 INFO     [TaskSelector] → do_load (zone B empty)
2026-04-15 14:10:44,512 INFO     [FetchInput] Entering state
2026-04-15 14:10:44,712 INFO     [Service] /compute_grasps → success=False msg='GroundingDINO found 0 objects.'
2026-04-15 14:10:44,713 ERROR    [FetchInput] /compute_grasps service failed → exiting: failed
2026-04-15 14:10:44,718 DEBUG    [TaskSelector] Evaluating zone states: {'A': 'NEEDS_LABEL', 'B': 'EMPTY'}  busy: {'A': True, 'B': False}
2026-04-15 14:10:44,718 INFO     [TaskSelector] → do_load (zone B empty)
2026-04-15 14:10:44,720 INFO     [FetchInput] Entering state
2026-04-15 14:10:44,912 INFO     [Service] /compute_grasps → success=False msg='GroundingDINO found 0 objects.'
2026-04-15 14:10:44,913 ERROR    [FetchInput] /compute_grasps service failed → exiting: failed
2026-04-15 14:10:44,919 DEBUG    [TaskSelector] Evaluating zone states: {'A': 'NEEDS_LABEL', 'B': 'EMPTY'}  busy: {'A': True, 'B': False}
2026-04-15 14:10:44,919 INFO     [TaskSelector] → do_load (zone B empty)
2026-04-15 14:10:44,921 INFO     [FetchInput] Entering state
2026-04-15 14:10:45,413 INFO     [Service] /compute_grasps → success=False msg='Found objects but could not compute valid grasp poses.'
2026-04-15 14:10:45,414 ERROR    [FetchInput] /compute_grasps service failed → exiting: failed
2026-04-15 14:10:45,416 DEBUG    [TaskSelector] Evaluating zone states: {'A': 'NEEDS_LABEL', 'B': 'EMPTY'}  busy: {'A': True, 'B': False}
2026-04-15 14:10:45,416 INFO     [TaskSelector] → do_load (zone B empty)
2026-04-15 14:10:45,418 INFO     [FetchInput] Entering state
2026-04-15 14:10:45,617 INFO     [Service] /compute_grasps → success=False msg='GroundingDINO found 0 objects.'
2026-04-15 14:10:45,618 ERROR    [FetchInput] /compute_grasps service failed → exiting: failed
2026-04-15 14:10:45,620 DEBUG    [TaskSelector] Evaluating zone states: {'A': 'NEEDS_LABEL', 'B': 'EMPTY'}  busy: {'A': True, 'B': False}
2026-04-15 14:10:45,620 INFO     [TaskSelector] → do_load (zone B empty)
2026-04-15 14:10:45,622 INFO     [FetchInput] Entering state
2026-04-15 14:10:45,823 INFO     [Service] /compute_grasps → success=False msg='GroundingDINO found 0 objects.'
2026-04-15 14:10:45,823 ERROR    [FetchInput] /compute_grasps service failed → exiting: failed
2026-04-15 14:10:45,826 DEBUG    [TaskSelector] Evaluating zone states: {'A': 'NEEDS_LABEL', 'B': 'EMPTY'}  busy: {'A': True, 'B': False}
2026-04-15 14:10:45,826 INFO     [TaskSelector] → do_load (zone B empty)
2026-04-15 14:10:45,828 INFO     [FetchInput] Entering state
2026-04-15 14:10:46,033 INFO     [Service] /compute_grasps → success=False msg='GroundingDINO found 0 objects.'
2026-04-15 14:10:46,033 ERROR    [FetchInput] /compute_grasps service failed → exiting: failed
2026-04-15 14:10:46,036 DEBUG    [TaskSelector] Evaluating zone states: {'A': 'NEEDS_LABEL', 'B': 'EMPTY'}  busy: {'A': True, 'B': False}
2026-04-15 14:10:46,036 INFO     [TaskSelector] → do_load (zone B empty)
2026-04-15 14:10:46,038 INFO     [FetchInput] Entering state
2026-04-15 14:10:46,251 INFO     [Service] /compute_grasps → success=False msg='GroundingDINO found 0 objects.'
2026-04-15 14:10:46,251 ERROR    [FetchInput] /compute_grasps service failed → exiting: failed
2026-04-15 14:10:46,261 DEBUG    [TaskSelector] Evaluating zone states: {'A': 'NEEDS_LABEL', 'B': 'EMPTY'}  busy: {'A': True, 'B': False}
2026-04-15 14:10:46,261 INFO     [TaskSelector] → do_load (zone B empty)
2026-04-15 14:10:46,266 INFO     [FetchInput] Entering state
2026-04-15 14:10:46,462 INFO     [Service] /compute_grasps → success=False msg='GroundingDINO found 0 objects.'
2026-04-15 14:10:46,463 ERROR    [FetchInput] /compute_grasps service failed → exiting: failed
2026-04-15 14:10:46,465 DEBUG    [TaskSelector] Evaluating zone states: {'A': 'NEEDS_LABEL', 'B': 'EMPTY'}  busy: {'A': True, 'B': False}
2026-04-15 14:10:46,465 INFO     [TaskSelector] → do_load (zone B empty)
2026-04-15 14:10:46,467 INFO     [FetchInput] Entering state
2026-04-15 14:10:46,673 INFO     [Service] /compute_grasps → success=False msg='GroundingDINO found 0 objects.'
2026-04-15 14:10:46,673 ERROR    [FetchInput] /compute_grasps service failed → exiting: failed
2026-04-15 14:10:46,676 DEBUG    [TaskSelector] Evaluating zone states: {'A': 'NEEDS_LABEL', 'B': 'EMPTY'}  busy: {'A': True, 'B': False}
2026-04-15 14:10:46,676 INFO     [TaskSelector] → do_load (zone B empty)
2026-04-15 14:10:46,678 INFO     [FetchInput] Entering state
2026-04-15 14:10:46,892 INFO     [Service] /compute_grasps → success=False msg='GroundingDINO found 0 objects.'
2026-04-15 14:10:46,892 ERROR    [FetchInput] /compute_grasps service failed → exiting: failed
2026-04-15 14:10:46,895 DEBUG    [TaskSelector] Evaluating zone states: {'A': 'NEEDS_LABEL', 'B': 'EMPTY'}  busy: {'A': True, 'B': False}
2026-04-15 14:10:46,895 INFO     [TaskSelector] → do_load (zone B empty)
2026-04-15 14:10:46,897 INFO     [FetchInput] Entering state
2026-04-15 14:10:47,450 INFO     [Service] /compute_grasps → success=False msg='Found objects but could not compute valid grasp poses.'
2026-04-15 14:10:47,451 ERROR    [FetchInput] /compute_grasps service failed → exiting: failed
2026-04-15 14:10:47,458 DEBUG    [TaskSelector] Evaluating zone states: {'A': 'NEEDS_LABEL', 'B': 'EMPTY'}  busy: {'A': True, 'B': False}
2026-04-15 14:10:47,458 INFO     [TaskSelector] → do_load (zone B empty)
2026-04-15 14:10:47,460 INFO     [FetchInput] Entering state
2026-04-15 14:10:47,662 INFO     [Service] /compute_grasps → success=False msg='GroundingDINO found 0 objects.'
2026-04-15 14:10:47,663 ERROR    [FetchInput] /compute_grasps service failed → exiting: failed
2026-04-15 14:10:47,667 DEBUG    [TaskSelector] Evaluating zone states: {'A': 'NEEDS_LABEL', 'B': 'EMPTY'}  busy: {'A': True, 'B': False}
2026-04-15 14:10:47,667 INFO     [TaskSelector] → do_load (zone B empty)
2026-04-15 14:10:47,670 INFO     [FetchInput] Entering state
2026-04-15 14:10:47,872 INFO     [Service] /compute_grasps → success=False msg='GroundingDINO found 0 objects.'
2026-04-15 14:10:47,873 ERROR    [FetchInput] /compute_grasps service failed → exiting: failed
2026-04-15 14:10:47,875 DEBUG    [TaskSelector] Evaluating zone states: {'A': 'NEEDS_LABEL', 'B': 'EMPTY'}  busy: {'A': True, 'B': False}
2026-04-15 14:10:47,875 INFO     [TaskSelector] → do_load (zone B empty)
2026-04-15 14:10:47,877 INFO     [FetchInput] Entering state
2026-04-15 14:10:48,071 INFO     [Service] /compute_grasps → success=False msg='GroundingDINO found 0 objects.'
2026-04-15 14:10:48,072 ERROR    [FetchInput] /compute_grasps service failed → exiting: failed
2026-04-15 14:10:48,076 DEBUG    [TaskSelector] Evaluating zone states: {'A': 'NEEDS_LABEL', 'B': 'EMPTY'}  busy: {'A': True, 'B': False}
2026-04-15 14:10:48,076 INFO     [TaskSelector] → do_load (zone B empty)
2026-04-15 14:10:48,078 INFO     [FetchInput] Entering state
2026-04-15 14:10:48,292 INFO     [Service] /compute_grasps → success=False msg='GroundingDINO found 0 objects.'
2026-04-15 14:10:48,293 ERROR    [FetchInput] /compute_grasps service failed → exiting: failed
2026-04-15 14:10:48,295 DEBUG    [TaskSelector] Evaluating zone states: {'A': 'NEEDS_LABEL', 'B': 'EMPTY'}  busy: {'A': True, 'B': False}
2026-04-15 14:10:48,295 INFO     [TaskSelector] → do_load (zone B empty)
2026-04-15 14:10:48,296 INFO     [FetchInput] Entering state
2026-04-15 14:10:48,494 INFO     [Service] /compute_grasps → success=False msg='GroundingDINO found 0 objects.'
2026-04-15 14:10:48,495 ERROR    [FetchInput] /compute_grasps service failed → exiting: failed
2026-04-15 14:10:48,497 DEBUG    [TaskSelector] Evaluating zone states: {'A': 'NEEDS_LABEL', 'B': 'EMPTY'}  busy: {'A': True, 'B': False}
2026-04-15 14:10:48,497 INFO     [TaskSelector] → do_load (zone B empty)
2026-04-15 14:10:48,498 INFO     [FetchInput] Entering state
2026-04-15 14:10:48,705 INFO     [Service] /compute_grasps → success=False msg='GroundingDINO found 0 objects.'
2026-04-15 14:10:48,706 ERROR    [FetchInput] /compute_grasps service failed → exiting: failed
2026-04-15 14:10:48,710 DEBUG    [TaskSelector] Evaluating zone states: {'A': 'NEEDS_LABEL', 'B': 'EMPTY'}  busy: {'A': True, 'B': False}
2026-04-15 14:10:48,710 INFO     [TaskSelector] → do_load (zone B empty)
2026-04-15 14:10:48,711 INFO     [FetchInput] Entering state
2026-04-15 14:10:48,930 INFO     [Service] /compute_grasps → success=False msg='GroundingDINO found 0 objects.'
2026-04-15 14:10:48,930 ERROR    [FetchInput] /compute_grasps service failed → exiting: failed
2026-04-15 14:10:48,935 DEBUG    [TaskSelector] Evaluating zone states: {'A': 'NEEDS_LABEL', 'B': 'EMPTY'}  busy: {'A': True, 'B': False}
2026-04-15 14:10:48,935 INFO     [TaskSelector] → do_load (zone B empty)
2026-04-15 14:10:48,940 INFO     [FetchInput] Entering state
2026-04-15 14:10:49,156 INFO     [Service] /compute_grasps → success=False msg='GroundingDINO found 0 objects.'
2026-04-15 14:10:49,156 ERROR    [FetchInput] /compute_grasps service failed → exiting: failed
2026-04-15 14:10:49,159 DEBUG    [TaskSelector] Evaluating zone states: {'A': 'NEEDS_LABEL', 'B': 'EMPTY'}  busy: {'A': True, 'B': False}
2026-04-15 14:10:49,159 INFO     [TaskSelector] → do_load (zone B empty)
2026-04-15 14:10:49,161 INFO     [FetchInput] Entering state
2026-04-15 14:10:49,374 INFO     [Service] /compute_grasps → success=False msg='GroundingDINO found 0 objects.'
2026-04-15 14:10:49,374 ERROR    [FetchInput] /compute_grasps service failed → exiting: failed
2026-04-15 14:10:49,378 DEBUG    [TaskSelector] Evaluating zone states: {'A': 'NEEDS_LABEL', 'B': 'EMPTY'}  busy: {'A': True, 'B': False}
2026-04-15 14:10:49,378 INFO     [TaskSelector] → do_load (zone B empty)
2026-04-15 14:10:49,379 INFO     [FetchInput] Entering state
2026-04-15 14:10:49,596 INFO     [Service] /compute_grasps → success=False msg='GroundingDINO found 0 objects.'
2026-04-15 14:10:49,596 ERROR    [FetchInput] /compute_grasps service failed → exiting: failed
2026-04-15 14:10:49,599 DEBUG    [TaskSelector] Evaluating zone states: {'A': 'NEEDS_LABEL', 'B': 'EMPTY'}  busy: {'A': True, 'B': False}
2026-04-15 14:10:49,599 INFO     [TaskSelector] → do_load (zone B empty)
2026-04-15 14:10:49,601 INFO     [FetchInput] Entering state
2026-04-15 14:10:49,797 INFO     [Service] /compute_grasps → success=False msg='GroundingDINO found 0 objects.'
2026-04-15 14:10:49,797 ERROR    [FetchInput] /compute_grasps service failed → exiting: failed
2026-04-15 14:10:49,800 DEBUG    [TaskSelector] Evaluating zone states: {'A': 'NEEDS_LABEL', 'B': 'EMPTY'}  busy: {'A': True, 'B': False}
2026-04-15 14:10:49,800 INFO     [TaskSelector] → do_load (zone B empty)
2026-04-15 14:10:49,804 INFO     [FetchInput] Entering state
2026-04-15 14:10:49,999 INFO     [Service] /compute_grasps → success=False msg='GroundingDINO found 0 objects.'
2026-04-15 14:10:49,999 ERROR    [FetchInput] /compute_grasps service failed → exiting: failed
2026-04-15 14:10:50,002 DEBUG    [TaskSelector] Evaluating zone states: {'A': 'NEEDS_LABEL', 'B': 'EMPTY'}  busy: {'A': True, 'B': False}
2026-04-15 14:10:50,002 INFO     [TaskSelector] → do_load (zone B empty)
2026-04-15 14:10:50,006 INFO     [FetchInput] Entering state
2026-04-15 14:10:50,204 INFO     [Service] /compute_grasps → success=False msg='GroundingDINO found 0 objects.'
2026-04-15 14:10:50,204 ERROR    [FetchInput] /compute_grasps service failed → exiting: failed
2026-04-15 14:10:50,211 DEBUG    [TaskSelector] Evaluating zone states: {'A': 'NEEDS_LABEL', 'B': 'EMPTY'}  busy: {'A': True, 'B': False}
2026-04-15 14:10:50,212 INFO     [TaskSelector] → do_load (zone B empty)
2026-04-15 14:10:50,215 INFO     [FetchInput] Entering state
2026-04-15 14:10:50,416 INFO     [Service] /compute_grasps → success=False msg='GroundingDINO found 0 objects.'
2026-04-15 14:10:50,416 ERROR    [FetchInput] /compute_grasps service failed → exiting: failed
2026-04-15 14:10:50,420 DEBUG    [TaskSelector] Evaluating zone states: {'A': 'NEEDS_LABEL', 'B': 'EMPTY'}  busy: {'A': True, 'B': False}
2026-04-15 14:10:50,420 INFO     [TaskSelector] → do_load (zone B empty)
2026-04-15 14:10:50,422 INFO     [FetchInput] Entering state
2026-04-15 14:10:50,622 INFO     [Service] /compute_grasps → success=False msg='GroundingDINO found 0 objects.'
2026-04-15 14:10:50,622 ERROR    [FetchInput] /compute_grasps service failed → exiting: failed
2026-04-15 14:10:50,624 DEBUG    [TaskSelector] Evaluating zone states: {'A': 'NEEDS_LABEL', 'B': 'EMPTY'}  busy: {'A': True, 'B': False}
2026-04-15 14:10:50,624 INFO     [TaskSelector] → do_load (zone B empty)
2026-04-15 14:10:50,626 INFO     [FetchInput] Entering state
2026-04-15 14:10:50,824 INFO     [Service] /compute_grasps → success=False msg='GroundingDINO found 0 objects.'
2026-04-15 14:10:50,824 ERROR    [FetchInput] /compute_grasps service failed → exiting: failed
2026-04-15 14:10:50,826 DEBUG    [TaskSelector] Evaluating zone states: {'A': 'NEEDS_LABEL', 'B': 'EMPTY'}  busy: {'A': True, 'B': False}
2026-04-15 14:10:50,826 INFO     [TaskSelector] → do_load (zone B empty)
2026-04-15 14:10:50,827 INFO     [FetchInput] Entering state
2026-04-15 14:10:51,030 INFO     [Service] /compute_grasps → success=False msg='GroundingDINO found 0 objects.'
2026-04-15 14:10:51,030 ERROR    [FetchInput] /compute_grasps service failed → exiting: failed
2026-04-15 14:10:51,032 DEBUG    [TaskSelector] Evaluating zone states: {'A': 'NEEDS_LABEL', 'B': 'EMPTY'}  busy: {'A': True, 'B': False}
2026-04-15 14:10:51,032 INFO     [TaskSelector] → do_load (zone B empty)
2026-04-15 14:10:51,034 INFO     [FetchInput] Entering state
2026-04-15 14:10:51,229 INFO     [Service] /compute_grasps → success=False msg='GroundingDINO found 0 objects.'
2026-04-15 14:10:51,229 ERROR    [FetchInput] /compute_grasps service failed → exiting: failed
2026-04-15 14:10:51,231 DEBUG    [TaskSelector] Evaluating zone states: {'A': 'NEEDS_LABEL', 'B': 'EMPTY'}  busy: {'A': True, 'B': False}
2026-04-15 14:10:51,231 INFO     [TaskSelector] → do_load (zone B empty)
2026-04-15 14:10:51,233 INFO     [FetchInput] Entering state
2026-04-15 14:10:51,443 INFO     [Service] /compute_grasps → success=False msg='GroundingDINO found 0 objects.'
2026-04-15 14:10:51,443 ERROR    [FetchInput] /compute_grasps service failed → exiting: failed
2026-04-15 14:10:51,445 DEBUG    [TaskSelector] Evaluating zone states: {'A': 'NEEDS_LABEL', 'B': 'EMPTY'}  busy: {'A': True, 'B': False}
2026-04-15 14:10:51,445 INFO     [TaskSelector] → do_load (zone B empty)
2026-04-15 14:10:51,447 INFO     [FetchInput] Entering state
2026-04-15 14:10:51,646 INFO     [Service] /compute_grasps → success=False msg='GroundingDINO found 0 objects.'
2026-04-15 14:10:51,647 ERROR    [FetchInput] /compute_grasps service failed → exiting: failed
2026-04-15 14:10:51,649 DEBUG    [TaskSelector] Evaluating zone states: {'A': 'NEEDS_LABEL', 'B': 'EMPTY'}  busy: {'A': True, 'B': False}
2026-04-15 14:10:51,649 INFO     [TaskSelector] → do_load (zone B empty)
2026-04-15 14:10:51,651 INFO     [FetchInput] Entering state
2026-04-15 14:10:51,850 INFO     [Service] /compute_grasps → success=False msg='GroundingDINO found 0 objects.'
2026-04-15 14:10:51,850 ERROR    [FetchInput] /compute_grasps service failed → exiting: failed
2026-04-15 14:10:51,852 DEBUG    [TaskSelector] Evaluating zone states: {'A': 'NEEDS_LABEL', 'B': 'EMPTY'}  busy: {'A': True, 'B': False}
2026-04-15 14:10:51,852 INFO     [TaskSelector] → do_load (zone B empty)
2026-04-15 14:10:51,854 INFO     [FetchInput] Entering state
2026-04-15 14:10:52,050 INFO     [Service] /compute_grasps → success=False msg='GroundingDINO found 0 objects.'
2026-04-15 14:10:52,051 ERROR    [FetchInput] /compute_grasps service failed → exiting: failed
2026-04-15 14:10:52,053 DEBUG    [TaskSelector] Evaluating zone states: {'A': 'NEEDS_LABEL', 'B': 'EMPTY'}  busy: {'A': True, 'B': False}
2026-04-15 14:10:52,053 INFO     [TaskSelector] → do_load (zone B empty)
2026-04-15 14:10:52,055 INFO     [FetchInput] Entering state
2026-04-15 14:10:52,566 INFO     [Service] /compute_grasps → success=False msg='Found objects but could not compute valid grasp poses.'
2026-04-15 14:10:52,566 ERROR    [FetchInput] /compute_grasps service failed → exiting: failed
2026-04-15 14:10:52,568 DEBUG    [TaskSelector] Evaluating zone states: {'A': 'NEEDS_LABEL', 'B': 'EMPTY'}  busy: {'A': True, 'B': False}
2026-04-15 14:10:52,568 INFO     [TaskSelector] → do_load (zone B empty)
2026-04-15 14:10:52,570 INFO     [FetchInput] Entering state
2026-04-15 14:10:53,073 INFO     [Service] /compute_grasps → success=False msg='Found objects but could not compute valid grasp poses.'
2026-04-15 14:10:53,073 ERROR    [FetchInput] /compute_grasps service failed → exiting: failed
2026-04-15 14:10:53,075 DEBUG    [TaskSelector] Evaluating zone states: {'A': 'NEEDS_LABEL', 'B': 'EMPTY'}  busy: {'A': True, 'B': False}
2026-04-15 14:10:53,075 INFO     [TaskSelector] → do_load (zone B empty)
2026-04-15 14:10:53,077 INFO     [FetchInput] Entering state
2026-04-15 14:10:53,282 INFO     [Service] /compute_grasps → success=False msg='GroundingDINO found 0 objects.'
2026-04-15 14:10:53,282 ERROR    [FetchInput] /compute_grasps service failed → exiting: failed
2026-04-15 14:10:53,288 DEBUG    [TaskSelector] Evaluating zone states: {'A': 'NEEDS_LABEL', 'B': 'EMPTY'}  busy: {'A': True, 'B': False}
2026-04-15 14:10:53,288 INFO     [TaskSelector] → do_load (zone B empty)
2026-04-15 14:10:53,292 INFO     [FetchInput] Entering state
2026-04-15 14:10:53,504 INFO     [Service] /compute_grasps → success=False msg='GroundingDINO found 0 objects.'
2026-04-15 14:10:53,505 ERROR    [FetchInput] /compute_grasps service failed → exiting: failed
2026-04-15 14:10:53,511 DEBUG    [TaskSelector] Evaluating zone states: {'A': 'NEEDS_LABEL', 'B': 'EMPTY'}  busy: {'A': True, 'B': False}
2026-04-15 14:10:53,511 INFO     [TaskSelector] → do_load (zone B empty)
2026-04-15 14:10:53,513 INFO     [FetchInput] Entering state
2026-04-15 14:10:53,702 INFO     [Service] /compute_grasps → success=False msg='GroundingDINO found 0 objects.'
2026-04-15 14:10:53,702 ERROR    [FetchInput] /compute_grasps service failed → exiting: failed
2026-04-15 14:10:53,709 DEBUG    [TaskSelector] Evaluating zone states: {'A': 'NEEDS_LABEL', 'B': 'EMPTY'}  busy: {'A': True, 'B': False}
2026-04-15 14:10:53,709 INFO     [TaskSelector] → do_load (zone B empty)
2026-04-15 14:10:53,711 INFO     [FetchInput] Entering state
2026-04-15 14:10:53,919 INFO     [Service] /compute_grasps → success=False msg='GroundingDINO found 0 objects.'
2026-04-15 14:10:53,919 ERROR    [FetchInput] /compute_grasps service failed → exiting: failed
2026-04-15 14:10:53,923 DEBUG    [TaskSelector] Evaluating zone states: {'A': 'NEEDS_LABEL', 'B': 'EMPTY'}  busy: {'A': True, 'B': False}
2026-04-15 14:10:53,923 INFO     [TaskSelector] → do_load (zone B empty)
2026-04-15 14:10:53,926 INFO     [FetchInput] Entering state
2026-04-15 14:10:54,137 INFO     [Service] /compute_grasps → success=False msg='GroundingDINO found 0 objects.'
2026-04-15 14:10:54,137 ERROR    [FetchInput] /compute_grasps service failed → exiting: failed
2026-04-15 14:10:54,141 DEBUG    [TaskSelector] Evaluating zone states: {'A': 'NEEDS_LABEL', 'B': 'EMPTY'}  busy: {'A': True, 'B': False}
2026-04-15 14:10:54,142 INFO     [TaskSelector] → do_load (zone B empty)
2026-04-15 14:10:54,144 INFO     [FetchInput] Entering state
2026-04-15 14:10:54,384 INFO     [Service] /compute_grasps → success=False msg='GroundingDINO found 0 objects.'
2026-04-15 14:10:54,384 ERROR    [FetchInput] /compute_grasps service failed → exiting: failed
2026-04-15 14:10:54,387 DEBUG    [TaskSelector] Evaluating zone states: {'A': 'NEEDS_LABEL', 'B': 'EMPTY'}  busy: {'A': True, 'B': False}
2026-04-15 14:10:54,388 INFO     [TaskSelector] → do_load (zone B empty)
2026-04-15 14:10:54,391 INFO     [FetchInput] Entering state
2026-04-15 14:10:54,602 INFO     [Service] /compute_grasps → success=False msg='GroundingDINO found 0 objects.'
2026-04-15 14:10:54,602 ERROR    [FetchInput] /compute_grasps service failed → exiting: failed
2026-04-15 14:10:54,606 DEBUG    [TaskSelector] Evaluating zone states: {'A': 'NEEDS_LABEL', 'B': 'EMPTY'}  busy: {'A': True, 'B': False}
2026-04-15 14:10:54,606 INFO     [TaskSelector] → do_load (zone B empty)
2026-04-15 14:10:54,608 INFO     [FetchInput] Entering state
2026-04-15 14:10:54,806 INFO     [Service] /compute_grasps → success=False msg='GroundingDINO found 0 objects.'
2026-04-15 14:10:54,806 ERROR    [FetchInput] /compute_grasps service failed → exiting: failed
2026-04-15 14:10:54,808 DEBUG    [TaskSelector] Evaluating zone states: {'A': 'NEEDS_LABEL', 'B': 'EMPTY'}  busy: {'A': True, 'B': False}
2026-04-15 14:10:54,808 INFO     [TaskSelector] → do_load (zone B empty)
2026-04-15 14:10:54,810 INFO     [FetchInput] Entering state
2026-04-15 14:10:55,009 INFO     [Service] /compute_grasps → success=False msg='GroundingDINO found 0 objects.'
2026-04-15 14:10:55,009 ERROR    [FetchInput] /compute_grasps service failed → exiting: failed
2026-04-15 14:10:55,011 DEBUG    [TaskSelector] Evaluating zone states: {'A': 'NEEDS_LABEL', 'B': 'EMPTY'}  busy: {'A': True, 'B': False}
2026-04-15 14:10:55,011 INFO     [TaskSelector] → do_load (zone B empty)
2026-04-15 14:10:55,013 INFO     [FetchInput] Entering state
2026-04-15 14:10:55,046 WARNING  [Main] Shutting down: turning off both vacuums
2026-04-15 14:10:55,046 INFO     [Main] Total items placed at output: 6
2026-04-15 14:10:55,051 INFO     [Service] /orio/pnp_cup/off → success=True msg='PnP Cup OFF command sent'
2026-04-15 14:10:55,056 INFO     [Service] /orio/lbl_cup/off → success=True msg='Labelling Cup OFF command sent'
2026-04-15 14:10:55,228 ERROR    [Service] Call failed for /compute_grasps: service [/compute_grasps] returned no response
2026-04-15 14:10:55,229 ERROR    [FetchInput] /compute_grasps service failed → exiting: failed
